F
================================== FAILURES ===================================
_ test_public_legal_json_identity_reaches_service_without_loosening_boolean_or_integer_fields[QUESTION] _

kind = 'QUESTION'
monkeypatch = <_pytest.monkeypatch.MonkeyPatch object at 0x000002517FE4D3D0>

    @pytest.mark.parametrize("kind", ["QUESTION", "SINGLE_ACTION_BOUNDARY", "DELIVER", "ACKNOWLEDGE"])
    def test_public_legal_json_identity_reaches_service_without_loosening_boolean_or_integer_fields(
        kind: str, monkeypatch: pytest.MonkeyPatch
    ) -> None:
        app = FastAPI()
        app.include_router(router)
        app.dependency_overrides[get_engine] = MagicMock
        app.dependency_overrides[get_session] = MagicMock
        app.dependency_overrides[get_demo_user] = lambda: SimpleNamespace(id=USER)
        app.dependency_overrides[get_now] = lambda: NOW
        call = MagicMock(
            side_effect=HTTPException(status_code=409, detail="TOOL_ONLY_TYPED_SERVICE_REACHED")
        )
        monkeypatch.setattr(service, "observe_intervention", call)
        monkeypatch.setattr(service, "deliver_intervention", call)
        monkeypatch.setattr(service, "acknowledge_intervention", call)
        if kind == "QUESTION":
            request = QuestionObservationRequest(
                kind="QUESTION",
                session_id=SESSION,
                expected_revision=1,
                expected_run_id=revision().run_id,
                reviewed_source_trace_hash="a" * 64,
                expected_epoch_id=EPOCH,
                intervention_policy_id=UUID(int=124),
                idempotency_key="public-json-original",
            )
            url, index = "/api/v1/interventions/observe", 2
        elif kind == "SINGLE_ACTION_BOUNDARY":
            request = BoundaryObservationRequest(
                kind="SINGLE_ACTION_BOUNDARY",
                observation_run_id=revision().run_id,
                reviewed_source_trace_hash="a" * 64,
                expected_epoch_id=EPOCH,
                intervention_policy_id=None,
                idempotency_key="public-json-original",
            )
            url, index = "/api/v1/interventions/observe", 2
        elif kind == "DELIVER":
            request = DeliveryRequest(expected_epoch_id=EPOCH, reviewed_payload_hash="a" * 64)
            url, index = f"/api/v1/interventions/{UUID(int=123)}/deliveries", 3
        else:
            request = AcknowledgmentRequest(
                expected_epoch_id=EPOCH,
                reviewed_payload_hash="a" * 64,
                idempotency_key="public-json-original",
                acknowledged=True,
            )
            url, index = f"/api/v1/interventions/{UUID(int=123)}/acknowledgements", 3
        with TestClient(app) as client:
            response = client.post(url, json=request.model_dump(mode="json"))
>           assert (
                response.status_code == 409
                and response.json()["detail"] == "TOOL_ONLY_TYPED_SERVICE_REACHED"
            )
E           assert (422 == 409)
E            +  where 422 = <Response [422 Unprocessable Entity]>.status_code

apps\api\app\tests\test_intervention_public_json.py:74: AssertionError
============================== warnings summary ===============================
.venv\Lib\site-packages\fastapi\testclient.py:1
  F:\学校活动\工行杯\钱途有界\bounded-funds\.venv\Lib\site-packages\fastapi\testclient.py:1: StarletteDeprecationWarning: Using `httpx` with `starlette.testclient` is deprecated; install `httpx2` instead.
    from starlette.testclient import TestClient as TestClient  # noqa

.venv\Lib\site-packages\_pytest\cacheprovider.py:469
  F:\学校活动\工行杯\钱途有界\bounded-funds\.venv\Lib\site-packages\_pytest\cacheprovider.py:469: PytestCacheWarning: could not create cache path F:\学校活动\工行杯\钱途有界\bounded-funds\.pytest_cache\v\cache\nodeids: [WinError 5] 拒绝访问。: 'F:\\学校活动\\工行杯\\钱途有界\\bounded-funds\\.pytest_cache\\v\\cache'
    config.cache.set("cache/nodeids", sorted(self.cached_nodeids))

.venv\Lib\site-packages\_pytest\cacheprovider.py:423
  F:\学校活动\工行杯\钱途有界\bounded-funds\.venv\Lib\site-packages\_pytest\cacheprovider.py:423: PytestCacheWarning: could not create cache path F:\学校活动\工行杯\钱途有界\bounded-funds\.pytest_cache\v\cache\lastfailed: [WinError 5] 拒绝访问。: 'F:\\学校活动\\工行杯\\钱途有界\\bounded-funds\\.pytest_cache\\v\\cache'
    config.cache.set("cache/lastfailed", self.lastfailed)

-- Docs: https://docs.pytest.org/en/stable/how-to/capture-warnings.html
=========================== short test summary info ===========================
FAILED apps/api/app/tests/test_intervention_public_json.py::test_public_legal_json_identity_reaches_service_without_loosening_boolean_or_integer_fields[QUESTION]
!!!!!!!!!!!!!!!!!!!!!!!!!! stopping after 1 failures !!!!!!!!!!!!!!!!!!!!!!!!!!
1 failed, 3 warnings in 3.14s
