I001 [*] Import block is un-sorted or un-formatted
  --> apps\api\app\domain\full_recovery_next.py:3:1
   |
 1 |   """Server selection of one original zero-cost whole position; no new bank protocol."""
 2 |
 3 | / from datetime import datetime, timedelta
 4 | | from typing import Literal
 5 | | from uuid import UUID
 6 | |
 7 | | from app.domain.boundary_types import BoundaryModel
 8 | | from app.domain.full_recovery_execution import Key, FullRecoveryPrepareRequest
 9 | | from app.domain.full_recovery_planning import FullRecoveryPlanningResult
10 | | from app.domain.policy_configuration import UUIDReference, configuration_hash
11 | | from pydantic import field_validator
   | |____________________________________^
12 |
13 |   PROTOCOL: Literal["full-recovery-next-whole-v2"] = "full-recovery-next-whole-v2"
   |
help: Organize imports
  |
7 | from app.domain.boundary_types import BoundaryModel
  - from app.domain.full_recovery_execution import Key, FullRecoveryPrepareRequest
8 + from app.domain.full_recovery_execution import FullRecoveryPrepareRequest, Key
9 | from app.domain.full_recovery_planning import FullRecoveryPlanningResult
  |

F401 [*] `datetime.timedelta` imported but unused
 --> apps\api\app\tests\test_full_recovery_next.py:4:22
  |
3 | from contextlib import nullcontext
4 | from datetime import timedelta
  |                      ^^^^^^^^^
5 | from types import SimpleNamespace
6 | from typing import Any, cast
  |
help: Remove unused import: `datetime.timedelta`
  |
3 | from contextlib import nullcontext
  - from datetime import timedelta
4 | from types import SimpleNamespace
  |

Found 2 errors.
[*] 2 fixable with the `--fix` option.
