F
================================== FAILURES ===================================
_ test_actual_financial_preview_http_is_readonly_and_future_change_matches_original_curve _

annual_client = (<starlette.testclient.TestClient object at 0x0000026B5FC91820>, Engine(postgresql+psycopg://bounded:***@127.0.0.1:54329/bf_test_71257cb30df049949288b5e28b6893bd))

    def test_actual_financial_preview_http_is_readonly_and_future_change_matches_original_curve(
        annual_client: tuple[TestClient, Engine],
    ) -> None:
        client, engine = annual_client
        config = {
            "type": "dated_expense",
            "name": "隔离 HTTP 预览确认一致性原支出",
            "window": {"start": "2026-10-12", "end": "2026-10-15"},
            "amount": {"min_cents": 0, "target_cents": 100, "max_cents": 200},
        }
        registered = confirm(client, "DatedExpensePolicy", config, "root-impact-http-create")
        policy_id, original_version = registered["policy_id"], registered["version_id"]
        candidate = {**config, "amount": {"min_cents": 0, "target_cents": 150, "max_cents": 350}}
        body = {"expected_version_id": original_version, "configuration": candidate}
        path = f"/api/v1/full-policies/{policy_id}/financial-change-preview"
        before = physical_snapshot(engine)
        response = client.post(path, json=body)
        assert response.status_code == 200, response.text
        value = response.json()
        assert value["hypothetical"] is True and value["grants_authority"] is False
        assert value["after_configuration"] == canonical_candidate("DatedExpensePolicy", candidate)
        impact = value["financial_impact"]
        assert impact["status"] == "PROJECTED" and impact["delta_minimum_margin_cents"] == -150
        assert len(impact["after"]["calculation_trace"]) == 1098
        assert client.post(path, json=body).json() == value
        for field in ("user_id", "now", "amount_cents", "result", "authority"):
            assert client.post(path, json={**body, field: 1}).status_code == 422
        assert client.post(path + "?owner=client", json=body).status_code == 422
        assert physical_snapshot(engine) == before
        changed = client.post(
            f"/api/v1/full-policies/{policy_id}/change",
            json={
                **body,
                "reviewed_hash": value["configuration_hash"],
                "accepted": True,
                "reason": "隔离实际用户明确确认未来支出差量",
                "idempotency_key": "root-impact-http-change",
            },
        )
        assert changed.status_code == 200, changed.text
        assert changed.json()["version_id"] != original_version
        actual = client.get("/api/v1/planning/full-annual")
        assert actual.status_code == 200, actual.text
        annual = actual.json()["projection"]["full_annual_projection"]
>       assert annual is not None
E       assert None is not None

apps\api\app\tests\test_full_policy_financial_preview_http_integration.py:63: AssertionError
---------------------------- Captured stderr call -----------------------------
{"event": "http_request", "request_id": "687b15f3-c04d-4cd5-987f-2a1ac3b5c297", "method": "POST", "status": 200, "duration_ms": 562.0}
{"event": "http_request", "request_id": "e05c4ffe-674e-474c-bfda-d8de8659e93e", "method": "POST", "status": 200, "duration_ms": 719.0}
{"event": "http_request", "request_id": "4d67a1ef-49a8-4193-9970-439af1ab65fe", "method": "POST", "status": 200, "duration_ms": 500.0}
{"event": "http_request", "request_id": "7e879085-0eb6-43b8-a645-9fbdaed2e39b", "method": "POST", "status": 422, "duration_ms": 15.0}
{"event": "http_request", "request_id": "31198f3d-99e1-4907-9f54-75d62318dc64", "method": "POST", "status": 422, "duration_ms": 16.0}
{"event": "http_request", "request_id": "9861d0dd-6ce0-4bc3-9310-ea816c5624bc", "method": "POST", "status": 422, "duration_ms": 16.0}
{"event": "http_request", "request_id": "ee27adc8-8f25-4500-b33d-ae87ec030116", "method": "POST", "status": 422, "duration_ms": 15.0}
{"event": "http_request", "request_id": "08fbbfcf-5405-40f4-9cac-958226537f9c", "method": "POST", "status": 422, "duration_ms": 16.0}
{"event": "http_request", "request_id": "e186f35a-97e9-42d1-bf34-e5f4e83ba227", "method": "POST", "status": 422, "duration_ms": 0.0}
{"event": "http_request", "request_id": "f6f1ade8-4df4-409c-9492-5ddb116c1aaf", "method": "POST", "status": 200, "duration_ms": 47.0}
{"event": "http_request", "request_id": "b82bf550-7270-49bc-8128-048e9f8f4363", "method": "GET", "status": 200, "duration_ms": 593.0}
------------------------------ Captured log call ------------------------------
INFO     bounded_funds.http:main.py:113 {"event": "http_request", "request_id": "687b15f3-c04d-4cd5-987f-2a1ac3b5c297", "method": "POST", "status": 200, "duration_ms": 562.0}
INFO     bounded_funds.http:main.py:113 {"event": "http_request", "request_id": "e05c4ffe-674e-474c-bfda-d8de8659e93e", "method": "POST", "status": 200, "duration_ms": 719.0}
INFO     bounded_funds.http:main.py:113 {"event": "http_request", "request_id": "4d67a1ef-49a8-4193-9970-439af1ab65fe", "method": "POST", "status": 200, "duration_ms": 500.0}
INFO     bounded_funds.http:main.py:113 {"event": "http_request", "request_id": "7e879085-0eb6-43b8-a645-9fbdaed2e39b", "method": "POST", "status": 422, "duration_ms": 15.0}
INFO     bounded_funds.http:main.py:113 {"event": "http_request", "request_id": "31198f3d-99e1-4907-9f54-75d62318dc64", "method": "POST", "status": 422, "duration_ms": 16.0}
INFO     bounded_funds.http:main.py:113 {"event": "http_request", "request_id": "9861d0dd-6ce0-4bc3-9310-ea816c5624bc", "method": "POST", "status": 422, "duration_ms": 16.0}
INFO     bounded_funds.http:main.py:113 {"event": "http_request", "request_id": "ee27adc8-8f25-4500-b33d-ae87ec030116", "method": "POST", "status": 422, "duration_ms": 15.0}
INFO     bounded_funds.http:main.py:113 {"event": "http_request", "request_id": "08fbbfcf-5405-40f4-9cac-958226537f9c", "method": "POST", "status": 422, "duration_ms": 16.0}
INFO     bounded_funds.http:main.py:113 {"event": "http_request", "request_id": "e186f35a-97e9-42d1-bf34-e5f4e83ba227", "method": "POST", "status": 422, "duration_ms": 0.0}
INFO     bounded_funds.http:main.py:113 {"event": "http_request", "request_id": "f6f1ade8-4df4-409c-9492-5ddb116c1aaf", "method": "POST", "status": 200, "duration_ms": 47.0}
INFO     bounded_funds.http:main.py:113 {"event": "http_request", "request_id": "b82bf550-7270-49bc-8128-048e9f8f4363", "method": "GET", "status": 200, "duration_ms": 593.0}
============================== warnings summary ===============================
.venv\Lib\site-packages\fastapi\testclient.py:1
  F:\学校活动\工行杯\钱途有界\bounded-funds\.venv\Lib\site-packages\fastapi\testclient.py:1: StarletteDeprecationWarning: Using `httpx` with `starlette.testclient` is deprecated; install `httpx2` instead.
    from starlette.testclient import TestClient as TestClient  # noqa

-- Docs: https://docs.pytest.org/en/stable/how-to/capture-warnings.html
=========================== short test summary info ===========================
FAILED apps/api/app/tests/test_full_policy_financial_preview_http_integration.py::test_actual_financial_preview_http_is_readonly_and_future_change_matches_original_curve
!!!!!!!!!!!!!!!!!!!!!!!!!! stopping after 1 failures !!!!!!!!!!!!!!!!!!!!!!!!!!
1 failed, 1 warning in 12.88s
