.F........................F......                                        [100%]
================================== FAILURES ===================================
_ test_end_day_last_microsecond_is_not_released_utc_day_cannot_override_local_day _

    def test_end_day_last_microsecond_is_not_released_utc_day_cannot_override_local_day() -> None:
        value = fixture()
        still_end = value.as_of - timedelta(microseconds=1)
>       assert still_end.astimezone(ZoneInfo("Asia/Shanghai")).date() < value.as_of.date()
E       AssertionError: assert datetime.date(2026, 2, 23) < datetime.date(2026, 2, 23)
E        +  where datetime.date(2026, 2, 23) = <built-in method date of datetime.datetime object at 0x0000029AD65CC1E0>()
E        +    where <built-in method date of datetime.datetime object at 0x0000029AD65CC1E0> = datetime.datetime(2026, 2, 23, 23, 59, 59, 999999, tzinfo=zoneinfo.ZoneInfo(key='Asia/Shanghai')).date
E        +      where datetime.datetime(2026, 2, 23, 23, 59, 59, 999999, tzinfo=zoneinfo.ZoneInfo(key='Asia/Shanghai')) = <built-in method astimezone of datetime.datetime object at 0x0000029AD65CD680>(zoneinfo.ZoneInfo(key='Asia/Shanghai'))
E        +        where <built-in method astimezone of datetime.datetime object at 0x0000029AD65CD680> = datetime.datetime(2026, 2, 23, 15, 59, 59, 999999, tzinfo=datetime.timezone.utc).astimezone
E        +        and   zoneinfo.ZoneInfo(key='Asia/Shanghai') = ZoneInfo('Asia/Shanghai')
E        +  and   datetime.date(2026, 2, 23) = <built-in method date of datetime.datetime object at 0x0000029AD65CD770>()
E        +    where <built-in method date of datetime.datetime object at 0x0000029AD65CD770> = datetime.datetime(2026, 2, 23, 16, 0, tzinfo=datetime.timezone.utc).date
E        +      where datetime.datetime(2026, 2, 23, 16, 0, tzinfo=datetime.timezone.utc) = EndedSeasonalAdoptionInput(protocol='seasonal-ended-adoption-input-v1', user_id=UUID('00000000-0000-0000-0000-00000000..., 'user_id': '00000000-0000-0000-0000-000000000001', 'valid_from': '2026-02-14T00:00:00.000000Z', 'valid_to': None}])]).as_of

apps\api\app\tests\test_full_seasonal_ended_adoption.py:151: AssertionError
_ test_read_service_retains_exact_source_rows_and_rejects_missing_evidence_without_scope_rerun _

monkeypatch = <_pytest.monkeypatch.MonkeyPatch object at 0x0000029AD1B540E0>

    def test_read_service_retains_exact_source_rows_and_rejects_missing_evidence_without_scope_rerun(
        monkeypatch: pytest.MonkeyPatch,
    ) -> None:
        memory = EndedMemory()
        patch_service(monkeypatch, memory)
        result = service.read_current_ended_seasonal_adoption(
            memory.session(), USER, POLICY, memory.now
        )
>       assert result.status == "VERIFIED_ENDED" and result.current_floor_cents == 0
E       AssertionError: assert ('UNKNOWN' == 'VERIFIED_ENDED'
E         
E         - VERIFIED_ENDED
E         + UNKNOWN)

apps\api\app\tests\test_full_seasonal_ended_adoption.py:387: AssertionError
============================== warnings summary ===============================
.venv\Lib\site-packages\_pytest\cacheprovider.py:469
  F:\学校活动\工行杯\钱途有界\bounded-funds\.venv\Lib\site-packages\_pytest\cacheprovider.py:469: PytestCacheWarning: could not create cache path F:\学校活动\工行杯\钱途有界\bounded-funds\.pytest_cache\v\cache\nodeids: [WinError 5] 拒绝访问。: 'F:\\学校活动\\工行杯\\钱途有界\\bounded-funds\\.pytest_cache\\v\\cache'
    config.cache.set("cache/nodeids", sorted(self.cached_nodeids))

.venv\Lib\site-packages\_pytest\cacheprovider.py:423
  F:\学校活动\工行杯\钱途有界\bounded-funds\.venv\Lib\site-packages\_pytest\cacheprovider.py:423: PytestCacheWarning: could not create cache path F:\学校活动\工行杯\钱途有界\bounded-funds\.pytest_cache\v\cache\lastfailed: [WinError 5] 拒绝访问。: 'F:\\学校活动\\工行杯\\钱途有界\\bounded-funds\\.pytest_cache\\v\\cache'
    config.cache.set("cache/lastfailed", self.lastfailed)

-- Docs: https://docs.pytest.org/en/stable/how-to/capture-warnings.html
=========================== short test summary info ===========================
FAILED apps/api/app/tests/test_full_seasonal_ended_adoption.py::test_end_day_last_microsecond_is_not_released_utc_day_cannot_override_local_day
FAILED apps/api/app/tests/test_full_seasonal_ended_adoption.py::test_read_service_retains_exact_source_rows_and_rejects_missing_evidence_without_scope_rerun
2 failed, 31 passed, 2 warnings in 9.26s
