B023 Function definition does not bind loop variable `component`
   --> apps\api\app\domain\full_policy_dependencies.py:199:47
    |
198 |         def path(node: UUID, used: list[UUID]) -> list[UUID] | None:
199 |             for other in sorted(graph[node] & component, key=str):
    |                                               ^^^^^^^^^
200 |                 if other == first:
201 |                     return [*used, first]
    |

B023 Function definition does not bind loop variable `first`
   --> apps\api\app\domain\full_policy_dependencies.py:200:29
    |
198 |         def path(node: UUID, used: list[UUID]) -> list[UUID] | None:
199 |             for other in sorted(graph[node] & component, key=str):
200 |                 if other == first:
    |                             ^^^^^
201 |                     return [*used, first]
202 |                 if other not in used:
    |

B023 Function definition does not bind loop variable `first`
   --> apps\api\app\domain\full_policy_dependencies.py:201:36
    |
199 |             for other in sorted(graph[node] & component, key=str):
200 |                 if other == first:
201 |                     return [*used, first]
    |                                    ^^^^^
202 |                 if other not in used:
203 |                     found = path(other, [*used, other])
    |

B905 `zip()` without an explicit `strict=` parameter
   --> apps\api\app\tests\test_full_policy_dependencies.py:109:49
    |
107 |     assert found.policy_ids == ([FIRST, SECOND] if cycle == "mutual" else [FIRST])
108 |     actual_edges = {(row.source_policy_id, row.target_id) for row in result.edges}
109 |     assert all(edge in actual_edges for edge in zip(found.example_path, found.example_path[1:]))
    |                                                 ^^^^^^^^^^^^^^^^^^^^^^^^^^^^^^^^^^^^^^^^^^^^^^^
110 |     assert not found.financial_infeasibility_proven
    |
help: Add explicit value for parameter `strict=`

Found 4 errors.
No fixes available (1 hidden fix can be enabled with the `--unsafe-fixes` option).
