........................................F.                               [100%]
================================== FAILURES ===================================
______ test_all_added_full_fault_pairs_are_still_explicitly_unsupported _______

    def test_all_added_full_fault_pairs_are_still_explicitly_unsupported() -> None:
        for kind in ("FULL_ASSET_EXECUTE", "FULL_RECOVERY_EXECUTE", "PAYMENT_EXECUTE"):
            with pytest.raises(ValueError, match="FAULT_PAIR_NOT_IMPLEMENTED"):
                native_request(kind, {}, fault="DROP_BANK_RESPONSE")
>       assert len(OPERATIONS) == 50
E       AssertionError: assert 49 == 50
E        +  where 49 = len({'LOCAL_USER_LOGIN': NativeOperation(method='POST', path='/api/v1/local-actor/login', identities=(), key_identities=()...(method='POST', path='/api/v1/policy-templates/validate', identities=(), key_identities=(), planning_query=False), ...})

apps\api\app\tests\test_full_native_operation_extensions.py:79: AssertionError
============================== warnings summary ===============================
.venv\Lib\site-packages\fastapi\testclient.py:1
  F:\学校活动\工行杯\钱途有界\bounded-funds\.venv\Lib\site-packages\fastapi\testclient.py:1: StarletteDeprecationWarning: Using `httpx` with `starlette.testclient` is deprecated; install `httpx2` instead.
    from starlette.testclient import TestClient as TestClient  # noqa

.venv\Lib\site-packages\_pytest\cacheprovider.py:469
  F:\学校活动\工行杯\钱途有界\bounded-funds\.venv\Lib\site-packages\_pytest\cacheprovider.py:469: PytestCacheWarning: could not create cache path F:\学校活动\工行杯\钱途有界\bounded-funds\.pytest_cache\v\cache\nodeids: [WinError 5] 拒绝访问。: 'F:\\学校活动\\工行杯\\钱途有界\\bounded-funds\\.pytest_cache\\v\\cache'
    config.cache.set("cache/nodeids", sorted(self.cached_nodeids))

.venv\Lib\site-packages\_pytest\cacheprovider.py:423
  F:\学校活动\工行杯\钱途有界\bounded-funds\.venv\Lib\site-packages\_pytest\cacheprovider.py:423: PytestCacheWarning: could not create cache path F:\学校活动\工行杯\钱途有界\bounded-funds\.pytest_cache\v\cache\lastfailed: [WinError 5] 拒绝访问。: 'F:\\学校活动\\工行杯\\钱途有界\\bounded-funds\\.pytest_cache\\v\\cache'
    config.cache.set("cache/lastfailed", self.lastfailed)

-- Docs: https://docs.pytest.org/en/stable/how-to/capture-warnings.html
=========================== short test summary info ===========================
FAILED apps/api/app/tests/test_full_native_operation_extensions.py::test_all_added_full_fault_pairs_are_still_explicitly_unsupported
1 failed, 41 passed, 3 warnings in 3.70s
