phase=migration status=PASSED seconds=1.305
phase=native_seed_once status=PASSED seconds=3.366
phase=native_baseline_snapshot status=PASSED seconds=0.242
phase=api_ready status=PASSED seconds=2.436
phase=web_ready status=PASSED seconds=0.027
phase=snapshot:independent-case-start-before status=PASSED seconds=0.262
phase=snapshot:independent-case-start-after status=PASSED seconds=0.238
phase=snapshot:salary-real-legs status=PASSED seconds=3.278
phase=snapshot:replay-before status=PASSED seconds=4.310
phase=snapshot:salary-replay-zero-write status=PASSED seconds=2.509
phase=snapshot:independent-case-start-before status=PASSED seconds=3.518
phase=snapshot:independent-case-start-after status=PASSED seconds=2.358
phase=snapshot:goal-before status=PASSED seconds=2.222
phase=snapshot:goal-confirmed-zero-owned status=PASSED seconds=2.090
phase=snapshot:new-goal-later-fixed-income status=PASSED seconds=2.160
phase=snapshot:natural-goal-later-income-real-allocation status=PASSED seconds=7.473
phase=snapshot:independent-case-start-before status=PASSED seconds=5.033
phase=snapshot:independent-case-start-after status=PASSED seconds=3.343
phase=snapshot:salary-real-legs status=PASSED seconds=6.003
phase=snapshot:consumption-real-recovery status=PASSED seconds=7.194
phase=snapshot:legacy-recovery-read-zero-write status=PASSED seconds=5.914
phase=snapshot:independent-case-start-before status=PASSED seconds=9.454
phase=snapshot:independent-case-start-after status=PASSED seconds=5.479
phase=snapshot:salary-real-legs status=PASSED seconds=14.547
phase=snapshot:consumption-real-recovery status=PASSED seconds=10.982
phase=snapshot:legacy-recovery-read-zero-write status=PASSED seconds=9.870
phase=snapshot:fixed-real-levels-and-loss-confirmation status=PASSED seconds=12.668
phase=snapshot:independent-case-start-before status=PASSED seconds=16.355
phase=snapshot:independent-case-start-after status=PASSED seconds=9.369
W1 FAILED evidence=output\playwright\w1-20261005T044130Z-4578cb59
