F                                                                        [100%]
================================== FAILURES ===================================
_ test_t1_is_selected_only_when_original_future_bill_deadline_proves_arrival __

    def test_t1_is_selected_only_when_original_future_bill_deadline_proves_arrival() -> None:
        data = inputs([holding(delay=1)])
        card_id = UUID(int=985)
        actual_snapshot = data.snapshot.model_copy(
            update={
                "cash_accounts": [
                    *data.snapshot.cash_accounts,
                    CashFact(
                        account_id=card_id,
                        account_type="CREDIT_CARD",
                        balance_cents=0,
                        observed_at=NOW,
                        evidence_ids=[UUID(int=6)],
                    ),
                ],
                "bills": [
                    BillFact(
                        bill_id=UUID(int=986),
                        account_id=card_id,
                        statement_date=(NOW - timedelta(days=1)).date(),
                        due_date=(NOW + timedelta(days=2)).date(),
                        total_cents=50000,
                        paid_cents=0,
                        status="UNPAID",
                        evidence_ids=[UUID(int=6)],
                    )
                ],
            }
        )
        original = plan_full_recovery(
            data.model_copy(
                update={
                    "snapshot": actual_snapshot,
                    "boundary_versions": [reserve(40000)],
                }
            )
        )
        selected = derive_next_whole_selection(request(), original, USER, NOW)
>       assert original.deadline_at is not None and original.deadline_at > NOW + timedelta(days=1)
E       AssertionError: assert (datetime.datetime(2026, 10, 4, 8, 0, tzinfo=datetime.timezone.utc) is not None and datetime.datetime(2026, 10, 4, 8, 0, tzinfo=datetime.timezone.utc) > (datetime.datetime(2026, 10, 4, 8, 0, tzinfo=datetime.timezone.utc) + datetime.timedelta(days=1)))
E        +  where datetime.datetime(2026, 10, 4, 8, 0, tzinfo=datetime.timezone.utc) = FullRecoveryPlanningResult(algorithm_version='full-whole-position-recovery-v1', user_id=UUID('00000000-0000-0000-0000-...OSS_ONLY_NOT_A_COMPLETE_CASH_SOLUTION'], input_hash='dd9f963d26feb696bf62243725992428230753dc1c1a18aad35e71a50cf0aff9').deadline_at
E        +  and   datetime.datetime(2026, 10, 4, 8, 0, tzinfo=datetime.timezone.utc) = FullRecoveryPlanningResult(algorithm_version='full-whole-position-recovery-v1', user_id=UUID('00000000-0000-0000-0000-...OSS_ONLY_NOT_A_COMPLETE_CASH_SOLUTION'], input_hash='dd9f963d26feb696bf62243725992428230753dc1c1a18aad35e71a50cf0aff9').deadline_at
E        +  and   datetime.timedelta(days=1) = timedelta(days=1)

apps\api\app\tests\test_full_recovery_next.py:226: AssertionError
=========================== short test summary info ===========================
FAILED apps/api/app/tests/test_full_recovery_next.py::test_t1_is_selected_only_when_original_future_bill_deadline_proves_arrival
1 failed in 2.89s
