..................................F                                      [100%]
================================== FAILURES ===================================
__ test_actual_fastapi_json_uuid_request_reaches_original_service_and_engine __

monkeypatch = <_pytest.monkeypatch.MonkeyPatch object at 0x0000024A275CAE10>

    def test_actual_fastapi_json_uuid_request_reaches_original_service_and_engine(
        monkeypatch: pytest.MonkeyPatch,
    ) -> None:
        """SYNTHETIC read-source doubles; original route/service/engine, no PG or bank proof."""
        original = basis()
        original_bytes = original.model_dump(mode="json")
        loaded: list[tuple[UUID, datetime]] = []
    
        class SyntheticReadOnlySession:
            new: list[Any] = []
            dirty: list[Any] = []
            deleted: list[Any] = []
            no_autoflush = nullcontext()
    
            def connection(self) -> Any:
                return SimpleNamespace(get_isolation_level=lambda: "REPEATABLE READ")
    
            def scalar(self, statement: Any) -> str:
                assert str(statement) == "SHOW transaction_read_only"
                return "on"
    
        session = SyntheticReadOnlySession()
    
        def synthetic_sources(
            actual_session: Any, actual_user: UUID, actual_now: datetime
        ) -> tuple[BoundaryContext, None, None]:
            assert actual_session is session
            assert actual_user == USER and actual_now == NOW
            loaded.append((actual_user, actual_now))
            copied = original.model_copy(deep=True)
            return (
                BoundaryContext(
                    copied.snapshot,
                    copied.versions,
                    copied.positions,
                    copied.products,
                    Sources(USER, NOW, []),
                ),
                None,
                None,
            )
    
        def synthetic_audit(actual_session: Any, actual_user: UUID, issues: Any) -> DashboardAuditCard:
            assert actual_session is session and actual_user == USER
            return DashboardAuditCard(
                epoch_id=EPOCH, status="VALID", complete=True, anchored_run_statuses={}
            )
    
        monkeypatch.setattr(
            "app.services.scenario_simulation.load_verified_financial_context", synthetic_sources
        )
        monkeypatch.setattr("app.services.scenario_simulation.current_epoch_audit", synthetic_audit)
        app = FastAPI()
        app.include_router(router)
        app.dependency_overrides[get_session] = lambda: session
        app.dependency_overrides[get_demo_user] = lambda: SimpleNamespace(id=USER)
        app.dependency_overrides[get_now] = lambda: NOW
        client = TestClient(app)
        context = client.get("/api/v1/scenario-simulation/context")
        assert context.status_code == 200, context.text
        observed = context.json()
        assert observed["engine_hash"] == engine_sources()[0]
        body: dict[str, Any] = {
            "expected_epoch_id": str(EPOCH),
            "expected_source_hash": observed["source_hash"],
            "expected_engine_hash": observed["engine_hash"],
            "horizon_days": 90,
            "cash_change": {"account_id": str(CASH), "delta_cents": 100},
            "emergency_change": {
                "policy_id": str(POLICY),
                "expected_version_id": str(VERSION),
                "amount_cents": 300,
            },
            "product_change": {
                "product_id": str(PRODUCT),
                "expected_version_number": 1,
                "term_days": 2,
                "settlement_delay_days": 0,
            },
        }
        response = client.post("/api/v1/scenario-simulation/compare", json=body)
        assert response.status_code == 200, response.text
        result = response.json()
        bound_original = original.model_copy(
            update={"source_hash": observed["source_hash"], "engine_hash": observed["engine_hash"]}
        )
        expected = compare_scenario(bound_original, ScenarioCompareRequest.model_validate(body))
>       assert result == expected.model_dump(mode="json")
E       AssertionError: assert {'simulation'...': False, ...} == {'simulation'...': False, ...}
E         
E         Omitting 26 identical items, use -vv to show
E         Differing items:
E         {'scenario_hash': 'd8580dd855540f289c0dac0b06c22156e3dc72ec2992634612c327f7fe8201f3'} != {'scenario_hash': 'ac7ec4369cace195e8084c5972d45938d87fe344248eef0d48cfd306b27fc543'}
E         {'hypothetical': {'algorithm_version': 'strict-cash-boundary-v1', 'status': 'READY', 'financial_only': True, 'safe_idle_cents': 200, ...}} != {'hypothetical': {'algorithm_version': 'strict-cash-boundary-v1', 'status': 'READY', 'financial_only': True, 'safe_idle_cents': 200, ...}}
E         Use -v to get more diff

apps\api\app\tests\test_scenario_simulation.py:506: AssertionError
============================== warnings summary ===============================
.venv\Lib\site-packages\fastapi\testclient.py:1
  F:\学校活动\工行杯\钱途有界\bounded-funds\.venv\Lib\site-packages\fastapi\testclient.py:1: StarletteDeprecationWarning: Using `httpx` with `starlette.testclient` is deprecated; install `httpx2` instead.
    from starlette.testclient import TestClient as TestClient  # noqa

-- Docs: https://docs.pytest.org/en/stable/how-to/capture-warnings.html
=========================== short test summary info ===========================
FAILED apps/api/app/tests/test_scenario_simulation.py::test_actual_fastapi_json_uuid_request_reaches_original_service_and_engine
1 failed, 34 passed, 1 warning in 3.02s
