phase=migration status=PASSED seconds=0.782
phase=native_seed_once status=PASSED seconds=1.326
phase=native_baseline_snapshot status=PASSED seconds=0.324
phase=api_ready status=PASSED seconds=2.455
phase=web_ready status=PASSED seconds=0.042
phase=snapshot:independent-case-start-before status=PASSED seconds=0.088
phase=snapshot:independent-case-start-after status=PASSED seconds=0.335
phase=snapshot:salary-real-legs status=PASSED seconds=2.875
phase=snapshot:consumption-real-recovery status=PASSED seconds=3.988
phase=snapshot:legacy-recovery-read-zero-write status=PASSED seconds=4.086
phase=snapshot:fixed-real-levels-and-loss-confirmation status=PASSED seconds=10.712
phase=snapshot:rent-real-version-change status=PASSED seconds=6.726
phase=snapshot:round-1-reset-before status=PASSED seconds=6.855
phase=snapshot:round-1-reset-after status=PASSED seconds=5.213
phase=snapshot:salary-real-legs status=PASSED seconds=10.720
phase=snapshot:consumption-real-recovery status=PASSED seconds=10.085
phase=snapshot:legacy-recovery-read-zero-write status=PASSED seconds=10.772
phase=snapshot:fixed-real-levels-and-loss-confirmation status=PASSED seconds=15.863
phase=snapshot:rent-real-version-change status=PASSED seconds=15.402
phase=snapshot:round-2-reset-before status=PASSED seconds=12.312
phase=snapshot:round-2-reset-after status=PASSED seconds=10.067
phase=snapshot:salary-real-legs status=PASSED seconds=13.211
phase=snapshot:consumption-real-recovery status=PASSED seconds=14.092
phase=snapshot:legacy-recovery-read-zero-write status=PASSED seconds=16.292
phase=snapshot:fixed-real-levels-and-loss-confirmation status=PASSED seconds=16.335
phase=snapshot:rent-real-version-change status=PASSED seconds=19.431
phase=snapshot:round-3-reset-before status=PASSED seconds=14.618
phase=snapshot:round-3-reset-after status=PASSED seconds=13.921
phase=final_snapshot status=PASSED seconds=23.693
phase=final_alive_audit status=PASSED seconds=400.713
W1 PARTIAL_SCOPE_PASSED evidence=output\playwright\w1-20261005T090209Z-5d6b9e82
