.FFFFFFFFFF.F....FF.....                                                 [100%]
================================== FAILURES ===================================
_ test_real_fk_navigation_in_both_directions_keeps_cash_and_ownership_distinct _

configuration = {'user_id': '047de3d1-b5c0-4baa-a969-ae8f91c1dbc3', 'known_at': '2026-10-06T00:00:00+00:00', 'as_of': '2026-10-06T00:00:00+00:00', 'root': 'ACCOUNT:e62948cd-1bb0-4fc6-bc03-ee673948be63', ...}

    def configuration_hash(configuration: dict[str, Any]) -> str:
        """Hash the provided JSON document; callers validate before confirming authority."""
        if not isinstance(configuration, dict):
            raise ValueError("Configuration must be an object")
        try:
>           _require_json_value(configuration)

apps\api\app\domain\policy_configuration.py:236: 
_ _ _ _ _ _ _ _ _ _ _ _ _ _ _ _ _ _ _ _ _ _ _ _ _ _ _ _ _ _ _ _ _ _ _ _ _ _ _ _
apps\api\app\domain\policy_configuration.py:222: in _require_json_value
    _require_json_value(child)
apps\api\app\domain\policy_configuration.py:226: in _require_json_value
    _require_json_value(child)
_ _ _ _ _ _ _ _ _ _ _ _ _ _ _ _ _ _ _ _ _ _ _ _ _ _ _ _ _ _ _ _ _ _ _ _ _ _ _ _

value = ('ACCOUNT:e62948cd-1bb0-4fc6-bc03-ee673948be63', '75ec4478d25dfe1ee2473d02d679d82509ec226b4caad1d3200e97ea620acd9e')

    def _require_json_value(value: Any) -> None:
        if value is None or type(value) in (str, int, float, bool):
            return
        if isinstance(value, dict):
            for key, child in value.items():
                if not isinstance(key, str):
                    raise ValueError("JSON object keys must be strings")
                _require_json_value(child)
            return
        if isinstance(value, list):
            for child in value:
                _require_json_value(child)
            return
>       raise ValueError("Only JSON values are permitted")
E       ValueError: Only JSON values are permitted

apps\api\app\domain\policy_configuration.py:228: ValueError

The above exception was the direct cause of the following exception:

    def test_real_fk_navigation_in_both_directions_keeps_cash_and_ownership_distinct() -> None:
        account = original("ACCOUNT", balance_cents=100003)
        evidence = original(
            "EVIDENCE", source_type="BANK_ACCOUNT_BALANCE", content={"balance_cents": 100003}
        )
        transaction = original("TRANSACTION", account_id=str(account.id), evidence_id=str(evidence.id))
        bill = original("BILL", account_id=str(account.id), evidence_id=str(evidence.id))
        posting = original(
            "POSTING", account_id=str(account.id), delta_cents=-97, ledger_dimension="ECONOMIC"
        )
        rows = [account, evidence, transaction, bill, posting]
>       result = graph(rows, account)
                 ^^^^^^^^^^^^^^^^^^^^

apps\api\app\tests\test_full_evidence_graph.py:98: 
_ _ _ _ _ _ _ _ _ _ _ _ _ _ _ _ _ _ _ _ _ _ _ _ _ _ _ _ _ _ _ _ _ _ _ _ _ _ _ _
apps\api\app\tests\test_full_evidence_graph.py:63: in graph
    return build_full_evidence_graph(
apps\api\app\domain\full_evidence_graph.py:439: in build_full_evidence_graph
    input_hash=configuration_hash(basis),
               ^^^^^^^^^^^^^^^^^^^^^^^^^
_ _ _ _ _ _ _ _ _ _ _ _ _ _ _ _ _ _ _ _ _ _ _ _ _ _ _ _ _ _ _ _ _ _ _ _ _ _ _ _

configuration = {'user_id': '047de3d1-b5c0-4baa-a969-ae8f91c1dbc3', 'known_at': '2026-10-06T00:00:00+00:00', 'as_of': '2026-10-06T00:00:00+00:00', 'root': 'ACCOUNT:e62948cd-1bb0-4fc6-bc03-ee673948be63', ...}

    def configuration_hash(configuration: dict[str, Any]) -> str:
        """Hash the provided JSON document; callers validate before confirming authority."""
        if not isinstance(configuration, dict):
            raise ValueError("Configuration must be an object")
        try:
            _require_json_value(configuration)
            canonical = json.dumps(
                configuration,
                ensure_ascii=False,
                sort_keys=True,
                separators=(",", ":"),
                allow_nan=False,
            )
        except (TypeError, ValueError, RecursionError) as error:
>           raise ValueError("Configuration must be a JSON-compatible object") from error
E           ValueError: Configuration must be a JSON-compatible object

apps\api\app\domain\policy_configuration.py:245: ValueError
___ test_receipt_original_links_action_decision_frozen_evidence_and_policy ____

configuration = {'user_id': '047de3d1-b5c0-4baa-a969-ae8f91c1dbc3', 'known_at': '2026-10-06T00:00:00+00:00', 'as_of': '2026-10-06T00:00:00+00:00', 'root': 'RECEIPT:a7552e84-f76e-4243-bdb0-4672200cde60', ...}

    def configuration_hash(configuration: dict[str, Any]) -> str:
        """Hash the provided JSON document; callers validate before confirming authority."""
        if not isinstance(configuration, dict):
            raise ValueError("Configuration must be an object")
        try:
>           _require_json_value(configuration)

apps\api\app\domain\policy_configuration.py:236: 
_ _ _ _ _ _ _ _ _ _ _ _ _ _ _ _ _ _ _ _ _ _ _ _ _ _ _ _ _ _ _ _ _ _ _ _ _ _ _ _
apps\api\app\domain\policy_configuration.py:222: in _require_json_value
    _require_json_value(child)
apps\api\app\domain\policy_configuration.py:226: in _require_json_value
    _require_json_value(child)
_ _ _ _ _ _ _ _ _ _ _ _ _ _ _ _ _ _ _ _ _ _ _ _ _ _ _ _ _ _ _ _ _ _ _ _ _ _ _ _

value = ('ACTION:8b6f5431-907d-44f4-ab67-f2db70e4a13d', '627311ada3c0a91adda242f63e9d154742ea3dd4198e6fdcae94ddf708ecf37c')

    def _require_json_value(value: Any) -> None:
        if value is None or type(value) in (str, int, float, bool):
            return
        if isinstance(value, dict):
            for key, child in value.items():
                if not isinstance(key, str):
                    raise ValueError("JSON object keys must be strings")
                _require_json_value(child)
            return
        if isinstance(value, list):
            for child in value:
                _require_json_value(child)
            return
>       raise ValueError("Only JSON values are permitted")
E       ValueError: Only JSON values are permitted

apps\api\app\domain\policy_configuration.py:228: ValueError

The above exception was the direct cause of the following exception:

    def test_receipt_original_links_action_decision_frozen_evidence_and_policy() -> None:
        evidence = original("EVIDENCE", source_type="USER_DECLARED", content={})
        policy = original("POLICY")
        version = original("POLICY_VERSION", policy_id=str(policy.id), evidence_ids=[str(evidence.id)])
        decision = original(
            "DECISION", policy_version_ids=[str(version.id)], evidence_ids=[str(evidence.id)]
        )
        action = original("ACTION", decision_run_id=str(decision.id), policy_version_id=str(version.id))
        receipt = original("RECEIPT", action_plan_id=str(action.id), executed_cents=200003)
>       result = graph([evidence, policy, version, decision, action, receipt], receipt)
                 ^^^^^^^^^^^^^^^^^^^^^^^^^^^^^^^^^^^^^^^^^^^^^^^^^^^^^^^^^^^^^^^^^^^^^^

apps\api\app\tests\test_full_evidence_graph.py:127: 
_ _ _ _ _ _ _ _ _ _ _ _ _ _ _ _ _ _ _ _ _ _ _ _ _ _ _ _ _ _ _ _ _ _ _ _ _ _ _ _
apps\api\app\tests\test_full_evidence_graph.py:63: in graph
    return build_full_evidence_graph(
apps\api\app\domain\full_evidence_graph.py:439: in build_full_evidence_graph
    input_hash=configuration_hash(basis),
               ^^^^^^^^^^^^^^^^^^^^^^^^^
_ _ _ _ _ _ _ _ _ _ _ _ _ _ _ _ _ _ _ _ _ _ _ _ _ _ _ _ _ _ _ _ _ _ _ _ _ _ _ _

configuration = {'user_id': '047de3d1-b5c0-4baa-a969-ae8f91c1dbc3', 'known_at': '2026-10-06T00:00:00+00:00', 'as_of': '2026-10-06T00:00:00+00:00', 'root': 'RECEIPT:a7552e84-f76e-4243-bdb0-4672200cde60', ...}

    def configuration_hash(configuration: dict[str, Any]) -> str:
        """Hash the provided JSON document; callers validate before confirming authority."""
        if not isinstance(configuration, dict):
            raise ValueError("Configuration must be an object")
        try:
            _require_json_value(configuration)
            canonical = json.dumps(
                configuration,
                ensure_ascii=False,
                sort_keys=True,
                separators=(",", ":"),
                allow_nan=False,
            )
        except (TypeError, ValueError, RecursionError) as error:
>           raise ValueError("Configuration must be a JSON-compatible object") from error
E           ValueError: Configuration must be a JSON-compatible object

apps\api\app\domain\policy_configuration.py:245: ValueError
_ test_rehashed_foreign_owner_or_identity_never_enters_view[user_id-938409c2-4d67-49cf-9371-7f06a8f3c3f9] _

configuration = {'user_id': '047de3d1-b5c0-4baa-a969-ae8f91c1dbc3', 'known_at': '2026-10-06T00:00:00+00:00', 'as_of': '2026-10-06T00:00:00+00:00', 'root': 'ACCOUNT:98a897df-930d-4b36-ae4a-0de51c133605', ...}

    def configuration_hash(configuration: dict[str, Any]) -> str:
        """Hash the provided JSON document; callers validate before confirming authority."""
        if not isinstance(configuration, dict):
            raise ValueError("Configuration must be an object")
        try:
>           _require_json_value(configuration)

apps\api\app\domain\policy_configuration.py:236: 
_ _ _ _ _ _ _ _ _ _ _ _ _ _ _ _ _ _ _ _ _ _ _ _ _ _ _ _ _ _ _ _ _ _ _ _ _ _ _ _
apps\api\app\domain\policy_configuration.py:222: in _require_json_value
    _require_json_value(child)
apps\api\app\domain\policy_configuration.py:226: in _require_json_value
    _require_json_value(child)
_ _ _ _ _ _ _ _ _ _ _ _ _ _ _ _ _ _ _ _ _ _ _ _ _ _ _ _ _ _ _ _ _ _ _ _ _ _ _ _

value = ('ACCOUNT:98a897df-930d-4b36-ae4a-0de51c133605', '7a39f3672b9d62a5d455f01db275686df11ee57f08b2f9ded3c61e8a6493777e')

    def _require_json_value(value: Any) -> None:
        if value is None or type(value) in (str, int, float, bool):
            return
        if isinstance(value, dict):
            for key, child in value.items():
                if not isinstance(key, str):
                    raise ValueError("JSON object keys must be strings")
                _require_json_value(child)
            return
        if isinstance(value, list):
            for child in value:
                _require_json_value(child)
            return
>       raise ValueError("Only JSON values are permitted")
E       ValueError: Only JSON values are permitted

apps\api\app\domain\policy_configuration.py:228: ValueError

The above exception was the direct cause of the following exception:

field = 'user_id', value = '938409c2-4d67-49cf-9371-7f06a8f3c3f9'

    @pytest.mark.parametrize("field,value", [("user_id", str(uuid4())), ("id", str(uuid4()))])
    def test_rehashed_foreign_owner_or_identity_never_enters_view(field: str, value: str) -> None:
        account = original("ACCOUNT")
        transaction = original("TRANSACTION", account_id=str(account.id))
        bad = {**transaction.original, field: value}
        changed = transaction.model_copy(update={"original": bad, "row_hash": configuration_hash(bad)})
>       result = graph([account, changed], account)
                 ^^^^^^^^^^^^^^^^^^^^^^^^^^^^^^^^^^

apps\api\app\tests\test_full_evidence_graph.py:139: 
_ _ _ _ _ _ _ _ _ _ _ _ _ _ _ _ _ _ _ _ _ _ _ _ _ _ _ _ _ _ _ _ _ _ _ _ _ _ _ _
apps\api\app\tests\test_full_evidence_graph.py:63: in graph
    return build_full_evidence_graph(
apps\api\app\domain\full_evidence_graph.py:439: in build_full_evidence_graph
    input_hash=configuration_hash(basis),
               ^^^^^^^^^^^^^^^^^^^^^^^^^
_ _ _ _ _ _ _ _ _ _ _ _ _ _ _ _ _ _ _ _ _ _ _ _ _ _ _ _ _ _ _ _ _ _ _ _ _ _ _ _

configuration = {'user_id': '047de3d1-b5c0-4baa-a969-ae8f91c1dbc3', 'known_at': '2026-10-06T00:00:00+00:00', 'as_of': '2026-10-06T00:00:00+00:00', 'root': 'ACCOUNT:98a897df-930d-4b36-ae4a-0de51c133605', ...}

    def configuration_hash(configuration: dict[str, Any]) -> str:
        """Hash the provided JSON document; callers validate before confirming authority."""
        if not isinstance(configuration, dict):
            raise ValueError("Configuration must be an object")
        try:
            _require_json_value(configuration)
            canonical = json.dumps(
                configuration,
                ensure_ascii=False,
                sort_keys=True,
                separators=(",", ":"),
                allow_nan=False,
            )
        except (TypeError, ValueError, RecursionError) as error:
>           raise ValueError("Configuration must be a JSON-compatible object") from error
E           ValueError: Configuration must be a JSON-compatible object

apps\api\app\domain\policy_configuration.py:245: ValueError
_ test_rehashed_foreign_owner_or_identity_never_enters_view[id-89827647-9e4e-4061-b348-50a901508c94] _

configuration = {'user_id': '047de3d1-b5c0-4baa-a969-ae8f91c1dbc3', 'known_at': '2026-10-06T00:00:00+00:00', 'as_of': '2026-10-06T00:00:00+00:00', 'root': 'ACCOUNT:e0764682-308f-419a-9a11-42df130df488', ...}

    def configuration_hash(configuration: dict[str, Any]) -> str:
        """Hash the provided JSON document; callers validate before confirming authority."""
        if not isinstance(configuration, dict):
            raise ValueError("Configuration must be an object")
        try:
>           _require_json_value(configuration)

apps\api\app\domain\policy_configuration.py:236: 
_ _ _ _ _ _ _ _ _ _ _ _ _ _ _ _ _ _ _ _ _ _ _ _ _ _ _ _ _ _ _ _ _ _ _ _ _ _ _ _
apps\api\app\domain\policy_configuration.py:222: in _require_json_value
    _require_json_value(child)
apps\api\app\domain\policy_configuration.py:226: in _require_json_value
    _require_json_value(child)
_ _ _ _ _ _ _ _ _ _ _ _ _ _ _ _ _ _ _ _ _ _ _ _ _ _ _ _ _ _ _ _ _ _ _ _ _ _ _ _

value = ('ACCOUNT:e0764682-308f-419a-9a11-42df130df488', '3689cf58ee9e58a72c37bb9dc104d4317e109ac851356719dd50f8e1b7f2804d')

    def _require_json_value(value: Any) -> None:
        if value is None or type(value) in (str, int, float, bool):
            return
        if isinstance(value, dict):
            for key, child in value.items():
                if not isinstance(key, str):
                    raise ValueError("JSON object keys must be strings")
                _require_json_value(child)
            return
        if isinstance(value, list):
            for child in value:
                _require_json_value(child)
            return
>       raise ValueError("Only JSON values are permitted")
E       ValueError: Only JSON values are permitted

apps\api\app\domain\policy_configuration.py:228: ValueError

The above exception was the direct cause of the following exception:

field = 'id', value = '89827647-9e4e-4061-b348-50a901508c94'

    @pytest.mark.parametrize("field,value", [("user_id", str(uuid4())), ("id", str(uuid4()))])
    def test_rehashed_foreign_owner_or_identity_never_enters_view(field: str, value: str) -> None:
        account = original("ACCOUNT")
        transaction = original("TRANSACTION", account_id=str(account.id))
        bad = {**transaction.original, field: value}
        changed = transaction.model_copy(update={"original": bad, "row_hash": configuration_hash(bad)})
>       result = graph([account, changed], account)
                 ^^^^^^^^^^^^^^^^^^^^^^^^^^^^^^^^^^

apps\api\app\tests\test_full_evidence_graph.py:139: 
_ _ _ _ _ _ _ _ _ _ _ _ _ _ _ _ _ _ _ _ _ _ _ _ _ _ _ _ _ _ _ _ _ _ _ _ _ _ _ _
apps\api\app\tests\test_full_evidence_graph.py:63: in graph
    return build_full_evidence_graph(
apps\api\app\domain\full_evidence_graph.py:439: in build_full_evidence_graph
    input_hash=configuration_hash(basis),
               ^^^^^^^^^^^^^^^^^^^^^^^^^
_ _ _ _ _ _ _ _ _ _ _ _ _ _ _ _ _ _ _ _ _ _ _ _ _ _ _ _ _ _ _ _ _ _ _ _ _ _ _ _

configuration = {'user_id': '047de3d1-b5c0-4baa-a969-ae8f91c1dbc3', 'known_at': '2026-10-06T00:00:00+00:00', 'as_of': '2026-10-06T00:00:00+00:00', 'root': 'ACCOUNT:e0764682-308f-419a-9a11-42df130df488', ...}

    def configuration_hash(configuration: dict[str, Any]) -> str:
        """Hash the provided JSON document; callers validate before confirming authority."""
        if not isinstance(configuration, dict):
            raise ValueError("Configuration must be an object")
        try:
            _require_json_value(configuration)
            canonical = json.dumps(
                configuration,
                ensure_ascii=False,
                sort_keys=True,
                separators=(",", ":"),
                allow_nan=False,
            )
        except (TypeError, ValueError, RecursionError) as error:
>           raise ValueError("Configuration must be a JSON-compatible object") from error
E           ValueError: Configuration must be a JSON-compatible object

apps\api\app\domain\policy_configuration.py:245: ValueError
___ test_missing_or_future_ref_is_unknown_and_not_taken_from_other_sources ____

configuration = {'user_id': '047de3d1-b5c0-4baa-a969-ae8f91c1dbc3', 'known_at': '2026-10-06T00:00:00+00:00', 'as_of': '2026-10-06T00:00:00+00:00', 'root': 'DECISION:5ee29380-9acf-4536-b955-84eeac54692e', ...}

    def configuration_hash(configuration: dict[str, Any]) -> str:
        """Hash the provided JSON document; callers validate before confirming authority."""
        if not isinstance(configuration, dict):
            raise ValueError("Configuration must be an object")
        try:
>           _require_json_value(configuration)

apps\api\app\domain\policy_configuration.py:236: 
_ _ _ _ _ _ _ _ _ _ _ _ _ _ _ _ _ _ _ _ _ _ _ _ _ _ _ _ _ _ _ _ _ _ _ _ _ _ _ _
apps\api\app\domain\policy_configuration.py:222: in _require_json_value
    _require_json_value(child)
apps\api\app\domain\policy_configuration.py:226: in _require_json_value
    _require_json_value(child)
_ _ _ _ _ _ _ _ _ _ _ _ _ _ _ _ _ _ _ _ _ _ _ _ _ _ _ _ _ _ _ _ _ _ _ _ _ _ _ _

value = ('DECISION:5ee29380-9acf-4536-b955-84eeac54692e', '13819c8fcf5ef7f220eda3a9218a61b644a4d6ccf1fcb7cddf82629000a4946f')

    def _require_json_value(value: Any) -> None:
        if value is None or type(value) in (str, int, float, bool):
            return
        if isinstance(value, dict):
            for key, child in value.items():
                if not isinstance(key, str):
                    raise ValueError("JSON object keys must be strings")
                _require_json_value(child)
            return
        if isinstance(value, list):
            for child in value:
                _require_json_value(child)
            return
>       raise ValueError("Only JSON values are permitted")
E       ValueError: Only JSON values are permitted

apps\api\app\domain\policy_configuration.py:228: ValueError

The above exception was the direct cause of the following exception:

    def test_missing_or_future_ref_is_unknown_and_not_taken_from_other_sources() -> None:
        decision = original("DECISION", evidence_ids=[str(uuid4())])
>       result = graph([decision], decision)
                 ^^^^^^^^^^^^^^^^^^^^^^^^^^^

apps\api\app\tests\test_full_evidence_graph.py:146: 
_ _ _ _ _ _ _ _ _ _ _ _ _ _ _ _ _ _ _ _ _ _ _ _ _ _ _ _ _ _ _ _ _ _ _ _ _ _ _ _
apps\api\app\tests\test_full_evidence_graph.py:63: in graph
    return build_full_evidence_graph(
apps\api\app\domain\full_evidence_graph.py:439: in build_full_evidence_graph
    input_hash=configuration_hash(basis),
               ^^^^^^^^^^^^^^^^^^^^^^^^^
_ _ _ _ _ _ _ _ _ _ _ _ _ _ _ _ _ _ _ _ _ _ _ _ _ _ _ _ _ _ _ _ _ _ _ _ _ _ _ _

configuration = {'user_id': '047de3d1-b5c0-4baa-a969-ae8f91c1dbc3', 'known_at': '2026-10-06T00:00:00+00:00', 'as_of': '2026-10-06T00:00:00+00:00', 'root': 'DECISION:5ee29380-9acf-4536-b955-84eeac54692e', ...}

    def configuration_hash(configuration: dict[str, Any]) -> str:
        """Hash the provided JSON document; callers validate before confirming authority."""
        if not isinstance(configuration, dict):
            raise ValueError("Configuration must be an object")
        try:
            _require_json_value(configuration)
            canonical = json.dumps(
                configuration,
                ensure_ascii=False,
                sort_keys=True,
                separators=(",", ":"),
                allow_nan=False,
            )
        except (TypeError, ValueError, RecursionError) as error:
>           raise ValueError("Configuration must be a JSON-compatible object") from error
E           ValueError: Configuration must be a JSON-compatible object

apps\api\app\domain\policy_configuration.py:245: ValueError
______ test_duplicate_and_missing_table_inventory_cannot_claim_complete _______

configuration = {'user_id': '047de3d1-b5c0-4baa-a969-ae8f91c1dbc3', 'known_at': '2026-10-06T00:00:00+00:00', 'as_of': '2026-10-06T00:00:00+00:00', 'root': 'ACCOUNT:b454fa7f-bdef-454f-9ee6-27cae08f3755', ...}

    def configuration_hash(configuration: dict[str, Any]) -> str:
        """Hash the provided JSON document; callers validate before confirming authority."""
        if not isinstance(configuration, dict):
            raise ValueError("Configuration must be an object")
        try:
>           _require_json_value(configuration)

apps\api\app\domain\policy_configuration.py:236: 
_ _ _ _ _ _ _ _ _ _ _ _ _ _ _ _ _ _ _ _ _ _ _ _ _ _ _ _ _ _ _ _ _ _ _ _ _ _ _ _
apps\api\app\domain\policy_configuration.py:222: in _require_json_value
    _require_json_value(child)
apps\api\app\domain\policy_configuration.py:226: in _require_json_value
    _require_json_value(child)
_ _ _ _ _ _ _ _ _ _ _ _ _ _ _ _ _ _ _ _ _ _ _ _ _ _ _ _ _ _ _ _ _ _ _ _ _ _ _ _

value = ('ACCOUNT:b454fa7f-bdef-454f-9ee6-27cae08f3755', 'dcf86c6bac5a2e71d94525a925c923a6c649709c67f3862b7b51ee78c245aac4')

    def _require_json_value(value: Any) -> None:
        if value is None or type(value) in (str, int, float, bool):
            return
        if isinstance(value, dict):
            for key, child in value.items():
                if not isinstance(key, str):
                    raise ValueError("JSON object keys must be strings")
                _require_json_value(child)
            return
        if isinstance(value, list):
            for child in value:
                _require_json_value(child)
            return
>       raise ValueError("Only JSON values are permitted")
E       ValueError: Only JSON values are permitted

apps\api\app\domain\policy_configuration.py:228: ValueError

The above exception was the direct cause of the following exception:

    def test_duplicate_and_missing_table_inventory_cannot_claim_complete() -> None:
        root = original("ACCOUNT")
        inventory = inventories([root])
        for changed in (inventory[:-1], [*inventory[:-1], inventory[0]]):
>           result = graph([root], root, inventory=changed)
                     ^^^^^^^^^^^^^^^^^^^^^^^^^^^^^^^^^^^^^^

apps\api\app\tests\test_full_evidence_graph.py:158: 
_ _ _ _ _ _ _ _ _ _ _ _ _ _ _ _ _ _ _ _ _ _ _ _ _ _ _ _ _ _ _ _ _ _ _ _ _ _ _ _
apps\api\app\tests\test_full_evidence_graph.py:63: in graph
    return build_full_evidence_graph(
apps\api\app\domain\full_evidence_graph.py:439: in build_full_evidence_graph
    input_hash=configuration_hash(basis),
               ^^^^^^^^^^^^^^^^^^^^^^^^^
_ _ _ _ _ _ _ _ _ _ _ _ _ _ _ _ _ _ _ _ _ _ _ _ _ _ _ _ _ _ _ _ _ _ _ _ _ _ _ _

configuration = {'user_id': '047de3d1-b5c0-4baa-a969-ae8f91c1dbc3', 'known_at': '2026-10-06T00:00:00+00:00', 'as_of': '2026-10-06T00:00:00+00:00', 'root': 'ACCOUNT:b454fa7f-bdef-454f-9ee6-27cae08f3755', ...}

    def configuration_hash(configuration: dict[str, Any]) -> str:
        """Hash the provided JSON document; callers validate before confirming authority."""
        if not isinstance(configuration, dict):
            raise ValueError("Configuration must be an object")
        try:
            _require_json_value(configuration)
            canonical = json.dumps(
                configuration,
                ensure_ascii=False,
                sort_keys=True,
                separators=(",", ":"),
                allow_nan=False,
            )
        except (TypeError, ValueError, RecursionError) as error:
>           raise ValueError("Configuration must be a JSON-compatible object") from error
E           ValueError: Configuration must be a JSON-compatible object

apps\api\app\domain\policy_configuration.py:245: ValueError
__________ test_capacity_keeps_real_table_and_reachable_denominator ___________

configuration = {'user_id': '047de3d1-b5c0-4baa-a969-ae8f91c1dbc3', 'known_at': '2026-10-06T00:00:00+00:00', 'as_of': '2026-10-06T00:00:00+00:00', 'root': 'ACCOUNT:5675e85c-06dd-4a20-a8d8-77b57dafbde7', ...}

    def configuration_hash(configuration: dict[str, Any]) -> str:
        """Hash the provided JSON document; callers validate before confirming authority."""
        if not isinstance(configuration, dict):
            raise ValueError("Configuration must be an object")
        try:
>           _require_json_value(configuration)

apps\api\app\domain\policy_configuration.py:236: 
_ _ _ _ _ _ _ _ _ _ _ _ _ _ _ _ _ _ _ _ _ _ _ _ _ _ _ _ _ _ _ _ _ _ _ _ _ _ _ _
apps\api\app\domain\policy_configuration.py:222: in _require_json_value
    _require_json_value(child)
apps\api\app\domain\policy_configuration.py:226: in _require_json_value
    _require_json_value(child)
_ _ _ _ _ _ _ _ _ _ _ _ _ _ _ _ _ _ _ _ _ _ _ _ _ _ _ _ _ _ _ _ _ _ _ _ _ _ _ _

value = ('ACCOUNT:5675e85c-06dd-4a20-a8d8-77b57dafbde7', 'e08a6461a0eecda2c49f38b454bc4bf03b60132efdf4607640125e0c48067e8e')

    def _require_json_value(value: Any) -> None:
        if value is None or type(value) in (str, int, float, bool):
            return
        if isinstance(value, dict):
            for key, child in value.items():
                if not isinstance(key, str):
                    raise ValueError("JSON object keys must be strings")
                _require_json_value(child)
            return
        if isinstance(value, list):
            for child in value:
                _require_json_value(child)
            return
>       raise ValueError("Only JSON values are permitted")
E       ValueError: Only JSON values are permitted

apps\api\app\domain\policy_configuration.py:228: ValueError

The above exception was the direct cause of the following exception:

monkeypatch = <_pytest.monkeypatch.MonkeyPatch object at 0x000001FE9FF00E30>

    def test_capacity_keeps_real_table_and_reachable_denominator(
        monkeypatch: pytest.MonkeyPatch,
    ) -> None:
        import app.domain.full_evidence_graph as domain
    
        root = original("ACCOUNT")
        transactions = [original("TRANSACTION", account_id=str(root.id)) for _ in range(3)]
        monkeypatch.setattr(domain, "MAX_NODES", 2)
>       result = graph([root, *transactions], root)
                 ^^^^^^^^^^^^^^^^^^^^^^^^^^^^^^^^^^

apps\api\app\tests\test_full_evidence_graph.py:170: 
_ _ _ _ _ _ _ _ _ _ _ _ _ _ _ _ _ _ _ _ _ _ _ _ _ _ _ _ _ _ _ _ _ _ _ _ _ _ _ _
apps\api\app\tests\test_full_evidence_graph.py:63: in graph
    return build_full_evidence_graph(
apps\api\app\domain\full_evidence_graph.py:439: in build_full_evidence_graph
    input_hash=configuration_hash(basis),
               ^^^^^^^^^^^^^^^^^^^^^^^^^
_ _ _ _ _ _ _ _ _ _ _ _ _ _ _ _ _ _ _ _ _ _ _ _ _ _ _ _ _ _ _ _ _ _ _ _ _ _ _ _

configuration = {'user_id': '047de3d1-b5c0-4baa-a969-ae8f91c1dbc3', 'known_at': '2026-10-06T00:00:00+00:00', 'as_of': '2026-10-06T00:00:00+00:00', 'root': 'ACCOUNT:5675e85c-06dd-4a20-a8d8-77b57dafbde7', ...}

    def configuration_hash(configuration: dict[str, Any]) -> str:
        """Hash the provided JSON document; callers validate before confirming authority."""
        if not isinstance(configuration, dict):
            raise ValueError("Configuration must be an object")
        try:
            _require_json_value(configuration)
            canonical = json.dumps(
                configuration,
                ensure_ascii=False,
                sort_keys=True,
                separators=(",", ":"),
                allow_nan=False,
            )
        except (TypeError, ValueError, RecursionError) as error:
>           raise ValueError("Configuration must be a JSON-compatible object") from error
E           ValueError: Configuration must be a JSON-compatible object

apps\api\app\domain\policy_configuration.py:245: ValueError
___ test_historical_mutable_content_is_not_current_balance_disguised_as_old ___

configuration = {'user_id': '047de3d1-b5c0-4baa-a969-ae8f91c1dbc3', 'known_at': '2026-10-06T00:00:00+00:00', 'as_of': '2026-10-07T00:00:00+00:00', 'root': 'ACCOUNT:8a827106-b539-4bb7-b2ff-43030f4bb0cf', ...}

    def configuration_hash(configuration: dict[str, Any]) -> str:
        """Hash the provided JSON document; callers validate before confirming authority."""
        if not isinstance(configuration, dict):
            raise ValueError("Configuration must be an object")
        try:
>           _require_json_value(configuration)

apps\api\app\domain\policy_configuration.py:236: 
_ _ _ _ _ _ _ _ _ _ _ _ _ _ _ _ _ _ _ _ _ _ _ _ _ _ _ _ _ _ _ _ _ _ _ _ _ _ _ _
apps\api\app\domain\policy_configuration.py:222: in _require_json_value
    _require_json_value(child)
apps\api\app\domain\policy_configuration.py:226: in _require_json_value
    _require_json_value(child)
_ _ _ _ _ _ _ _ _ _ _ _ _ _ _ _ _ _ _ _ _ _ _ _ _ _ _ _ _ _ _ _ _ _ _ _ _ _ _ _

value = ('ACCOUNT:8a827106-b539-4bb7-b2ff-43030f4bb0cf', '240b13a77f856d084da184ba35f07c5c1b92d9008370bd4956490bdac9a8c495')

    def _require_json_value(value: Any) -> None:
        if value is None or type(value) in (str, int, float, bool):
            return
        if isinstance(value, dict):
            for key, child in value.items():
                if not isinstance(key, str):
                    raise ValueError("JSON object keys must be strings")
                _require_json_value(child)
            return
        if isinstance(value, list):
            for child in value:
                _require_json_value(child)
            return
>       raise ValueError("Only JSON values are permitted")
E       ValueError: Only JSON values are permitted

apps\api\app\domain\policy_configuration.py:228: ValueError

The above exception was the direct cause of the following exception:

    def test_historical_mutable_content_is_not_current_balance_disguised_as_old() -> None:
        root = original("ACCOUNT", balance_cents=999999)
>       result = graph([root], root, now=AT + timedelta(days=1))
                 ^^^^^^^^^^^^^^^^^^^^^^^^^^^^^^^^^^^^^^^^^^^^^^^

apps\api\app\tests\test_full_evidence_graph.py:180: 
_ _ _ _ _ _ _ _ _ _ _ _ _ _ _ _ _ _ _ _ _ _ _ _ _ _ _ _ _ _ _ _ _ _ _ _ _ _ _ _
apps\api\app\tests\test_full_evidence_graph.py:63: in graph
    return build_full_evidence_graph(
apps\api\app\domain\full_evidence_graph.py:439: in build_full_evidence_graph
    input_hash=configuration_hash(basis),
               ^^^^^^^^^^^^^^^^^^^^^^^^^
_ _ _ _ _ _ _ _ _ _ _ _ _ _ _ _ _ _ _ _ _ _ _ _ _ _ _ _ _ _ _ _ _ _ _ _ _ _ _ _

configuration = {'user_id': '047de3d1-b5c0-4baa-a969-ae8f91c1dbc3', 'known_at': '2026-10-06T00:00:00+00:00', 'as_of': '2026-10-07T00:00:00+00:00', 'root': 'ACCOUNT:8a827106-b539-4bb7-b2ff-43030f4bb0cf', ...}

    def configuration_hash(configuration: dict[str, Any]) -> str:
        """Hash the provided JSON document; callers validate before confirming authority."""
        if not isinstance(configuration, dict):
            raise ValueError("Configuration must be an object")
        try:
            _require_json_value(configuration)
            canonical = json.dumps(
                configuration,
                ensure_ascii=False,
                sort_keys=True,
                separators=(",", ":"),
                allow_nan=False,
            )
        except (TypeError, ValueError, RecursionError) as error:
>           raise ValueError("Configuration must be a JSON-compatible object") from error
E           ValueError: Configuration must be a JSON-compatible object

apps\api\app\domain\policy_configuration.py:245: ValueError
_ test_full_goal_model_root_is_real_evidence_alias_not_guessed_goal_attributes _

configuration = {'user_id': '047de3d1-b5c0-4baa-a969-ae8f91c1dbc3', 'known_at': '2026-10-06T00:00:00+00:00', 'as_of': '2026-10-06T00:00:00+00:00', 'root': 'EVIDENCE:2dd318f5-7fcf-473b-94e5-f365f6e9394f', ...}

    def configuration_hash(configuration: dict[str, Any]) -> str:
        """Hash the provided JSON document; callers validate before confirming authority."""
        if not isinstance(configuration, dict):
            raise ValueError("Configuration must be an object")
        try:
>           _require_json_value(configuration)

apps\api\app\domain\policy_configuration.py:236: 
_ _ _ _ _ _ _ _ _ _ _ _ _ _ _ _ _ _ _ _ _ _ _ _ _ _ _ _ _ _ _ _ _ _ _ _ _ _ _ _
apps\api\app\domain\policy_configuration.py:222: in _require_json_value
    _require_json_value(child)
apps\api\app\domain\policy_configuration.py:226: in _require_json_value
    _require_json_value(child)
_ _ _ _ _ _ _ _ _ _ _ _ _ _ _ _ _ _ _ _ _ _ _ _ _ _ _ _ _ _ _ _ _ _ _ _ _ _ _ _

value = ('EVIDENCE:2dd318f5-7fcf-473b-94e5-f365f6e9394f', '4c5e6aad6da045677c6232344eac1893d545fa70b43c00015f18e302cf4546ca')

    def _require_json_value(value: Any) -> None:
        if value is None or type(value) in (str, int, float, bool):
            return
        if isinstance(value, dict):
            for key, child in value.items():
                if not isinstance(key, str):
                    raise ValueError("JSON object keys must be strings")
                _require_json_value(child)
            return
        if isinstance(value, list):
            for child in value:
                _require_json_value(child)
            return
>       raise ValueError("Only JSON values are permitted")
E       ValueError: Only JSON values are permitted

apps\api\app\domain\policy_configuration.py:228: ValueError

The above exception was the direct cause of the following exception:

    def test_full_goal_model_root_is_real_evidence_alias_not_guessed_goal_attributes() -> None:
        goal = original("GOAL")
        model = original(
            "EVIDENCE", source_type="FULL_GOAL_MODEL_V1", content={"goal_id": str(goal.id)}
        )
>       result = graph([goal, model], model, root_kind="FULL_GOAL_MODEL")
                 ^^^^^^^^^^^^^^^^^^^^^^^^^^^^^^^^^^^^^^^^^^^^^^^^^^^^^^^^

apps\api\app\tests\test_full_evidence_graph.py:193: 
_ _ _ _ _ _ _ _ _ _ _ _ _ _ _ _ _ _ _ _ _ _ _ _ _ _ _ _ _ _ _ _ _ _ _ _ _ _ _ _
apps\api\app\tests\test_full_evidence_graph.py:63: in graph
    return build_full_evidence_graph(
apps\api\app\domain\full_evidence_graph.py:439: in build_full_evidence_graph
    input_hash=configuration_hash(basis),
               ^^^^^^^^^^^^^^^^^^^^^^^^^
_ _ _ _ _ _ _ _ _ _ _ _ _ _ _ _ _ _ _ _ _ _ _ _ _ _ _ _ _ _ _ _ _ _ _ _ _ _ _ _

configuration = {'user_id': '047de3d1-b5c0-4baa-a969-ae8f91c1dbc3', 'known_at': '2026-10-06T00:00:00+00:00', 'as_of': '2026-10-06T00:00:00+00:00', 'root': 'EVIDENCE:2dd318f5-7fcf-473b-94e5-f365f6e9394f', ...}

    def configuration_hash(configuration: dict[str, Any]) -> str:
        """Hash the provided JSON document; callers validate before confirming authority."""
        if not isinstance(configuration, dict):
            raise ValueError("Configuration must be an object")
        try:
            _require_json_value(configuration)
            canonical = json.dumps(
                configuration,
                ensure_ascii=False,
                sort_keys=True,
                separators=(",", ":"),
                allow_nan=False,
            )
        except (TypeError, ValueError, RecursionError) as error:
>           raise ValueError("Configuration must be a JSON-compatible object") from error
E           ValueError: Configuration must be a JSON-compatible object

apps\api\app\domain\policy_configuration.py:245: ValueError
________ test_shared_product_explicit_scope_does_not_grant_permission _________

configuration = {'user_id': '047de3d1-b5c0-4baa-a969-ae8f91c1dbc3', 'known_at': '2026-10-06T00:00:00+00:00', 'as_of': '2026-10-06T00:00:00+00:00', 'root': 'PRODUCT:b048a5e3-690e-4601-98c0-dc454119c377', ...}

    def configuration_hash(configuration: dict[str, Any]) -> str:
        """Hash the provided JSON document; callers validate before confirming authority."""
        if not isinstance(configuration, dict):
            raise ValueError("Configuration must be an object")
        try:
>           _require_json_value(configuration)

apps\api\app\domain\policy_configuration.py:236: 
_ _ _ _ _ _ _ _ _ _ _ _ _ _ _ _ _ _ _ _ _ _ _ _ _ _ _ _ _ _ _ _ _ _ _ _ _ _ _ _
apps\api\app\domain\policy_configuration.py:222: in _require_json_value
    _require_json_value(child)
apps\api\app\domain\policy_configuration.py:226: in _require_json_value
    _require_json_value(child)
_ _ _ _ _ _ _ _ _ _ _ _ _ _ _ _ _ _ _ _ _ _ _ _ _ _ _ _ _ _ _ _ _ _ _ _ _ _ _ _

value = ('POSITION:ccbebf1d-319d-46f1-b566-75476ac6d626', '825644904abaa6ed746b70b05efea38ab63a64db5311a8b015cdf8a25514871a')

    def _require_json_value(value: Any) -> None:
        if value is None or type(value) in (str, int, float, bool):
            return
        if isinstance(value, dict):
            for key, child in value.items():
                if not isinstance(key, str):
                    raise ValueError("JSON object keys must be strings")
                _require_json_value(child)
            return
        if isinstance(value, list):
            for child in value:
                _require_json_value(child)
            return
>       raise ValueError("Only JSON values are permitted")
E       ValueError: Only JSON values are permitted

apps\api\app\domain\policy_configuration.py:228: ValueError

The above exception was the direct cause of the following exception:

    def test_shared_product_explicit_scope_does_not_grant_permission() -> None:
        product = original("PRODUCT", risk_level=1)
        position = original("POSITION", product_id=str(product.id))
>       result = graph([product, position], product)
                 ^^^^^^^^^^^^^^^^^^^^^^^^^^^^^^^^^^^

apps\api\app\tests\test_full_evidence_graph.py:203: 
_ _ _ _ _ _ _ _ _ _ _ _ _ _ _ _ _ _ _ _ _ _ _ _ _ _ _ _ _ _ _ _ _ _ _ _ _ _ _ _
apps\api\app\tests\test_full_evidence_graph.py:63: in graph
    return build_full_evidence_graph(
apps\api\app\domain\full_evidence_graph.py:439: in build_full_evidence_graph
    input_hash=configuration_hash(basis),
               ^^^^^^^^^^^^^^^^^^^^^^^^^
_ _ _ _ _ _ _ _ _ _ _ _ _ _ _ _ _ _ _ _ _ _ _ _ _ _ _ _ _ _ _ _ _ _ _ _ _ _ _ _

configuration = {'user_id': '047de3d1-b5c0-4baa-a969-ae8f91c1dbc3', 'known_at': '2026-10-06T00:00:00+00:00', 'as_of': '2026-10-06T00:00:00+00:00', 'root': 'PRODUCT:b048a5e3-690e-4601-98c0-dc454119c377', ...}

    def configuration_hash(configuration: dict[str, Any]) -> str:
        """Hash the provided JSON document; callers validate before confirming authority."""
        if not isinstance(configuration, dict):
            raise ValueError("Configuration must be an object")
        try:
            _require_json_value(configuration)
            canonical = json.dumps(
                configuration,
                ensure_ascii=False,
                sort_keys=True,
                separators=(",", ":"),
                allow_nan=False,
            )
        except (TypeError, ValueError, RecursionError) as error:
>           raise ValueError("Configuration must be a JSON-compatible object") from error
E           ValueError: Configuration must be a JSON-compatible object

apps\api\app\domain\policy_configuration.py:245: ValueError
_ test_unknown_integrity_is_visible_and_zero_never_substitutes_missing_proof __

configuration = {'user_id': '047de3d1-b5c0-4baa-a969-ae8f91c1dbc3', 'known_at': '2026-10-06T00:00:00+00:00', 'as_of': '2026-10-06T00:00:00+00:00', 'root': 'ACCOUNT:70c632e1-f932-48f1-a87a-50c280c121a7', ...}

    def configuration_hash(configuration: dict[str, Any]) -> str:
        """Hash the provided JSON document; callers validate before confirming authority."""
        if not isinstance(configuration, dict):
            raise ValueError("Configuration must be an object")
        try:
>           _require_json_value(configuration)

apps\api\app\domain\policy_configuration.py:236: 
_ _ _ _ _ _ _ _ _ _ _ _ _ _ _ _ _ _ _ _ _ _ _ _ _ _ _ _ _ _ _ _ _ _ _ _ _ _ _ _
apps\api\app\domain\policy_configuration.py:222: in _require_json_value
    _require_json_value(child)
apps\api\app\domain\policy_configuration.py:226: in _require_json_value
    _require_json_value(child)
_ _ _ _ _ _ _ _ _ _ _ _ _ _ _ _ _ _ _ _ _ _ _ _ _ _ _ _ _ _ _ _ _ _ _ _ _ _ _ _

value = ('ACCOUNT:70c632e1-f932-48f1-a87a-50c280c121a7', 'c2aaa22dcef76df335330a5a2b5e1263d8fadf310c5e4fb1d8f27fc214468c68')

    def _require_json_value(value: Any) -> None:
        if value is None or type(value) in (str, int, float, bool):
            return
        if isinstance(value, dict):
            for key, child in value.items():
                if not isinstance(key, str):
                    raise ValueError("JSON object keys must be strings")
                _require_json_value(child)
            return
        if isinstance(value, list):
            for child in value:
                _require_json_value(child)
            return
>       raise ValueError("Only JSON values are permitted")
E       ValueError: Only JSON values are permitted

apps\api\app\domain\policy_configuration.py:228: ValueError

The above exception was the direct cause of the following exception:

    def test_unknown_integrity_is_visible_and_zero_never_substitutes_missing_proof() -> None:
        root = original("ACCOUNT", balance_cents=0)
        missing = INTEGRITY.model_copy(update={"state": "UNKNOWN", "detail": "missing bank original"})
>       result = graph([root], root, bank=missing)
                 ^^^^^^^^^^^^^^^^^^^^^^^^^^^^^^^^^

apps\api\app\tests\test_full_evidence_graph.py:226: 
_ _ _ _ _ _ _ _ _ _ _ _ _ _ _ _ _ _ _ _ _ _ _ _ _ _ _ _ _ _ _ _ _ _ _ _ _ _ _ _
apps\api\app\tests\test_full_evidence_graph.py:63: in graph
    return build_full_evidence_graph(
apps\api\app\domain\full_evidence_graph.py:439: in build_full_evidence_graph
    input_hash=configuration_hash(basis),
               ^^^^^^^^^^^^^^^^^^^^^^^^^
_ _ _ _ _ _ _ _ _ _ _ _ _ _ _ _ _ _ _ _ _ _ _ _ _ _ _ _ _ _ _ _ _ _ _ _ _ _ _ _

configuration = {'user_id': '047de3d1-b5c0-4baa-a969-ae8f91c1dbc3', 'known_at': '2026-10-06T00:00:00+00:00', 'as_of': '2026-10-06T00:00:00+00:00', 'root': 'ACCOUNT:70c632e1-f932-48f1-a87a-50c280c121a7', ...}

    def configuration_hash(configuration: dict[str, Any]) -> str:
        """Hash the provided JSON document; callers validate before confirming authority."""
        if not isinstance(configuration, dict):
            raise ValueError("Configuration must be an object")
        try:
            _require_json_value(configuration)
            canonical = json.dumps(
                configuration,
                ensure_ascii=False,
                sort_keys=True,
                separators=(",", ":"),
                allow_nan=False,
            )
        except (TypeError, ValueError, RecursionError) as error:
>           raise ValueError("Configuration must be a JSON-compatible object") from error
E           ValueError: Configuration must be a JSON-compatible object

apps\api\app\domain\policy_configuration.py:245: ValueError
______ test_arbitrary_json_uuid_and_authority_claims_do_not_create_edges ______

configuration = {'user_id': '047de3d1-b5c0-4baa-a969-ae8f91c1dbc3', 'known_at': '2026-10-06T00:00:00+00:00', 'as_of': '2026-10-06T00:00:00+00:00', 'root': 'EVIDENCE:62b96755-930d-4e9c-b06c-32c84f699c3f', ...}

    def configuration_hash(configuration: dict[str, Any]) -> str:
        """Hash the provided JSON document; callers validate before confirming authority."""
        if not isinstance(configuration, dict):
            raise ValueError("Configuration must be an object")
        try:
>           _require_json_value(configuration)

apps\api\app\domain\policy_configuration.py:236: 
_ _ _ _ _ _ _ _ _ _ _ _ _ _ _ _ _ _ _ _ _ _ _ _ _ _ _ _ _ _ _ _ _ _ _ _ _ _ _ _
apps\api\app\domain\policy_configuration.py:222: in _require_json_value
    _require_json_value(child)
apps\api\app\domain\policy_configuration.py:226: in _require_json_value
    _require_json_value(child)
_ _ _ _ _ _ _ _ _ _ _ _ _ _ _ _ _ _ _ _ _ _ _ _ _ _ _ _ _ _ _ _ _ _ _ _ _ _ _ _

value = ('EVIDENCE:62b96755-930d-4e9c-b06c-32c84f699c3f', 'cc39ef0567bf1cd4c52da03ec7332a8025df79029c23b9302742112388f0c7e2')

    def _require_json_value(value: Any) -> None:
        if value is None or type(value) in (str, int, float, bool):
            return
        if isinstance(value, dict):
            for key, child in value.items():
                if not isinstance(key, str):
                    raise ValueError("JSON object keys must be strings")
                _require_json_value(child)
            return
        if isinstance(value, list):
            for child in value:
                _require_json_value(child)
            return
>       raise ValueError("Only JSON values are permitted")
E       ValueError: Only JSON values are permitted

apps\api\app\domain\policy_configuration.py:228: ValueError

The above exception was the direct cause of the following exception:

    def test_arbitrary_json_uuid_and_authority_claims_do_not_create_edges() -> None:
        evidence = original(
            "EVIDENCE",
            source_type="MODEL_INFERRED",
            content={"bank_operation_id": str(uuid4()), "success": True, "bank_authority": True},
        )
        refs, issues = persisted_references([evidence])
        assert refs == [] and issues == []
>       assert graph([evidence], evidence).nodes[0].proof.state == "NOT_CHECKED"
               ^^^^^^^^^^^^^^^^^^^^^^^^^^^

apps\api\app\tests\test_full_evidence_graph.py:290: 
_ _ _ _ _ _ _ _ _ _ _ _ _ _ _ _ _ _ _ _ _ _ _ _ _ _ _ _ _ _ _ _ _ _ _ _ _ _ _ _
apps\api\app\tests\test_full_evidence_graph.py:63: in graph
    return build_full_evidence_graph(
apps\api\app\domain\full_evidence_graph.py:439: in build_full_evidence_graph
    input_hash=configuration_hash(basis),
               ^^^^^^^^^^^^^^^^^^^^^^^^^
_ _ _ _ _ _ _ _ _ _ _ _ _ _ _ _ _ _ _ _ _ _ _ _ _ _ _ _ _ _ _ _ _ _ _ _ _ _ _ _

configuration = {'user_id': '047de3d1-b5c0-4baa-a969-ae8f91c1dbc3', 'known_at': '2026-10-06T00:00:00+00:00', 'as_of': '2026-10-06T00:00:00+00:00', 'root': 'EVIDENCE:62b96755-930d-4e9c-b06c-32c84f699c3f', ...}

    def configuration_hash(configuration: dict[str, Any]) -> str:
        """Hash the provided JSON document; callers validate before confirming authority."""
        if not isinstance(configuration, dict):
            raise ValueError("Configuration must be an object")
        try:
            _require_json_value(configuration)
            canonical = json.dumps(
                configuration,
                ensure_ascii=False,
                sort_keys=True,
                separators=(",", ":"),
                allow_nan=False,
            )
        except (TypeError, ValueError, RecursionError) as error:
>           raise ValueError("Configuration must be a JSON-compatible object") from error
E           ValueError: Configuration must be a JSON-compatible object

apps\api\app\domain\policy_configuration.py:245: ValueError
__________ test_actual_json_response_has_navigation_and_no_authority __________

configuration = {'user_id': 'a6090b44-8c77-404b-9813-c010b7ebfeed', 'known_at': '2026-10-06T00:00:00+00:00', 'as_of': '2026-10-06T00:00:00+00:00', 'root': 'ACCOUNT:d70ea3a6-1bd0-44a6-a1e3-32881f986314', ...}

    def configuration_hash(configuration: dict[str, Any]) -> str:
        """Hash the provided JSON document; callers validate before confirming authority."""
        if not isinstance(configuration, dict):
            raise ValueError("Configuration must be an object")
        try:
>           _require_json_value(configuration)

apps\api\app\domain\policy_configuration.py:236: 
_ _ _ _ _ _ _ _ _ _ _ _ _ _ _ _ _ _ _ _ _ _ _ _ _ _ _ _ _ _ _ _ _ _ _ _ _ _ _ _
apps\api\app\domain\policy_configuration.py:222: in _require_json_value
    _require_json_value(child)
apps\api\app\domain\policy_configuration.py:226: in _require_json_value
    _require_json_value(child)
_ _ _ _ _ _ _ _ _ _ _ _ _ _ _ _ _ _ _ _ _ _ _ _ _ _ _ _ _ _ _ _ _ _ _ _ _ _ _ _

value = ('ACCOUNT:d70ea3a6-1bd0-44a6-a1e3-32881f986314', '7c2ea36a818835f138a6bf4e8d0042d1185c1a720b68f1863aa85b9893f0646a')

    def _require_json_value(value: Any) -> None:
        if value is None or type(value) in (str, int, float, bool):
            return
        if isinstance(value, dict):
            for key, child in value.items():
                if not isinstance(key, str):
                    raise ValueError("JSON object keys must be strings")
                _require_json_value(child)
            return
        if isinstance(value, list):
            for child in value:
                _require_json_value(child)
            return
>       raise ValueError("Only JSON values are permitted")
E       ValueError: Only JSON values are permitted

apps\api\app\domain\policy_configuration.py:228: ValueError

The above exception was the direct cause of the following exception:

client = <starlette.testclient.TestClient object at 0x000001FE9BE3EFF0>

    def test_actual_json_response_has_navigation_and_no_authority(client: TestClient) -> None:
>       response = client.get(PATH)
                   ^^^^^^^^^^^^^^^^

apps\api\app\tests\test_full_evidence_graph_api.py:42: 
_ _ _ _ _ _ _ _ _ _ _ _ _ _ _ _ _ _ _ _ _ _ _ _ _ _ _ _ _ _ _ _ _ _ _ _ _ _ _ _
.venv\Lib\site-packages\httpx\_client.py:1053: in get
    return self.request(
.venv\Lib\site-packages\starlette\testclient.py:463: in request
    return super().request(
.venv\Lib\site-packages\httpx\_client.py:825: in request
    return self.send(request, auth=auth, follow_redirects=follow_redirects)
           ^^^^^^^^^^^^^^^^^^^^^^^^^^^^^^^^^^^^^^^^^^^^^^^^^^^^^^^^^^^^^^^^
.venv\Lib\site-packages\httpx\_client.py:914: in send
    response = self._send_handling_auth(
.venv\Lib\site-packages\httpx\_client.py:942: in _send_handling_auth
    response = self._send_handling_redirects(
.venv\Lib\site-packages\httpx\_client.py:979: in _send_handling_redirects
    response = self._send_single_request(request)
               ^^^^^^^^^^^^^^^^^^^^^^^^^^^^^^^^^^
.venv\Lib\site-packages\httpx\_client.py:1014: in _send_single_request
    response = transport.handle_request(request)
               ^^^^^^^^^^^^^^^^^^^^^^^^^^^^^^^^^
.venv\Lib\site-packages\starlette\testclient.py:360: in handle_request
    raise exc
.venv\Lib\site-packages\starlette\testclient.py:357: in handle_request
    portal.call(self.app, scope, receive, send)
.venv\Lib\site-packages\anyio\from_thread.py:340: in call
    return cast(T_Retval, self.start_task_soon(func, *args).result())
                          ^^^^^^^^^^^^^^^^^^^^^^^^^^^^^^^^^^^^^^^^^^
C:\Users\starryzac\AppData\Local\Programs\Python\Python312\Lib\concurrent\futures\_base.py:456: in result
    return self.__get_result()
           ^^^^^^^^^^^^^^^^^^^
C:\Users\starryzac\AppData\Local\Programs\Python\Python312\Lib\concurrent\futures\_base.py:401: in __get_result
    raise self._exception
.venv\Lib\site-packages\anyio\from_thread.py:265: in _call_func
    retval = await retval_or_awaitable
             ^^^^^^^^^^^^^^^^^^^^^^^^^
.venv\Lib\site-packages\fastapi\applications.py:1215: in __call__
    await super().__call__(scope, receive, send)
.venv\Lib\site-packages\starlette\applications.py:96: in __call__
    await self.middleware_stack(scope, receive, send)
.venv\Lib\site-packages\starlette\middleware\errors.py:186: in __call__
    raise exc
.venv\Lib\site-packages\starlette\middleware\errors.py:164: in __call__
    await self.app(scope, receive, _send)
.venv\Lib\site-packages\fastapi\telemetry\_asgi.py:151: in __call__
    await self.app(scope, receive, send)
.venv\Lib\site-packages\starlette\middleware\exceptions.py:63: in __call__
    await wrap_app_handling_exceptions(self.app, conn)(scope, receive, send)
.venv\Lib\site-packages\starlette\_exception_handler.py:53: in wrapped_app
    raise exc
.venv\Lib\site-packages\starlette\_exception_handler.py:42: in wrapped_app
    await app(scope, receive, sender)
.venv\Lib\site-packages\fastapi\middleware\asyncexitstack.py:18: in __call__
    await self.app(scope, receive, send)
.venv\Lib\site-packages\starlette\routing.py:676: in __call__
    await self.middleware_stack(scope, receive, send)
.venv\Lib\site-packages\fastapi\routing.py:2786: in app
    await route.handle(scope, receive, send)
.venv\Lib\site-packages\fastapi\routing.py:1817: in handle
    await self.original_router.handle(scope, receive, send)
.venv\Lib\site-packages\fastapi\routing.py:2869: in handle
    await included_router._handle_selected(scope, receive, send)
.venv\Lib\site-packages\fastapi\routing.py:1843: in _handle_selected
    await original_route.handle(scope, receive, send)
.venv\Lib\site-packages\fastapi\routing.py:1308: in handle
    await effective_context.app(scope, receive, send)
.venv\Lib\site-packages\fastapi\routing.py:165: in app
    await wrap_app_handling_exceptions(app, request)(scope, receive, send)
.venv\Lib\site-packages\starlette\_exception_handler.py:53: in wrapped_app
    raise exc
.venv\Lib\site-packages\starlette\_exception_handler.py:42: in wrapped_app
    await app(scope, receive, sender)
.venv\Lib\site-packages\fastapi\routing.py:151: in app
    response = await f(request)
               ^^^^^^^^^^^^^^^^
.venv\Lib\site-packages\fastapi\routing.py:727: in app
    raw_response = await run_endpoint_function(
.venv\Lib\site-packages\fastapi\routing.py:362: in run_endpoint_function
    return await run_in_threadpool(
.venv\Lib\site-packages\starlette\concurrency.py:34: in run_in_threadpool
    return await anyio.to_thread.run_sync(func)
           ^^^^^^^^^^^^^^^^^^^^^^^^^^^^^^^^^^^^
.venv\Lib\site-packages\anyio\to_thread.py:65: in run_sync
    return await get_async_backend().run_sync_in_worker_thread(
.venv\Lib\site-packages\anyio\_backends\_asyncio.py:2706: in run_sync_in_worker_thread
    return await future
           ^^^^^^^^^^^^
.venv\Lib\site-packages\anyio\_backends\_asyncio.py:1100: in run
    result = context.run(func, *args)
             ^^^^^^^^^^^^^^^^^^^^^^^^
.venv\Lib\site-packages\fastapi\telemetry\_api.py:240: in _run_sync_endpoint
    return function(**arguments)
           ^^^^^^^^^^^^^^^^^^^^^
apps\api\app\api\v1\full_evidence_graph.py:29: in get_full_evidence_graph
    return full_evidence_graph(session, user.id, kind, identity, known_at or now, now)
           ^^^^^^^^^^^^^^^^^^^^^^^^^^^^^^^^^^^^^^^^^^^^^^^^^^^^^^^^^^^^^^^^^^^^^^^^^^^
apps\api\app\tests\test_full_evidence_graph_api.py:31: in view
    return graph([ROOT], ROOT)
           ^^^^^^^^^^^^^^^^^^^
apps\api\app\tests\test_full_evidence_graph.py:63: in graph
    return build_full_evidence_graph(
apps\api\app\domain\full_evidence_graph.py:439: in build_full_evidence_graph
    input_hash=configuration_hash(basis),
               ^^^^^^^^^^^^^^^^^^^^^^^^^
_ _ _ _ _ _ _ _ _ _ _ _ _ _ _ _ _ _ _ _ _ _ _ _ _ _ _ _ _ _ _ _ _ _ _ _ _ _ _ _

configuration = {'user_id': 'a6090b44-8c77-404b-9813-c010b7ebfeed', 'known_at': '2026-10-06T00:00:00+00:00', 'as_of': '2026-10-06T00:00:00+00:00', 'root': 'ACCOUNT:d70ea3a6-1bd0-44a6-a1e3-32881f986314', ...}

    def configuration_hash(configuration: dict[str, Any]) -> str:
        """Hash the provided JSON document; callers validate before confirming authority."""
        if not isinstance(configuration, dict):
            raise ValueError("Configuration must be an object")
        try:
            _require_json_value(configuration)
            canonical = json.dumps(
                configuration,
                ensure_ascii=False,
                sort_keys=True,
                separators=(",", ":"),
                allow_nan=False,
            )
        except (TypeError, ValueError, RecursionError) as error:
>           raise ValueError("Configuration must be a JSON-compatible object") from error
E           ValueError: Configuration must be a JSON-compatible object

apps\api\app\domain\policy_configuration.py:245: ValueError
============================== warnings summary ===============================
.venv\Lib\site-packages\fastapi\testclient.py:1
  F:\学校活动\工行杯\钱途有界\bounded-funds\.venv\Lib\site-packages\fastapi\testclient.py:1: StarletteDeprecationWarning: Using `httpx` with `starlette.testclient` is deprecated; install `httpx2` instead.
    from starlette.testclient import TestClient as TestClient  # noqa

-- Docs: https://docs.pytest.org/en/stable/how-to/capture-warnings.html
=========================== short test summary info ===========================
FAILED apps/api/app/tests/test_full_evidence_graph.py::test_real_fk_navigation_in_both_directions_keeps_cash_and_ownership_distinct
FAILED apps/api/app/tests/test_full_evidence_graph.py::test_receipt_original_links_action_decision_frozen_evidence_and_policy
FAILED apps/api/app/tests/test_full_evidence_graph.py::test_rehashed_foreign_owner_or_identity_never_enters_view[user_id-938409c2-4d67-49cf-9371-7f06a8f3c3f9]
FAILED apps/api/app/tests/test_full_evidence_graph.py::test_rehashed_foreign_owner_or_identity_never_enters_view[id-89827647-9e4e-4061-b348-50a901508c94]
FAILED apps/api/app/tests/test_full_evidence_graph.py::test_missing_or_future_ref_is_unknown_and_not_taken_from_other_sources
FAILED apps/api/app/tests/test_full_evidence_graph.py::test_duplicate_and_missing_table_inventory_cannot_claim_complete
FAILED apps/api/app/tests/test_full_evidence_graph.py::test_capacity_keeps_real_table_and_reachable_denominator
FAILED apps/api/app/tests/test_full_evidence_graph.py::test_historical_mutable_content_is_not_current_balance_disguised_as_old
FAILED apps/api/app/tests/test_full_evidence_graph.py::test_full_goal_model_root_is_real_evidence_alias_not_guessed_goal_attributes
FAILED apps/api/app/tests/test_full_evidence_graph.py::test_shared_product_explicit_scope_does_not_grant_permission
FAILED apps/api/app/tests/test_full_evidence_graph.py::test_unknown_integrity_is_visible_and_zero_never_substitutes_missing_proof
FAILED apps/api/app/tests/test_full_evidence_graph.py::test_arbitrary_json_uuid_and_authority_claims_do_not_create_edges
FAILED apps/api/app/tests/test_full_evidence_graph_api.py::test_actual_json_response_has_navigation_and_no_authority
13 failed, 11 passed, 1 warning in 6.29s
