[
    {
        "Id": "bf7d7bcefec114c9449b6c7fcf60234c832a757b5469000e64bbb3f71c76cefe",
        "Created": "2026-10-05T04:50:36.163855235Z",
        "Path": "/docker-entrypoint.sh",
        "Args": [
            "nginx",
            "-g",
            "daemon off;"
        ],
        "State": {
            "Status": "running",
            "Running": true,
            "Paused": false,
            "Restarting": false,
            "OOMKilled": false,
            "Dead": false,
            "Pid": 77695,
            "ExitCode": 0,
            "Error": "",
            "StartedAt": "2026-10-05T04:50:55.674742909Z",
            "FinishedAt": "0001-01-01T00:00:00Z",
            "Health": {
                "Status": "healthy",
                "FailingStreak": 0,
                "Log": [
                    {
                        "Start": "2026-10-05T05:36:52.675657188Z",
                        "End": "2026-10-05T05:36:52.726730549Z",
                        "ExitCode": 0,
                        "Output": ""
                    },
                    {
                        "Start": "2026-10-05T05:36:57.727050314Z",
                        "End": "2026-10-05T05:36:57.778819543Z",
                        "ExitCode": 0,
                        "Output": ""
                    },
                    {
                        "Start": "2026-10-05T05:37:02.77951627Z",
                        "End": "2026-10-05T05:37:02.829772082Z",
                        "ExitCode": 0,
                        "Output": ""
                    },
                    {
                        "Start": "2026-10-05T05:37:07.830382753Z",
                        "End": "2026-10-05T05:37:07.894767918Z",
                        "ExitCode": 0,
                        "Output": ""
                    },
                    {
                        "Start": "2026-10-05T05:37:12.895745541Z",
                        "End": "2026-10-05T05:37:12.945865383Z",
                        "ExitCode": 0,
                        "Output": ""
                    }
                ]
            }
        },
        "Image": "sha256:9550f2b6dbc80de1a52f39282bbd25ddd7193dcff7830d482bdfc476000d3ae7",
        "ResolvConfPath": "/var/lib/docker/containers/bf7d7bcefec114c9449b6c7fcf60234c832a757b5469000e64bbb3f71c76cefe/resolv.conf",
        "HostnamePath": "/var/lib/docker/containers/bf7d7bcefec114c9449b6c7fcf60234c832a757b5469000e64bbb3f71c76cefe/hostname",
        "HostsPath": "/var/lib/docker/containers/bf7d7bcefec114c9449b6c7fcf60234c832a757b5469000e64bbb3f71c76cefe/hosts",
        "LogPath": "/var/lib/docker/containers/bf7d7bcefec114c9449b6c7fcf60234c832a757b5469000e64bbb3f71c76cefe/bf7d7bcefec114c9449b6c7fcf60234c832a757b5469000e64bbb3f71c76cefe-json.log",
        "Name": "/bf-demo-f3f9703e75684a62888f73804e02d1db-web-1",
        "RestartCount": 0,
        "Driver": "overlayfs",
        "Platform": "linux",
        "MountLabel": "",
        "ProcessLabel": "",
        "AppArmorProfile": "",
        "ExecIDs": null,
        "HostConfig": {
            "Binds": null,
            "ContainerIDFile": "",
            "LogConfig": {
                "Type": "json-file",
                "Config": {}
            },
            "NetworkMode": "bf-demo-f3f9703e75684a62888f73804e02d1db_demo_frontend",
            "PortBindings": {
                "80/tcp": [
                    {
                        "HostIp": "127.0.0.1",
                        "HostPort": "15181"
                    }
                ]
            },
            "RestartPolicy": {
                "Name": "unless-stopped",
                "MaximumRetryCount": 0
            },
            "AutoRemove": false,
            "VolumeDriver": "",
            "VolumesFrom": null,
            "ConsoleSize": [
                0,
                0
            ],
            "CapAdd": null,
            "CapDrop": null,
            "CgroupnsMode": "private",
            "Dns": null,
            "DnsOptions": null,
            "DnsSearch": null,
            "ExtraHosts": [],
            "GroupAdd": null,
            "IpcMode": "private",
            "Cgroup": "",
            "Links": null,
            "OomScoreAdj": 0,
            "PidMode": "",
            "Privileged": false,
            "PublishAllPorts": false,
            "ReadonlyRootfs": false,
            "SecurityOpt": null,
            "UTSMode": "",
            "UsernsMode": "",
            "ShmSize": 67108864,
            "Runtime": "runc",
            "Isolation": "",
            "CpuShares": 0,
            "Memory": 0,
            "NanoCpus": 0,
            "CgroupParent": "",
            "BlkioWeight": 0,
            "BlkioWeightDevice": null,
            "BlkioDeviceReadBps": null,
            "BlkioDeviceWriteBps": null,
            "BlkioDeviceReadIOps": null,
            "BlkioDeviceWriteIOps": null,
            "CpuPeriod": 0,
            "CpuQuota": 0,
            "CpuRealtimePeriod": 0,
            "CpuRealtimeRuntime": 0,
            "CpusetCpus": "",
            "CpusetMems": "",
            "Devices": null,
            "DeviceCgroupRules": null,
            "DeviceRequests": null,
            "MemoryReservation": 0,
            "MemorySwap": 0,
            "MemorySwappiness": null,
            "OomKillDisable": null,
            "PidsLimit": null,
            "Ulimits": null,
            "CpuCount": 0,
            "CpuPercent": 0,
            "IOMaximumIOps": 0,
            "IOMaximumBandwidth": 0,
            "MaskedPaths": [
                "/proc/acpi",
                "/proc/asound",
                "/proc/interrupts",
                "/proc/kcore",
                "/proc/keys",
                "/proc/latency_stats",
                "/proc/sched_debug",
                "/proc/scsi",
                "/proc/timer_list",
                "/proc/timer_stats",
                "/sys/devices/virtual/powercap",
                "/sys/firmware"
            ],
            "ReadonlyPaths": [
                "/proc/bus",
                "/proc/fs",
                "/proc/irq",
                "/proc/sys",
                "/proc/sysrq-trigger"
            ]
        },
        "Storage": {
            "RootFS": {
                "Snapshot": {
                    "Name": "overlayfs"
                }
            }
        },
        "Mounts": [],
        "Config": {
            "Hostname": "bf7d7bcefec1",
            "Domainname": "",
            "User": "",
            "AttachStdin": false,
            "AttachStdout": true,
            "AttachStderr": true,
            "ExposedPorts": {
                "80/tcp": {}
            },
            "Tty": false,
            "OpenStdin": false,
            "StdinOnce": false,
            "Env": [
                "PATH=/usr/local/sbin:/usr/local/bin:/usr/sbin:/usr/bin:/sbin:/bin",
                "NGINX_VERSION=1.31.6",
                "PKG_RELEASE=1",
                "DYNPKG_RELEASE=1",
                "NJS_VERSION=1.0.1",
                "NJS_RELEASE=1",
                "ACME_VERSION=0.4.1"
            ],
            "Cmd": [
                "nginx",
                "-g",
                "daemon off;"
            ],
            "Healthcheck": {
                "Test": [
                    "CMD",
                    "wget",
                    "-q",
                    "-O",
                    "/dev/null",
                    "http://127.0.0.1/api/v1/health"
                ],
                "Interval": 5000000000,
                "Timeout": 3000000000,
                "Retries": 40
            },
            "Image": "bounded-funds-web:demo-f3f9703e75684a62888f73804e02d1db",
            "Volumes": null,
            "WorkingDir": "/",
            "Entrypoint": [
                "/docker-entrypoint.sh"
            ],
            "Labels": {
                "com.docker.compose.config-hash": "339433092b176f49a85067629d6523055c8286473d53271cb880bf689f6c5679",
                "com.docker.compose.container-number": "1",
                "com.docker.compose.depends_on": "api:service_healthy:false",
                "com.docker.compose.image": "sha256:9550f2b6dbc80de1a52f39282bbd25ddd7193dcff7830d482bdfc476000d3ae7",
                "com.docker.compose.oneoff": "False",
                "com.docker.compose.project": "bf-demo-f3f9703e75684a62888f73804e02d1db",
                "com.docker.compose.project.config_files": "F:\\学校活动\\工行杯\\钱途有界\\bounded-funds\\deploy\\compose.demo.yaml",
                "com.docker.compose.project.environment_file": "F:\\学校活动\\工行杯\\钱途有界\\bounded-funds\\.runtime\\w1-deployment\\deploy-20261005T044255Z-f3f9703e\\demo.env",
                "com.docker.compose.project.working_dir": "F:\\学校活动\\工行杯\\钱途有界\\bounded-funds\\deploy",
                "com.docker.compose.service": "web",
                "com.docker.compose.version": "5.3.0",
                "io.bounded-funds.owner-uuid": "f3f9703e75684a62888f73804e02d1db",
                "io.bounded-funds.pnpm-lock-sha256": "abca500080e1846e41d159c176d8a95902bcce239e3dca94651b40e68a8efc83",
                "io.bounded-funds.purpose": "ISOLATED_SIMULATED_DEMO",
                "io.bounded-funds.run-id": "deploy-20261005T044255Z-f3f9703e",
                "io.bounded-funds.source-digest": "3f39f17b653f68c49e3f9e05ecd2a4ec93fc20ae2c1ff7daa281d38655768d57",
                "maintainer": "NGINX Docker Maintainers \u003cdocker-maint@nginx.com\u003e",
                "org.opencontainers.image.revision": "4ccf84e973978482a1098d18c69fbfc9f011fac6"
            },
            "StopSignal": "SIGQUIT"
        },
        "NetworkSettings": {
            "SandboxID": "43c74f91aaf73357e97a4fdfdcf462fb5998240774c9a9067c56f5fee66ccd05",
            "SandboxKey": "/var/run/docker/netns/43c74f91aaf7",
            "Ports": {
                "80/tcp": [
                    {
                        "HostIp": "127.0.0.1",
                        "HostPort": "15181"
                    }
                ]
            },
            "Networks": {
                "bf-demo-f3f9703e75684a62888f73804e02d1db_demo_frontend": {
                    "IPAMConfig": null,
                    "Links": null,
                    "Aliases": [
                        "bf-demo-f3f9703e75684a62888f73804e02d1db-web-1",
                        "web"
                    ],
                    "DriverOpts": null,
                    "GwPriority": 0,
                    "NetworkID": "11918e6b2f6d71c893e851eb23015bbb04ce4f11e2e0742dbf31c12a7f328689",
                    "EndpointID": "6b190f816672c9a492e1a5abac391c17cb0c87df412e3de708c6f51c8cce8371",
                    "Gateway": "172.21.0.1",
                    "IPAddress": "172.21.0.2",
                    "MacAddress": "ee:5c:04:12:35:2d",
                    "IPPrefixLen": 16,
                    "IPv6Gateway": "",
                    "GlobalIPv6Address": "",
                    "GlobalIPv6PrefixLen": 0,
                    "DNSNames": [
                        "bf-demo-f3f9703e75684a62888f73804e02d1db-web-1",
                        "web",
                        "bf7d7bcefec1"
                    ]
                },
                "bf-demo-f3f9703e75684a62888f73804e02d1db_demo_internal": {
                    "IPAMConfig": null,
                    "Links": null,
                    "Aliases": [
                        "bf-demo-f3f9703e75684a62888f73804e02d1db-web-1",
                        "web"
                    ],
                    "DriverOpts": null,
                    "GwPriority": 0,
                    "NetworkID": "47eb242c5d76c8993baa34654767bac51c082a484c9dedf032300ec70abf9a6d",
                    "EndpointID": "5721c2ec5dfaf0b581b6641ef016daee76fed7c1b4b6ad39b29aca466bacea2a",
                    "Gateway": "",
                    "IPAddress": "172.22.0.3",
                    "MacAddress": "1e:86:5c:f4:11:bf",
                    "IPPrefixLen": 16,
                    "IPv6Gateway": "",
                    "GlobalIPv6Address": "",
                    "GlobalIPv6PrefixLen": 0,
                    "DNSNames": [
                        "bf-demo-f3f9703e75684a62888f73804e02d1db-web-1",
                        "web",
                        "bf7d7bcefec1"
                    ]
                }
            }
        },
        "ImageManifestDescriptor": {
            "mediaType": "application/vnd.oci.image.manifest.v1+json",
            "digest": "sha256:aee2c968b65431e1496eff959f0dd6bef772c86d1062a94efc80667feb8cea04",
            "size": 2188,
            "platform": {
                "architecture": "amd64",
                "os": "linux"
            }
        }
    },
    {
        "Id": "dd06e275eb225113d85af1e5508eb4d6a6e4eecd85054fce8f901b5ae3ccbd96",
        "Created": "2026-10-05T04:50:36.115456942Z",
        "Path": "python",
        "Args": [
            "-m",
            "uvicorn",
            "app.main:app",
            "--host",
            "0.0.0.0",
            "--port",
            "8000"
        ],
        "State": {
            "Status": "running",
            "Running": true,
            "Paused": false,
            "Restarting": false,
            "OOMKilled": false,
            "Dead": false,
            "Pid": 77553,
            "ExitCode": 0,
            "Error": "",
            "StartedAt": "2026-10-05T04:50:50.034090326Z",
            "FinishedAt": "0001-01-01T00:00:00Z",
            "Health": {
                "Status": "healthy",
                "FailingStreak": 0,
                "Log": [
                    {
                        "Start": "2026-10-05T05:36:50.379724649Z",
                        "End": "2026-10-05T05:36:50.685218887Z",
                        "ExitCode": 0,
                        "Output": ""
                    },
                    {
                        "Start": "2026-10-05T05:36:55.68563533Z",
                        "End": "2026-10-05T05:36:55.986096515Z",
                        "ExitCode": 0,
                        "Output": ""
                    },
                    {
                        "Start": "2026-10-05T05:37:00.987446327Z",
                        "End": "2026-10-05T05:37:01.287604046Z",
                        "ExitCode": 0,
                        "Output": ""
                    },
                    {
                        "Start": "2026-10-05T05:37:06.288938005Z",
                        "End": "2026-10-05T05:37:06.600479494Z",
                        "ExitCode": 0,
                        "Output": ""
                    },
                    {
                        "Start": "2026-10-05T05:37:11.601533027Z",
                        "End": "2026-10-05T05:37:11.881854185Z",
                        "ExitCode": 0,
                        "Output": ""
                    }
                ]
            }
        },
        "Image": "sha256:3274dd06f6ac1d3588a2b2d06a653f30cb9e79174714594020ee0248d89a9ad7",
        "ResolvConfPath": "/var/lib/docker/containers/d9b72b0e752234c243039a9c43d4cf6a98f6792fb9e84abd8ba1ebe9a8601e22/resolv.conf",
        "HostnamePath": "/var/lib/docker/containers/d9b72b0e752234c243039a9c43d4cf6a98f6792fb9e84abd8ba1ebe9a8601e22/hostname",
        "HostsPath": "/var/lib/docker/containers/d9b72b0e752234c243039a9c43d4cf6a98f6792fb9e84abd8ba1ebe9a8601e22/hosts",
        "LogPath": "/var/lib/docker/containers/dd06e275eb225113d85af1e5508eb4d6a6e4eecd85054fce8f901b5ae3ccbd96/dd06e275eb225113d85af1e5508eb4d6a6e4eecd85054fce8f901b5ae3ccbd96-json.log",
        "Name": "/bf-demo-f3f9703e75684a62888f73804e02d1db-api-1",
        "RestartCount": 0,
        "Driver": "overlayfs",
        "Platform": "linux",
        "MountLabel": "",
        "ProcessLabel": "",
        "AppArmorProfile": "",
        "ExecIDs": null,
        "HostConfig": {
            "Binds": null,
            "ContainerIDFile": "",
            "LogConfig": {
                "Type": "json-file",
                "Config": {}
            },
            "NetworkMode": "container:d9b72b0e752234c243039a9c43d4cf6a98f6792fb9e84abd8ba1ebe9a8601e22",
            "PortBindings": {},
            "RestartPolicy": {
                "Name": "unless-stopped",
                "MaximumRetryCount": 0
            },
            "AutoRemove": false,
            "VolumeDriver": "",
            "VolumesFrom": null,
            "ConsoleSize": [
                0,
                0
            ],
            "CapAdd": null,
            "CapDrop": null,
            "CgroupnsMode": "private",
            "Dns": null,
            "DnsOptions": null,
            "DnsSearch": null,
            "ExtraHosts": [],
            "GroupAdd": null,
            "IpcMode": "private",
            "Cgroup": "",
            "Links": null,
            "OomScoreAdj": 0,
            "PidMode": "",
            "Privileged": false,
            "PublishAllPorts": false,
            "ReadonlyRootfs": true,
            "SecurityOpt": null,
            "Tmpfs": {
                "/tmp": ""
            },
            "UTSMode": "",
            "UsernsMode": "",
            "ShmSize": 67108864,
            "Runtime": "runc",
            "Isolation": "",
            "CpuShares": 0,
            "Memory": 0,
            "NanoCpus": 0,
            "CgroupParent": "",
            "BlkioWeight": 0,
            "BlkioWeightDevice": null,
            "BlkioDeviceReadBps": null,
            "BlkioDeviceWriteBps": null,
            "BlkioDeviceReadIOps": null,
            "BlkioDeviceWriteIOps": null,
            "CpuPeriod": 0,
            "CpuQuota": 0,
            "CpuRealtimePeriod": 0,
            "CpuRealtimeRuntime": 0,
            "CpusetCpus": "",
            "CpusetMems": "",
            "Devices": null,
            "DeviceCgroupRules": null,
            "DeviceRequests": null,
            "MemoryReservation": 0,
            "MemorySwap": 0,
            "MemorySwappiness": null,
            "OomKillDisable": null,
            "PidsLimit": null,
            "Ulimits": null,
            "CpuCount": 0,
            "CpuPercent": 0,
            "IOMaximumIOps": 0,
            "IOMaximumBandwidth": 0,
            "MaskedPaths": [
                "/proc/acpi",
                "/proc/asound",
                "/proc/interrupts",
                "/proc/kcore",
                "/proc/keys",
                "/proc/latency_stats",
                "/proc/sched_debug",
                "/proc/scsi",
                "/proc/timer_list",
                "/proc/timer_stats",
                "/sys/devices/virtual/powercap",
                "/sys/firmware"
            ],
            "ReadonlyPaths": [
                "/proc/bus",
                "/proc/fs",
                "/proc/irq",
                "/proc/sys",
                "/proc/sysrq-trigger"
            ]
        },
        "Storage": {
            "RootFS": {
                "Snapshot": {
                    "Name": "overlayfs"
                }
            }
        },
        "Mounts": [],
        "Config": {
            "Hostname": "d9b72b0e7522",
            "Domainname": "",
            "User": "10001:10001",
            "AttachStdin": false,
            "AttachStdout": true,
            "AttachStderr": true,
            "ExposedPorts": {
                "8000/tcp": {}
            },
            "Tty": false,
            "OpenStdin": false,
            "StdinOnce": false,
            "Env": [
                "PYTHONUNBUFFERED=1",
                "PYTHONDONTWRITEBYTECODE=1",
                "TZ=UTC",
                "DATABASE_URL=postgresql+psycopg://bf_demo:[REDACTED]@127.0.0.1:54329/bf_test_f3f9703e75684a62888f73804e02d1db",
                "SIMULATION_MODE=true",
                "LLM_ENABLED=false",
                "PYTHONUTF8=1",
                "PATH=/opt/bf-venv/bin:/usr/local/bin:/usr/local/sbin:/usr/local/bin:/usr/sbin:/usr/bin:/sbin:/bin",
                "LANG=C.UTF-8",
                "GPG_KEY=7169605F62C751356D054A26A821E680E5FA6305",
                "PYTHON_VERSION=3.12.15",
                "PYTHON_SHA256=c2c4321961fab0fb999d66e0cecf521c2ab3994c7992873ea99e306c1094fd5a",
                "PYTHONPATH=/workspace/apps/api"
            ],
            "Cmd": [
                "python",
                "-m",
                "uvicorn",
                "app.main:app",
                "--host",
                "0.0.0.0",
                "--port",
                "8000"
            ],
            "Healthcheck": {
                "Test": [
                    "CMD",
                    "python",
                    "-c",
                    "import json,urllib.request; value=json.load(urllib.request.urlopen('http://127.0.0.1:8000/api/v1/health',timeout=2)); assert value=={'status':'ok','service':'bounded-funds-api','simulation':True}"
                ],
                "Interval": 5000000000,
                "Timeout": 3000000000,
                "StartPeriod": 5000000000,
                "Retries": 40
            },
            "Image": "bounded-funds-api:demo-f3f9703e75684a62888f73804e02d1db",
            "Volumes": null,
            "WorkingDir": "/workspace",
            "Entrypoint": null,
            "Labels": {
                "com.docker.compose.config-hash": "4011c95d3c614a9781bcdb56461e434adac7dcc1df648388fde98d447ec28c59",
                "com.docker.compose.container-number": "1",
                "com.docker.compose.depends_on": "init:service_completed_successfully:false,db:service_healthy:true",
                "com.docker.compose.image": "sha256:3274dd06f6ac1d3588a2b2d06a653f30cb9e79174714594020ee0248d89a9ad7",
                "com.docker.compose.oneoff": "False",
                "com.docker.compose.project": "bf-demo-f3f9703e75684a62888f73804e02d1db",
                "com.docker.compose.project.config_files": "F:\\学校活动\\工行杯\\钱途有界\\bounded-funds\\deploy\\compose.demo.yaml",
                "com.docker.compose.project.environment_file": "F:\\学校活动\\工行杯\\钱途有界\\bounded-funds\\.runtime\\w1-deployment\\deploy-20261005T044255Z-f3f9703e\\demo.env",
                "com.docker.compose.project.working_dir": "F:\\学校活动\\工行杯\\钱途有界\\bounded-funds\\deploy",
                "com.docker.compose.service": "api",
                "com.docker.compose.version": "5.3.0",
                "io.bounded-funds.owner-uuid": "f3f9703e75684a62888f73804e02d1db",
                "io.bounded-funds.purpose": "ISOLATED_SIMULATED_DEMO",
                "io.bounded-funds.run-id": "deploy-20261005T044255Z-f3f9703e",
                "io.bounded-funds.source-digest": "3f39f17b653f68c49e3f9e05ecd2a4ec93fc20ae2c1ff7daa281d38655768d57",
                "io.bounded-funds.uv-lock-sha256": "b3b1dae5cf20edd6ef96609427aeaf8f7d0108ba3c075158a00d102383e36e4c",
                "org.opencontainers.image.revision": "4ccf84e973978482a1098d18c69fbfc9f011fac6"
            }
        },
        "NetworkSettings": {
            "SandboxID": "",
            "SandboxKey": "",
            "Ports": {},
            "Networks": {}
        },
        "ImageManifestDescriptor": {
            "mediaType": "application/vnd.oci.image.manifest.v1+json",
            "digest": "sha256:8f994bb0bd88e347a3a4720009be1d1631a0ffc88f0d9a9ff312c0bbd3145e4b",
            "size": 2382,
            "platform": {
                "architecture": "amd64",
                "os": "linux"
            }
        }
    },
    {
        "Id": "858764db48e925061bb5daa0cd4f1d39b56ea64b5dba6a55615805b0c9f7e224",
        "Created": "2026-10-05T04:50:36.070064719Z",
        "Path": "python",
        "Args": [
            "deploy/initialize_demo.py"
        ],
        "State": {
            "Status": "exited",
            "Running": false,
            "Paused": false,
            "Restarting": false,
            "OOMKilled": false,
            "Dead": false,
            "Pid": 0,
            "ExitCode": 0,
            "Error": "",
            "StartedAt": "2026-10-05T04:50:45.934080767Z",
            "FinishedAt": "2026-10-05T04:50:49.684854464Z"
        },
        "Image": "sha256:3274dd06f6ac1d3588a2b2d06a653f30cb9e79174714594020ee0248d89a9ad7",
        "ResolvConfPath": "/var/lib/docker/containers/d9b72b0e752234c243039a9c43d4cf6a98f6792fb9e84abd8ba1ebe9a8601e22/resolv.conf",
        "HostnamePath": "/var/lib/docker/containers/d9b72b0e752234c243039a9c43d4cf6a98f6792fb9e84abd8ba1ebe9a8601e22/hostname",
        "HostsPath": "/var/lib/docker/containers/d9b72b0e752234c243039a9c43d4cf6a98f6792fb9e84abd8ba1ebe9a8601e22/hosts",
        "LogPath": "/var/lib/docker/containers/858764db48e925061bb5daa0cd4f1d39b56ea64b5dba6a55615805b0c9f7e224/858764db48e925061bb5daa0cd4f1d39b56ea64b5dba6a55615805b0c9f7e224-json.log",
        "Name": "/bf-demo-f3f9703e75684a62888f73804e02d1db-init-1",
        "RestartCount": 0,
        "Driver": "overlayfs",
        "Platform": "linux",
        "MountLabel": "",
        "ProcessLabel": "",
        "AppArmorProfile": "",
        "ExecIDs": null,
        "HostConfig": {
            "Binds": null,
            "ContainerIDFile": "",
            "LogConfig": {
                "Type": "json-file",
                "Config": {}
            },
            "NetworkMode": "container:d9b72b0e752234c243039a9c43d4cf6a98f6792fb9e84abd8ba1ebe9a8601e22",
            "PortBindings": {},
            "RestartPolicy": {
                "Name": "no",
                "MaximumRetryCount": 0
            },
            "AutoRemove": false,
            "VolumeDriver": "",
            "VolumesFrom": null,
            "ConsoleSize": [
                0,
                0
            ],
            "CapAdd": null,
            "CapDrop": null,
            "CgroupnsMode": "private",
            "Dns": null,
            "DnsOptions": null,
            "DnsSearch": null,
            "ExtraHosts": [],
            "GroupAdd": null,
            "IpcMode": "private",
            "Cgroup": "",
            "Links": null,
            "OomScoreAdj": 0,
            "PidMode": "",
            "Privileged": false,
            "PublishAllPorts": false,
            "ReadonlyRootfs": true,
            "SecurityOpt": null,
            "Tmpfs": {
                "/tmp": ""
            },
            "UTSMode": "",
            "UsernsMode": "",
            "ShmSize": 67108864,
            "Runtime": "runc",
            "Isolation": "",
            "CpuShares": 0,
            "Memory": 0,
            "NanoCpus": 0,
            "CgroupParent": "",
            "BlkioWeight": 0,
            "BlkioWeightDevice": null,
            "BlkioDeviceReadBps": null,
            "BlkioDeviceWriteBps": null,
            "BlkioDeviceReadIOps": null,
            "BlkioDeviceWriteIOps": null,
            "CpuPeriod": 0,
            "CpuQuota": 0,
            "CpuRealtimePeriod": 0,
            "CpuRealtimeRuntime": 0,
            "CpusetCpus": "",
            "CpusetMems": "",
            "Devices": null,
            "DeviceCgroupRules": null,
            "DeviceRequests": null,
            "MemoryReservation": 0,
            "MemorySwap": 0,
            "MemorySwappiness": null,
            "OomKillDisable": null,
            "PidsLimit": null,
            "Ulimits": null,
            "CpuCount": 0,
            "CpuPercent": 0,
            "IOMaximumIOps": 0,
            "IOMaximumBandwidth": 0,
            "MaskedPaths": [
                "/proc/acpi",
                "/proc/asound",
                "/proc/interrupts",
                "/proc/kcore",
                "/proc/keys",
                "/proc/latency_stats",
                "/proc/sched_debug",
                "/proc/scsi",
                "/proc/timer_list",
                "/proc/timer_stats",
                "/sys/devices/virtual/powercap",
                "/sys/firmware"
            ],
            "ReadonlyPaths": [
                "/proc/bus",
                "/proc/fs",
                "/proc/irq",
                "/proc/sys",
                "/proc/sysrq-trigger"
            ]
        },
        "Storage": {
            "RootFS": {
                "Snapshot": {
                    "Name": "overlayfs"
                }
            }
        },
        "Mounts": [],
        "Config": {
            "Hostname": "d9b72b0e7522",
            "Domainname": "",
            "User": "10001:10001",
            "AttachStdin": false,
            "AttachStdout": true,
            "AttachStderr": true,
            "ExposedPorts": {
                "8000/tcp": {}
            },
            "Tty": false,
            "OpenStdin": false,
            "StdinOnce": false,
            "Env": [
                "DATABASE_URL=postgresql+psycopg://bf_demo:[REDACTED]@127.0.0.1:54329/bf_test_f3f9703e75684a62888f73804e02d1db",
                "SIMULATION_MODE=true",
                "LLM_ENABLED=false",
                "PYTHONUTF8=1",
                "PYTHONUNBUFFERED=1",
                "PYTHONDONTWRITEBYTECODE=1",
                "TZ=UTC",
                "PATH=/opt/bf-venv/bin:/usr/local/bin:/usr/local/sbin:/usr/local/bin:/usr/sbin:/usr/bin:/sbin:/bin",
                "LANG=C.UTF-8",
                "GPG_KEY=7169605F62C751356D054A26A821E680E5FA6305",
                "PYTHON_VERSION=3.12.15",
                "PYTHON_SHA256=c2c4321961fab0fb999d66e0cecf521c2ab3994c7992873ea99e306c1094fd5a",
                "PYTHONPATH=/workspace/apps/api"
            ],
            "Cmd": [
                "python",
                "deploy/initialize_demo.py"
            ],
            "Image": "bounded-funds-api:demo-f3f9703e75684a62888f73804e02d1db",
            "Volumes": null,
            "WorkingDir": "/workspace",
            "Entrypoint": null,
            "Labels": {
                "com.docker.compose.config-hash": "eba875c08bb034cab6115070d27632e66e1205c5e992ff84ae394927c76c2772",
                "com.docker.compose.container-number": "1",
                "com.docker.compose.depends_on": "db:service_healthy:false",
                "com.docker.compose.image": "sha256:3274dd06f6ac1d3588a2b2d06a653f30cb9e79174714594020ee0248d89a9ad7",
                "com.docker.compose.oneoff": "False",
                "com.docker.compose.project": "bf-demo-f3f9703e75684a62888f73804e02d1db",
                "com.docker.compose.project.config_files": "F:\\学校活动\\工行杯\\钱途有界\\bounded-funds\\deploy\\compose.demo.yaml",
                "com.docker.compose.project.environment_file": "F:\\学校活动\\工行杯\\钱途有界\\bounded-funds\\.runtime\\w1-deployment\\deploy-20261005T044255Z-f3f9703e\\demo.env",
                "com.docker.compose.project.working_dir": "F:\\学校活动\\工行杯\\钱途有界\\bounded-funds\\deploy",
                "com.docker.compose.service": "init",
                "com.docker.compose.version": "5.3.0",
                "io.bounded-funds.owner-uuid": "f3f9703e75684a62888f73804e02d1db",
                "io.bounded-funds.purpose": "ISOLATED_SIMULATED_DEMO",
                "io.bounded-funds.run-id": "deploy-20261005T044255Z-f3f9703e",
                "io.bounded-funds.source-digest": "3f39f17b653f68c49e3f9e05ecd2a4ec93fc20ae2c1ff7daa281d38655768d57",
                "io.bounded-funds.uv-lock-sha256": "b3b1dae5cf20edd6ef96609427aeaf8f7d0108ba3c075158a00d102383e36e4c",
                "org.opencontainers.image.revision": "4ccf84e973978482a1098d18c69fbfc9f011fac6"
            }
        },
        "NetworkSettings": {
            "SandboxID": "",
            "SandboxKey": "",
            "Ports": {},
            "Networks": {}
        },
        "ImageManifestDescriptor": {
            "mediaType": "application/vnd.oci.image.manifest.v1+json",
            "digest": "sha256:8f994bb0bd88e347a3a4720009be1d1631a0ffc88f0d9a9ff312c0bbd3145e4b",
            "size": 2382,
            "platform": {
                "architecture": "amd64",
                "os": "linux"
            }
        }
    },
    {
        "Id": "d9b72b0e752234c243039a9c43d4cf6a98f6792fb9e84abd8ba1ebe9a8601e22",
        "Created": "2026-10-05T04:50:36.026796337Z",
        "Path": "docker-entrypoint.sh",
        "Args": [
            "postgres",
            "-p",
            "54329"
        ],
        "State": {
            "Status": "running",
            "Running": true,
            "Paused": false,
            "Restarting": false,
            "OOMKilled": false,
            "Dead": false,
            "Pid": 77222,
            "ExitCode": 0,
            "Error": "",
            "StartedAt": "2026-10-05T04:50:36.274730115Z",
            "FinishedAt": "0001-01-01T00:00:00Z",
            "Health": {
                "Status": "healthy",
                "FailingStreak": 0,
                "Log": [
                    {
                        "Start": "2026-10-05T05:37:02.096484216Z",
                        "End": "2026-10-05T05:37:02.168588393Z",
                        "ExitCode": 0,
                        "Output": "127.0.0.1:54329 - accepting connections\n"
                    },
                    {
                        "Start": "2026-10-05T05:37:05.169376658Z",
                        "End": "2026-10-05T05:37:05.23272836Z",
                        "ExitCode": 0,
                        "Output": "127.0.0.1:54329 - accepting connections\n"
                    },
                    {
                        "Start": "2026-10-05T05:37:08.234095672Z",
                        "End": "2026-10-05T05:37:08.287871617Z",
                        "ExitCode": 0,
                        "Output": "127.0.0.1:54329 - accepting connections\n"
                    },
                    {
                        "Start": "2026-10-05T05:37:11.288638144Z",
                        "End": "2026-10-05T05:37:11.339804636Z",
                        "ExitCode": 0,
                        "Output": "127.0.0.1:54329 - accepting connections\n"
                    },
                    {
                        "Start": "2026-10-05T05:37:14.339494245Z",
                        "End": "2026-10-05T05:37:14.40696984Z",
                        "ExitCode": 0,
                        "Output": "127.0.0.1:54329 - accepting connections\n"
                    }
                ]
            }
        },
        "Image": "sha256:721873c34ceb9f8d8fc265984940dc982404c105f19ad51be9fdc5970a6080ea",
        "ResolvConfPath": "/var/lib/docker/containers/d9b72b0e752234c243039a9c43d4cf6a98f6792fb9e84abd8ba1ebe9a8601e22/resolv.conf",
        "HostnamePath": "/var/lib/docker/containers/d9b72b0e752234c243039a9c43d4cf6a98f6792fb9e84abd8ba1ebe9a8601e22/hostname",
        "HostsPath": "/var/lib/docker/containers/d9b72b0e752234c243039a9c43d4cf6a98f6792fb9e84abd8ba1ebe9a8601e22/hosts",
        "LogPath": "/var/lib/docker/containers/d9b72b0e752234c243039a9c43d4cf6a98f6792fb9e84abd8ba1ebe9a8601e22/d9b72b0e752234c243039a9c43d4cf6a98f6792fb9e84abd8ba1ebe9a8601e22-json.log",
        "Name": "/bf-demo-f3f9703e75684a62888f73804e02d1db-db-1",
        "RestartCount": 0,
        "Driver": "overlayfs",
        "Platform": "linux",
        "MountLabel": "",
        "ProcessLabel": "",
        "AppArmorProfile": "",
        "ExecIDs": null,
        "HostConfig": {
            "Binds": [
                "bf-demo-f3f9703e75684a62888f73804e02d1db_demo_pgdata:/var/lib/postgresql/data:rw"
            ],
            "ContainerIDFile": "",
            "LogConfig": {
                "Type": "json-file",
                "Config": {}
            },
            "NetworkMode": "bf-demo-f3f9703e75684a62888f73804e02d1db_demo_internal",
            "PortBindings": {
                "8000/tcp": [
                    {
                        "HostIp": "127.0.0.1",
                        "HostPort": "18049"
                    }
                ]
            },
            "RestartPolicy": {
                "Name": "unless-stopped",
                "MaximumRetryCount": 0
            },
            "AutoRemove": false,
            "VolumeDriver": "",
            "VolumesFrom": null,
            "ConsoleSize": [
                0,
                0
            ],
            "CapAdd": null,
            "CapDrop": null,
            "CgroupnsMode": "private",
            "Dns": null,
            "DnsOptions": null,
            "DnsSearch": null,
            "ExtraHosts": [],
            "GroupAdd": null,
            "IpcMode": "private",
            "Cgroup": "",
            "Links": null,
            "OomScoreAdj": 0,
            "PidMode": "",
            "Privileged": false,
            "PublishAllPorts": false,
            "ReadonlyRootfs": false,
            "SecurityOpt": null,
            "UTSMode": "",
            "UsernsMode": "",
            "ShmSize": 67108864,
            "Runtime": "runc",
            "Isolation": "",
            "CpuShares": 0,
            "Memory": 0,
            "NanoCpus": 0,
            "CgroupParent": "",
            "BlkioWeight": 0,
            "BlkioWeightDevice": null,
            "BlkioDeviceReadBps": null,
            "BlkioDeviceWriteBps": null,
            "BlkioDeviceReadIOps": null,
            "BlkioDeviceWriteIOps": null,
            "CpuPeriod": 0,
            "CpuQuota": 0,
            "CpuRealtimePeriod": 0,
            "CpuRealtimeRuntime": 0,
            "CpusetCpus": "",
            "CpusetMems": "",
            "Devices": null,
            "DeviceCgroupRules": null,
            "DeviceRequests": null,
            "MemoryReservation": 0,
            "MemorySwap": 0,
            "MemorySwappiness": null,
            "OomKillDisable": null,
            "PidsLimit": null,
            "Ulimits": null,
            "CpuCount": 0,
            "CpuPercent": 0,
            "IOMaximumIOps": 0,
            "IOMaximumBandwidth": 0,
            "MaskedPaths": [
                "/proc/acpi",
                "/proc/asound",
                "/proc/interrupts",
                "/proc/kcore",
                "/proc/keys",
                "/proc/latency_stats",
                "/proc/sched_debug",
                "/proc/scsi",
                "/proc/timer_list",
                "/proc/timer_stats",
                "/sys/devices/virtual/powercap",
                "/sys/firmware"
            ],
            "ReadonlyPaths": [
                "/proc/bus",
                "/proc/fs",
                "/proc/irq",
                "/proc/sys",
                "/proc/sysrq-trigger"
            ]
        },
        "Storage": {
            "RootFS": {
                "Snapshot": {
                    "Name": "overlayfs"
                }
            }
        },
        "Mounts": [
            {
                "Type": "volume",
                "Name": "bf-demo-f3f9703e75684a62888f73804e02d1db_demo_pgdata",
                "Source": "/var/lib/docker/volumes/bf-demo-f3f9703e75684a62888f73804e02d1db_demo_pgdata/_data",
                "Destination": "/var/lib/postgresql/data",
                "Driver": "local",
                "Mode": "rw",
                "RW": true,
                "Propagation": ""
            }
        ],
        "Config": {
            "Hostname": "d9b72b0e7522",
            "Domainname": "",
            "User": "",
            "AttachStdin": false,
            "AttachStdout": true,
            "AttachStderr": true,
            "ExposedPorts": {
                "5432/tcp": {},
                "8000/tcp": {}
            },
            "Tty": false,
            "OpenStdin": false,
            "StdinOnce": false,
            "Env": [
                "POSTGRES_DB=bf_test_f3f9703e75684a62888f73804e02d1db",
                "TZ=UTC",
                "POSTGRES_USER=bf_demo",
                "POSTGRES_PASSWORD=[REDACTED]",
                "PATH=/usr/local/sbin:/usr/local/bin:/usr/sbin:/usr/bin:/sbin:/bin",
                "GOSU_VERSION=1.19",
                "LANG=en_US.utf8",
                "PG_MAJOR=16",
                "PG_VERSION=16.15",
                "PG_SHA256=c1575341fa7bd40f5274ea465b34390f4dc64cdd0770af327005caaeb9f6b7ed",
                "DOCKER_PG_LLVM_DEPS=llvm21-dev \t\tclang21",
                "PGDATA=/var/lib/postgresql/data"
            ],
            "Cmd": [
                "postgres",
                "-p",
                "54329"
            ],
            "Healthcheck": {
                "Test": [
                    "CMD-SHELL",
                    "pg_isready -h 127.0.0.1 -p 54329 -U bf_demo -d \"$POSTGRES_DB\""
                ],
                "Interval": 3000000000,
                "Timeout": 3000000000,
                "StartPeriod": 5000000000,
                "Retries": 40
            },
            "Image": "postgres@sha256:721873c34ceb9f8d8fc265984940dc982404c105f19ad51be9fdc5970a6080ea",
            "Volumes": {
                "/var/lib/postgresql/data": {}
            },
            "WorkingDir": "/",
            "Entrypoint": [
                "docker-entrypoint.sh"
            ],
            "Labels": {
                "com.docker.compose.config-hash": "0d218a771cb0a06cdfcae398505c8286c3abf256b05c1849b238836301c2d6cb",
                "com.docker.compose.container-number": "1",
                "com.docker.compose.depends_on": "",
                "com.docker.compose.image": "sha256:721873c34ceb9f8d8fc265984940dc982404c105f19ad51be9fdc5970a6080ea",
                "com.docker.compose.oneoff": "False",
                "com.docker.compose.project": "bf-demo-f3f9703e75684a62888f73804e02d1db",
                "com.docker.compose.project.config_files": "F:\\学校活动\\工行杯\\钱途有界\\bounded-funds\\deploy\\compose.demo.yaml",
                "com.docker.compose.project.environment_file": "F:\\学校活动\\工行杯\\钱途有界\\bounded-funds\\.runtime\\w1-deployment\\deploy-20261005T044255Z-f3f9703e\\demo.env",
                "com.docker.compose.project.working_dir": "F:\\学校活动\\工行杯\\钱途有界\\bounded-funds\\deploy",
                "com.docker.compose.service": "db",
                "com.docker.compose.version": "5.3.0",
                "io.bounded-funds.owner-uuid": "f3f9703e75684a62888f73804e02d1db",
                "io.bounded-funds.purpose": "ISOLATED_SIMULATED_DEMO",
                "io.bounded-funds.run-id": "deploy-20261005T044255Z-f3f9703e"
            },
            "StopSignal": "SIGINT"
        },
        "NetworkSettings": {
            "SandboxID": "95b8f7222cdbd996a26c14548802c95e02ac2b335fa5bc97483205aca8c7bddc",
            "SandboxKey": "/var/run/docker/netns/95b8f7222cdb",
            "Ports": {
                "8000/tcp": []
            },
            "Networks": {
                "bf-demo-f3f9703e75684a62888f73804e02d1db_demo_internal": {
                    "IPAMConfig": null,
                    "Links": null,
                    "Aliases": [
                        "bf-demo-f3f9703e75684a62888f73804e02d1db-db-1",
                        "db"
                    ],
                    "DriverOpts": null,
                    "GwPriority": 0,
                    "NetworkID": "47eb242c5d76c8993baa34654767bac51c082a484c9dedf032300ec70abf9a6d",
                    "EndpointID": "3bc5b4c38eb7b0a81115eae34c681162f32e97eede896042a523697a2ba7792b",
                    "Gateway": "",
                    "IPAddress": "172.22.0.2",
                    "MacAddress": "1a:41:da:9b:c9:cf",
                    "IPPrefixLen": 16,
                    "IPv6Gateway": "",
                    "GlobalIPv6Address": "",
                    "GlobalIPv6PrefixLen": 0,
                    "DNSNames": [
                        "bf-demo-f3f9703e75684a62888f73804e02d1db-db-1",
                        "db",
                        "d9b72b0e7522"
                    ]
                }
            }
        },
        "ImageManifestDescriptor": {
            "mediaType": "application/vnd.oci.image.manifest.v1+json",
            "digest": "sha256:1a66d744c1b459e13b05a8fca341da84cb63383e99ce262210efee5a319d4551",
            "size": 3054,
            "annotations": {
                "com.docker.official-images.bashbrew.arch": "amd64",
                "org.opencontainers.image.base.digest": "sha256:d56c381f961d307a21b3ca004cf1e3910f106644aefb1f43e654c8a56c4fd395",
                "org.opencontainers.image.base.name": "alpine:3.24",
                "org.opencontainers.image.created": "2026-09-17T21:29:19Z",
                "org.opencontainers.image.revision": "9d15534160ade17f2b6c455a39ee967c49b1937d",
                "org.opencontainers.image.source": "https://github.com/docker-library/postgres.git#9d15534160ade17f2b6c455a39ee967c49b1937d:16/alpine3.24",
                "org.opencontainers.image.url": "https://hub.docker.com/_/postgres",
                "org.opencontainers.image.version": "16.15-alpine3.24"
            },
            "platform": {
                "architecture": "amd64",
                "os": "linux"
            }
        }
    }
]
