F401 [*] `pathlib.Path` imported but unused
 --> apps\api\app\services\full_experiment_asset_selection.py:6:21
  |
4 | import json
5 | from datetime import datetime
6 | from pathlib import Path
  |                     ^^^^
7 | from typing import Any, Literal
8 | from uuid import UUID
  |
help: Remove unused import: `pathlib.Path`
  |
5 | from datetime import datetime
  - from pathlib import Path
6 | from typing import Any, Literal
  |

E501 Line too long (105 > 100)
  --> apps\api\app\services\full_experiment_asset_selection.py:43:101
   |
41 |     "Private DEVELOPMENT current deterministic GENERAL purchase only; no formal arm run.",
42 |     "P original planning result is retained unchanged; this selected proposal is not P OPTIMAL.",
43 |     "The finite original catalogue is complete; excluded/superseded products remain in its denominator.",
   |                                                                                                     ^^^^^
44 |     "Conservative maxima of each verified 365-day protection component define this finite mechanism budget.",
45 |     "Known future income and principal are not added to current CASH funding.",
   |

E501 Line too long (109 > 100)
  --> apps\api\app\services\full_experiment_asset_selection.py:44:101
   |
42 |     "P original planning result is retained unchanged; this selected proposal is not P OPTIMAL.",
43 |     "The finite original catalogue is complete; excluded/superseded products remain in its denominator.",
44 |     "Conservative maxima of each verified 365-day protection component define this finite mechanism budget.",
   |                                                                                                     ^^^^^^^^^
45 |     "Known future income and principal are not added to current CASH funding.",
46 |     "B4 has no actual confidence-producing model; it remains MISSING.",
   |

E501 Line too long (109 > 100)
  --> apps\api\app\services\full_experiment_asset_selection.py:48:101
   |
46 |     "B4 has no actual confidence-producing model; it remains MISSING.",
47 |     "Goal, payment, recovery, uncertain-world adapters and a bank consumer are NOT_CONNECTED.",
48 |     "All common current authority, whole protection, reservation and bank gates still apply at consumption.",
   |                                                                                                     ^^^^^^^^^
49 | ]
   |

E501 Line too long (106 > 100)
   --> apps\api\app\services\full_experiment_asset_selection.py:218:101
    |
216 |                     or planning_response.source_issues
217 |                     or protection.source_issues
218 |                     or not protection.projection.full_obligations_complete_within_registered_current_scope
    |                                                                                                     ^^^^^^
219 |                     or protection.projection.full_annual_projection is None
220 |                 ):
    |

Found 5 errors.
[*] 1 fixable with the `--fix` option.
