F
================================== FAILURES ===================================
__ test_actual_mature_whole_user_ask_unknown_key_revoke_recovery_and_tamper ___

session = <sqlalchemy.orm.session.Session object at 0x000002216645AB10>
action = <app.db.models.ActionPlan object at 0x000002216FF159A0>
now = datetime.datetime(2026, 11, 3, 20, 0, tzinfo=datetime.timezone.utc)

    def _frozen(
        session: Session, action: ActionPlan, now: datetime
    ) -> tuple[FullMaturityInput, FullMaturityProof, MaturityContractCommand]:
        try:
            read = get_decision_trace(session, action.user_id, action.decision_run_id, now)
            trace = read.trace
            if read.completeness != "COMPLETE" or read.audit_chain_status != "VALID" or trace is None:
>               raise ValueError("Complete original trace and its actual audit are required")
E               ValueError: Complete original trace and its actual audit are required

apps\api\app\services\full_maturity_execution.py:380: ValueError

The above exception was the direct cause of the following exception:

annual_client = (<starlette.testclient.TestClient object at 0x000002215C24E360>, Engine(postgresql+psycopg://bounded:***@127.0.0.1:54329/bf_test_3d84373925b84a679903017c786fe978))
monkeypatch = <_pytest.monkeypatch.MonkeyPatch object at 0x000002215C272450>

    def test_actual_mature_whole_user_ask_unknown_key_revoke_recovery_and_tamper(
        annual_client: tuple[TestClient, Engine], monkeypatch: pytest.MonkeyPatch
    ) -> None:
        client, engine = annual_client
        require_installed_guard()
        actual_income(engine)
        asset_id, position_id, bought = actual_purchase(client, engine, "FIXED_ASSET")
        policy_id = UUID(actual_recovery_confirmation(client, asset_id))
        with Session(engine) as read:
            position = read.get(AssetPosition, position_id)
            assert position is not None and position.maturity_at is not None
            product = read.get(AssetProduct, position.product_id)
            assert product is not None
            mature_at = position.maturity_at + timedelta(days=product.redemption_delay_days)
            assert mature_at == position.purchased_at + timedelta(
                days=product.maturity_rule["term_days"] + product.redemption_delay_days
            )
        assert isinstance(client.app, FastAPI)
        client.app.dependency_overrides[get_now] = lambda: mature_at
        secret = "SYNTHETIC_ISOLATED_MATURITY_USER"
        monkeypatch.setenv("BF_LOCAL_USER_SECRET", secret)
        monkeypatch.setenv("BF_LOCAL_SIGNING_KEY", "bc" * 32)
        assert (
            client.post(
                "/api/v1/local-actor/login", json={"username": "bounded-user", "secret": secret}
            ).status_code
            == 200
        )
        token = client.cookies.get(COOKIE_NAME)
        assert token is not None
        principal = verify_local_actor_session(token, DEMO_USER_ID, mature_at)
        with _reader(engine) as read:
            full = read_full_policy(read, DEMO_USER_ID, policy_id, mature_at)
            body = FullMaturityRequest(
                policy_id=policy_id,
                expected_version_id=full.current_version.version_id,
                expected_epoch_id=full.epoch_id,
                position_id=position_id,
                idempotency_key="actual-whole-mature-user-original-key",
            )
        before = physical_snapshot(engine)
        with _reader(engine) as read:
            preview = preview_maturity_execution(read, DEMO_USER_ID, body, mature_at)
        assert preview.proof.status == "VERIFIED_SCOPE", preview.proof.reasons
        assert preview.proof.command is not None
        assert preview.proof.command.kind == "MATURE"
        assert preview.proof.command.principal_cents == bought["executed_cents"]
        assert not preview.proof.projected_cash_is_current_cash
        assert physical_snapshot(engine) == before
        prepared = prepare_maturity_execution(engine, DEMO_USER_ID, body, principal, mature_at)
        assert prepared.status == "PLANNED" and prepared.autonomy_level == "ASK_ONCE"
        saved = physical_snapshot(engine)
        assert prepare_maturity_execution(engine, DEMO_USER_ID, body, principal, mature_at) == prepared
        assert physical_snapshot(engine) == saved
        execute_body = FullMaturityExecuteRequest(
            expected_epoch_id=body.expected_epoch_id,
            reviewed_command_hash=prepared.reviewed_command_hash,
        )
        with pytest.raises(PolicyLifecycleError):
            execute_maturity_execution(
                engine, DEMO_USER_ID, prepared.action_id, execute_body, principal, mature_at
            )
        assert physical_snapshot(engine) == saved
        accepted = confirm_maturity_execution(
            engine,
            DEMO_USER_ID,
            prepared.action_id,
            FullMaturityConfirmation(
                expected_epoch_id=body.expected_epoch_id,
                reviewed_command_hash=prepared.reviewed_command_hash,
                accepted=True,
            ),
            principal,
            mature_at,
        )
        assert accepted.status == "AUTHORIZED" and accepted.original_consent is not None
        native = simulated_bank.process_redemption
    
        def lose_actual_committed_response(
            target: Engine, user: UUID, action: UUID, at: datetime
        ) -> None:
            native(target, user, action, at)
            raise TimeoutError("ACTUAL_MATURE_BANK_COMMIT_RESPONSE_LOST")
    
        with monkeypatch.context() as fault:
            fault.setattr(simulated_bank, "process_redemption", lose_actual_committed_response)
            with pytest.raises(TimeoutError, match="ACTUAL_MATURE_BANK_COMMIT"):
                execute_maturity_execution(
                    engine, DEMO_USER_ID, prepared.action_id, execute_body, principal, mature_at
                )
        unknown = physical_snapshot(engine)
        with _reader(engine) as read:
            lookup = lookup_maturity_execution(read, DEMO_USER_ID, body.idempotency_key, mature_at)
        assert lookup.action is not None and lookup.action.status == "UNKNOWN"
        assert not lookup.action.service_receipt_verified
        assert lookup.action.original_request == body
        assert lookup.action.original_event["proof_status"] == "UNKNOWN"
        assert physical_snapshot(engine) == unknown
        with Session(engine) as read:
            operations = list(
                read.scalars(
                    select(BankOperation).where(BankOperation.action_plan_id == prepared.action_id)
                )
            )
            assert len(operations) == 1 and operations[0].status == "SETTLED"
            operation_id = operations[0].id
            legs = list(
                read.scalars(
                    select(SimulatedBankPosting).where(
                        SimulatedBankPosting.operation_id == operation_id
                    )
                )
            )
            assert len(legs) == 2 and sum(row.delta_cents for row in legs) == 0
            assert sorted(row.delta_cents for row in legs) == [
                -bought["executed_cents"],
                bought["executed_cents"],
            ]
        revoked = client.post(
            f"/api/v1/full-policies/{policy_id}/revoke",
            json={
                "expected_version_id": str(body.expected_version_id),
                "reason": "仅恢复已受理原银行键",
                "idempotency_key": "maturity-revoke-after-bank-acceptance",
            },
        )
        assert revoked.status_code == 200, revoked.text
>       done = execute_maturity_execution(
            engine, DEMO_USER_ID, prepared.action_id, execute_body, principal, mature_at
        )

apps\api\app\tests\test_full_maturity_execution_integration.py:178: 
_ _ _ _ _ _ _ _ _ _ _ _ _ _ _ _ _ _ _ _ _ _ _ _ _ _ _ _ _ _ _ _ _ _ _ _ _ _ _ _
apps\api\app\services\full_maturity_execution.py:875: in execute_maturity_execution
    return _view(read, _owned(read, user_id, action_id), now)
           ^^^^^^^^^^^^^^^^^^^^^^^^^^^^^^^^^^^^^^^^^^^^^^^^^^
apps\api\app\services\full_maturity_execution.py:495: in _view
    data, proof, command = _frozen(session, action, now)
                           ^^^^^^^^^^^^^^^^^^^^^^^^^^^^^
_ _ _ _ _ _ _ _ _ _ _ _ _ _ _ _ _ _ _ _ _ _ _ _ _ _ _ _ _ _ _ _ _ _ _ _ _ _ _ _

session = <sqlalchemy.orm.session.Session object at 0x000002216645AB10>
action = <app.db.models.ActionPlan object at 0x000002216FF159A0>
now = datetime.datetime(2026, 11, 3, 20, 0, tzinfo=datetime.timezone.utc)

    def _frozen(
        session: Session, action: ActionPlan, now: datetime
    ) -> tuple[FullMaturityInput, FullMaturityProof, MaturityContractCommand]:
        try:
            read = get_decision_trace(session, action.user_id, action.decision_run_id, now)
            trace = read.trace
            if read.completeness != "COMPLETE" or read.audit_chain_status != "VALID" or trace is None:
                raise ValueError("Complete original trace and its actual audit are required")
            verify_trace(trace)
            verify_frozen_maturity_trace(trace)
            data = FullMaturityInput.model_validate_json(json.dumps(trace.inputs["maturity_input"]))
            proof = derive_maturity_proof(data)
            command = MaturityContractCommand.model_validate_json(
                json.dumps(action.request["bank_request"])
            )
            expected = _payload(data, proof, action.id)
            if (
                trace.phase != "PREPARE"
                or trace.action_id != action.id
                or trace.user_id != action.user_id
                or trace.algorithm_versions.get(MARKER) != ALGORITHM
                or trace.inputs["action_request"] != expected
                or action.request != expected
                or action.request_hash != configuration_hash(expected)
                or proof.status != "VERIFIED_SCOPE"
                or proof.command != command
                or trace.outcome != {"maturity_proof": proof.model_dump(mode="json")}
                or action.id != uuid5(data.epoch_id, maturity_bank_key(data.request.idempotency_key))
                or action.idempotency_key != maturity_bank_key(data.request.idempotency_key)
                or action.action_type != "ASSET_MATURITY"
                or action.autonomy_level != "ASK_ONCE"
                or action.policy_version_id != command.original_policy_version_id
                or action.amount_cents != command.principal_cents
                or action.position_id != command.position_id
                or action.goal_id != command.goal_id
                or action.product_id != command.product_id
                or action.source_account_id != command.position_account_id
                or action.destination_account_id != command.destination_account_id
                or action.expires_at != command.expires_at
                or action.created_at != command.requested_at
            ):
                raise ValueError("Original immutable action, complete inputs and proof disagree")
            return data, proof, command
        except (ValueError, KeyError, TypeError) as error:
>           raise _fail("FULL_MATURITY_ORIGINAL_INVALID", str(error)) from error
E           app.services.policy_lifecycle.PolicyLifecycleError: Complete original trace and its actual audit are required

apps\api\app\services\full_maturity_execution.py:417: PolicyLifecycleError
---------------------------- Captured stderr call -----------------------------
{"event": "http_request", "request_id": "c4a3aa2c-ca3d-403e-baf6-11178964d97f", "method": "POST", "status": 200, "duration_ms": 922.0}
{"event": "http_request", "request_id": "403f543e-ae49-476a-9083-e44f30e84c03", "method": "POST", "status": 200, "duration_ms": 140.0}
{"event": "http_request", "request_id": "04b86912-9b08-4577-b317-88b2a3e4b279", "method": "POST", "status": 200, "duration_ms": 5282.0}
{"event": "http_request", "request_id": "4e8288df-bb4c-4801-9af0-d6cd1b52b16d", "method": "POST", "status": 200, "duration_ms": 12141.0}
{"event": "http_request", "request_id": "67a3b4ba-4f39-43f7-aaaa-985e90211079", "method": "POST", "status": 200, "duration_ms": 109.0}
{"event": "http_request", "request_id": "b5a284b2-30d8-456e-a772-983ee5a1ad45", "method": "POST", "status": 200, "duration_ms": 94.0}
{"event": "http_request", "request_id": "aacf63d6-f525-4c76-878d-77e78d0e1fac", "method": "POST", "status": 200, "duration_ms": 15.0}
{"event": "http_request", "request_id": "f9021679-2a3b-4c57-b52e-19c3c56f4e63", "method": "POST", "status": 200, "duration_ms": 47.0}
------------------------------ Captured log call ------------------------------
INFO     bounded_funds.http:main.py:131 {"event": "http_request", "request_id": "c4a3aa2c-ca3d-403e-baf6-11178964d97f", "method": "POST", "status": 200, "duration_ms": 922.0}
INFO     bounded_funds.http:main.py:131 {"event": "http_request", "request_id": "403f543e-ae49-476a-9083-e44f30e84c03", "method": "POST", "status": 200, "duration_ms": 140.0}
INFO     bounded_funds.http:main.py:131 {"event": "http_request", "request_id": "04b86912-9b08-4577-b317-88b2a3e4b279", "method": "POST", "status": 200, "duration_ms": 5282.0}
INFO     bounded_funds.http:main.py:131 {"event": "http_request", "request_id": "4e8288df-bb4c-4801-9af0-d6cd1b52b16d", "method": "POST", "status": 200, "duration_ms": 12141.0}
INFO     bounded_funds.http:main.py:131 {"event": "http_request", "request_id": "67a3b4ba-4f39-43f7-aaaa-985e90211079", "method": "POST", "status": 200, "duration_ms": 109.0}
INFO     bounded_funds.http:main.py:131 {"event": "http_request", "request_id": "b5a284b2-30d8-456e-a772-983ee5a1ad45", "method": "POST", "status": 200, "duration_ms": 94.0}
INFO     bounded_funds.http:main.py:131 {"event": "http_request", "request_id": "aacf63d6-f525-4c76-878d-77e78d0e1fac", "method": "POST", "status": 200, "duration_ms": 15.0}
INFO     bounded_funds.http:main.py:131 {"event": "http_request", "request_id": "f9021679-2a3b-4c57-b52e-19c3c56f4e63", "method": "POST", "status": 200, "duration_ms": 47.0}
============================== warnings summary ===============================
.venv\Lib\site-packages\fastapi\testclient.py:1
  F:\学校活动\工行杯\钱途有界\bounded-funds\.venv\Lib\site-packages\fastapi\testclient.py:1: StarletteDeprecationWarning: Using `httpx` with `starlette.testclient` is deprecated; install `httpx2` instead.
    from starlette.testclient import TestClient as TestClient  # noqa

-- Docs: https://docs.pytest.org/en/stable/how-to/capture-warnings.html
=========================== short test summary info ===========================
FAILED apps/api/app/tests/test_full_maturity_execution_integration.py::test_actual_mature_whole_user_ask_unknown_key_revoke_recovery_and_tamper
!!!!!!!!!!!!!!!!!!!!!!!!!! stopping after 1 failures !!!!!!!!!!!!!!!!!!!!!!!!!!
1 failed, 1 warning in 396.86s (0:06:36)
