...F..                                                                   [100%]
================================== FAILURES ===================================
_ test_actual_template_reference_and_registered_refusal_continue_original_confirmation _

demo_engine = Engine(postgresql+psycopg://bounded:***@127.0.0.1:54329/bf_test_5ac56c249eb04546acd9f6e11d56d4d4)

    def test_actual_template_reference_and_registered_refusal_continue_original_confirmation(
        demo_engine: Engine,
    ) -> None:
        seed_demo(demo_engine)
        initial_epoch = epoch(demo_engine)
        original = database_snapshot(demo_engine)
        previous = {"$ref": {"step_id": "prepare", "pointer": "/result/proposal_id"}}
        case = Scenario(
            scenario_id="actual-template-pointer-and-refusal",
            purpose="DEVELOPMENT",
            dataset_id="w1-risk-tests",
            family_id="integration-not-frozen",
            initial_state=InitialState(expected_epoch_id=initial_epoch),
            steps=[
                ScenarioStep(
                    step_id="prepare",
                    kind="PREPARE_TEMPLATE",
                    at=NOW,
                    inputs={"kind": "LIQUID_ASSET", "expected_epoch_id": str(initial_epoch)},
                ),
                ScenarioStep(
                    step_id="bad-review",
                    kind="CONFIRM_TEMPLATE",
                    at=NOW + timedelta(seconds=1),
                    inputs={"proposal_id": previous, "reviewed_hash": "0" * 64, "accepted": True},
                    expected_error={"code": "REVIEW_MISMATCH", "status_code": 409},
                ),
                ScenarioStep(
                    step_id="confirm",
                    kind="CONFIRM_TEMPLATE",
                    at=NOW + timedelta(seconds=2),
                    inputs={
                        "proposal_id": previous,
                        "reviewed_hash": {
                            "$ref": {"step_id": "prepare", "pointer": "/result/configuration_hash"}
                        },
                        "accepted": True,
                    },
                ),
            ],
            expected_properties=["BANK_LEDGER_VALID", "AUDIT_VALID"],
        )
        result = ScenarioRunner(demo_engine, DEMO_USER_ID).run(case)
        assert result.status == "EXECUTED" and len(result.steps) == 3
        assert result.steps[1]["expected_error_matched"] is True
        assert result.steps[1]["error"]["code"] == "REVIEW_MISMATCH"
        assert (
            result.steps[2]["resolved_inputs"]["proposal_id"]
            == result.steps[0]["result"]["proposal_id"]
        )
        with Session(demo_engine) as session:
            versions = session.scalars(
                select(PolicyVersion).where(PolicyVersion.user_id == DEMO_USER_ID)
            ).all()
            assert (
                len(versions) == 1
>               and versions[0].configuration_hash == result.steps[0]["result"]["configuration_hash"]
                    ^^^^^^^^^^^^^^^^^^^^^^^^^^^^^^
            )
E           AttributeError: 'PolicyVersion' object has no attribute 'configuration_hash'. Did you mean: 'configuration'?

apps\api\app\tests\test_scenario_runner.py:227: AttributeError
=========================== short test summary info ===========================
FAILED apps/api/app/tests/test_scenario_runner.py::test_actual_template_reference_and_registered_refusal_continue_original_confirmation
1 failed, 5 passed in 78.25s (0:01:18)
