F.............F...                                                       [100%]
================================== FAILURES ===================================
__________ test_realistic_money_scale_does_not_enumerate_every_cent ___________

    def test_realistic_money_scale_does_not_enumerate_every_cent() -> None:
        result = plan_full_assets(request(cash=20000000, cap=20000000))
        assert result.status == "OPTIMAL"
        assert result.search_nodes < 100
>       assert result.net_simulated_yield_cents == 87780
E       AssertionError: assert 86794 == 87780
E        +  where 86794 = FullAssetPlanningResult(algorithm_version='finite-integer-original-product-portfolio-v1', policy_id=UUID('00000000-000...3, funds_use_date=datetime.date(2027, 1, 2), ladder_status='NOT_REQUESTED', reasons=['EXACT_REGISTERED_FINITE_DOMAIN']).net_simulated_yield_cents

apps\api\app\tests\test_full_asset_allocation.py:82: AssertionError
_ test_goal_ladder_matches_distinct_actual_maturities_and_each_batch_authorized_cap _

    def test_goal_ladder_matches_distinct_actual_maturities_and_each_batch_authorized_cap() -> None:
        result = plan_full_assets(goal_request())
>       assert result.status == "OPTIMAL" and result.ladder_status == "MATCHED_MULTI_MATURITY"
E       AssertionError: assert ('UNKNOWN' == 'OPTIMAL'
E         
E         - OPTIMAL
E         + UNKNOWN)

apps\api\app\tests\test_full_asset_allocation.py:232: AssertionError
=========================== short test summary info ===========================
FAILED apps/api/app/tests/test_full_asset_allocation.py::test_realistic_money_scale_does_not_enumerate_every_cent
FAILED apps/api/app/tests/test_full_asset_allocation.py::test_goal_ladder_matches_distinct_actual_maturities_and_each_batch_authorized_cap
2 failed, 16 passed in 11.50s
