apps/api/app/tests/test_boundary_properties.py::test_positive_financial_caps_and_one_cent_excess_against_exhaustive_ledger
apps/api/app/tests/test_boundary_properties.py::test_increasing_protection_never_increases_financial_caps
apps/api/app/tests/test_boundary_properties.py::test_paying_a_protected_bill_reduces_cash_and_debt_together
apps/api/app/tests/test_boundary_properties.py::test_owned_goal_principal_becoming_cash_never_enlarges_general_idle
apps/api/app/tests/test_boundary_properties.py::test_real_goal_contribution_moves_ownership_without_double_protection
apps/api/app/tests/test_boundary_properties.py::test_equivalent_input_permutations_preserve_complete_financial_result_and_hash
apps/api/app/tests/test_boundary_properties.py::test_financial_dto_rejects_future_source_income_and_uncredited_yield
apps/api/app/tests/test_goal_allocation_properties.py::test_positive_maximum_is_safe_and_next_cent_breaks_ledger_or_business_limit
apps/api/app/tests/test_goal_allocation_properties.py::test_missing_one_or_more_new_cents_never_rewrites_monthly_minimum
apps/api/app/tests/test_goal_allocation_properties.py::test_fifo_uses_unique_residual_cents_and_input_permutations_do_not_change_plan
apps/api/app/tests/test_goal_allocation_properties.py::test_current_version_cutoff_does_not_inherit_earlier_income
apps/api/app/tests/test_goal_allocation_properties.py::test_month_rollover_resets_month_total_without_rebuilding_source_balance
apps/api/app/tests/test_asset_allocation_properties.py::test_general_maximum_matches_exhaustive_integer_cash_ledger
apps/api/app/tests/test_asset_allocation_properties.py::test_zero_general_idle_does_not_block_owned_goal_principal_placement
apps/api/app/tests/test_asset_allocation_properties.py::test_one_explicit_exit_per_product_drives_both_safe_dates_and_act365_ranking
apps/api/app/tests/test_asset_allocation_properties.py::test_account_goal_policy_and_product_permutations_preserve_complete_selection_hash
apps/api/app/tests/test_asset_allocation_properties.py::test_yield_changes_ranking_values_without_changing_cash_cap_or_principal_boundary
apps/api/app/tests/test_recovery_properties.py::test_whole_position_sequence_matches_independent_pointwise_improvement_oracle
apps/api/app/tests/test_recovery_properties.py::test_delayed_recovery_keeps_global_minimum_but_can_improve_future_deficit
apps/api/app/tests/test_recovery_properties.py::test_early_return_replaces_original_event_and_ordering_cannot_change_hash
apps/api/app/tests/test_recovery_properties.py::test_goal_principal_and_yield_cannot_fill_the_remaining_general_deficit

21/53 tests collected (32 deselected) in 1.44s
