unformatted: File would be reformatted
  --> apps\api\app\tests\test_full_asset_execution_integration.py:11:27
   |
10 | from app.api.v1 import full_asset_execution as execution_router
   - from app.db.models import Account, ActionPlan, AuditEpoch, BankOperation, EvidenceItem, PolicyVersion
11 + from app.db.models import (
12 +     Account,
13 +     ActionPlan,
14 +     AuditEpoch,
15 +     BankOperation,
16 +     EvidenceItem,
17 +     PolicyVersion,
18 + )
19 | from app.domain.execution_types import BankCommand
   |

unformatted: File would be reformatted
   --> apps\api\app\tests\test_full_asset_execution_service.py:150:41
    |
149 |     with Session() as session, pytest.raises(PolicyLifecycleError) as caught:
    -         store.read_full_asset_execution(
    -             session, UUID(int=1), UUID(int=2), datetime(2026, 10, 5)
    -         )
150 +         store.read_full_asset_execution(session, UUID(int=1), UUID(int=2), datetime(2026, 10, 5))
151 |     assert caught.value.code == "INVALID_CLOCK"
    |

2 files would be reformatted, 1 file already formatted
