F                                                                        [100%]
================================== FAILURES ===================================
_ test_original_full_goal_lookup_keeps_old_receipt_after_change_and_rejects_tamper _

self = <sqlalchemy.engine.base.Connection object at 0x00000163EF000860>
dialect = <sqlalchemy.dialects.postgresql.psycopg.PGDialect_psycopg object at 0x00000163EC8227E0>
context = <sqlalchemy.dialects.postgresql.psycopg.PGExecutionContext_psycopg object at 0x00000163EF000B00>
statement = <sqlalchemy.dialects.postgresql.psycopg.PGCompiler_psycopg object at 0x00000163EF0005F0>
parameters = [{'impact_analysis': Jsonb({'lifecycle_result': {'status': 'AC ... (355 chars)), 'policy_versions_id': UUID('fbb3762e-a0b8-4b70-8682-61473f45f16c')}]

    def _exec_single_context(
        self,
        dialect: Dialect,
        context: ExecutionContext,
        statement: Union[str, Compiled],
        parameters: Optional[_AnyMultiExecuteParams],
    ) -> CursorResult[Unpack[TupleAny]]:
        """continue the _execute_context() method for a single DBAPI
        cursor.execute() or cursor.executemany() call.
    
        """
        if dialect.bind_typing is BindTyping.SETINPUTSIZES:
            generic_setinputsizes = context._prepare_set_input_sizes()
    
            if generic_setinputsizes:
                try:
                    dialect.do_set_input_sizes(
                        context.cursor, generic_setinputsizes, context
                    )
                except BaseException as e:
                    self._handle_dbapi_exception(
                        e, str(statement), parameters, None, context
                    )
    
        cursor, str_statement, parameters = (
            context.cursor,
            context.statement,
            context.parameters,
        )
    
        effective_parameters: Optional[_AnyExecuteParams]
    
        if not context.executemany:
            effective_parameters = parameters[0]
        else:
            effective_parameters = parameters
    
        evt_handled: bool = False
        try:
            if self._has_events or self.engine._has_events:
                for fn in self.dispatch.before_cursor_execute:
                    str_statement, effective_parameters = fn(
                        self,
                        cursor,
                        str_statement,
                        effective_parameters,
                        context,
                        context.executemany,
                    )
    
            if self._echo:
                self._log_info(str_statement)
    
                stats = context._get_cache_stats()
    
                if not self.engine.hide_parameters:
                    self._log_info(
                        "[%s] %r",
                        stats,
                        sql_util._repr_params(
                            effective_parameters,
                            batches=10,
                            ismulti=context.executemany,
                        ),
                    )
                else:
                    self._log_info(
                        "[%s] [SQL parameters hidden due to "
                        "hide_parameters=True]",
                        stats,
                    )
            if context.execute_style is ExecuteStyle.EXECUTEMANY:
                effective_parameters = cast(
                    "_CoreMultiExecuteParams", effective_parameters
                )
                if self.dialect._has_events:
                    for fn in self.dialect.dispatch.do_executemany:
                        if fn(
                            cursor,
                            str_statement,
                            effective_parameters,
                            context,
                        ):
                            evt_handled = True
                            break
                if not evt_handled:
                    self.dialect.do_executemany(
                        cursor,
                        str_statement,
                        effective_parameters,
                        context,
                    )
            elif not effective_parameters and context.no_parameters:
                if self.dialect._has_events:
                    for fn in self.dialect.dispatch.do_execute_no_params:
                        if fn(cursor, str_statement, context):
                            evt_handled = True
                            break
                if not evt_handled:
                    self.dialect.do_execute_no_params(
                        cursor, str_statement, context
                    )
            else:
                effective_parameters = cast(
                    "_CoreSingleExecuteParams", effective_parameters
                )
                if self.dialect._has_events:
                    for fn in self.dialect.dispatch.do_execute:
                        if fn(
                            cursor,
                            str_statement,
                            effective_parameters,
                            context,
                        ):
                            evt_handled = True
                            break
                if not evt_handled:
>                   self.dialect.do_execute(
                        cursor, str_statement, effective_parameters, context
                    )

.venv\Lib\site-packages\sqlalchemy\engine\base.py:1943: 
_ _ _ _ _ _ _ _ _ _ _ _ _ _ _ _ _ _ _ _ _ _ _ _ _ _ _ _ _ _ _ _ _ _ _ _ _ _ _ _
.venv\Lib\site-packages\sqlalchemy\engine\default.py:1192: in do_execute
    cursor.execute(statement, parameters)
_ _ _ _ _ _ _ _ _ _ _ _ _ _ _ _ _ _ _ _ _ _ _ _ _ _ _ _ _ _ _ _ _ _ _ _ _ _ _ _

self = <psycopg.Cursor [closed] [IDLE] (host=127.0.0.1 port=54329 user=bounded database=bf_test_befe74f82d5041b98b895a0bf00fbcfb) at 0x163eeacfd10>
query = 'UPDATE policy_versions SET impact_analysis=%(impact_analysis)s::JSONB WHERE policy_versions.id = %(policy_versions_id)s::UUID'
params = {'impact_analysis': Jsonb({'lifecycle_result': {'status': 'AC ... (355 chars)), 'policy_versions_id': UUID('fbb3762e-a0b8-4b70-8682-61473f45f16c')}
prepare = None, binary = None

    def execute(
        self,
        query: Query,
        params: Params | None = None,
        *,
        prepare: bool | None = None,
        binary: bool | None = None,
    ) -> Self:
        """
        Execute a query or command to the database.
        """
        try:
            with self._conn.lock:
                self._conn.wait(
                    self._execute_gen(query, params, prepare=prepare, binary=binary)
                )
        except e._NO_TRACEBACK as ex:
>           raise ex.with_traceback(None)
E           psycopg.errors.CheckViolation: PolicyVersion is immutable; append a new version
E           CONTEXT:  PL/pgSQL function reject_policy_version_update() line 3 at RAISE

.venv\Lib\site-packages\psycopg\cursor.py:117: CheckViolation

The above exception was the direct cause of the following exception:

goal_client = (<starlette.testclient.TestClient object at 0x00000163ECB2BD40>, Engine(postgresql+psycopg://bounded:***@127.0.0.1:54329/bf_test_befe74f82d5041b98b895a0bf00fbcfb))

    def test_original_full_goal_lookup_keeps_old_receipt_after_change_and_rejects_tamper(
        goal_client: tuple[TestClient, Engine],
    ) -> None:
        client, engine = goal_client
        goal_id, request = confirmed_existing_goal(client, engine)
        request["idempotency_key"] = "goal/original-key"
        url = f"/api/v1/goals/{goal_id}/full-model"
        lookup_url = url + "/commands/by-key/" + quote(request["idempotency_key"], safe="")
        before = physical_snapshot(engine)
        missing = client.get(lookup_url)
        assert missing.status_code == 200
        assert missing.json()["status"] == "NOT_FOUND"
        assert missing.json()["not_found_is_final"] is False
        assert client.get(lookup_url + "?now=2027-01-01").status_code == 422
        assert physical_snapshot(engine) == before
        preview = client.post(
            url + "/preview",
            json={key: request[key] for key in ("configuration", "expected_version_id")},
        )
        assert preview.status_code == 200
        values = preview.json()
        request.update(
            configuration=values["full_configuration"],
            reviewed_full_hash=values["full_configuration_hash"],
            reviewed_base_hash=values["base_configuration_hash"],
            accepted=True,
        )
        confirmed = client.post(url + "/confirm", json=request)
        assert confirmed.status_code == 200
        original_receipt = confirmed.json()
        saved = physical_snapshot(engine)
        first = client.get(lookup_url)
        assert first.status_code == 200, first.text
        result = first.json()
        assert result["status"] == "RECORDED"
        assert result["bank_authority"] is result["receipt_is_current_authority"] is False
        assert result["record"]["original_request"] == request
        assert result["record"]["receipt"] == original_receipt | {"idempotent_replay": True}
        assert client.get(lookup_url).json() == result
        assert client.get(lookup_url + "?user_id=" + str(uuid4())).status_code == 422
        assert client.get(lookup_url.replace(goal_id, str(uuid4()), 1)).status_code == 404
        assert physical_snapshot(engine) == saved
        changed = deepcopy(request)
        changed["expected_version_id"] = original_receipt["lifecycle"]["current_version_id"]
        changed["idempotency_key"] = "goal/later-key"
        changed["configuration"]["deferral_cost_cents_per_day"] += 1
        second_preview = client.post(
            url + "/preview",
            json={key: changed[key] for key in ("configuration", "expected_version_id")},
        )
        assert second_preview.status_code == 200
        changed["configuration"] = second_preview.json()["full_configuration"]
        changed["reviewed_full_hash"] = second_preview.json()["full_configuration_hash"]
        changed["reviewed_base_hash"] = second_preview.json()["base_configuration_hash"]
        assert client.post(url + "/confirm", json=changed).status_code == 200
        after_change = physical_snapshot(engine)
        assert client.get(lookup_url).json() == result
        assert physical_snapshot(engine) == after_change
>       with Session(engine) as session, session.begin():

apps\api\app\tests\test_full_goal_commands_api.py:77: 
_ _ _ _ _ _ _ _ _ _ _ _ _ _ _ _ _ _ _ _ _ _ _ _ _ _ _ _ _ _ _ _ _ _ _ _ _ _ _ _
.venv\Lib\site-packages\sqlalchemy\engine\util.py:144: in __exit__
    with util.safe_reraise():
.venv\Lib\site-packages\sqlalchemy\util\langhelpers.py:166: in __exit__
    raise exc_value.with_traceback(exc_tb)
.venv\Lib\site-packages\sqlalchemy\engine\util.py:142: in __exit__
    self.commit()
<sqlalchemy generated _go() wrapper for sqlalchemy.orm.session.SessionTransaction.commit>:2: in commit
    return target(fn, self, _to_root=_to_root)
           ^^^^^^^^^^^^^^^^^^^^^^^^^^^^^^^^^^^
.venv\Lib\site-packages\sqlalchemy\orm\state_changes.py:137: in _go
    ret_value = fn(self, *arg, **kw)
                ^^^^^^^^^^^^^^^^^^^^
.venv\Lib\site-packages\sqlalchemy\orm\session.py:1330: in commit
    self._prepare_impl()
<sqlalchemy generated _go() wrapper for sqlalchemy.orm.session.SessionTransaction._prepare_impl>:2: in _prepare_impl
    return target(fn, self)
           ^^^^^^^^^^^^^^^^
.venv\Lib\site-packages\sqlalchemy\orm\state_changes.py:137: in _go
    ret_value = fn(self, *arg, **kw)
                ^^^^^^^^^^^^^^^^^^^^
.venv\Lib\site-packages\sqlalchemy\orm\session.py:1304: in _prepare_impl
    self.session.flush()
.venv\Lib\site-packages\sqlalchemy\orm\session.py:4536: in flush
    self._flush(objects)
<sqlalchemy generated warned() wrapper for sqlalchemy.orm.session.Session._flush>:2: in _flush
    return target(fn, self, objects=objects)
           ^^^^^^^^^^^^^^^^^^^^^^^^^^^^^^^^^
.venv\Lib\site-packages\sqlalchemy\util\deprecations.py:281: in warned
    return fn(*args, **kwargs)  # type: ignore[no-any-return]
           ^^^^^^^^^^^^^^^^^^^
.venv\Lib\site-packages\sqlalchemy\orm\session.py:4679: in _flush
    with util.safe_reraise():
.venv\Lib\site-packages\sqlalchemy\util\langhelpers.py:166: in __exit__
    raise exc_value.with_traceback(exc_tb)
.venv\Lib\site-packages\sqlalchemy\orm\session.py:4640: in _flush
    flush_context.execute()
.venv\Lib\site-packages\sqlalchemy\orm\unitofwork.py:467: in execute
    rec.execute(self)
.venv\Lib\site-packages\sqlalchemy\orm\unitofwork.py:643: in execute
    util.preloaded.orm_persistence._save_obj(
.venv\Lib\site-packages\sqlalchemy\orm\persistence.py:84: in _save_obj
    _emit_update_statements(
.venv\Lib\site-packages\sqlalchemy\orm\persistence.py:916: in _emit_update_statements
    c = connection.execute(
.venv\Lib\site-packages\sqlalchemy\engine\base.py:1448: in execute
    return meth(
.venv\Lib\site-packages\sqlalchemy\sql\elements.py:533: in _execute_on_connection
    return connection._execute_clauseelement(
.venv\Lib\site-packages\sqlalchemy\engine\base.py:1668: in _execute_clauseelement
    ret = self._execute_context(
.venv\Lib\site-packages\sqlalchemy\engine\base.py:1822: in _execute_context
    return self._exec_single_context(
.venv\Lib\site-packages\sqlalchemy\engine\base.py:1962: in _exec_single_context
    self._handle_dbapi_exception(
.venv\Lib\site-packages\sqlalchemy\engine\base.py:2332: in _handle_dbapi_exception
    raise sqlalchemy_exception.with_traceback(exc_info[2]) from e
.venv\Lib\site-packages\sqlalchemy\engine\base.py:1943: in _exec_single_context
    self.dialect.do_execute(
.venv\Lib\site-packages\sqlalchemy\engine\default.py:1192: in do_execute
    cursor.execute(statement, parameters)
_ _ _ _ _ _ _ _ _ _ _ _ _ _ _ _ _ _ _ _ _ _ _ _ _ _ _ _ _ _ _ _ _ _ _ _ _ _ _ _

self = <psycopg.Cursor [closed] [IDLE] (host=127.0.0.1 port=54329 user=bounded database=bf_test_befe74f82d5041b98b895a0bf00fbcfb) at 0x163eeacfd10>
query = 'UPDATE policy_versions SET impact_analysis=%(impact_analysis)s::JSONB WHERE policy_versions.id = %(policy_versions_id)s::UUID'
params = {'impact_analysis': Jsonb({'lifecycle_result': {'status': 'AC ... (355 chars)), 'policy_versions_id': UUID('fbb3762e-a0b8-4b70-8682-61473f45f16c')}
prepare = None, binary = None

    def execute(
        self,
        query: Query,
        params: Params | None = None,
        *,
        prepare: bool | None = None,
        binary: bool | None = None,
    ) -> Self:
        """
        Execute a query or command to the database.
        """
        try:
            with self._conn.lock:
                self._conn.wait(
                    self._execute_gen(query, params, prepare=prepare, binary=binary)
                )
        except e._NO_TRACEBACK as ex:
>           raise ex.with_traceback(None)
E           sqlalchemy.exc.IntegrityError: (psycopg.errors.CheckViolation) PolicyVersion is immutable; append a new version
E           CONTEXT:  PL/pgSQL function reject_policy_version_update() line 3 at RAISE
E           [SQL: UPDATE policy_versions SET impact_analysis=%(impact_analysis)s::JSONB WHERE policy_versions.id = %(policy_versions_id)s::UUID]
E           [parameters: {'impact_analysis': Jsonb({'lifecycle_result': {'status': 'AC ... (355 chars)), 'policy_versions_id': UUID('fbb3762e-a0b8-4b70-8682-61473f45f16c')}]
E           (Background on this error at: https://sqlalche.me/e/21/gkpj)

.venv\Lib\site-packages\psycopg\cursor.py:117: IntegrityError
---------------------------- Captured stderr call -----------------------------
{"event": "http_request", "request_id": "52d364a1-bd2e-40ed-b409-2e279eac4c45", "method": "POST", "status": 200, "duration_ms": 63.0}
{"event": "http_request", "request_id": "589e456e-993b-4ad2-bf38-c6ae96924775", "method": "POST", "status": 200, "duration_ms": 78.0}
{"event": "http_request", "request_id": "98886024-2511-42c4-9839-a71806bba74b", "method": "POST", "status": 200, "duration_ms": 250.0}
{"event": "http_request", "request_id": "ffedc894-4748-4f70-a6ee-6147bd20b87f", "method": "GET", "status": 200, "duration_ms": 32.0}
{"event": "http_request", "request_id": "470c9c14-b528-44b6-8019-3580f1f1bc10", "method": "GET", "status": 422, "duration_ms": 0.0}
{"event": "http_request", "request_id": "0e512e1f-927d-4776-aa02-e151ba99e0f1", "method": "POST", "status": 200, "duration_ms": 219.0}
{"event": "http_request", "request_id": "0db38e1b-2afa-45ff-a5c1-0185d8257990", "method": "POST", "status": 200, "duration_ms": 109.0}
{"event": "http_request", "request_id": "d0576f32-bceb-41eb-95ff-06a9dedde24e", "method": "GET", "status": 200, "duration_ms": 62.0}
{"event": "http_request", "request_id": "3ade3658-0576-47dc-b8f5-83d3d6643241", "method": "GET", "status": 200, "duration_ms": 47.0}
{"event": "http_request", "request_id": "2a3c661e-0806-411f-b6ec-dd84495c25ca", "method": "GET", "status": 422, "duration_ms": 0.0}
{"event": "http_request", "request_id": "5e6c3d42-4233-4763-8c53-9f861fc139f0", "method": "GET", "status": 404, "duration_ms": 16.0}
{"event": "http_request", "request_id": "f894ea48-795e-4782-9b9f-e80e608dfc3e", "method": "POST", "status": 200, "duration_ms": 250.0}
{"event": "http_request", "request_id": "274f886f-609d-4075-9548-d8f43371d72c", "method": "POST", "status": 200, "duration_ms": 125.0}
{"event": "http_request", "request_id": "40e1152d-eaf9-4b90-ba7e-9ce7aadc5283", "method": "GET", "status": 200, "duration_ms": 62.0}
------------------------------ Captured log call ------------------------------
INFO     bounded_funds.http:main.py:79 {"event": "http_request", "request_id": "52d364a1-bd2e-40ed-b409-2e279eac4c45", "method": "POST", "status": 200, "duration_ms": 63.0}
INFO     bounded_funds.http:main.py:79 {"event": "http_request", "request_id": "589e456e-993b-4ad2-bf38-c6ae96924775", "method": "POST", "status": 200, "duration_ms": 78.0}
INFO     bounded_funds.http:main.py:79 {"event": "http_request", "request_id": "98886024-2511-42c4-9839-a71806bba74b", "method": "POST", "status": 200, "duration_ms": 250.0}
INFO     bounded_funds.http:main.py:79 {"event": "http_request", "request_id": "ffedc894-4748-4f70-a6ee-6147bd20b87f", "method": "GET", "status": 200, "duration_ms": 32.0}
INFO     bounded_funds.http:main.py:79 {"event": "http_request", "request_id": "470c9c14-b528-44b6-8019-3580f1f1bc10", "method": "GET", "status": 422, "duration_ms": 0.0}
INFO     bounded_funds.http:main.py:79 {"event": "http_request", "request_id": "0e512e1f-927d-4776-aa02-e151ba99e0f1", "method": "POST", "status": 200, "duration_ms": 219.0}
INFO     bounded_funds.http:main.py:79 {"event": "http_request", "request_id": "0db38e1b-2afa-45ff-a5c1-0185d8257990", "method": "POST", "status": 200, "duration_ms": 109.0}
INFO     bounded_funds.http:main.py:79 {"event": "http_request", "request_id": "d0576f32-bceb-41eb-95ff-06a9dedde24e", "method": "GET", "status": 200, "duration_ms": 62.0}
INFO     bounded_funds.http:main.py:79 {"event": "http_request", "request_id": "3ade3658-0576-47dc-b8f5-83d3d6643241", "method": "GET", "status": 200, "duration_ms": 47.0}
INFO     bounded_funds.http:main.py:79 {"event": "http_request", "request_id": "2a3c661e-0806-411f-b6ec-dd84495c25ca", "method": "GET", "status": 422, "duration_ms": 0.0}
INFO     bounded_funds.http:main.py:79 {"event": "http_request", "request_id": "5e6c3d42-4233-4763-8c53-9f861fc139f0", "method": "GET", "status": 404, "duration_ms": 16.0}
INFO     bounded_funds.http:main.py:79 {"event": "http_request", "request_id": "f894ea48-795e-4782-9b9f-e80e608dfc3e", "method": "POST", "status": 200, "duration_ms": 250.0}
INFO     bounded_funds.http:main.py:79 {"event": "http_request", "request_id": "274f886f-609d-4075-9548-d8f43371d72c", "method": "POST", "status": 200, "duration_ms": 125.0}
INFO     bounded_funds.http:main.py:79 {"event": "http_request", "request_id": "40e1152d-eaf9-4b90-ba7e-9ce7aadc5283", "method": "GET", "status": 200, "duration_ms": 62.0}
============================== warnings summary ===============================
.venv\Lib\site-packages\fastapi\testclient.py:1
  F:\学校活动\工行杯\钱途有界\bounded-funds\.venv\Lib\site-packages\fastapi\testclient.py:1: StarletteDeprecationWarning: Using `httpx` with `starlette.testclient` is deprecated; install `httpx2` instead.
    from starlette.testclient import TestClient as TestClient  # noqa

-- Docs: https://docs.pytest.org/en/stable/how-to/capture-warnings.html
=========================== short test summary info ===========================
FAILED apps/api/app/tests/test_full_goal_commands_api.py::test_original_full_goal_lookup_keeps_old_receipt_after_change_and_rejects_tamper
1 failed, 1 warning in 7.61s
