24-bookworm-slim: Pulling from library/node
a0498254f698: Pulling fs layer
eab09f3e3981: Pulling fs layer
1c473ca5523b: Pulling fs layer
774043ccc8cc: Pulling fs layer
2a11efab3191: Pulling fs layer
92d1ac168531: Download complete
a0498254f698: Download complete
eab09f3e3981: Download complete
2a11efab3191: Download complete
17ce047f8267: Download complete
774043ccc8cc: Download complete
eab09f3e3981: Pull complete
774043ccc8cc: Pull complete
1c473ca5523b: Download complete
a0498254f698: Pull complete
2a11efab3191: Pull complete
1c473ca5523b: Pull complete
Digest: sha256:0e0ff40c39bc087845bfb27465a0df4ea419520094bc35842ff83dd8cbe6f9b6
Status: Downloaded newer image for node:24-bookworm-slim
docker.io/library/node:24-bookworm-slim
