I001 [*] Import block is un-sorted or un-formatted
  --> apps\api\app\main.py:1:1
   |
 1 | / import json
 2 | | import logging
 3 | | from time import monotonic
 4 | | from typing import Literal
 5 | | from uuid import uuid4
 6 | |
 7 | | from fastapi import FastAPI, Request, Response
 8 | | from fastapi.exceptions import RequestValidationError
 9 | | from fastapi.responses import JSONResponse
10 | | from pydantic import BaseModel
11 | | from starlette.exceptions import HTTPException
12 | | from starlette.middleware.base import RequestResponseEndpoint
13 | |
14 | | from app.api.errors import (
15 | |     ErrorEnvelope,
16 | |     error_response,
17 | |     http_error_handler,
18 | |     validation_error_handler,
19 | | )
20 | | from app.api.v1.accounts import router as account_router
21 | | from app.api.v1.actions import router as action_router
22 | | from app.api.v1.assets import router as asset_router
23 | | from app.api.v1.audit import router as audit_router
24 | | from app.api.v1.autonomy_envelope import router as autonomy_envelope_router
25 | | from app.api.v1.boundary import router as boundary_router
26 | | from app.api.v1.boundary_action_events import router as boundary_action_events_router
27 | | from app.api.v1.boundary_difference import router as boundary_difference_router
28 | | from app.api.v1.dashboard import router as dashboard_router
29 | | from app.api.v1.decisions import router as decision_router
30 | | from app.api.v1.delivery import router as delivery_router
31 | | from app.api.v1.demo import router as demo_router
32 | | from app.api.v1.dynamic_goal_reserve import router as dynamic_goal_reserve_router
33 | | from app.api.v1.evidence import router as evidence_router
34 | | from app.api.v1.finite_uncertainty import router as finite_uncertainty_router
35 | | from app.api.v1.full_asset_allocation import router as full_asset_allocation_router
36 | | from app.api.v1.full_goal_commands import router as full_goal_command_router
37 | | from app.api.v1.full_goals import router as full_goal_router
38 | | from app.api.v1.full_joint_goal_planning import router as full_joint_goal_router
39 | | from app.api.v1.full_policies import router as full_policy_router
40 | | from app.api.v1.full_protection_projection import router as full_protection_router
41 | | from app.api.v1.full_recovery_planning import router as full_recovery_planning_router
42 | | from app.api.v1.full_reconciliation import router as full_reconciliation_router
43 | | from app.api.v1.goals import router as goal_router
44 | | from app.api.v1.living_reserve import router as reserve_router
45 | | from app.api.v1.planning import router as planning_router
46 | | from app.api.v1.policies import router as policy_router
47 | | from app.api.v1.policy_preview import router as policy_preview_router
48 | | from app.api.v1.policy_suggestions import router as policy_suggestion_router
49 | | from app.api.v1.policy_templates import router as policy_template_router
50 | | from app.api.v1.product_catalog import router as product_catalog_router
51 | | from app.api.v1.question_workflow import router as question_workflow_router
52 | | from app.api.v1.recovery import router as recovery_router
53 | | from app.api.v1.transaction_category import router as transaction_category_router
54 | | from app.api.v1.user_policy_declaration import router as user_policy_declaration_router
55 | | from app.services.policy_lifecycle import PolicyLifecycleError
   | |______________________________________________________________^
56 |
57 |   logger = logging.getLogger("bounded_funds.http")
   |
help: Organize imports
   |
40 | from app.api.v1.full_protection_projection import router as full_protection_router
41 + from app.api.v1.full_reconciliation import router as full_reconciliation_router
42 | from app.api.v1.full_recovery_planning import router as full_recovery_planning_router
   - from app.api.v1.full_reconciliation import router as full_reconciliation_router
43 | from app.api.v1.goals import router as goal_router
   |

Found 1 error.
[*] 1 fixable with the `--fix` option.
