.............F..................                                         [100%]
================================== FAILURES ===================================
_ test_asset_changed_scope_and_missing_original_confirmation_cannot_borrow_current_exposure _

    def test_asset_changed_scope_and_missing_original_confirmation_cannot_borrow_current_exposure() -> (
        None
    ):
>       request = asset_request(cash=10000)
                  ^^^^^^^^^^^^^^^^^^^^^^^^^

apps\api\app\tests\test_full_policy_change_multi.py:296: 
_ _ _ _ _ _ _ _ _ _ _ _ _ _ _ _ _ _ _ _ _ _ _ _ _ _ _ _ _ _ _ _ _ _ _ _ _ _ _ _

products = [AssetProductTerms(product_id=UUID('00000000-0000-0000-0000-00000000000a'), product_code='P10', version_number=2, asse...crual': 'UNTIL_REDEMPTION_REQUEST'}}, terms_digest='fa4b044c629376954cd3db2ff98e618fe897f480099811e6374f3bf76ac3e90e')]
cash = 10000, cap = 1000000, changes = {}

    def request(
        products: list[AssetProductTerms] | None = None,
        *,
        cash: int = 1000000,
        cap: int = 1000000,
        **changes: Any,
    ) -> FullAssetPlanningInput:
        products = [product(10), product(11, delay=1, bps=180)] if products is None else products
        return FullAssetPlanningInput(
            **{
                "snapshot": snapshot(cash).model_copy(update={"horizon_days": 365}),
                "boundary_versions": [],
                "positions": [],
                "boundary_products": financial_products(products),
                "products": products,
                "exposure": exposure(),
                "policy_id": UUID(int=2),
                "policy_version_id": UUID(int=3),
>               "configuration": AssetAuthorizationPolicy(
                    type="asset_authorization",
                    scope="general_idle_funds",
                    allowed_asset_classes=[
                        "CASH",
                        "CASH_MGMT_T0",
                        "CASH_MGMT_T1",
                        "FIXED_DEPOSIT_7D",
                        "FIXED_DEPOSIT_30D",
                        "FIXED_DEPOSIT_90D",
                        "LOW_RISK_TERM",
                    ],
                    max_auto_managed_cents=cash,
                    single_action_cap_cents=cap,
                    max_lock_days=365,
                    max_redemption_delay_days=1,
                    allow_auto_recovery_without_penalty=True,
                ),
                "planning_confirmation_valid": True,
                "confirmed_at": NOW - timedelta(days=1),
                "valid_from": NOW - timedelta(days=1),
                **changes,
            }
        )
E       pydantic_core._pydantic_core.ValidationError: 1 validation error for AssetAuthorizationPolicy
E         Value error, single_action_cap_cents must not exceed max_auto_managed_cents [type=value_error, input_value={'type': 'asset_authoriza..._without_penalty': True}, input_type=dict]
E           For further information visit https://errors.pydantic.dev/2.13/v/value_error

apps\api\app\tests\test_full_asset_allocation.py:45: ValidationError
============================== warnings summary ===============================
.venv\Lib\site-packages\fastapi\testclient.py:1
  F:\学校活动\工行杯\钱途有界\bounded-funds\.venv\Lib\site-packages\fastapi\testclient.py:1: StarletteDeprecationWarning: Using `httpx` with `starlette.testclient` is deprecated; install `httpx2` instead.
    from starlette.testclient import TestClient as TestClient  # noqa

-- Docs: https://docs.pytest.org/en/stable/how-to/capture-warnings.html
=========================== short test summary info ===========================
FAILED apps/api/app/tests/test_full_policy_change_multi.py::test_asset_changed_scope_and_missing_original_confirmation_cannot_borrow_current_exposure
1 failed, 31 passed, 1 warning in 13.17s
