F..........F............                                                 [100%]
================================== FAILURES ===================================
___ test_whole_t0_50000_ask_preserves_old_scope_and_never_claims_authority ____
apps\api\app\tests\test_full_action_set_recovery_producers.py:427: in test_whole_t0_50000_ask_preserves_old_scope_and_never_claims_authority
    assert item.view.state == "INCLUDED" and item.view.amount_cents == 50000
E   AssertionError: assert ('EXCLUDED' == 'INCLUDED'
E     
E     - INCLUDED
E     ? ^^
E     + EXCLUDED
E     ? ^^)
_ test_missing_or_changed_originals_are_unknown_and_do_not_clear_missing_family[expired_quote] _
apps\api\app\tests\test_full_action_set_recovery_producers.py:537: in test_missing_or_changed_originals_are_unknown_and_do_not_clear_missing_family
    result = derive_recovery_producers(changed(fixture(), mutation))
                                       ^^^^^^^^^^^^^^^^^^^^^^^^^^^^
apps\api\app\tests\test_full_action_set_recovery_producers.py:418: in changed
    return RecoveryActionSetInput.model_validate_json(json.dumps(raw))
           ^^^^^^^^^^^^^^^^^^^^^^^^^^^^^^^^^^^^^^^^^^^^^^^^^^^^^^^^^^^
E   pydantic_core._pydantic_core.ValidationError: 1 validation error for RecoveryActionSetInput
E   producers.0.planning_inputs.holdings.0.original.quote
E     Value error, Recovery quote times must be ordered [type=value_error, input_value={'evidence_ids': ['000000...6-10-04T08:00:00+00:00'}, input_type=dict]
E       For further information visit https://errors.pydantic.dev/2.13/v/value_error
============================== warnings summary ===============================
.venv\Lib\site-packages\fastapi\testclient.py:1
  F:\学校活动\工行杯\钱途有界\bounded-funds\.venv\Lib\site-packages\fastapi\testclient.py:1: StarletteDeprecationWarning: Using `httpx` with `starlette.testclient` is deprecated; install `httpx2` instead.
    from starlette.testclient import TestClient as TestClient  # noqa

.venv\Lib\site-packages\_pytest\cacheprovider.py:469
  F:\学校活动\工行杯\钱途有界\bounded-funds\.venv\Lib\site-packages\_pytest\cacheprovider.py:469: PytestCacheWarning: could not create cache path F:\学校活动\工行杯\钱途有界\bounded-funds\.pytest_cache\v\cache\nodeids: [WinError 5] 拒绝访问。: 'F:\\学校活动\\工行杯\\钱途有界\\bounded-funds\\.pytest_cache\\v\\cache'
    config.cache.set("cache/nodeids", sorted(self.cached_nodeids))

.venv\Lib\site-packages\_pytest\cacheprovider.py:423
  F:\学校活动\工行杯\钱途有界\bounded-funds\.venv\Lib\site-packages\_pytest\cacheprovider.py:423: PytestCacheWarning: could not create cache path F:\学校活动\工行杯\钱途有界\bounded-funds\.pytest_cache\v\cache\lastfailed: [WinError 5] 拒绝访问。: 'F:\\学校活动\\工行杯\\钱途有界\\bounded-funds\\.pytest_cache\\v\\cache'
    config.cache.set("cache/lastfailed", self.lastfailed)

-- Docs: https://docs.pytest.org/en/stable/how-to/capture-warnings.html
=========================== short test summary info ===========================
FAILED apps/api/app/tests/test_full_action_set_recovery_producers.py::test_whole_t0_50000_ask_preserves_old_scope_and_never_claims_authority
FAILED apps/api/app/tests/test_full_action_set_recovery_producers.py::test_missing_or_changed_originals_are_unknown_and_do_not_clear_missing_family[expired_quote]
2 failed, 22 passed, 3 warnings in 47.20s
