.......FF.F.F                                                            [100%]
================================== FAILURES ===================================
___ test_b3_actual_original_confirmation_binds_registered_actor_and_effect ____

boundary_engine = Engine(postgresql+psycopg://bounded:***@127.0.0.1:54329/bf_test_fa4faf60c3284fa49ecb8018b5d6c957)

    def test_b3_actual_original_confirmation_binds_registered_actor_and_effect(
        boundary_engine: Engine,
    ) -> None:
        reg = Registration(boundary_engine, "B3")
        prepared = reg.prepare()
        assert prepared["outcome"] == "PREPARED"
        response, later = prepared["response"], reg.context_at(1)
        before_cash = {
            row["id"]: row["balance_cents"] for row in json.loads(snapshot(boundary_engine))["accounts"]
        }
        review = reg.review(response, later)
>       result = record_confirmation(
            later,
            reg.provider.confirm_arm_action(
                later, response["action_id"], response["effect_hash"], review
            ),
            response["action_id"],
            response["effect_hash"],
        )

apps\api\app\tests\test_experiment_arms.py:462: 
_ _ _ _ _ _ _ _ _ _ _ _ _ _ _ _ _ _ _ _ _ _ _ _ _ _ _ _ _ _ _ _ _ _ _ _ _ _ _ _
scripts\mvp_arm_executor.py:828: in record_confirmation
    _check(
_ _ _ _ _ _ _ _ _ _ _ _ _ _ _ _ _ _ _ _ _ _ _ _ _ _ _ _ _ _ _ _ _ _ _ _ _ _ _ _

condition = False
reason = 'Exact original action confirmation time/validity differs'

    def _check(condition: bool, reason: str) -> None:
        if not condition:
>           raise ObservationError(reason)
E           scripts.mvp_observations.ObservationError: Exact original action confirmation time/validity differs

scripts\mvp_arm_executor.py:53: ObservationError
____ test_original_bank_commit_response_loss_stays_unknown_with_same_hash _____

boundary_engine = Engine(postgresql+psycopg://bounded:***@127.0.0.1:54329/bf_test_f40db5ad2f8647ca90235f4dd49a8e62)
monkeypatch = <_pytest.monkeypatch.MonkeyPatch object at 0x000001A50E87B1D0>

    def test_original_bank_commit_response_loss_stays_unknown_with_same_hash(
        boundary_engine: Engine, monkeypatch: pytest.MonkeyPatch
    ) -> None:
        reg = Registration(boundary_engine, "P")
        prepared = reg.prepare()
        assert prepared["outcome"] == "PREPARED"
        identity = UUID(prepared["response"]["action_id"])
        digest_before = prepared["response"]["effect_hash"]
    
        def lost_after_original_bank_commit(engine: Engine, user: UUID, action: UUID, now: Any) -> Any:
            result = process_operation(engine, user, action, now)
            assert result.action_id == action
            raise ConnectionError("ROOT_RISK_ONLY_LOSS_AFTER_REAL_BANK_COMMIT")
    
        monkeypatch.setattr(execution, "process_operation", lost_after_original_bank_commit)
        later = reg.context_at(1)
        capture = reg.provider.execute_arm_action(later, str(identity))
        result = record_execution(later, capture, str(identity), digest_before)
        assert result["action_status"] == "UNKNOWN" and result["censored"] is True
        assert result["economic_execution_verified"] is False
        with Session(boundary_engine) as session:
            banks = list(
                session.scalars(select(BankOperation).where(BankOperation.action_plan_id == identity))
            )
>           assert len(banks) == 1 and banks[0].status == "SUCCEEDED"
E           AssertionError: assert (1 == 1 and 'SETTLED' == 'SUCCEEDED'
E            +  where 1 = len([<app.db.models.BankOperation object at 0x000001A50DE6C920>])
E             
E             - SUCCEEDED
E             + SETTLED)

apps\api\app\tests\test_experiment_arms.py:511: AssertionError
_ test_real_funding_income_is_used_for_new_effect_without_fabricated_fragment _

boundary_engine = Engine(postgresql+psycopg://bounded:***@127.0.0.1:54329/bf_test_84d1acb7043346e582f0afd9f3d2dccb)

    def test_real_funding_income_is_used_for_new_effect_without_fabricated_fragment(
        boundary_engine: Engine,
    ) -> None:
        reg = Registration(boundary_engine, amount=10000)
        with Session(boundary_engine) as session, session.begin():
            source_ledger(session, available_cents=100000)
            ledger = read_income_state(session, DEMO_USER_ID, SEED_AS_OF).ledger
            available = {
                fragment.fragment_id: fragment.available_cents for fragment in ledger.fragments
            }
        prepared = reg.prepare()
>       assert prepared["outcome"] == "PREPARED"
E       AssertionError: assert 'COMMON_GATEWAY_REJECTED' == 'PREPARED'
E         
E         - PREPARED
E         + COMMON_GATEWAY_REJECTED

apps\api\app\tests\test_experiment_arms.py:582: AssertionError
_____ test_real_bank_commit_projection_failure_preserves_original_unknown _____

boundary_engine = Engine(postgresql+psycopg://bounded:***@127.0.0.1:54329/bf_test_4537f67ff69e4d6c88ae677b2a97e9c3)
monkeypatch = <_pytest.monkeypatch.MonkeyPatch object at 0x000001A50E4031D0>

    def test_real_bank_commit_projection_failure_preserves_original_unknown(
        boundary_engine: Engine, monkeypatch: pytest.MonkeyPatch
    ) -> None:
        reg = Registration(boundary_engine, "P")
        prepared = reg.prepare()
        assert prepared["outcome"] == "PREPARED"
        action = UUID(prepared["response"]["action_id"])
        effect_hash = prepared["response"]["effect_hash"]
        before_cash = {
            row["id"]: row["balance_cents"] for row in json.loads(snapshot(boundary_engine))["accounts"]
        }
    
        def fail_original_projection(session: Session, operation: Any, now: Any) -> Any:
            # Actual phase-2 independent transaction exists before phase 3 fails.
            with Session(boundary_engine) as independent:
                committed = independent.get(BankOperation, operation.id)
                assert committed is not None and committed.status == "SUCCEEDED"
                assert committed.request["effect_hash"] == effect_hash
            raise RuntimeError("ROOT_RISK_ONLY_ORIGINAL_PROJECTION_FAILURE_AFTER_BANK_COMMIT")
    
        monkeypatch.setattr(execution, "project_execution", fail_original_projection)
        later = reg.context_at(1)
        capture = reg.provider.execute_arm_action(later, str(action))
        result = record_execution(later, capture, str(action), effect_hash)
        assert result["action_status"] == "UNKNOWN" and result["censored"] is True
        with Session(boundary_engine) as session:
            banks = list(
                session.scalars(select(BankOperation).where(BankOperation.action_plan_id == action))
            )
>           assert len(banks) == 1 and banks[0].status == "SUCCEEDED"
E           AssertionError: assert (1 == 1 and 'SETTLED' == 'SUCCEEDED'
E            +  where 1 = len([<app.db.models.BankOperation object at 0x000001A50D799BB0>])
E             
E             - SUCCEEDED
E             + SETTLED)

apps\api\app\tests\test_experiment_arms.py:641: AssertionError
=========================== short test summary info ===========================
FAILED apps/api/app/tests/test_experiment_arms.py::test_b3_actual_original_confirmation_binds_registered_actor_and_effect
FAILED apps/api/app/tests/test_experiment_arms.py::test_original_bank_commit_response_loss_stays_unknown_with_same_hash
FAILED apps/api/app/tests/test_experiment_arms.py::test_real_funding_income_is_used_for_new_effect_without_fabricated_fragment
FAILED apps/api/app/tests/test_experiment_arms.py::test_real_bank_commit_projection_failure_preserves_original_unknown
4 failed, 9 passed in 241.58s (0:04:01)
