I001 [*] Import block is un-sorted or un-formatted
  --> apps\api\app\workers\question_interventions.py:3:1
   |
 1 |   """Explicit notification recovery process; no automatic delivery or finance."""
 2 |
 3 | / import argparse
 4 | | import json
 5 | | from datetime import UTC, datetime
 6 | | from threading import Event
 7 | | from uuid import UUID
 8 | |
 9 | | from app.db.settings import DatabaseSettings
10 | | from app.services.question_intervention_recovery import recover_current_question_notifications
11 | | from sqlalchemy import create_engine
   | |____________________________________^
help: Organize imports
   |
8  |
9  + from sqlalchemy import create_engine
10 +
11 | from app.db.settings import DatabaseSettings
12 | from app.services.question_intervention_recovery import recover_current_question_notifications
   - from sqlalchemy import create_engine
13 |
   |

Found 1 error.
[*] 1 fixable with the `--fix` option.
