F401 [*] `typing.Annotated` imported but unused
 --> apps\api\app\domain\full_policy_change_multi.py:4:20
  |
3 | from datetime import datetime, timedelta
4 | from typing import Annotated, Any, Literal
  |                    ^^^^^^^^^
5 | from uuid import UUID
6 | from zoneinfo import ZoneInfo
  |
help: Remove unused import: `typing.Annotated`
  |
3 | from datetime import datetime, timedelta
  - from typing import Annotated, Any, Literal
4 + from typing import Any, Literal
5 | from uuid import UUID
  |

F401 [*] `app.db.models.Policy` imported but unused
  --> apps\api\app\services\full_policy_change_multi.py:8:59
   |
 6 | from zoneinfo import ZoneInfo
 7 |
 8 | from app.db.models import ActionPlan, EvidenceItem, Goal, Policy, PolicyVersion, User
   |                                                           ^^^^^^
 9 | from app.domain.asset_exposure import AssetExposure
10 | from app.domain.boundary_types import BoundaryModel
   |
help: Remove unused import: `app.db.models.Policy`
  |
7 |
  - from app.db.models import ActionPlan, EvidenceItem, Goal, Policy, PolicyVersion, User
8 + from app.db.models import ActionPlan, EvidenceItem, Goal, PolicyVersion, User
9 | from app.domain.asset_exposure import AssetExposure
  |

Found 2 errors.
[*] 2 fixable with the `--fix` option.
