apps/web/src/api/registered-action-set.ts(37,28): error TS2339: Property 'expected_full_policy_ids' does not exist on type 'Family'.
  Property 'expected_full_policy_ids' does not exist on type '{ algorithm_version: "full-policy-joint-action-producers-v1"; simulation: true; bank_authority: false; grants_authority: false; financial_write: false; full_global_adapter_installed: false; ... 18 more ...; result_hash: string; }'.
apps/web/src/api/registered-action-set.ts(37,63): error TS2339: Property 'original_authorization_source_ids' does not exist on type 'Family'.
  Property 'original_authorization_source_ids' does not exist on type '{ algorithm_version: "full-policy-joint-action-producers-v1"; simulation: true; bank_authority: false; grants_authority: false; financial_write: false; full_global_adapter_installed: false; ... 18 more ...; result_hash: string; }'.
apps/web/src/api/registered-action-set.ts(37,110): error TS2339: Property 'release_family_complete' does not exist on type 'Family'.
  Property 'release_family_complete' does not exist on type '{ algorithm_version: "full-policy-joint-action-producers-v1"; simulation: true; bank_authority: false; grants_authority: false; financial_write: false; full_global_adapter_installed: false; ... 18 more ...; result_hash: string; }'.
apps/web/src/api/registered-action-set.ts(37,167): error TS2339: Property 'release_family_complete' does not exist on type 'Family'.
  Property 'release_family_complete' does not exist on type '{ algorithm_version: "full-policy-joint-action-producers-v1"; simulation: true; bank_authority: false; grants_authority: false; financial_write: false; full_global_adapter_installed: false; ... 18 more ...; result_hash: string; }'.
apps/web/src/api/registered-action-set.ts(38,28): error TS2339: Property 'expected_goal_ids' does not exist on type 'Family'.
  Property 'expected_goal_ids' does not exist on type '{ algorithm_version: "full-policy-release-action-producers-v1"; simulation: true; bank_authority: false; grants_authority: false; financial_write: false; full_global_adapter_installed: false; ... 17 more ...; reasons: string[]; }'.
apps/web/src/api/registered-action-set.ts(38,59): error TS2339: Property 'joint_family_complete' does not exist on type 'Family'.
  Property 'joint_family_complete' does not exist on type '{ algorithm_version: "full-policy-release-action-producers-v1"; simulation: true; bank_authority: false; grants_authority: false; financial_write: false; full_global_adapter_installed: false; ... 17 more ...; reasons: string[]; }'.
apps/web/src/api/registered-action-set.ts(38,114): error TS2339: Property 'joint_family_complete' does not exist on type 'Family'.
  Property 'joint_family_complete' does not exist on type '{ algorithm_version: "full-policy-release-action-producers-v1"; simulation: true; bank_authority: false; grants_authority: false; financial_write: false; full_global_adapter_installed: false; ... 17 more ...; reasons: string[]; }'.
apps/web/src/api/registered-action-set.ts(38,191): error TS2339: Property 'current_joint_execution' does not exist on type 'Family'.
  Property 'current_joint_execution' does not exist on type '{ algorithm_version: "full-policy-release-action-producers-v1"; simulation: true; bank_authority: false; grants_authority: false; financial_write: false; full_global_adapter_installed: false; ... 17 more ...; reasons: string[]; }'.
apps/web/src/api/registered-action-set.ts(38,253): error TS2339: Property 'different_allocation_execution' does not exist on type 'Family'.
  Property 'different_allocation_execution' does not exist on type '{ algorithm_version: "full-policy-release-action-producers-v1"; simulation: true; bank_authority: false; grants_authority: false; financial_write: false; full_global_adapter_installed: false; ... 17 more ...; reasons: string[]; }'.
apps/web/src/api/registered-action-set.ts(44,42): error TS2339: Property 'full_policy_id' does not exist on type '{ candidate_key: string; full_policy_id: string; source_goal_id: string; destination_account_id: string; view: { candidate_key: string; state: "UNKNOWN" | "INCLUDED" | "EXCLUDED"; action_type: string | null; amount_cents: number | null; autonomy_level: string | null; signature: string | null; reasons: string[]; }; u...'.
  Property 'full_policy_id' does not exist on type '{ candidate_key: string; goal_id: string; view: { candidate_key: string; state: "UNKNOWN" | "INCLUDED" | "EXCLUDED"; action_type: string | null; amount_cents: number | null; autonomy_level: string | null; signature: string | null; reasons: string[]; }; shadow_original_candidate_key?: string | ... 1 more ... | undefi...'.
apps/web/src/api/registered-action-set.ts(44,77): error TS2339: Property 'source_goal_id' does not exist on type '{ candidate_key: string; full_policy_id: string; source_goal_id: string; destination_account_id: string; view: { candidate_key: string; state: "UNKNOWN" | "INCLUDED" | "EXCLUDED"; action_type: string | null; amount_cents: number | null; autonomy_level: string | null; signature: string | null; reasons: string[]; }; u...'.
  Property 'source_goal_id' does not exist on type '{ candidate_key: string; goal_id: string; view: { candidate_key: string; state: "UNKNOWN" | "INCLUDED" | "EXCLUDED"; action_type: string | null; amount_cents: number | null; autonomy_level: string | null; signature: string | null; reasons: string[]; }; shadow_original_candidate_key?: string | ... 1 more ... | undefi...'.
apps/web/src/api/registered-action-set.ts(44,112): error TS2339: Property 'destination_account_id' does not exist on type '{ candidate_key: string; full_policy_id: string; source_goal_id: string; destination_account_id: string; view: { candidate_key: string; state: "UNKNOWN" | "INCLUDED" | "EXCLUDED"; action_type: string | null; amount_cents: number | null; autonomy_level: string | null; signature: string | null; reasons: string[]; }; u...'.
  Property 'destination_account_id' does not exist on type '{ candidate_key: string; goal_id: string; view: { candidate_key: string; state: "UNKNOWN" | "INCLUDED" | "EXCLUDED"; action_type: string | null; amount_cents: number | null; autonomy_level: string | null; signature: string | null; reasons: string[]; }; shadow_original_candidate_key?: string | ... 1 more ... | undefi...'.
apps/web/src/api/registered-action-set.ts(44,181): error TS2339: Property 'full_policy_id' does not exist on type '{ candidate_key: string; full_policy_id: string; source_goal_id: string; destination_account_id: string; view: { candidate_key: string; state: "UNKNOWN" | "INCLUDED" | "EXCLUDED"; action_type: string | null; amount_cents: number | null; autonomy_level: string | null; signature: string | null; reasons: string[]; }; u...'.
  Property 'full_policy_id' does not exist on type '{ candidate_key: string; goal_id: string; view: { candidate_key: string; state: "UNKNOWN" | "INCLUDED" | "EXCLUDED"; action_type: string | null; amount_cents: number | null; autonomy_level: string | null; signature: string | null; reasons: string[]; }; shadow_original_candidate_key?: string | ... 1 more ... | undefi...'.
apps/web/src/api/registered-action-set.ts(44,203): error TS2339: Property 'source_goal_id' does not exist on type '{ candidate_key: string; full_policy_id: string; source_goal_id: string; destination_account_id: string; view: { candidate_key: string; state: "UNKNOWN" | "INCLUDED" | "EXCLUDED"; action_type: string | null; amount_cents: number | null; autonomy_level: string | null; signature: string | null; reasons: string[]; }; u...'.
  Property 'source_goal_id' does not exist on type '{ candidate_key: string; goal_id: string; view: { candidate_key: string; state: "UNKNOWN" | "INCLUDED" | "EXCLUDED"; action_type: string | null; amount_cents: number | null; autonomy_level: string | null; signature: string | null; reasons: string[]; }; shadow_original_candidate_key?: string | ... 1 more ... | undefi...'.
apps/web/src/api/registered-action-set.ts(44,225): error TS2339: Property 'destination_account_id' does not exist on type '{ candidate_key: string; full_policy_id: string; source_goal_id: string; destination_account_id: string; view: { candidate_key: string; state: "UNKNOWN" | "INCLUDED" | "EXCLUDED"; action_type: string | null; amount_cents: number | null; autonomy_level: string | null; signature: string | null; reasons: string[]; }; u...'.
  Property 'destination_account_id' does not exist on type '{ candidate_key: string; goal_id: string; view: { candidate_key: string; state: "UNKNOWN" | "INCLUDED" | "EXCLUDED"; action_type: string | null; amount_cents: number | null; autonomy_level: string | null; signature: string | null; reasons: string[]; }; shadow_original_candidate_key?: string | ... 1 more ... | undefi...'.
apps/web/src/api/registered-action-set.ts(44,335): error TS2339: Property 'expected_full_policy_ids' does not exist on type 'Family'.
  Property 'expected_full_policy_ids' does not exist on type '{ algorithm_version: "full-policy-joint-action-producers-v1"; simulation: true; bank_authority: false; grants_authority: false; financial_write: false; full_global_adapter_installed: false; ... 18 more ...; result_hash: string; }'.
apps/web/src/api/registered-action-set.ts(44,373): error TS2339: Property 'full_policy_id' does not exist on type '{ candidate_key: string; full_policy_id: string; source_goal_id: string; destination_account_id: string; view: { candidate_key: string; state: "UNKNOWN" | "INCLUDED" | "EXCLUDED"; action_type: string | null; amount_cents: number | null; autonomy_level: string | null; signature: string | null; reasons: string[]; }; u...'.
  Property 'full_policy_id' does not exist on type '{ candidate_key: string; goal_id: string; view: { candidate_key: string; state: "UNKNOWN" | "INCLUDED" | "EXCLUDED"; action_type: string | null; amount_cents: number | null; autonomy_level: string | null; signature: string | null; reasons: string[]; }; shadow_original_candidate_key?: string | ... 1 more ... | undefi...'.
apps/web/src/api/registered-action-set.ts(44,508): error TS2339: Property 'requires_new_exact_user_confirmation' does not exist on type '{ candidate_key: string; full_policy_id: string; source_goal_id: string; destination_account_id: string; view: { candidate_key: string; state: "UNKNOWN" | "INCLUDED" | "EXCLUDED"; action_type: string | null; amount_cents: number | null; autonomy_level: string | null; signature: string | null; reasons: string[]; }; u...'.
  Property 'requires_new_exact_user_confirmation' does not exist on type '{ candidate_key: string; goal_id: string; view: { candidate_key: string; state: "UNKNOWN" | "INCLUDED" | "EXCLUDED"; action_type: string | null; amount_cents: number | null; autonomy_level: string | null; signature: string | null; reasons: string[]; }; shadow_original_candidate_key?: string | ... 1 more ... | undefi...'.
apps/web/src/api/registered-action-set.ts(44,565): error TS2339: Property 'unresolved_original_action_ids' does not exist on type '{ candidate_key: string; full_policy_id: string; source_goal_id: string; destination_account_id: string; view: { candidate_key: string; state: "UNKNOWN" | "INCLUDED" | "EXCLUDED"; action_type: string | null; amount_cents: number | null; autonomy_level: string | null; signature: string | null; reasons: string[]; }; u...'.
  Property 'unresolved_original_action_ids' does not exist on type '{ candidate_key: string; goal_id: string; view: { candidate_key: string; state: "UNKNOWN" | "INCLUDED" | "EXCLUDED"; action_type: string | null; amount_cents: number | null; autonomy_level: string | null; signature: string | null; reasons: string[]; }; shadow_original_candidate_key?: string | ... 1 more ... | undefi...'.
apps/web/src/api/registered-action-set.ts(44,604): error TS2339: Property 'unresolved_original_action_ids' does not exist on type '{ candidate_key: string; full_policy_id: string; source_goal_id: string; destination_account_id: string; view: { candidate_key: string; state: "UNKNOWN" | "INCLUDED" | "EXCLUDED"; action_type: string | null; amount_cents: number | null; autonomy_level: string | null; signature: string | null; reasons: string[]; }; u...'.
  Property 'unresolved_original_action_ids' does not exist on type '{ candidate_key: string; goal_id: string; view: { candidate_key: string; state: "UNKNOWN" | "INCLUDED" | "EXCLUDED"; action_type: string | null; amount_cents: number | null; autonomy_level: string | null; signature: string | null; reasons: string[]; }; shadow_original_candidate_key?: string | ... 1 more ... | undefi...'.
apps/web/src/api/registered-action-set.ts(44,641): error TS7006: Parameter 'id' implicitly has an 'any' type.
apps/web/src/api/registered-action-set.ts(50,103): error TS2339: Property 'expected_full_policy_ids' does not exist on type 'Family'.
  Property 'expected_full_policy_ids' does not exist on type '{ algorithm_version: "full-policy-joint-action-producers-v1"; simulation: true; bank_authority: false; grants_authority: false; financial_write: false; full_global_adapter_installed: false; ... 18 more ...; result_hash: string; }'.
apps/web/src/api/registered-action-set.ts(53,9): error TS2339: Property 'release_family_complete' does not exist on type 'Family'.
  Property 'release_family_complete' does not exist on type '{ algorithm_version: "full-policy-joint-action-producers-v1"; simulation: true; bank_authority: false; grants_authority: false; financial_write: false; full_global_adapter_installed: false; ... 18 more ...; result_hash: string; }'.
apps/web/src/api/registered-action-set.ts(53,314): error TS2339: Property 'expected_full_policy_ids' does not exist on type 'Family'.
  Property 'expected_full_policy_ids' does not exist on type '{ algorithm_version: "full-policy-joint-action-producers-v1"; simulation: true; bank_authority: false; grants_authority: false; financial_write: false; full_global_adapter_installed: false; ... 18 more ...; result_hash: string; }'.
apps/web/src/api/registered-action-set.ts(53,343): error TS7006: Parameter 'id' implicitly has an 'any' type.
apps/web/src/api/registered-action-set.ts(56,43): error TS2339: Property 'expected_goal_ids' does not exist on type 'Family'.
  Property 'expected_goal_ids' does not exist on type '{ algorithm_version: "full-policy-release-action-producers-v1"; simulation: true; bank_authority: false; grants_authority: false; financial_write: false; full_global_adapter_installed: false; ... 17 more ...; reasons: string[]; }'.
apps/web/src/api/registered-action-set.ts(56,65): error TS7006: Parameter 'id' implicitly has an 'any' type.
apps/web/src/api/registered-action-set.ts(58,42): error TS2339: Property 'goal_id' does not exist on type '{ candidate_key: string; full_policy_id: string; source_goal_id: string; destination_account_id: string; view: { candidate_key: string; state: "UNKNOWN" | "INCLUDED" | "EXCLUDED"; action_type: string | null; amount_cents: number | null; autonomy_level: string | null; signature: string | null; reasons: string[]; }; u...'.
  Property 'goal_id' does not exist on type '{ candidate_key: string; full_policy_id: string; source_goal_id: string; destination_account_id: string; view: { candidate_key: string; state: "UNKNOWN" | "INCLUDED" | "EXCLUDED"; action_type: string | null; amount_cents: number | null; autonomy_level: string | null; signature: string | null; reasons: string[]; }; u...'.
apps/web/src/api/registered-action-set.ts(58,56): error TS2339: Property 'expected_goal_ids' does not exist on type 'Family'.
  Property 'expected_goal_ids' does not exist on type '{ algorithm_version: "full-policy-release-action-producers-v1"; simulation: true; bank_authority: false; grants_authority: false; financial_write: false; full_global_adapter_installed: false; ... 17 more ...; reasons: string[]; }'.
apps/web/src/api/registered-action-set.ts(58,87): error TS2339: Property 'goal_id' does not exist on type '{ candidate_key: string; full_policy_id: string; source_goal_id: string; destination_account_id: string; view: { candidate_key: string; state: "UNKNOWN" | "INCLUDED" | "EXCLUDED"; action_type: string | null; amount_cents: number | null; autonomy_level: string | null; signature: string | null; reasons: string[]; }; u...'.
  Property 'goal_id' does not exist on type '{ candidate_key: string; full_policy_id: string; source_goal_id: string; destination_account_id: string; view: { candidate_key: string; state: "UNKNOWN" | "INCLUDED" | "EXCLUDED"; action_type: string | null; amount_cents: number | null; autonomy_level: string | null; signature: string | null; reasons: string[]; }; u...'.
apps/web/src/api/registered-action-set.ts(58,144): error TS2339: Property 'goal_id' does not exist on type '{ candidate_key: string; full_policy_id: string; source_goal_id: string; destination_account_id: string; view: { candidate_key: string; state: "UNKNOWN" | "INCLUDED" | "EXCLUDED"; action_type: string | null; amount_cents: number | null; autonomy_level: string | null; signature: string | null; reasons: string[]; }; u...'.
  Property 'goal_id' does not exist on type '{ candidate_key: string; full_policy_id: string; source_goal_id: string; destination_account_id: string; view: { candidate_key: string; state: "UNKNOWN" | "INCLUDED" | "EXCLUDED"; action_type: string | null; amount_cents: number | null; autonomy_level: string | null; signature: string | null; reasons: string[]; }; u...'.
apps/web/src/api/registered-action-set.ts(62,9): error TS2339: Property 'joint_family_complete' does not exist on type 'Family'.
  Property 'joint_family_complete' does not exist on type '{ algorithm_version: "full-policy-release-action-producers-v1"; simulation: true; bank_authority: false; grants_authority: false; financial_write: false; full_global_adapter_installed: false; ... 17 more ...; reasons: string[]; }'.
