F
================================== FAILURES ===================================
_ test_actual_finite_set_numeric_silence_crossing_replay_and_zero_financial_writes _

goal_client = (<starlette.testclient.TestClient object at 0x00000292A86FA510>, Engine(postgresql+psycopg://bounded:***@127.0.0.1:54329/bf_test_f4437de7288b45c282f83599e7905583))

    def test_actual_finite_set_numeric_silence_crossing_replay_and_zero_financial_writes(
        goal_client: tuple[TestClient, Engine],
    ) -> None:
        client, engine = goal_client
        body = confirmed_goal_request(client, engine)
        created = client.post("/api/v1/goals", json=body)
        assert created.status_code == 200, created.text
        goal = created.json()["goal"]
        with Session(engine) as session, session.begin():
            policies = list(session.scalars(select(Policy).where(Policy.user_id == DEMO_USER_ID)))
            for policy in policies:
                version = session.scalar(
                    select(PolicyVersion)
                    .where(PolicyVersion.policy_id == policy.id)
                    .order_by(PolicyVersion.version_number.desc())
                    .limit(1)
                )
                assert version is not None
                if (
                    str(policy.id) != goal["policy_id"]
                    and version.configuration["type"]
                    in {"recurring_expense", "goal_saving", "asset_allocation"}
                    and policy.status == "ACTIVE"
                ):
                    suspend_policy(session, DEMO_USER_ID, policy.id, version.id, NOW)
            account = session.scalar(
                select(Account)
                .where(Account.user_id == DEMO_USER_ID, Account.account_type == "CASH")
                .order_by(Account.id)
            )
            epoch = current_audit_epoch(session, DEMO_USER_ID)
            assert account is not None and epoch is not None
            cash_id, epoch_id = account.id, epoch.id
        observations: list[GlobalBoundaryObservation] = []
        for index, amount in enumerate((600000, 100000)):
            result = ingest_external_fact(
                engine,
                DEMO_USER_ID,
                ExternalFactRequest(
                    user_id=DEMO_USER_ID,
                    account_id=cash_id,
                    kind="INCOME",
                    amount_cents=amount,
                    external_ref=f"actual-global-source-{index}",
                    idempotency_key=f"actual-global-source-{index}",
                    counterparty_ref="payroll",
                    occurred_at=NOW,
                ),
                NOW,
            )
            assert result.bank_status == "SETTLED" and result.projection_status == "PROJECTED"
            before = physical_snapshot(engine)
            current = client.get("/api/v1/boundary/action-set/current")
            assert current.status_code == 200, current.text
            value = current.json()
>           assert value["status"] == "COMPLETE" and value["global_action_set_complete"] is True, value
E           AssertionError: {'algorithm_version': 'full-policy-action-set-boundary-v1', 'scope': 'POLICY_BACKED_SERVER_PRODUCERS_V1', 'simulation': True, 'bank_authority': False, ...}
E           assert ('UNKNOWN' == 'COMPLETE'
E             
E             - COMPLETE
E             + UNKNOWN)

apps\api\app\tests\test_full_action_set_boundary_integration.py:102: AssertionError
---------------------------- Captured stderr call -----------------------------
{"event": "http_request", "request_id": "5e712961-8ff8-4464-907d-84d104e588ab", "method": "POST", "status": 200, "duration_ms": 156.0}
{"event": "http_request", "request_id": "ab859589-fd45-45f2-bed5-8fd63803e4d7", "method": "POST", "status": 200, "duration_ms": 188.0}
{"event": "http_request", "request_id": "5af53c36-6c00-4fe9-a524-522ffcac4c97", "method": "POST", "status": 200, "duration_ms": 578.0}
{"event": "http_request", "request_id": "8aab23d6-85f0-4942-8101-e5958e6e6136", "method": "GET", "status": 200, "duration_ms": 3625.0}
------------------------------ Captured log call ------------------------------
INFO     bounded_funds.http:main.py:109 {"event": "http_request", "request_id": "5e712961-8ff8-4464-907d-84d104e588ab", "method": "POST", "status": 200, "duration_ms": 156.0}
INFO     bounded_funds.http:main.py:109 {"event": "http_request", "request_id": "ab859589-fd45-45f2-bed5-8fd63803e4d7", "method": "POST", "status": 200, "duration_ms": 188.0}
INFO     bounded_funds.http:main.py:109 {"event": "http_request", "request_id": "5af53c36-6c00-4fe9-a524-522ffcac4c97", "method": "POST", "status": 200, "duration_ms": 578.0}
INFO     bounded_funds.http:main.py:109 {"event": "http_request", "request_id": "8aab23d6-85f0-4942-8101-e5958e6e6136", "method": "GET", "status": 200, "duration_ms": 3625.0}
============================== warnings summary ===============================
.venv\Lib\site-packages\fastapi\testclient.py:1
  F:\学校活动\工行杯\钱途有界\bounded-funds\.venv\Lib\site-packages\fastapi\testclient.py:1: StarletteDeprecationWarning: Using `httpx` with `starlette.testclient` is deprecated; install `httpx2` instead.
    from starlette.testclient import TestClient as TestClient  # noqa

-- Docs: https://docs.pytest.org/en/stable/how-to/capture-warnings.html
=========================== short test summary info ===========================
FAILED apps/api/app/tests/test_full_action_set_boundary_integration.py::test_actual_finite_set_numeric_silence_crossing_replay_and_zero_financial_writes
!!!!!!!!!!!!!!!!!!!!!!!!!! stopping after 1 failures !!!!!!!!!!!!!!!!!!!!!!!!!!
1 failed, 1 warning in 16.34s
