Traceback (most recent call last):
  File "F:\学校活动\工行杯\钱途有界\bounded-funds\.venv\Lib\site-packages\sqlalchemy\engine\base.py", line 1943, in _exec_single_context
    self.dialect.do_execute(
  File "F:\学校活动\工行杯\钱途有界\bounded-funds\.venv\Lib\site-packages\sqlalchemy\engine\default.py", line 1192, in do_execute
    cursor.execute(statement, parameters)
  File "F:\学校活动\工行杯\钱途有界\bounded-funds\.venv\Lib\site-packages\psycopg\cursor.py", line 117, in execute
    raise ex.with_traceback(None)
psycopg.errors.RaiseException: AUDIT_EPOCH_INITIALIZATION
CONTEXT:  PL/pgSQL function audit_epoch_guard() line 13 at RAISE

The above exception was the direct cause of the following exception:

Traceback (most recent call last):
  File "F:\学校活动\工行杯\钱途有界\bounded-funds\.runtime\diagnose_dashboard_snapshot.py", line 60, in <module>
    connection.execute(insert(table).values(restored))
  File "F:\学校活动\工行杯\钱途有界\bounded-funds\.venv\Lib\site-packages\sqlalchemy\engine\base.py", line 1448, in execute
    return meth(
           ^^^^^
  File "F:\学校活动\工行杯\钱途有界\bounded-funds\.venv\Lib\site-packages\sqlalchemy\sql\elements.py", line 533, in _execute_on_connection
    return connection._execute_clauseelement(
           ^^^^^^^^^^^^^^^^^^^^^^^^^^^^^^^^^^
  File "F:\学校活动\工行杯\钱途有界\bounded-funds\.venv\Lib\site-packages\sqlalchemy\engine\base.py", line 1668, in _execute_clauseelement
    ret = self._execute_context(
          ^^^^^^^^^^^^^^^^^^^^^^
  File "F:\学校活动\工行杯\钱途有界\bounded-funds\.venv\Lib\site-packages\sqlalchemy\engine\base.py", line 1822, in _execute_context
    return self._exec_single_context(
           ^^^^^^^^^^^^^^^^^^^^^^^^^^
  File "F:\学校活动\工行杯\钱途有界\bounded-funds\.venv\Lib\site-packages\sqlalchemy\engine\base.py", line 1962, in _exec_single_context
    self._handle_dbapi_exception(
  File "F:\学校活动\工行杯\钱途有界\bounded-funds\.venv\Lib\site-packages\sqlalchemy\engine\base.py", line 2332, in _handle_dbapi_exception
    raise sqlalchemy_exception.with_traceback(exc_info[2]) from e
  File "F:\学校活动\工行杯\钱途有界\bounded-funds\.venv\Lib\site-packages\sqlalchemy\engine\base.py", line 1943, in _exec_single_context
    self.dialect.do_execute(
  File "F:\学校活动\工行杯\钱途有界\bounded-funds\.venv\Lib\site-packages\sqlalchemy\engine\default.py", line 1192, in do_execute
    cursor.execute(statement, parameters)
  File "F:\学校活动\工行杯\钱途有界\bounded-funds\.venv\Lib\site-packages\psycopg\cursor.py", line 117, in execute
    raise ex.with_traceback(None)
sqlalchemy.exc.ProgrammingError: (psycopg.errors.RaiseException) AUDIT_EPOCH_INITIALIZATION
CONTEXT:  PL/pgSQL function audit_epoch_guard() line 13 at RAISE
[SQL: INSERT INTO audit_epochs (epoch_number, schema_version, canonical_version, status, opened_at, previous_epoch_id, previous_seal_hash, event_count, last_sequence, last_event_id, last_event_hash, genesis_event_id, genesis_event_hash, sealed_at, seal_canonical_text, seal_hash, archive_manifest_hash, archive_record_counts, user_id, id, created_at) VALUES (%(epoch_number)s::INTEGER, %(schema_version)s::VARCHAR, %(canonical_version)s::VARCHAR, %(status)s::VARCHAR, %(opened_at)s::TIMESTAMP WITH TIME ZONE, %(previous_epoch_id)s::UUID, %(previous_seal_hash)s::VARCHAR, %(event_count)s::INTEGER, %(last_sequence)s::INTEGER, %(last_event_id)s::UUID, %(last_event_hash)s::VARCHAR, %(genesis_event_id)s::UUID, %(genesis_event_hash)s::VARCHAR, %(sealed_at)s::TIMESTAMP WITH TIME ZONE, %(seal_canonical_text)s::VARCHAR, %(seal_hash)s::VARCHAR, %(archive_manifest_hash)s::VARCHAR, %(archive_record_counts)s::JSONB, %(user_id)s::UUID, %(id)s::UUID, %(created_at)s::TIMESTAMP WITH TIME ZONE)]
[parameters: {'epoch_number': 3, 'schema_version': 'audit-head-v1', 'canonical_version': 'audit-canonical-json-v1', 'status': 'OPEN', 'opened_at': datetime.datetime(2026, 10, 5, 4, 21, 12, 918884, tzinfo=datetime.timezone.utc), 'previous_epoch_id': UUID('d0d68de3-e51e-4041-83a2-b19f6712831f'), 'previous_seal_hash': 'c02e0f5db032560b726aa80c323155d479e02c1ee9177a1093884fc7dc3d6037', 'event_count': 5, 'last_sequence': 5, 'last_event_id': UUID('b292ade7-8f6a-4268-8a7d-1379cb1fd266'), 'last_event_hash': '0408180ad26155a14d3ae69d8cbc8f1dd72886ff3aded90272ed4898da79d0d8', 'genesis_event_id': UUID('999abf58-fc45-4dc9-8c4f-a9196f1cf5e8'), 'genesis_event_hash': 'e458bde3d85dad56404782f21b7bbaca347022fb67cdc5c1f250f5e434e7a364', 'sealed_at': None, 'seal_canonical_text': None, 'seal_hash': None, 'archive_manifest_hash': None, 'archive_record_counts': Jsonb({}), 'user_id': UUID('271a9827-f82a-5be6-9e0a-50f721029fb0'), 'id': UUID('521d94c9-a57c-45f2-b027-4d2f338811de'), 'created_at': datetime.datetime(2026, 10, 5, 4, 21, 12, 918884, tzinfo=datetime.timezone.utc)}]
(Background on this error at: https://sqlalche.me/e/21/f405)
