F
================================== FAILURES ===================================
_ test_native_goal_income_prepared_action_dashboard_is_complete_and_read_only _

self = <sqlalchemy.engine.base.Connection object at 0x000001DAD1310C50>
dialect = <sqlalchemy.dialects.postgresql.psycopg.PGDialect_psycopg object at 0x000001DAD1122C90>
context = <sqlalchemy.dialects.postgresql.psycopg.PGExecutionContext_psycopg object at 0x000001DAD17E5D90>
statement = <sqlalchemy.dialects.postgresql.psycopg.PGCompiler_psycopg object at 0x000001DAD147C770>
parameters = [{'id_1': UUID('271a9827-f82a-5be6-9e0a-50f721029fb0')}]

    def _exec_single_context(
        self,
        dialect: Dialect,
        context: ExecutionContext,
        statement: Union[str, Compiled],
        parameters: Optional[_AnyMultiExecuteParams],
    ) -> CursorResult[Unpack[TupleAny]]:
        """continue the _execute_context() method for a single DBAPI
        cursor.execute() or cursor.executemany() call.
    
        """
        if dialect.bind_typing is BindTyping.SETINPUTSIZES:
            generic_setinputsizes = context._prepare_set_input_sizes()
    
            if generic_setinputsizes:
                try:
                    dialect.do_set_input_sizes(
                        context.cursor, generic_setinputsizes, context
                    )
                except BaseException as e:
                    self._handle_dbapi_exception(
                        e, str(statement), parameters, None, context
                    )
    
        cursor, str_statement, parameters = (
            context.cursor,
            context.statement,
            context.parameters,
        )
    
        effective_parameters: Optional[_AnyExecuteParams]
    
        if not context.executemany:
            effective_parameters = parameters[0]
        else:
            effective_parameters = parameters
    
        evt_handled: bool = False
        try:
            if self._has_events or self.engine._has_events:
                for fn in self.dispatch.before_cursor_execute:
                    str_statement, effective_parameters = fn(
                        self,
                        cursor,
                        str_statement,
                        effective_parameters,
                        context,
                        context.executemany,
                    )
    
            if self._echo:
                self._log_info(str_statement)
    
                stats = context._get_cache_stats()
    
                if not self.engine.hide_parameters:
                    self._log_info(
                        "[%s] %r",
                        stats,
                        sql_util._repr_params(
                            effective_parameters,
                            batches=10,
                            ismulti=context.executemany,
                        ),
                    )
                else:
                    self._log_info(
                        "[%s] [SQL parameters hidden due to "
                        "hide_parameters=True]",
                        stats,
                    )
            if context.execute_style is ExecuteStyle.EXECUTEMANY:
                effective_parameters = cast(
                    "_CoreMultiExecuteParams", effective_parameters
                )
                if self.dialect._has_events:
                    for fn in self.dialect.dispatch.do_executemany:
                        if fn(
                            cursor,
                            str_statement,
                            effective_parameters,
                            context,
                        ):
                            evt_handled = True
                            break
                if not evt_handled:
                    self.dialect.do_executemany(
                        cursor,
                        str_statement,
                        effective_parameters,
                        context,
                    )
            elif not effective_parameters and context.no_parameters:
                if self.dialect._has_events:
                    for fn in self.dialect.dispatch.do_execute_no_params:
                        if fn(cursor, str_statement, context):
                            evt_handled = True
                            break
                if not evt_handled:
                    self.dialect.do_execute_no_params(
                        cursor, str_statement, context
                    )
            else:
                effective_parameters = cast(
                    "_CoreSingleExecuteParams", effective_parameters
                )
                if self.dialect._has_events:
                    for fn in self.dialect.dispatch.do_execute:
                        if fn(
                            cursor,
                            str_statement,
                            effective_parameters,
                            context,
                        ):
                            evt_handled = True
                            break
                if not evt_handled:
>                   self.dialect.do_execute(
                        cursor, str_statement, effective_parameters, context
                    )

.venv\Lib\site-packages\sqlalchemy\engine\base.py:1943: 
_ _ _ _ _ _ _ _ _ _ _ _ _ _ _ _ _ _ _ _ _ _ _ _ _ _ _ _ _ _ _ _ _ _ _ _ _ _ _ _
.venv\Lib\site-packages\sqlalchemy\engine\default.py:1192: in do_execute
    cursor.execute(statement, parameters)
_ _ _ _ _ _ _ _ _ _ _ _ _ _ _ _ _ _ _ _ _ _ _ _ _ _ _ _ _ _ _ _ _ _ _ _ _ _ _ _

self = <psycopg.Cursor [closed] [IDLE] (host=127.0.0.1 port=54329 user=bounded database=bf_test_989452849c044194b393da42b81378a9) at 0x1dad1471cd0>
query = 'SELECT users.external_ref, users.display_name, users.timezone, users.is_simulated, users.id, users.created_at \nFROM users \nWHERE users.id = %(id_1)s::UUID FOR UPDATE'
params = {'id_1': UUID('271a9827-f82a-5be6-9e0a-50f721029fb0')}, prepare = None
binary = None

    def execute(
        self,
        query: Query,
        params: Params | None = None,
        *,
        prepare: bool | None = None,
        binary: bool | None = None,
    ) -> Self:
        """
        Execute a query or command to the database.
        """
        try:
            with self._conn.lock:
                self._conn.wait(
                    self._execute_gen(query, params, prepare=prepare, binary=binary)
                )
        except e._NO_TRACEBACK as ex:
>           raise ex.with_traceback(None)
E           psycopg.errors.ReadOnlySqlTransaction: cannot execute SELECT FOR UPDATE in a read-only transaction

.venv\Lib\site-packages\psycopg\cursor.py:117: ReadOnlySqlTransaction

The above exception was the direct cause of the following exception:

demo_engine = Engine(postgresql+psycopg://bounded:***@127.0.0.1:54329/bf_test_989452849c044194b393da42b81378a9)

    def test_native_goal_income_prepared_action_dashboard_is_complete_and_read_only(
        demo_engine: Engine,
    ) -> None:
        seed_demo(demo_engine)
        with Session(demo_engine) as session, session.begin():
            policy, version = confirmed_policy(
                session,
                {
                    "type": "goal_saving",
                    "name": "Native new car goal",
                    "target_cents": 3_000_000,
                    "deadline": "2027-10-01",
                    "monthly_contribution": {
                        "min_cents": 180_001,
                        "target_cents": 200_000,
                        "max_cents": 250_000,
                    },
                },
                NOW,
            )
            account = session.scalars(
                select(Account).where(Account.user_id == DEMO_USER_ID, Account.account_type == "GOAL")
            ).one()
            goal = create_goal_projection(session, DEMO_USER_ID, policy, version, account.id, NOW)
            goal_id = goal.goal.id
            epoch = current_audit_epoch(session, DEMO_USER_ID)
            assert epoch is not None
            epoch_id = epoch.id
        runner = ScenarioRunner(demo_engine, DEMO_USER_ID)
        income = runner.rpc(
            ScenarioRPC(
                scenario_id="native-goal-dashboard",
                purpose="DEVELOPMENT",
                operation="ingest_goal_income",
                expected_epoch_id=epoch_id,
                goal_id=goal_id,
            ),
            NOW + timedelta(seconds=1),
        )
        assert income["result"]["bank_status"] == "SETTLED"
        assert income["result"]["projection_status"] == "PROJECTED"
        prepared = prepare_action(
            demo_engine,
            DEMO_USER_ID,
            PrepareActionRequest(
                idempotency_key=str(uuid4()), intent=GoalIntent(kind="allocate_goal", goal_id=goal_id)
            ),
            NOW + timedelta(seconds=2),
        )
        assert prepared.status == "PLANNED" and prepared.effect.amount_cents == 200_000
        assert prepared.receipt is None
        action_id = prepared.action_id
        before = database_snapshot(demo_engine)
        with Session(demo_engine) as session, session.begin():
            session.connection(execution_options={"isolation_level": "REPEATABLE READ"})
            session.execute(text("SET TRANSACTION READ ONLY"))
>           dashboard = get_dashboard(session, DEMO_USER_ID, NOW + timedelta(seconds=3))
                        ^^^^^^^^^^^^^^^^^^^^^^^^^^^^^^^^^^^^^^^^^^^^^^^^^^^^^^^^^^^^^^^^

apps\api\app\tests\test_dashboard_goal_income.py:84: 
_ _ _ _ _ _ _ _ _ _ _ _ _ _ _ _ _ _ _ _ _ _ _ _ _ _ _ _ _ _ _ _ _ _ _ _ _ _ _ _
apps\api\app\services\dashboard.py:440: in get_dashboard
    _action(session, context, row, audit.anchored_run_statuses[row.decision_run_id])
apps\api\app\services\dashboard.py:197: in _action
    decision = assess_action(session, user_id, row.id, now, context=context).decision
               ^^^^^^^^^^^^^^^^^^^^^^^^^^^^^^^^^^^^^^^^^^^^^^^^^^^^^^^^^^^^^
apps\api\app\services\autonomy.py:526: in assess_action
    facts = _facts(
apps\api\app\services\autonomy.py:354: in _facts
    context = load_execution_context(
apps\api\app\services\execution_context.py:150: in load_execution_context
    lots = income_lots_for_action(
apps\api\app\services\income_ledger.py:65: in income_lots_for_action
    _, command = _action(session, user_id, action_id)
                 ^^^^^^^^^^^^^^^^^^^^^^^^^^^^^^^^^^^^
apps\api\app\services\income_ledger.py:434: in _action
    user = session.scalar(select(User).where(User.id == user_id).with_for_update())
           ^^^^^^^^^^^^^^^^^^^^^^^^^^^^^^^^^^^^^^^^^^^^^^^^^^^^^^^^^^^^^^^^^^^^^^^^
.venv\Lib\site-packages\sqlalchemy\orm\session.py:2534: in scalar
    return self._execute_internal(
.venv\Lib\site-packages\sqlalchemy\orm\session.py:2363: in _execute_internal
    compile_state_cls.orm_execute_statement(
.venv\Lib\site-packages\sqlalchemy\orm\context.py:316: in orm_execute_statement
    result = conn.execute(
.venv\Lib\site-packages\sqlalchemy\engine\base.py:1448: in execute
    return meth(
.venv\Lib\site-packages\sqlalchemy\sql\elements.py:533: in _execute_on_connection
    return connection._execute_clauseelement(
.venv\Lib\site-packages\sqlalchemy\engine\base.py:1668: in _execute_clauseelement
    ret = self._execute_context(
.venv\Lib\site-packages\sqlalchemy\engine\base.py:1822: in _execute_context
    return self._exec_single_context(
.venv\Lib\site-packages\sqlalchemy\engine\base.py:1962: in _exec_single_context
    self._handle_dbapi_exception(
.venv\Lib\site-packages\sqlalchemy\engine\base.py:2332: in _handle_dbapi_exception
    raise sqlalchemy_exception.with_traceback(exc_info[2]) from e
.venv\Lib\site-packages\sqlalchemy\engine\base.py:1943: in _exec_single_context
    self.dialect.do_execute(
.venv\Lib\site-packages\sqlalchemy\engine\default.py:1192: in do_execute
    cursor.execute(statement, parameters)
_ _ _ _ _ _ _ _ _ _ _ _ _ _ _ _ _ _ _ _ _ _ _ _ _ _ _ _ _ _ _ _ _ _ _ _ _ _ _ _

self = <psycopg.Cursor [closed] [IDLE] (host=127.0.0.1 port=54329 user=bounded database=bf_test_989452849c044194b393da42b81378a9) at 0x1dad1471cd0>
query = 'SELECT users.external_ref, users.display_name, users.timezone, users.is_simulated, users.id, users.created_at \nFROM users \nWHERE users.id = %(id_1)s::UUID FOR UPDATE'
params = {'id_1': UUID('271a9827-f82a-5be6-9e0a-50f721029fb0')}, prepare = None
binary = None

    def execute(
        self,
        query: Query,
        params: Params | None = None,
        *,
        prepare: bool | None = None,
        binary: bool | None = None,
    ) -> Self:
        """
        Execute a query or command to the database.
        """
        try:
            with self._conn.lock:
                self._conn.wait(
                    self._execute_gen(query, params, prepare=prepare, binary=binary)
                )
        except e._NO_TRACEBACK as ex:
>           raise ex.with_traceback(None)
E           sqlalchemy.exc.InternalError: (psycopg.errors.ReadOnlySqlTransaction) cannot execute SELECT FOR UPDATE in a read-only transaction
E           [SQL: SELECT users.external_ref, users.display_name, users.timezone, users.is_simulated, users.id, users.created_at 
E           FROM users 
E           WHERE users.id = %(id_1)s::UUID FOR UPDATE]
E           [parameters: {'id_1': UUID('271a9827-f82a-5be6-9e0a-50f721029fb0')}]
E           (Background on this error at: https://sqlalche.me/e/21/2j85)

.venv\Lib\site-packages\psycopg\cursor.py:117: InternalError
=========================== short test summary info ===========================
FAILED apps/api/app/tests/test_dashboard_goal_income.py::test_native_goal_income_prepared_action_dashboard_is_complete_and_read_only
!!!!!!!!!!!!!!!!!!!!!!!!!! stopping after 1 failures !!!!!!!!!!!!!!!!!!!!!!!!!!
1 failed in 27.49s
