deployment_phase=engine status=STARTED
deployment_phase=engine exit_code=0
deployment_phase=compose-config status=STARTED
deployment_phase=compose-config exit_code=0
deployment_phase=before-list status=STARTED
deployment_phase=before-list exit_code=0
deployment_phase=api-image status=STARTED
deployment_phase=api-image exit_code=0
deployment_phase=web-image status=STARTED
deployment_phase=web-image exit_code=0
deployment_phase=preexisting-volumes status=STARTED
deployment_phase=preexisting-volumes exit_code=0
deployment_phase=start status=STARTED
deployment_phase=start exit_code=0
deployment_phase=after-list status=STARTED
deployment_phase=after-list exit_code=0
deployment_phase=after-inspect status=STARTED
deployment_phase=after-inspect exit_code=0
deployment_phase=services status=STARTED
deployment_phase=services exit_code=0
deployment_phase=service-logs status=STARTED
deployment_phase=service-logs exit_code=0
DEPLOYMENT=PASSED; output=docs\progress\evidence\W1\deployment-start-20261005T045033Z-4da94321
