.FF                                                                      [100%]
================================== FAILURES ===================================
_ test_actual_patterns_public_calendar_and_source_refusal_never_write_or_grant _

boundary_engine = Engine(postgresql+psycopg://bounded:***@127.0.0.1:54329/bf_test_cee5eac2c2054bcea696f9c1dfc751e6)

    def test_actual_patterns_public_calendar_and_source_refusal_never_write_or_grant(
        boundary_engine: Engine,
    ) -> None:
        before = snapshot(boundary_engine)
        with readonly(boundary_engine) as session:
            periodic = periodic_suggestions(session, DEMO_USER_ID, SEED_AS_OF, PeriodicParameters())
>           assert periodic.history_proof.verified and periodic.source_issues == []
E           AssertionError: assert (False)
E            +  where False = HistoryProof(verified=False, period_start=datetime.date(2026, 8, 5), period_end=datetime.date(2026, 10, 3), account_id...e74-b475-ef365adfcd50'), UUID('ff5cc9d1-ef2d-5e52-a3ba-62183f5f84b0')], reason_codes=['INVALID_CATEGORY_CONFIRMATION']).verified
E            +    where HistoryProof(verified=False, period_start=datetime.date(2026, 8, 5), period_end=datetime.date(2026, 10, 3), account_id...e74-b475-ef365adfcd50'), UUID('ff5cc9d1-ef2d-5e52-a3ba-62183f5f84b0')], reason_codes=['INVALID_CATEGORY_CONFIRMATION']) = PeriodicSuggestions(simulation=True, user_id=UUID('271a9827-f82a-5be6-9e0a-50f721029fb0'), as_of=datetime.datetime(202...fffa09f7d36bf73c983575e07668a2ea9cbfa3c7bf43b820177cb3ff8a569332', bank_authority=False, hard_protection_changed=False).history_proof

apps\api\app\tests\test_policy_suggestions_integration.py:27: AssertionError
_ test_actual_question_session_restarts_rebases_and_replays_without_financial_writes _

boundary_engine = Engine(postgresql+psycopg://bounded:***@127.0.0.1:54329/bf_test_7be0cdebdedc4ea9bc9e5e79a2fd0e3d)

    def test_actual_question_session_restarts_rebases_and_replays_without_financial_writes(
        boundary_engine: Engine,
    ) -> None:
        source, target = transfer_accounts(boundary_engine)
        with Session(boundary_engine) as session:
            goal = session.scalar(
                select(Account.id).where(
                    Account.user_id == DEMO_USER_ID, Account.account_type == "GOAL"
                )
            )
            epoch = current_audit_epoch(session, DEMO_USER_ID)
            assert goal is not None and epoch is not None
            epoch_id = epoch.id
        base = prepare_action(
            boundary_engine,
            DEMO_USER_ID,
            PrepareActionRequest(
                idempotency_key="question-base-original",
                intent=TransferIntent(
                    kind="transfer_internal",
                    source_account_id=source,
                    destination_account_id=target,
                    amount_cents=100,
                ),
            ),
            SEED_AS_OF,
        )
        confirm_action(
            boundary_engine,
            DEMO_USER_ID,
            base.action_id,
            ConfirmActionRequest(effect_hash=base.effect_hash, accepted=True),
            SEED_AS_OF,
        )
        destination = FinitePlanningVariable(
            variable_id="destination",
            field="TRANSFER_DESTINATION",
            choices=[
                FiniteChoice(key="cash", value=AccountChoice(kind="account", account_id=target)),
                FiniteChoice(key="goal", value=AccountChoice(kind="account", account_id=goal)),
            ],
        )
        start = {
            "base_action_id": str(base.action_id),
            "variables": [
                amount_variable().model_dump(mode="json"),
                destination.model_dump(mode="json"),
            ],
            "expected_epoch_id": str(epoch_id),
            "idempotency_key": "question-start-original",
        }
        app = create_app()
        app.dependency_overrides[get_engine] = lambda: boundary_engine
        app.dependency_overrides[get_now] = lambda: SEED_AS_OF
        before = json.loads(physical_snapshot(boundary_engine))
        with TestClient(app) as client:
            started = client.post(URL, json=start)
            assert started.status_code == 200, started.text
            first = started.json()
            state = first["current_revision"]
            path = f"{URL}/{state['session_id']}"
            assert first["effective_state"] == "PENDING_ANSWER"
            assert first["pending_question"]["variable_id"] == "amount"
            assert (
                state["evaluation"]["expected_world_count"]
                == state["evaluation"]["known_world_count"]
                == 4
            )
            assert all(
                not row["outcome"]["decision"]["confirmation_satisfied"]
                for row in state["evaluation"]["worlds"]
            )
            assert all(
                row["outcome"]["effect"]["operation_id"] != str(base.action_id)
                for row in state["evaluation"]["worlds"]
            )
            duplicate = client.post(URL, json=start)
            assert duplicate.status_code == 200, duplicate.text
            assert duplicate.json()["original_receipt"] == first["original_receipt"]
            assert duplicate.json()["replayed_original_receipt"] is True
            second_session = client.post(URL, json=start | {"idempotency_key": "different-start"})
            assert (
                second_session.status_code == 409
                and second_session.json()["error"]["code"] == "ACTIVE_QUESTION_SESSION_EXISTS"
            )
            read_before = physical_snapshot(boundary_engine)
            restored = client.get(path)
            assert restored.status_code == 200, restored.text
            assert restored.json()["current_revision"] == state
            assert restored.json()["pending_question"] == first["pending_question"]
            assert physical_snapshot(boundary_engine) == read_before
            assert (
                client.post(
                    path + "/answers",
                    json=answer_body(first, "wrong-answer") | {"choice_key": "not-original"},
                ).status_code
                == 409
            )
            answered = client.post(path + "/answers", json=answer_body(first, "answer-amount"))
            assert answered.status_code == 200, answered.text
            second = answered.json()
            assert second["current_revision"]["revision"] == 2
            assert second["current_revision"]["answer_applied"] is True
            assert second["current_revision"]["previous_run_id"] == state["run_id"]
            assert second["pending_question"]["variable_id"] == "destination"
            assert second["current_revision"]["evaluation"]["known_world_count"] == 2
            retry_before = physical_snapshot(boundary_engine)
            repeated = client.post(path + "/answers", json=answer_body(first, "answer-amount"))
            assert (
                repeated.status_code == 200
                and repeated.json()["original_receipt"] == second["original_receipt"]
            )
            assert physical_snapshot(boundary_engine) == retry_before
            assert (
                client.post(path + "/answers", json=answer_body(first, "new-stale-key")).status_code
                == 409
            )
            for injection in (
                {"expected_revision": True},
                {"bank_authority": True},
                {"user_id": str(DEMO_USER_ID)},
            ):
                assert (
                    client.post(
                        path + "/answers", json=answer_body(second, "bad-injection") | injection
                    ).status_code
                    == 422
                )
            after = json.loads(physical_snapshot(boundary_engine))
            for name in before:
                if name not in {
                    "decision_runs",
                    "audit_events",
                    "audit_epochs",
                    "audit_subject_snapshots",
                }:
                    assert after[name] == before[name], name
            assert all(row in after["decision_runs"] for row in before["decision_runs"])
            assert all(row in after["audit_events"] for row in before["audit_events"])
    
        # New app/client actually restores the durable question; no browser storage is needed.
        restarted = create_app()
        restarted.dependency_overrides[get_engine] = lambda: boundary_engine
        restarted.dependency_overrides[get_now] = lambda: SEED_AS_OF
        with TestClient(restarted) as client:
            restored = client.get(path)
            assert restored.status_code == 200, restored.text
            assert restored.json()["current_revision"] == second["current_revision"]
            pending_answer = answer_body(restored.json(), "answer-after-new-bank-fact")
            fact = ExternalFactRequest(
                user_id=DEMO_USER_ID,
                account_id=source,
                kind="INCOME",
                amount_cents=1,
                counterparty_ref="payroll",
                external_ref="question-current-real-income",
                idempotency_key="question-current-real-income",
                occurred_at=SEED_AS_OF,
            )
>           bank = ingest_external_fact(boundary_engine, DEMO_USER_ID, fact, SEED_AS_OF)
                   ^^^^^^^^^^^^^^^^^^^^^^^^^^^^^^^^^^^^^^^^^^^^^^^^^^^^^^^^^^^^^^^^^^^^^

apps\api\app\tests\test_question_workflow_api.py:202: 
_ _ _ _ _ _ _ _ _ _ _ _ _ _ _ _ _ _ _ _ _ _ _ _ _ _ _ _ _ _ _ _ _ _ _ _ _ _ _ _
apps\api\app\services\external_bank_facts.py:837: in ingest_external_fact
    identity = _bank_transaction(session, user_id, request, observed_at)
               ^^^^^^^^^^^^^^^^^^^^^^^^^^^^^^^^^^^^^^^^^^^^^^^^^^^^^^^^^
apps\api\app\services\external_bank_facts.py:342: in _bank_transaction
    _post(session, fact, key, delta, leg, occurred_at=request.occurred_at, now=observed_at)
_ _ _ _ _ _ _ _ _ _ _ _ _ _ _ _ _ _ _ _ _ _ _ _ _ _ _ _ _ _ _ _ _ _ _ _ _ _ _ _

session = <sqlalchemy.orm.session.Session object at 0x0000012FE6B233E0>
fact = <app.db.models.ExternalBankFact object at 0x0000012FD9E3F140>
key = 'CLEARING:bounded-funds-external-v1:payroll', delta = -1
leg = 'external:clearing'
occurred_at = datetime.datetime(2026, 10, 3, 16, 0, tzinfo=datetime.timezone.utc)
now = datetime.datetime(2026, 10, 3, 16, 0, tzinfo=datetime.timezone.utc)

    def _post(
        session: Session,
        fact: ExternalBankFact,
        key: str,
        delta: int,
        leg: str,
        *,
        occurred_at: datetime,
        now: datetime,
    ) -> SimulatedBankPosting:
        head = ledger_heads(session, fact.user_id).get(key)
        if head is None or head.occurred_at > occurred_at or head.balance_after_cents + delta < 0:
>           raise _error("The independent bank ledger cannot represent this exact external leg")
E           app.services.policy_lifecycle.PolicyLifecycleError: The independent bank ledger cannot represent this exact external leg

apps\api\app\services\external_bank_facts.py:179: PolicyLifecycleError
---------------------------- Captured stderr call -----------------------------
{"event": "http_request", "request_id": "1399a504-6e14-4039-a244-4f9a07a24d5c", "method": "POST", "status": 200, "duration_ms": 21110.0}
{"event": "http_request", "request_id": "59187c37-9ef9-43ca-909e-db24dd3858e4", "method": "POST", "status": 200, "duration_ms": 45656.0}
{"event": "http_request", "request_id": "fdb9ba43-1e31-4d84-b409-58ccbfa1eb8f", "method": "POST", "status": 409, "duration_ms": 16453.0}
{"event": "http_request", "request_id": "6ace56a3-57f2-413e-b759-b1420d00b7d3", "method": "GET", "status": 200, "duration_ms": 52031.0}
{"event": "http_request", "request_id": "fccf1572-bb71-45cb-ab18-609c5dcd1a26", "method": "POST", "status": 409, "duration_ms": 19969.0}
{"event": "http_request", "request_id": "e50b5490-23e7-4a17-862b-9d18c568072f", "method": "POST", "status": 200, "duration_ms": 67140.0}
{"event": "http_request", "request_id": "fb48de1e-4a95-47be-9c20-43b717e04e08", "method": "POST", "status": 200, "duration_ms": 97078.0}
{"event": "http_request", "request_id": "8aa2d96a-4a50-4fdf-8606-76aae4fe541e", "method": "POST", "status": 409, "duration_ms": 53578.0}
{"event": "http_request", "request_id": "9bd043e2-c988-4bb9-bace-0f621775e093", "method": "POST", "status": 422, "duration_ms": 16.0}
{"event": "http_request", "request_id": "e14382ed-cf6e-40b3-93e8-8b2e208d7b0e", "method": "POST", "status": 422, "duration_ms": 31.0}
{"event": "http_request", "request_id": "ed0f3142-5624-416d-b8aa-2b687ddd512e", "method": "POST", "status": 422, "duration_ms": 16.0}
{"event": "http_request", "request_id": "b0dc058e-7838-4cb6-a7d8-8204ad24081b", "method": "GET", "status": 200, "duration_ms": 105062.0}
------------------------------ Captured log call ------------------------------
INFO     bounded_funds.http:main.py:84 {"event": "http_request", "request_id": "1399a504-6e14-4039-a244-4f9a07a24d5c", "method": "POST", "status": 200, "duration_ms": 21110.0}
INFO     bounded_funds.http:main.py:84 {"event": "http_request", "request_id": "59187c37-9ef9-43ca-909e-db24dd3858e4", "method": "POST", "status": 200, "duration_ms": 45656.0}
INFO     bounded_funds.http:main.py:84 {"event": "http_request", "request_id": "fdb9ba43-1e31-4d84-b409-58ccbfa1eb8f", "method": "POST", "status": 409, "duration_ms": 16453.0}
INFO     bounded_funds.http:main.py:84 {"event": "http_request", "request_id": "6ace56a3-57f2-413e-b759-b1420d00b7d3", "method": "GET", "status": 200, "duration_ms": 52031.0}
INFO     bounded_funds.http:main.py:84 {"event": "http_request", "request_id": "fccf1572-bb71-45cb-ab18-609c5dcd1a26", "method": "POST", "status": 409, "duration_ms": 19969.0}
INFO     bounded_funds.http:main.py:84 {"event": "http_request", "request_id": "e50b5490-23e7-4a17-862b-9d18c568072f", "method": "POST", "status": 200, "duration_ms": 67140.0}
INFO     bounded_funds.http:main.py:84 {"event": "http_request", "request_id": "fb48de1e-4a95-47be-9c20-43b717e04e08", "method": "POST", "status": 200, "duration_ms": 97078.0}
INFO     bounded_funds.http:main.py:84 {"event": "http_request", "request_id": "8aa2d96a-4a50-4fdf-8606-76aae4fe541e", "method": "POST", "status": 409, "duration_ms": 53578.0}
INFO     bounded_funds.http:main.py:84 {"event": "http_request", "request_id": "9bd043e2-c988-4bb9-bace-0f621775e093", "method": "POST", "status": 422, "duration_ms": 16.0}
INFO     bounded_funds.http:main.py:84 {"event": "http_request", "request_id": "e14382ed-cf6e-40b3-93e8-8b2e208d7b0e", "method": "POST", "status": 422, "duration_ms": 31.0}
INFO     bounded_funds.http:main.py:84 {"event": "http_request", "request_id": "ed0f3142-5624-416d-b8aa-2b687ddd512e", "method": "POST", "status": 422, "duration_ms": 16.0}
INFO     bounded_funds.http:main.py:84 {"event": "http_request", "request_id": "b0dc058e-7838-4cb6-a7d8-8204ad24081b", "method": "GET", "status": 200, "duration_ms": 105062.0}
============================== warnings summary ===============================
.venv\Lib\site-packages\fastapi\testclient.py:1
  F:\学校活动\工行杯\钱途有界\bounded-funds\.venv\Lib\site-packages\fastapi\testclient.py:1: StarletteDeprecationWarning: Using `httpx` with `starlette.testclient` is deprecated; install `httpx2` instead.
    from starlette.testclient import TestClient as TestClient  # noqa

-- Docs: https://docs.pytest.org/en/stable/how-to/capture-warnings.html
=========================== short test summary info ===========================
FAILED apps/api/app/tests/test_policy_suggestions_integration.py::test_actual_patterns_public_calendar_and_source_refusal_never_write_or_grant
FAILED apps/api/app/tests/test_question_workflow_api.py::test_actual_question_session_restarts_rebases_and_replays_without_financial_writes
2 failed, 1 passed, 1 warning in 634.56s (0:10:34)
