...F                                                                     [100%]
================================== FAILURES ===================================
_ test_joint_planning_uses_actual_full_confirmation_and_unassigned_income_readonly _

goal_client = (<starlette.testclient.TestClient object at 0x00000255C650F650>, Engine(postgresql+psycopg://bounded:***@127.0.0.1:54329/bf_test_40d0cd8ec3404f4f99f2d0d6002d243d))

    def test_joint_planning_uses_actual_full_confirmation_and_unassigned_income_readonly(
        goal_client: tuple[TestClient, Engine],
    ) -> None:
        client, engine = goal_client
        goal_id, command = confirmed_existing_goal(client, engine)
        configuration: dict[str, Any] = command["configuration"]
        configuration["monthly_contribution"] = {
            "min_cents": 0,
            "target_cents": 10000,
            "max_cents": 20000,
        }
        configuration["minimum_guarantee_cents"] = 0
        model_url = f"/api/v1/goals/{goal_id}/full-model"
        preview = client.post(
            model_url + "/preview",
            json={key: command[key] for key in ("expected_version_id", "configuration")},
        )
        assert preview.status_code == 200
        review = preview.json()
        confirmation = client.post(
            model_url + "/confirm",
            json=command
            | {
                "accepted": True,
                "reviewed_full_hash": review["full_configuration_hash"],
                "reviewed_base_hash": review["base_configuration_hash"],
            },
        )
        assert confirmation.status_code == 200
        receipt = confirmation.json()
        with Session(engine) as session:
            income = read_income_state(session, DEMO_USER_ID, NOW)
            fragments = {str(row.fragment_id): row for row in income.ledger.fragments}
            available = sum(row.available_cents for row in fragments.values())
        before = physical_snapshot(engine)
        result = client.get(URL)
        assert result.status_code == 200
        value = result.json()
        assert value["state"] == "COMPUTED"
        assert value["source_issues"] == []
        assert value["independent_bank_projection_matched"] is True
        assert value["registered_goal_count"] == 1
        assert value["included_goal_ids"] == [goal_id] and value["uncovered_goal_ids"] == []
        assert receipt["evidence_id"] in value["source_evidence_ids"]
        assert value["funds_scope"] == "ACTUAL_CURRENT_UNASSIGNED_INCOME_ONLY"
        assert value["protection_scope"] == "ALL_ORIGINAL_365_DAY_RESERVES_RETAINED"
        assert value["grants_authority"] is False
        allocation = value["allocation"]
        assert allocation["status"] == "OPTIMAL"
        assert allocation["purpose"] == "CURRENT_PERIOD_PLANNING_ONLY"
        assert allocation["grants_authority"] is False
        assert len(allocation["objective_vector"]) == 8
        goal = allocation["goals"][0]
        assert goal["goal_id"] == goal_id
        assert goal["effective_policy_version_id"] == receipt["lifecycle"]["current_version_id"]
>       assert 0 < goal["amount_cents"] <= 20000
E       assert 0 < 0

apps\api\app\tests\test_multi_goal_planning_api.py:116: AssertionError
---------------------------- Captured stderr call -----------------------------
{"event": "http_request", "request_id": "bbed2579-a7ae-4462-9199-1ef563e7b359", "method": "POST", "status": 200, "duration_ms": 78.0}
{"event": "http_request", "request_id": "36f99153-7928-435a-823a-3faa2dc4f4b7", "method": "POST", "status": 200, "duration_ms": 109.0}
{"event": "http_request", "request_id": "8d7763ca-d426-4a91-8c03-52aa832b14ed", "method": "POST", "status": 200, "duration_ms": 406.0}
{"event": "http_request", "request_id": "6e8e8389-45cb-4d60-b794-d8785a70816c", "method": "POST", "status": 200, "duration_ms": 703.0}
{"event": "http_request", "request_id": "f52708d3-8178-406a-8de9-b2ddc06ac98f", "method": "POST", "status": 200, "duration_ms": 203.0}
{"event": "http_request", "request_id": "7722741a-eb23-4422-832f-af60cc2fa329", "method": "GET", "status": 200, "duration_ms": 625.0}
------------------------------ Captured log call ------------------------------
INFO     bounded_funds.http:main.py:70 {"event": "http_request", "request_id": "bbed2579-a7ae-4462-9199-1ef563e7b359", "method": "POST", "status": 200, "duration_ms": 78.0}
INFO     bounded_funds.http:main.py:70 {"event": "http_request", "request_id": "36f99153-7928-435a-823a-3faa2dc4f4b7", "method": "POST", "status": 200, "duration_ms": 109.0}
INFO     bounded_funds.http:main.py:70 {"event": "http_request", "request_id": "8d7763ca-d426-4a91-8c03-52aa832b14ed", "method": "POST", "status": 200, "duration_ms": 406.0}
INFO     bounded_funds.http:main.py:70 {"event": "http_request", "request_id": "6e8e8389-45cb-4d60-b794-d8785a70816c", "method": "POST", "status": 200, "duration_ms": 703.0}
INFO     bounded_funds.http:main.py:70 {"event": "http_request", "request_id": "f52708d3-8178-406a-8de9-b2ddc06ac98f", "method": "POST", "status": 200, "duration_ms": 203.0}
INFO     bounded_funds.http:main.py:70 {"event": "http_request", "request_id": "7722741a-eb23-4422-832f-af60cc2fa329", "method": "GET", "status": 200, "duration_ms": 625.0}
============================== warnings summary ===============================
.venv\Lib\site-packages\fastapi\testclient.py:1
  F:\学校活动\工行杯\钱途有界\bounded-funds\.venv\Lib\site-packages\fastapi\testclient.py:1: StarletteDeprecationWarning: Using `httpx` with `starlette.testclient` is deprecated; install `httpx2` instead.
    from starlette.testclient import TestClient as TestClient  # noqa

-- Docs: https://docs.pytest.org/en/stable/how-to/capture-warnings.html
=========================== short test summary info ===========================
FAILED apps/api/app/tests/test_multi_goal_planning_api.py::test_joint_planning_uses_actual_full_confirmation_and_unassigned_income_readonly
1 failed, 3 passed, 1 warning in 27.67s
