apps\api\app\domain\full_action_set_boundary_actual.py:150: error: Incompatible types in assignment (expression has type "dict[str, Any] | None", variable has type "dict[str, Any]")  [assignment]
apps\api\app\domain\full_action_set_boundary_actual.py:348: error: Incompatible types in assignment (expression has type "AssetProducerInput", variable has type "DynamicGoalProducerInput")  [assignment]
apps\api\app\domain\full_action_set_boundary_actual.py:352: error: "DynamicGoalProducerInput" has no attribute "full_policy_id"  [attr-defined]
apps\api\app\domain\full_action_set_boundary_actual.py:353: error: "DynamicGoalProducerInput" has no attribute "request"  [attr-defined]
apps\api\app\domain\full_action_set_boundary_actual.py:355: error: "DynamicGoalProducerInput" has no attribute "request"  [attr-defined]
apps\api\app\domain\full_action_set_boundary_actual.py:356: error: "DynamicGoalProducerInput" has no attribute "request"  [attr-defined]
apps\api\app\domain\full_action_set_boundary_actual.py:361: error: Argument 2 to "asset_producer_view" has incompatible type "DynamicGoalProducerInput"; expected "AssetProducerInput"  [arg-type]
apps\api\app\domain\full_action_set_boundary_actual.py:363: error: "DynamicGoalProducerInput" has no attribute "full_policy_id"  [attr-defined]
apps\api\app\services\full_action_set_boundary_actual.py:265: error: Need type annotation for "candidates" (hint: "candidates: list[<type>] = ...")  [var-annotated]
apps\api\app\services\full_action_set_boundary_actual.py:693: error: Incompatible types in assignment (expression has type "AssetProducerInput", variable has type "DynamicGoalProducerInput")  [assignment]
apps\api\app\services\full_action_set_boundary_actual.py:694: error: "DynamicGoalProducerInput" has no attribute "actual_preview"  [attr-defined]
apps\api\app\services\full_action_set_boundary_actual.py:697: error: "DynamicGoalProducerInput" has no attribute "actual_preview"  [attr-defined]
apps\api\app\services\full_action_set_boundary_actual.py:698: error: "DynamicGoalProducerInput" has no attribute "actual_preview"  [attr-defined]
apps\api\app\tests\test_full_action_set_boundary_actual.py:31: error: Module "app.tests.test_full_action_set_boundary_full" does not explicitly export attribute "USER"  [attr-defined]
apps\api\app\tests\test_full_action_set_boundary_actual.py:31: error: Module "app.tests.test_full_action_set_boundary_full" does not explicitly export attribute "EPOCH"  [attr-defined]
apps\api\app\tests\test_full_action_set_boundary_actual.py:31: error: Module "app.tests.test_full_action_set_boundary_full" does not explicitly export attribute "NOW"  [attr-defined]
apps\api\app\tests\test_full_action_set_boundary_actual.py:31: error: Module "app.tests.test_full_action_set_boundary_full" does not explicitly export attribute "VERSION"  [attr-defined]
apps\api\app\tests\test_full_action_set_boundary_actual.py:31: error: Module "app.tests.test_full_action_set_boundary_full" does not explicitly export attribute "POLICY"  [attr-defined]
apps\api\app\tests\test_full_action_set_boundary_actual.py:31: error: Module "app.tests.test_full_action_set_boundary_full" does not explicitly export attribute "GOAL"  [attr-defined]
Found 19 errors in 3 files (checked 5 source files)
