............................................F.                           [100%]
================================== FAILURES ===================================
______________ test_missing_registered_basis_original_is_missing ______________
scripts\tests\test_mvp_financial_metrics.py:1153: in test_missing_registered_basis_original_is_missing
    result = metrics.observe(run)["metrics"]["S2"]
             ^^^^^^^^^^^^^^^^^^^^
scripts\mvp_financial_metrics.py:1440: in observe
    _unit(
scripts\mvp_financial_metrics.py:711: in _unit
    **operation(),
      ^^^^^^^^^^^
scripts\mvp_financial_metrics.py:1442: in <lambda>
    lambda: {"value": not _permission(_settled(bundle, actual_record()))["authorized"]},
                                      ^^^^^^^^^^^^^^^^^^^^^^^^^^^^^^^^^
scripts\mvp_financial_metrics.py:490: in _settled
    before = bundle.facts(_need(record, "before_facts_ref"))
             ^^^^^^^^^^^^^^^^^^^^^^^^^^^^^^^^^^^^^^^^^^^^^^^
scripts\mvp_financial_metrics.py:189: in facts
    actual_bytes = self._load_ref(
scripts\mvp_trace_metrics.py:215: in _load_ref
    return super()._load_ref(ref, parse=parse)
           ^^^^^^^^^^^^^^^^^^^^^^^^^^^^^^^^^^^
scripts\mvp_observations.py:295: in _load_ref
    original = self._read(path, parse=parse)
               ^^^^^^^^^^^^^^^^^^^^^^^^^^^^^
scripts\mvp_observations.py:274: in _read
    if path.stat().st_size > 64 * 1024 * 1024:
       ^^^^^^^^^^^
C:\Users\starryzac\AppData\Local\Programs\Python\Python312\Lib\pathlib.py:840: in stat
    return os.stat(self, follow_symlinks=follow_symlinks)
           ^^^^^^^^^^^^^^^^^^^^^^^^^^^^^^^^^^^^^^^^^^^^^^
E   FileNotFoundError: [WinError 2] 系统找不到指定的文件。: 'F:\\学校活动\\工行杯\\钱途有界\\bounded-funds\\.runtime\\W1-financial-metrics-tool-fixtures\\c661e00ee4504781bf81d0356d7c7d91\\basis-20564fb8bb03b1b8e2a736e1a14f012d0d539a0b6c9e2dbdff7132d1388ebce3.json'
=========================== short test summary info ===========================
FAILED scripts/tests/test_mvp_financial_metrics.py::test_missing_registered_basis_original_is_missing
1 failed, 45 passed in 16.59s
