...F                                                                     [100%]
================================== FAILURES ===================================
_ test_original_full_goal_lookup_keeps_old_receipt_after_change_and_rejects_tamper _

goal_client = (<starlette.testclient.TestClient object at 0x00000179E3BDC2C0>, Engine(postgresql+psycopg://bounded:***@127.0.0.1:54329/bf_test_d7e15e4f791941bcaaa13c0ee297272e))

    def test_original_full_goal_lookup_keeps_old_receipt_after_change_and_rejects_tamper(
        goal_client: tuple[TestClient, Engine],
    ) -> None:
        client, engine = goal_client
        goal_id, request = confirmed_existing_goal(client, engine)
        request["idempotency_key"] = "goal/original-key"
        url = f"/api/v1/goals/{goal_id}/full-model"
        lookup_url = url + "/commands/by-key/" + quote(request["idempotency_key"], safe="")
        before = physical_snapshot(engine)
        missing = client.get(lookup_url)
        assert missing.status_code == 200
        assert missing.json()["status"] == "NOT_FOUND"
        assert missing.json()["not_found_is_final"] is False
        assert client.get(lookup_url + "?now=2027-01-01").status_code == 422
        assert physical_snapshot(engine) == before
        preview = client.post(
            url + "/preview",
            json={key: request[key] for key in ("configuration", "expected_version_id")},
        )
        assert preview.status_code == 200
        values = preview.json()
        request.update(
            configuration=values["full_configuration"],
            reviewed_full_hash=values["full_configuration_hash"],
            reviewed_base_hash=values["base_configuration_hash"],
            accepted=True,
        )
        confirmed = client.post(url + "/confirm", json=request)
        assert confirmed.status_code == 200
        original_receipt = confirmed.json()
        saved = physical_snapshot(engine)
        first = client.get(lookup_url)
>       assert first.status_code == 200, first.text
E       AssertionError: {"error":{"code":"INVALID_FULL_GOAL_MODEL","message":"原确认的用户、轮次或版本已变化","request_id":"5e072278-7700-4c1b-b06a-3c2772d0755b"}}
E       assert 409 == 200
E        +  where 409 = <Response [409 Conflict]>.status_code

apps\api\app\tests\test_full_goal_commands_api.py:51: AssertionError
---------------------------- Captured stderr call -----------------------------
{"event": "http_request", "request_id": "0e422090-2fa7-4830-a97d-3ebadd985493", "method": "POST", "status": 200, "duration_ms": 47.0}
{"event": "http_request", "request_id": "62525ae8-19a1-4381-aab1-ec5ee3c6a68d", "method": "POST", "status": 200, "duration_ms": 78.0}
{"event": "http_request", "request_id": "9baf6db3-12f0-45aa-b2fe-3f3042a5ff8b", "method": "POST", "status": 200, "duration_ms": 234.0}
{"event": "http_request", "request_id": "bbe646c1-c000-4790-bb3a-823cfe218436", "method": "GET", "status": 200, "duration_ms": 31.0}
{"event": "http_request", "request_id": "d7cd39c0-d8d8-4e46-a4fc-dfda702f68f3", "method": "GET", "status": 422, "duration_ms": 0.0}
{"event": "http_request", "request_id": "e35aee64-40ef-4af6-9176-6d6f1ebd2568", "method": "POST", "status": 200, "duration_ms": 391.0}
{"event": "http_request", "request_id": "b0cd4642-9151-4622-9c6f-af4781e11097", "method": "POST", "status": 200, "duration_ms": 94.0}
{"event": "http_request", "request_id": "5e072278-7700-4c1b-b06a-3c2772d0755b", "method": "GET", "status": 409, "duration_ms": 16.0}
------------------------------ Captured log call ------------------------------
INFO     bounded_funds.http:main.py:79 {"event": "http_request", "request_id": "0e422090-2fa7-4830-a97d-3ebadd985493", "method": "POST", "status": 200, "duration_ms": 47.0}
INFO     bounded_funds.http:main.py:79 {"event": "http_request", "request_id": "62525ae8-19a1-4381-aab1-ec5ee3c6a68d", "method": "POST", "status": 200, "duration_ms": 78.0}
INFO     bounded_funds.http:main.py:79 {"event": "http_request", "request_id": "9baf6db3-12f0-45aa-b2fe-3f3042a5ff8b", "method": "POST", "status": 200, "duration_ms": 234.0}
INFO     bounded_funds.http:main.py:79 {"event": "http_request", "request_id": "bbe646c1-c000-4790-bb3a-823cfe218436", "method": "GET", "status": 200, "duration_ms": 31.0}
INFO     bounded_funds.http:main.py:79 {"event": "http_request", "request_id": "d7cd39c0-d8d8-4e46-a4fc-dfda702f68f3", "method": "GET", "status": 422, "duration_ms": 0.0}
INFO     bounded_funds.http:main.py:79 {"event": "http_request", "request_id": "e35aee64-40ef-4af6-9176-6d6f1ebd2568", "method": "POST", "status": 200, "duration_ms": 391.0}
INFO     bounded_funds.http:main.py:79 {"event": "http_request", "request_id": "b0cd4642-9151-4622-9c6f-af4781e11097", "method": "POST", "status": 200, "duration_ms": 94.0}
INFO     bounded_funds.http:main.py:79 {"event": "http_request", "request_id": "5e072278-7700-4c1b-b06a-3c2772d0755b", "method": "GET", "status": 409, "duration_ms": 16.0}
============================== warnings summary ===============================
.venv\Lib\site-packages\fastapi\testclient.py:1
  F:\学校活动\工行杯\钱途有界\bounded-funds\.venv\Lib\site-packages\fastapi\testclient.py:1: StarletteDeprecationWarning: Using `httpx` with `starlette.testclient` is deprecated; install `httpx2` instead.
    from starlette.testclient import TestClient as TestClient  # noqa

-- Docs: https://docs.pytest.org/en/stable/how-to/capture-warnings.html
=========================== short test summary info ===========================
FAILED apps/api/app/tests/test_full_goal_commands_api.py::test_original_full_goal_lookup_keeps_old_receipt_after_change_and_rejects_tamper
1 failed, 3 passed, 1 warning in 118.09s (0:01:58)
