I001 [*] Import block is un-sorted or un-formatted
  --> scripts\tests\test_mvp_coverage_scope.py:3:1
   |
 1 |   """TOOL_TEST_ONLY: the configurable gate cannot weaken the original acceptance."""
 2 |
 3 | / import copy
 4 | | import json
 5 | | from pathlib import Path
 6 | | from typing import Any
 7 | |
 8 | | import pytest
 9 | | from scripts.verify_mvp_coverage import REQUIRED_CORE, REQUIRED_PROPERTIES, validate_scope
   | |__________________________________________________________________________________________^
10 |
11 |   ROOT = Path(__file__).resolve().parents[2]
   |
help: Organize imports
   |
8  | import pytest
9  +
10 | from scripts.verify_mvp_coverage import REQUIRED_CORE, REQUIRED_PROPERTIES, validate_scope
   |

Found 1 error.
[*] 1 fixable with the `--fix` option.
