E501 Line too long (149 > 100)
  --> apps\api\alembic\versions\0012_intervention_delivery.py:33:98
   |
31 | …NULL, 
32 | …
33 | …s FOREIGN KEY(epoch_id, user_id) REFERENCES audit_epochs (id, user_id) ON DELETE RESTRICT, 
   |                                            ^^^^^^^^^^^^^^^^^^^^^^^^^^^^^^^^^^^^^^^^^^^^^^^^^
34 | …poch_id, semantic_key), 
35 | …ocol_version = 'full-intervention-message-v1'), 
   |

E501 Line too long (106 > 100)
  --> apps\api\alembic\versions\0012_intervention_delivery.py:35:98
   |
33 |     CONSTRAINT fk_intervention_outbox_epoch_id_audit_epochs FOREIGN KEY(epoch_id, user_id) REFERENCES audit_epochs (id, user_id) ON DE…
34 |     CONSTRAINT uq_intervention_semantic UNIQUE (user_id, epoch_id, semantic_key), 
35 |     CONSTRAINT ck_intervention_outbox_protocol CHECK (protocol_version = 'full-intervention-message-v1'), 
   |                                                                                                     ^^^^^^
36 |     CONSTRAINT ck_intervention_outbox_hashes CHECK (source_trace_hash ~ '^[0-9a-f]{64}$' AND semantic_key ~ '^[0-9a-f]{64}$' AND paylo…
37 |     CONSTRAINT ck_intervention_outbox_source CHECK ((source_kind = 'QUESTION' AND session_id IS NOT NULL AND question_id IS NOT NULL A…
   |

E501 Line too long (163 > 100)
  --> apps\api\alembic\versions\0012_intervention_delivery.py:36:98
   |
34 | …, semantic_key), 
35 | …rsion = 'full-intervention-message-v1'), 
36 | …hash ~ '^[0-9a-f]{64}$' AND semantic_key ~ '^[0-9a-f]{64}$' AND payload_hash ~ '^[0-9a-f]{64}$'), 
   |                                     ^^^^^^^^^^^^^^^^^^^^^^^^^^^^^^^^^^^^^^^^^^^^^^^^^^^^^^^^^^^^^^^
37 | …= 'QUESTION' AND session_id IS NOT NULL AND question_id IS NOT NULL AND question_revision IS NOT NULL AND question_revision >= 1) OR …
38 | …(payload) = 'object' AND octet_length(payload::text) <= 1048576), 
   |

E501 Line too long (318 > 100)
  --> apps\api\alembic\versions\0012_intervention_delivery.py:37:98
   |
35 | …sage-v1'), 
36 | …mantic_key ~ '^[0-9a-f]{64}$' AND payload_hash ~ '^[0-9a-f]{64}$'), 
37 | … NOT NULL AND question_id IS NOT NULL AND question_revision IS NOT NULL AND question_revision >= 1) OR (source_kind = 'SINGLE_ACTION_BOUNDARY' AND session_id IS NULL AND question_id IS NULL AND question_revision IS NULL)), 
   |       ^^^^^^^^^^^^^^^^^^^^^^^^^^^^^^^^^^^^^^^^^^^^^^^^^^^^^^^^^^^^^^^^^^^^^^^^^^^^^^^^^^^^^^^^^^^^^^^^^^^^^^^^^^^^^^^^^^^^^^^^^^^^^^^^^^^^^^^^^^^^^^^^^^^^^^^^^^^^^^^^^^^^^^^^^^^^^^^^^^^^^^^^^^^^^^^^^^^^^^^^^^^^^^^^^^^^^^^^^^
38 | …_length(payload::text) <= 1048576), 
39 | …DATED', 'RECORDED_ONLY', 'DEFERRED')), 
   |

E501 Line too long (131 > 100)
  --> apps\api\alembic\versions\0012_intervention_delivery.py:38:98
   |
36 | …K (source_trace_hash ~ '^[0-9a-f]{64}$' AND semantic_key ~ '^[0-9a-f]{64}$' AND payload_hash ~ '^[0-9a-f]{64}$'), 
37 | …K ((source_kind = 'QUESTION' AND session_id IS NOT NULL AND question_id IS NOT NULL AND question_revision IS NOT NULL AND question_re…
38 | …CK (jsonb_typeof(payload) = 'object' AND octet_length(payload::text) <= 1048576), 
   |                                                     ^^^^^^^^^^^^^^^^^^^^^^^^^^^^^^^
39 | … (state IN ('PENDING', 'ACKNOWLEDGED', 'INVALIDATED', 'RECORDED_ONLY', 'DEFERRED')), 
40 | …(available_at >= created_at AND updated_at >= created_at), 
   |

E501 Line too long (134 > 100)
  --> apps\api\alembic\versions\0012_intervention_delivery.py:39:98
   |
37 | …((source_kind = 'QUESTION' AND session_id IS NOT NULL AND question_id IS NOT NULL AND question_revision IS NOT NULL AND question_revi…
38 | … (jsonb_typeof(payload) = 'object' AND octet_length(payload::text) <= 1048576), 
39 | …state IN ('PENDING', 'ACKNOWLEDGED', 'INVALIDATED', 'RECORDED_ONLY', 'DEFERRED')), 
   |                                                   ^^^^^^^^^^^^^^^^^^^^^^^^^^^^^^^^^^
40 | …vailable_at >= created_at AND updated_at >= created_at), 
41 | …, user_id), 
   |

E501 Line too long (108 > 100)
  --> apps\api\alembic\versions\0012_intervention_delivery.py:40:98
   |
38 |     CONSTRAINT ck_intervention_outbox_payload CHECK (jsonb_typeof(payload) = 'object' AND octet_length(payload::text) <= 1048576), 
39 |     CONSTRAINT ck_intervention_outbox_state CHECK (state IN ('PENDING', 'ACKNOWLEDGED', 'INVALIDATED', 'RECORDED_ONLY', 'DEFERRED')), 
40 |     CONSTRAINT ck_intervention_outbox_time CHECK (available_at >= created_at AND updated_at >= created_at), 
   |                                                                                                     ^^^^^^^^
41 |     CONSTRAINT uq_intervention_outbox_id UNIQUE (id, user_id), 
42 |     CONSTRAINT fk_intervention_outbox_user_id_users FOREIGN KEY(user_id) REFERENCES users (id) ON DELETE RESTRICT
   |

E501 Line too long (113 > 100)
  --> apps\api\alembic\versions\0012_intervention_delivery.py:42:98
   |
40 |     CONSTRAINT ck_intervention_outbox_time CHECK (available_at >= created_at AND updated_at >= created_at), 
41 |     CONSTRAINT uq_intervention_outbox_id UNIQUE (id, user_id), 
42 |     CONSTRAINT fk_intervention_outbox_user_id_users FOREIGN KEY(user_id) REFERENCES users (id) ON DELETE RESTRICT
   |                                                                                                     ^^^^^^^^^^^^^
43 | )
   |

E501 Line too long (105 > 100)
  --> apps\api\alembic\versions\0012_intervention_delivery.py:47:101
   |
45 | ;
46 | CREATE INDEX ix_intervention_outbox_user_id ON intervention_outbox (user_id);
47 | CREATE INDEX ix_intervention_pending ON intervention_outbox (user_id, epoch_id, state, available_at, id);
   |                                                                                                     ^^^^^
48 |
49 | CREATE TABLE intervention_inbox (
   |

E501 Line too long (164 > 100)
  --> apps\api\alembic\versions\0012_intervention_delivery.py:65:98
   |
63 | …
64 | …
65 | … FOREIGN KEY(outbox_id, user_id) REFERENCES intervention_outbox (id, user_id) ON DELETE RESTRICT, 
   |                                    ^^^^^^^^^^^^^^^^^^^^^^^^^^^^^^^^^^^^^^^^^^^^^^^^^^^^^^^^^^^^^^^^
66 | …r_ref), 
67 | …ment_key), 
   |

E501 Line too long (131 > 100)
  --> apps\api\alembic\versions\0012_intervention_delivery.py:68:98
   |
66 | …utbox_id, consumer_ref), 
67 | …er_id, acknowledgment_key), 
68 | …CK (consumer_ref = 'intervention-center-v1' AND payload_hash ~ '^[0-9a-f]{64}$'), 
   |                                                     ^^^^^^^^^^^^^^^^^^^^^^^^^^^^^^^
69 | …(state IN ('RECEIVED', 'ACKNOWLEDGED', 'INVALIDATED')), 
70 | …nt CHECK ((state = 'ACKNOWLEDGED' AND acknowledged_at IS NOT NULL AND acknowledgment_key IS NOT NULL AND length(acknowledgment_key) B…
   |

E501 Line too long (105 > 100)
  --> apps\api\alembic\versions\0012_intervention_delivery.py:69:98
   |
67 |     CONSTRAINT uq_intervention_ack_key UNIQUE (user_id, acknowledgment_key), 
68 |     CONSTRAINT ck_intervention_inbox_identity CHECK (consumer_ref = 'intervention-center-v1' AND payload_hash ~ '^[0-9a-f]{64}$'), 
69 |     CONSTRAINT ck_intervention_inbox_state CHECK (state IN ('RECEIVED', 'ACKNOWLEDGED', 'INVALIDATED')), 
   |                                                                                                     ^^^^^
70 |     CONSTRAINT ck_intervention_inbox_acknowledgment CHECK ((state = 'ACKNOWLEDGED' AND acknowledged_at IS NOT NULL AND acknowledgment_…
71 |     CONSTRAINT ck_intervention_inbox_json CHECK ((acknowledgment_request IS NULL OR (jsonb_typeof(acknowledgment_request) = 'object' A…
   |

E501 Line too long (561 > 100)
  --> apps\api\alembic\versions\0012_intervention_delivery.py:70:98
   |
68 | …D payload_hash ~ '^[0-9a-f]{64}$'), 
69 | …DATED')), 
70 | …dged_at IS NOT NULL AND acknowledgment_key IS NOT …hash IS NULL AND original_receipt IS NULL)), 
   |       ^^^^^^^^^^^^^^^^^^^^^^^^^^^^^^^^^^^^^^^^^^^^^…^^^^^^^^^^^^^^^^^^^^^^^^^^^^^^^^^^^^^^^^^^^^^
71 | …of(acknowledgment_request) = 'object' AND octet_length(acknowledgment_request::text) <= 1048576)) AND (original_receipt IS NULL OR (jsonb_typeof(original_receipt) = 'object' AND octet_length(original_receipt::text) <= 1048576))), 
72 | …ceived_at AND (acknowledged_at IS NULL OR acknowledged_at >= received_at)), 
   |

E501 Line too long (325 > 100)
  --> apps\api\alembic\versions\0012_intervention_delivery.py:71:98
   |
69 | …DATED')), 
70 | …dged_at IS NOT NULL AND acknowledgment_key IS NOT NULL AND length(acknowledgment_key) BETWEEN 1 AND 160 AND acknowledgment_request IS NOT NULL AND acknowledgment_request_hash IS NOT NULL AND original_receipt IS NOT NULL AND acknowledgm…
71 | …of(acknowledgment_request) = 'object' AND octet_length(acknowledgment_request::text) <= 1048576)) AND (original_receipt IS NULL OR (jsonb_typeof(original_receipt) = 'object' AND octet_length(original_receipt::text) <= 1048576))), 
   |       ^^^^^^^^^^^^^^^^^^^^^^^^^^^^^^^^^^^^^^^^^^^^^^^^^^^^^^^^^^^^^^^^^^^^^^^^^^^^^^^^^^^^^^^^^^^^^^^^^^^^^^^^^^^^^^^^^^^^^^^^^^^^^^^^^^^^^^^^^^^^^^^^^^^^^^^^^^^^^^^^^^^^^^^^^^^^^^^^^^^^^^^^^^^^^^^^^^^^^^^^^^^^^^^^^^^^^^^^^^^^^^^^^
72 | …ceived_at AND (acknowledged_at IS NULL OR acknowledged_at >= received_at)), 
73 | …
   |

E501 Line too long (171 > 100)
  --> apps\api\alembic\versions\0012_intervention_delivery.py:72:98
   |
70 | …ACKNOWLEDGED' AND acknowledged_at IS NOT NULL AND acknowledgment_key IS NOT NULL AND length(acknowledgment_key) BETWEEN 1 AND 160 AND…
71 | …est IS NULL OR (jsonb_typeof(acknowledgment_request) = 'object' AND octet_length(acknowledgment_request::text) <= 1048576)) AND (orig…
72 | …ed_at AND updated_at >= received_at AND (acknowledged_at IS NULL OR acknowledged_at >= received_at)), 
   |                                 ^^^^^^^^^^^^^^^^^^^^^^^^^^^^^^^^^^^^^^^^^^^^^^^^^^^^^^^^^^^^^^^^^^^^^^^
73 | …
74 | …d) REFERENCES users (id) ON DELETE RESTRICT
   |

E501 Line too long (112 > 100)
  --> apps\api\alembic\versions\0012_intervention_delivery.py:74:98
   |
72 |     CONSTRAINT ck_intervention_inbox_time CHECK (received_at >= created_at AND updated_at >= received_at AND (acknowledged_at IS NULL …
73 |     CONSTRAINT uq_intervention_inbox_id UNIQUE (id, user_id), 
74 |     CONSTRAINT fk_intervention_inbox_user_id_users FOREIGN KEY(user_id) REFERENCES users (id) ON DELETE RESTRICT
   |                                                                                                     ^^^^^^^^^^^^
75 | )
   |

E501 Line too long (101 > 100)
   --> apps\api\app\tests\test_intervention_migration.py:111:101
    |
109 |         )
110 |         connection.execute(
111 |             text("UPDATE intervention_outbox SET state='ACKNOWLEDGED',updated_at=:now WHERE id=:id"),
    |                                                                                                     ^
112 |             {"now": SEED_AS_OF + timedelta(seconds=1), "id": message_id},
113 |         )
    |

Found 17 errors.
