F
================================== FAILURES ===================================
_ test_actual_dynamic_above_nominal_original_income_and_response_loss_key_recovery _

goal_client = (<starlette.testclient.TestClient object at 0x0000025F6874D370>, Engine(postgresql+psycopg://bounded:***@127.0.0.1:54329/bf_test_8620ae6df591441d9ea39e8d1fff73bf))

    def test_actual_dynamic_above_nominal_original_income_and_response_loss_key_recovery(
        goal_client: tuple[TestClient, Engine],
    ) -> None:
        client, engine = goal_client
        goal_id, model_id = full_dynamic_goal(client, engine)
        with Session(engine) as session:
            cash = session.scalar(
                select(Account)
                .where(Account.user_id == DEMO_USER_ID, Account.account_type == "CASH")
                .order_by(Account.id)
            )
            assert cash is not None
            cash_id = cash.id
        income = ingest_external_fact(
            engine,
            DEMO_USER_ID,
            ExternalFactRequest(
                user_id=DEMO_USER_ID,
                account_id=cash_id,
                kind="INCOME",
                amount_cents=600000,
                external_ref="actual-dynamic-consumer-payroll",
                idempotency_key="actual-dynamic-consumer-payroll",
                counterparty_ref="payroll",
                occurred_at=NOW,
            ),
            NOW,
        )
        assert income.bank_status == "SETTLED" and income.projection_status == "PROJECTED"
        assert income.transaction_id is not None
        current = client.get(f"/api/v1/goals/{goal_id}/full-model")
        assert current.status_code == 200 and current.json()["status"] == "VERIFIED"
        model = current.json()
        assert model["evidence_id"] == model_id and model["bank_authority"] is False
        body = {
            "goal_id": goal_id,
            "expected_policy_version_id": model["base_policy_version_id"],
            "expected_model_evidence_id": model_id,
            "expected_model_evidence_hash": model["evidence_hash"],
            "expected_epoch_id": model["epoch_id"],
            "idempotency_key": "actual-dynamic-consumer-key",
        }
        with Session(engine) as session:
            actual_income = read_income_state(session, DEMO_USER_ID, NOW)
            retained_income = session.get(EvidenceItem, actual_income.evidence_id)
            assert retained_income is not None
            assert native_income_original_matches(retained_income.content, actual_income.ledger), (
                json.dumps(
                    {
                        "original": retained_income.content,
                        "typed": actual_income.ledger.model_dump(mode="json"),
                    },
                    ensure_ascii=False,
                )
            )
        before = physical_snapshot(engine)
        preview = client.post("/api/v1/dynamic-goal-actions/preview", json=body)
        assert preview.status_code == 200, preview.text
        proof = preview.json()["proof"]
        assert proof["status"] == "VERIFIED_RANGE" and proof["dynamic_cap_cents"] == 20000
        assert proof["nominal_remaining_target_cents"] == 10000
        assert proof["remaining_max_cents"] == 20000 and proof["bank_authority"] is False
        for field in ("amount_cents", "income_uses", "now", "user_id", "authority"):
            assert (
                client.post("/api/v1/dynamic-goal-actions/preview", json={**body, field: 1}).status_code
                == 422
            )
            assert (
                client.post(
                    "/api/v1/dynamic-goal-actions/preview", json=body, params={field: "fake"}
                ).status_code
                == 422
            )
        assert physical_snapshot(engine) == before
        prepared = client.post("/api/v1/dynamic-goal-actions/prepare", json=body)
>       assert prepared.status_code == 200, prepared.text
E       AssertionError: {"error":{"code":"EXECUTION_NOT_READY","message":"动作不能安全准备：CURRENT_DYNAMIC_GOAL_PROOF_INVALID","request_id":"f89721bf-dc49-4e67-9c17-d2a66d796ce4"}}
E       assert 409 == 200
E        +  where 409 = <Response [409 Conflict]>.status_code

apps\api\app\tests\test_full_dynamic_goal_execution_integration.py:108: AssertionError
---------------------------- Captured stderr call -----------------------------
{"event": "http_request", "request_id": "021e693f-f205-4122-a8c8-08e067c6e302", "method": "POST", "status": 200, "duration_ms": 234.0}
{"event": "http_request", "request_id": "ff9eca86-c2fc-4104-a29f-53b7682bee34", "method": "POST", "status": 200, "duration_ms": 281.0}
{"event": "http_request", "request_id": "3adda3d3-1f71-4de0-95ff-0630181e3fde", "method": "POST", "status": 200, "duration_ms": 406.0}
{"event": "http_request", "request_id": "3d343725-cca9-4595-9ffb-1e55ef0e1666", "method": "POST", "status": 200, "duration_ms": 484.0}
{"event": "http_request", "request_id": "3cfdf2ea-03bd-4d24-b4c7-baf63f5b99cc", "method": "POST", "status": 200, "duration_ms": 282.0}
{"event": "http_request", "request_id": "3c2f2d35-d063-4573-b72c-cd3337d4262a", "method": "GET", "status": 200, "duration_ms": 15.0}
{"event": "http_request", "request_id": "108a0fe6-c535-48d9-a526-83f9a52a67e4", "method": "POST", "status": 200, "duration_ms": 3015.0}
{"event": "http_request", "request_id": "61a2b6c0-d5d5-4664-8c16-04e83d12f981", "method": "POST", "status": 422, "duration_ms": 16.0}
{"event": "http_request", "request_id": "47ee80b8-766b-4540-8a39-fc012d9ae4c1", "method": "POST", "status": 422, "duration_ms": 0.0}
{"event": "http_request", "request_id": "77cf220c-27e9-456a-b842-ea5c046df8c2", "method": "POST", "status": 422, "duration_ms": 16.0}
{"event": "http_request", "request_id": "48f66044-fc1d-45fb-b83a-86718c936d7b", "method": "POST", "status": 422, "duration_ms": 0.0}
{"event": "http_request", "request_id": "1b723eb7-fa83-4de5-b6b0-00e8c7424ff6", "method": "POST", "status": 422, "duration_ms": 0.0}
{"event": "http_request", "request_id": "6100b8d8-e956-4018-8194-8424aeb34edc", "method": "POST", "status": 422, "duration_ms": 0.0}
{"event": "http_request", "request_id": "cfe9bccf-9011-4eb3-b697-887911f1a6f4", "method": "POST", "status": 422, "duration_ms": 0.0}
{"event": "http_request", "request_id": "69e253a5-f864-4582-902b-17c45373464d", "method": "POST", "status": 422, "duration_ms": 0.0}
{"event": "http_request", "request_id": "d68fd2bd-9b24-40a0-a903-c331d747ede7", "method": "POST", "status": 422, "duration_ms": 16.0}
{"event": "http_request", "request_id": "8866e759-49d6-49cc-a22b-13e7bba25483", "method": "POST", "status": 422, "duration_ms": 0.0}
{"event": "http_request", "request_id": "f89721bf-dc49-4e67-9c17-d2a66d796ce4", "method": "POST", "status": 409, "duration_ms": 4656.0}
------------------------------ Captured log call ------------------------------
INFO     bounded_funds.http:main.py:109 {"event": "http_request", "request_id": "021e693f-f205-4122-a8c8-08e067c6e302", "method": "POST", "status": 200, "duration_ms": 234.0}
INFO     bounded_funds.http:main.py:109 {"event": "http_request", "request_id": "ff9eca86-c2fc-4104-a29f-53b7682bee34", "method": "POST", "status": 200, "duration_ms": 281.0}
INFO     bounded_funds.http:main.py:109 {"event": "http_request", "request_id": "3adda3d3-1f71-4de0-95ff-0630181e3fde", "method": "POST", "status": 200, "duration_ms": 406.0}
INFO     bounded_funds.http:main.py:109 {"event": "http_request", "request_id": "3d343725-cca9-4595-9ffb-1e55ef0e1666", "method": "POST", "status": 200, "duration_ms": 484.0}
INFO     bounded_funds.http:main.py:109 {"event": "http_request", "request_id": "3cfdf2ea-03bd-4d24-b4c7-baf63f5b99cc", "method": "POST", "status": 200, "duration_ms": 282.0}
INFO     bounded_funds.http:main.py:109 {"event": "http_request", "request_id": "3c2f2d35-d063-4573-b72c-cd3337d4262a", "method": "GET", "status": 200, "duration_ms": 15.0}
INFO     bounded_funds.http:main.py:109 {"event": "http_request", "request_id": "108a0fe6-c535-48d9-a526-83f9a52a67e4", "method": "POST", "status": 200, "duration_ms": 3015.0}
INFO     bounded_funds.http:main.py:109 {"event": "http_request", "request_id": "61a2b6c0-d5d5-4664-8c16-04e83d12f981", "method": "POST", "status": 422, "duration_ms": 16.0}
INFO     bounded_funds.http:main.py:109 {"event": "http_request", "request_id": "47ee80b8-766b-4540-8a39-fc012d9ae4c1", "method": "POST", "status": 422, "duration_ms": 0.0}
INFO     bounded_funds.http:main.py:109 {"event": "http_request", "request_id": "77cf220c-27e9-456a-b842-ea5c046df8c2", "method": "POST", "status": 422, "duration_ms": 16.0}
INFO     bounded_funds.http:main.py:109 {"event": "http_request", "request_id": "48f66044-fc1d-45fb-b83a-86718c936d7b", "method": "POST", "status": 422, "duration_ms": 0.0}
INFO     bounded_funds.http:main.py:109 {"event": "http_request", "request_id": "1b723eb7-fa83-4de5-b6b0-00e8c7424ff6", "method": "POST", "status": 422, "duration_ms": 0.0}
INFO     bounded_funds.http:main.py:109 {"event": "http_request", "request_id": "6100b8d8-e956-4018-8194-8424aeb34edc", "method": "POST", "status": 422, "duration_ms": 0.0}
INFO     bounded_funds.http:main.py:109 {"event": "http_request", "request_id": "cfe9bccf-9011-4eb3-b697-887911f1a6f4", "method": "POST", "status": 422, "duration_ms": 0.0}
INFO     bounded_funds.http:main.py:109 {"event": "http_request", "request_id": "69e253a5-f864-4582-902b-17c45373464d", "method": "POST", "status": 422, "duration_ms": 0.0}
INFO     bounded_funds.http:main.py:109 {"event": "http_request", "request_id": "d68fd2bd-9b24-40a0-a903-c331d747ede7", "method": "POST", "status": 422, "duration_ms": 16.0}
INFO     bounded_funds.http:main.py:109 {"event": "http_request", "request_id": "8866e759-49d6-49cc-a22b-13e7bba25483", "method": "POST", "status": 422, "duration_ms": 0.0}
INFO     bounded_funds.http:main.py:109 {"event": "http_request", "request_id": "f89721bf-dc49-4e67-9c17-d2a66d796ce4", "method": "POST", "status": 409, "duration_ms": 4656.0}
============================== warnings summary ===============================
.venv\Lib\site-packages\fastapi\testclient.py:1
  F:\学校活动\工行杯\钱途有界\bounded-funds\.venv\Lib\site-packages\fastapi\testclient.py:1: StarletteDeprecationWarning: Using `httpx` with `starlette.testclient` is deprecated; install `httpx2` instead.
    from starlette.testclient import TestClient as TestClient  # noqa

-- Docs: https://docs.pytest.org/en/stable/how-to/capture-warnings.html
=========================== short test summary info ===========================
FAILED apps/api/app/tests/test_full_dynamic_goal_execution_integration.py::test_actual_dynamic_above_nominal_original_income_and_response_loss_key_recovery
!!!!!!!!!!!!!!!!!!!!!!!!!! stopping after 1 failures !!!!!!!!!!!!!!!!!!!!!!!!!!
1 failed, 1 warning in 21.69s
