.....F.....FFFFFFF...F...................                                [100%]
================================== FAILURES ===================================
_ test_prepare_calls_exact_private_request_and_records_service_bytes_without_fake_http _

consumer = <app.services.full_native_mechanism_steps.FullNativeMechanismSteps object at 0x0000018841223AD0>
monkeypatch = <_pytest.monkeypatch.MonkeyPatch object at 0x0000018841234AA0>

    def test_prepare_calls_exact_private_request_and_records_service_bytes_without_fake_http(
        consumer: module.FullNativeMechanismSteps, monkeypatch: pytest.MonkeyPatch
    ) -> None:
        calls: list[tuple[Any, ...]] = []
    
        def prepare(*args: Any) -> ActionResponse:
            calls.append(args)
            return action()
    
        monkeypatch.setattr(module, "prepare_full_experiment_asset_execution", prepare)
>       capture = consumer.dispatch(
            "FULL_MECHANISM_PREPARE",
            {"rule_id": "registered-P", "body": request().model_dump(mode="json")},
            NOW,
        )

apps\api\app\tests\test_full_native_mechanism_steps.py:121: 
_ _ _ _ _ _ _ _ _ _ _ _ _ _ _ _ _ _ _ _ _ _ _ _ _ _ _ _ _ _ _ _ _ _ _ _ _ _ _ _
apps\api\app\services\full_native_mechanism_steps.py:180: in dispatch
    result: IntentModel | BoundaryModel = prepare_full_experiment_asset_execution(
apps\api\app\tests\test_full_native_mechanism_steps.py:118: in prepare
    return action()
           ^^^^^^^^
_ _ _ _ _ _ _ _ _ _ _ _ _ _ _ _ _ _ _ _ _ _ _ _ _ _ _ _ _ _ _ _ _ _ _ _ _ _ _ _

status = 'PLANNED'

    def action(status: str = "PLANNED") -> ActionResponse:
        effect, _ = purchase_example()
        effect = effect.model_copy(update={"user_id": DEMO_USER_ID})
        return ActionResponse(
            user_id=DEMO_USER_ID,
            action_id=effect.operation_id,
            decision_run_id=UUID(int=88),
            status=status,
            autonomy_level="ASK_ONCE",
            effect=effect,
            effect_hash=execution_effect_hash(effect),
            prepared_at=NOW,
            as_of=NOW,
            prepared_validation=ExecutionValidation(
                status="CONFIRMATION_REQUIRED",
                effect_hash=execution_effect_hash(effect),
>               baseline_boundary=compute_boundary(context().snapshot),
                                  ^^^^^^^^^^^^^^^^^^^^^^^^^^^^^^^^^^^^
            ),
            bank_status="UNKNOWN" if status == "UNKNOWN" else None,
        )
E       TypeError: compute_boundary() missing 3 required positional arguments: 'active_policy_versions', 'positions', and 'products'

apps\api\app\tests\test_full_native_mechanism_steps.py:65: TypeError
___ test_unknown_lookup_has_no_cookie_or_rule_dependency_and_never_executes ___

consumer = <app.services.full_native_mechanism_steps.FullNativeMechanismSteps object at 0x00000188415094C0>
monkeypatch = <_pytest.monkeypatch.MonkeyPatch object at 0x000001884150A900>

    def test_unknown_lookup_has_no_cookie_or_rule_dependency_and_never_executes(
        consumer: module.FullNativeMechanismSteps, monkeypatch: pytest.MonkeyPatch
    ) -> None:
        assert consumer.native._client is not None
        consumer.native._client.cookies.clear()
        consumer = module.FullNativeMechanismSteps(consumer.native, {})
        calls: list[tuple[str, Any]] = []
        monkeypatch.setattr(
            consumer, "_lookup", lambda key, now: (calls.append((key, now)), original("UNKNOWN"))[1]
        )
>       capture = consumer.dispatch("FULL_MECHANISM_LOOKUP", {"idempotency_key": KEY}, NOW)
                  ^^^^^^^^^^^^^^^^^^^^^^^^^^^^^^^^^^^^^^^^^^^^^^^^^^^^^^^^^^^^^^^^^^^^^^^^^

apps\api\app\tests\test_full_native_mechanism_steps.py:199: 
_ _ _ _ _ _ _ _ _ _ _ _ _ _ _ _ _ _ _ _ _ _ _ _ _ _ _ _ _ _ _ _ _ _ _ _ _ _ _ _
apps\api\app\services\full_native_mechanism_steps.py:185: in dispatch
    original = self._lookup(body.idempotency_key, now)
               ^^^^^^^^^^^^^^^^^^^^^^^^^^^^^^^^^^^^^^^
apps\api\app\tests\test_full_native_mechanism_steps.py:197: in <lambda>
    consumer, "_lookup", lambda key, now: (calls.append((key, now)), original("UNKNOWN"))[1]
                                                                     ^^^^^^^^^^^^^^^^^^^
apps\api\app\tests\test_full_native_mechanism_steps.py:81: in original
    action=action(status),
           ^^^^^^^^^^^^^^
_ _ _ _ _ _ _ _ _ _ _ _ _ _ _ _ _ _ _ _ _ _ _ _ _ _ _ _ _ _ _ _ _ _ _ _ _ _ _ _

status = 'UNKNOWN'

    def action(status: str = "PLANNED") -> ActionResponse:
        effect, _ = purchase_example()
        effect = effect.model_copy(update={"user_id": DEMO_USER_ID})
        return ActionResponse(
            user_id=DEMO_USER_ID,
            action_id=effect.operation_id,
            decision_run_id=UUID(int=88),
            status=status,
            autonomy_level="ASK_ONCE",
            effect=effect,
            effect_hash=execution_effect_hash(effect),
            prepared_at=NOW,
            as_of=NOW,
            prepared_validation=ExecutionValidation(
                status="CONFIRMATION_REQUIRED",
                effect_hash=execution_effect_hash(effect),
>               baseline_boundary=compute_boundary(context().snapshot),
                                  ^^^^^^^^^^^^^^^^^^^^^^^^^^^^^^^^^^^^
            ),
            bank_status="UNKNOWN" if status == "UNKNOWN" else None,
        )
E       TypeError: compute_boundary() missing 3 required positional arguments: 'active_policy_versions', 'positions', and 'products'

apps\api\app\tests\test_full_native_mechanism_steps.py:65: TypeError
_ test_confirmation_or_execution_cannot_replace_exact_original_identity[action] _

consumer = <app.services.full_native_mechanism_steps.FullNativeMechanismSteps object at 0x00000188415E85F0>
monkeypatch = <_pytest.monkeypatch.MonkeyPatch object at 0x000001884150B140>
change = 'action'

    @pytest.mark.parametrize("change", ["action", "owner", "epoch", "auto", "not-found"])
    def test_confirmation_or_execution_cannot_replace_exact_original_identity(
        consumer: module.FullNativeMechanismSteps, monkeypatch: pytest.MonkeyPatch, change: str
    ) -> None:
>       saved = original()
                ^^^^^^^^^^

apps\api\app\tests\test_full_native_mechanism_steps.py:209: 
_ _ _ _ _ _ _ _ _ _ _ _ _ _ _ _ _ _ _ _ _ _ _ _ _ _ _ _ _ _ _ _ _ _ _ _ _ _ _ _
apps\api\app\tests\test_full_native_mechanism_steps.py:81: in original
    action=action(status),
           ^^^^^^^^^^^^^^
_ _ _ _ _ _ _ _ _ _ _ _ _ _ _ _ _ _ _ _ _ _ _ _ _ _ _ _ _ _ _ _ _ _ _ _ _ _ _ _

status = 'PLANNED'

    def action(status: str = "PLANNED") -> ActionResponse:
        effect, _ = purchase_example()
        effect = effect.model_copy(update={"user_id": DEMO_USER_ID})
        return ActionResponse(
            user_id=DEMO_USER_ID,
            action_id=effect.operation_id,
            decision_run_id=UUID(int=88),
            status=status,
            autonomy_level="ASK_ONCE",
            effect=effect,
            effect_hash=execution_effect_hash(effect),
            prepared_at=NOW,
            as_of=NOW,
            prepared_validation=ExecutionValidation(
                status="CONFIRMATION_REQUIRED",
                effect_hash=execution_effect_hash(effect),
>               baseline_boundary=compute_boundary(context().snapshot),
                                  ^^^^^^^^^^^^^^^^^^^^^^^^^^^^^^^^^^^^
            ),
            bank_status="UNKNOWN" if status == "UNKNOWN" else None,
        )
E       TypeError: compute_boundary() missing 3 required positional arguments: 'active_policy_versions', 'positions', and 'products'

apps\api\app\tests\test_full_native_mechanism_steps.py:65: TypeError
_ test_confirmation_or_execution_cannot_replace_exact_original_identity[owner] _

consumer = <app.services.full_native_mechanism_steps.FullNativeMechanismSteps object at 0x00000188415EA780>
monkeypatch = <_pytest.monkeypatch.MonkeyPatch object at 0x00000188415E98B0>
change = 'owner'

    @pytest.mark.parametrize("change", ["action", "owner", "epoch", "auto", "not-found"])
    def test_confirmation_or_execution_cannot_replace_exact_original_identity(
        consumer: module.FullNativeMechanismSteps, monkeypatch: pytest.MonkeyPatch, change: str
    ) -> None:
>       saved = original()
                ^^^^^^^^^^

apps\api\app\tests\test_full_native_mechanism_steps.py:209: 
_ _ _ _ _ _ _ _ _ _ _ _ _ _ _ _ _ _ _ _ _ _ _ _ _ _ _ _ _ _ _ _ _ _ _ _ _ _ _ _
apps\api\app\tests\test_full_native_mechanism_steps.py:81: in original
    action=action(status),
           ^^^^^^^^^^^^^^
_ _ _ _ _ _ _ _ _ _ _ _ _ _ _ _ _ _ _ _ _ _ _ _ _ _ _ _ _ _ _ _ _ _ _ _ _ _ _ _

status = 'PLANNED'

    def action(status: str = "PLANNED") -> ActionResponse:
        effect, _ = purchase_example()
        effect = effect.model_copy(update={"user_id": DEMO_USER_ID})
        return ActionResponse(
            user_id=DEMO_USER_ID,
            action_id=effect.operation_id,
            decision_run_id=UUID(int=88),
            status=status,
            autonomy_level="ASK_ONCE",
            effect=effect,
            effect_hash=execution_effect_hash(effect),
            prepared_at=NOW,
            as_of=NOW,
            prepared_validation=ExecutionValidation(
                status="CONFIRMATION_REQUIRED",
                effect_hash=execution_effect_hash(effect),
>               baseline_boundary=compute_boundary(context().snapshot),
                                  ^^^^^^^^^^^^^^^^^^^^^^^^^^^^^^^^^^^^
            ),
            bank_status="UNKNOWN" if status == "UNKNOWN" else None,
        )
E       TypeError: compute_boundary() missing 3 required positional arguments: 'active_policy_versions', 'positions', and 'products'

apps\api\app\tests\test_full_native_mechanism_steps.py:65: TypeError
_ test_confirmation_or_execution_cannot_replace_exact_original_identity[epoch] _

consumer = <app.services.full_native_mechanism_steps.FullNativeMechanismSteps object at 0x00000188415B6A20>
monkeypatch = <_pytest.monkeypatch.MonkeyPatch object at 0x00000188415EB320>
change = 'epoch'

    @pytest.mark.parametrize("change", ["action", "owner", "epoch", "auto", "not-found"])
    def test_confirmation_or_execution_cannot_replace_exact_original_identity(
        consumer: module.FullNativeMechanismSteps, monkeypatch: pytest.MonkeyPatch, change: str
    ) -> None:
>       saved = original()
                ^^^^^^^^^^

apps\api\app\tests\test_full_native_mechanism_steps.py:209: 
_ _ _ _ _ _ _ _ _ _ _ _ _ _ _ _ _ _ _ _ _ _ _ _ _ _ _ _ _ _ _ _ _ _ _ _ _ _ _ _
apps\api\app\tests\test_full_native_mechanism_steps.py:81: in original
    action=action(status),
           ^^^^^^^^^^^^^^
_ _ _ _ _ _ _ _ _ _ _ _ _ _ _ _ _ _ _ _ _ _ _ _ _ _ _ _ _ _ _ _ _ _ _ _ _ _ _ _

status = 'PLANNED'

    def action(status: str = "PLANNED") -> ActionResponse:
        effect, _ = purchase_example()
        effect = effect.model_copy(update={"user_id": DEMO_USER_ID})
        return ActionResponse(
            user_id=DEMO_USER_ID,
            action_id=effect.operation_id,
            decision_run_id=UUID(int=88),
            status=status,
            autonomy_level="ASK_ONCE",
            effect=effect,
            effect_hash=execution_effect_hash(effect),
            prepared_at=NOW,
            as_of=NOW,
            prepared_validation=ExecutionValidation(
                status="CONFIRMATION_REQUIRED",
                effect_hash=execution_effect_hash(effect),
>               baseline_boundary=compute_boundary(context().snapshot),
                                  ^^^^^^^^^^^^^^^^^^^^^^^^^^^^^^^^^^^^
            ),
            bank_status="UNKNOWN" if status == "UNKNOWN" else None,
        )
E       TypeError: compute_boundary() missing 3 required positional arguments: 'active_policy_versions', 'positions', and 'products'

apps\api\app\tests\test_full_native_mechanism_steps.py:65: TypeError
_ test_confirmation_or_execution_cannot_replace_exact_original_identity[auto] _

consumer = <app.services.full_native_mechanism_steps.FullNativeMechanismSteps object at 0x00000188415B58E0>
monkeypatch = <_pytest.monkeypatch.MonkeyPatch object at 0x00000188415B5250>
change = 'auto'

    @pytest.mark.parametrize("change", ["action", "owner", "epoch", "auto", "not-found"])
    def test_confirmation_or_execution_cannot_replace_exact_original_identity(
        consumer: module.FullNativeMechanismSteps, monkeypatch: pytest.MonkeyPatch, change: str
    ) -> None:
>       saved = original()
                ^^^^^^^^^^

apps\api\app\tests\test_full_native_mechanism_steps.py:209: 
_ _ _ _ _ _ _ _ _ _ _ _ _ _ _ _ _ _ _ _ _ _ _ _ _ _ _ _ _ _ _ _ _ _ _ _ _ _ _ _
apps\api\app\tests\test_full_native_mechanism_steps.py:81: in original
    action=action(status),
           ^^^^^^^^^^^^^^
_ _ _ _ _ _ _ _ _ _ _ _ _ _ _ _ _ _ _ _ _ _ _ _ _ _ _ _ _ _ _ _ _ _ _ _ _ _ _ _

status = 'PLANNED'

    def action(status: str = "PLANNED") -> ActionResponse:
        effect, _ = purchase_example()
        effect = effect.model_copy(update={"user_id": DEMO_USER_ID})
        return ActionResponse(
            user_id=DEMO_USER_ID,
            action_id=effect.operation_id,
            decision_run_id=UUID(int=88),
            status=status,
            autonomy_level="ASK_ONCE",
            effect=effect,
            effect_hash=execution_effect_hash(effect),
            prepared_at=NOW,
            as_of=NOW,
            prepared_validation=ExecutionValidation(
                status="CONFIRMATION_REQUIRED",
                effect_hash=execution_effect_hash(effect),
>               baseline_boundary=compute_boundary(context().snapshot),
                                  ^^^^^^^^^^^^^^^^^^^^^^^^^^^^^^^^^^^^
            ),
            bank_status="UNKNOWN" if status == "UNKNOWN" else None,
        )
E       TypeError: compute_boundary() missing 3 required positional arguments: 'active_policy_versions', 'positions', and 'products'

apps\api\app\tests\test_full_native_mechanism_steps.py:65: TypeError
_ test_confirmation_or_execution_cannot_replace_exact_original_identity[not-found] _

consumer = <app.services.full_native_mechanism_steps.FullNativeMechanismSteps object at 0x00000188415B7E90>
monkeypatch = <_pytest.monkeypatch.MonkeyPatch object at 0x00000188415B6750>
change = 'not-found'

    @pytest.mark.parametrize("change", ["action", "owner", "epoch", "auto", "not-found"])
    def test_confirmation_or_execution_cannot_replace_exact_original_identity(
        consumer: module.FullNativeMechanismSteps, monkeypatch: pytest.MonkeyPatch, change: str
    ) -> None:
>       saved = original()
                ^^^^^^^^^^

apps\api\app\tests\test_full_native_mechanism_steps.py:209: 
_ _ _ _ _ _ _ _ _ _ _ _ _ _ _ _ _ _ _ _ _ _ _ _ _ _ _ _ _ _ _ _ _ _ _ _ _ _ _ _
apps\api\app\tests\test_full_native_mechanism_steps.py:81: in original
    action=action(status),
           ^^^^^^^^^^^^^^
_ _ _ _ _ _ _ _ _ _ _ _ _ _ _ _ _ _ _ _ _ _ _ _ _ _ _ _ _ _ _ _ _ _ _ _ _ _ _ _

status = 'PLANNED'

    def action(status: str = "PLANNED") -> ActionResponse:
        effect, _ = purchase_example()
        effect = effect.model_copy(update={"user_id": DEMO_USER_ID})
        return ActionResponse(
            user_id=DEMO_USER_ID,
            action_id=effect.operation_id,
            decision_run_id=UUID(int=88),
            status=status,
            autonomy_level="ASK_ONCE",
            effect=effect,
            effect_hash=execution_effect_hash(effect),
            prepared_at=NOW,
            as_of=NOW,
            prepared_validation=ExecutionValidation(
                status="CONFIRMATION_REQUIRED",
                effect_hash=execution_effect_hash(effect),
>               baseline_boundary=compute_boundary(context().snapshot),
                                  ^^^^^^^^^^^^^^^^^^^^^^^^^^^^^^^^^^^^
            ),
            bank_status="UNKNOWN" if status == "UNKNOWN" else None,
        )
E       TypeError: compute_boundary() missing 3 required positional arguments: 'active_policy_versions', 'positions', and 'products'

apps\api\app\tests\test_full_native_mechanism_steps.py:65: TypeError
_ test_confirmation_delegates_original_reviewed_hash_and_execute_fault_keeps_same_key _

consumer = <app.services.full_native_mechanism_steps.FullNativeMechanismSteps object at 0x00000188415B98E0>
monkeypatch = <_pytest.monkeypatch.MonkeyPatch object at 0x00000188415BBDD0>

    def test_confirmation_delegates_original_reviewed_hash_and_execute_fault_keeps_same_key(
        consumer: module.FullNativeMechanismSteps, monkeypatch: pytest.MonkeyPatch
    ) -> None:
        monkeypatch.setattr(consumer, "_lookup", lambda *args: original())
        calls: list[tuple[Any, ...]] = []
        monkeypatch.setattr(
            module, "confirm_action", lambda *args: (calls.append(args), action("AUTHORIZED"))[1]
        )
        body = {
            "idempotency_key": KEY,
>           "action_id": str(action().action_id),
                             ^^^^^^^^
            "body": {"accepted": True, "effect_hash": action().effect_hash},
        }

apps\api\app\tests\test_full_native_mechanism_steps.py:262: 
_ _ _ _ _ _ _ _ _ _ _ _ _ _ _ _ _ _ _ _ _ _ _ _ _ _ _ _ _ _ _ _ _ _ _ _ _ _ _ _

status = 'PLANNED'

    def action(status: str = "PLANNED") -> ActionResponse:
        effect, _ = purchase_example()
        effect = effect.model_copy(update={"user_id": DEMO_USER_ID})
        return ActionResponse(
            user_id=DEMO_USER_ID,
            action_id=effect.operation_id,
            decision_run_id=UUID(int=88),
            status=status,
            autonomy_level="ASK_ONCE",
            effect=effect,
            effect_hash=execution_effect_hash(effect),
            prepared_at=NOW,
            as_of=NOW,
            prepared_validation=ExecutionValidation(
                status="CONFIRMATION_REQUIRED",
                effect_hash=execution_effect_hash(effect),
>               baseline_boundary=compute_boundary(context().snapshot),
                                  ^^^^^^^^^^^^^^^^^^^^^^^^^^^^^^^^^^^^
            ),
            bank_status="UNKNOWN" if status == "UNKNOWN" else None,
        )
E       TypeError: compute_boundary() missing 3 required positional arguments: 'active_policy_versions', 'positions', and 'products'

apps\api\app\tests\test_full_native_mechanism_steps.py:65: TypeError
___________ test_rehashed_capture_substitution_cannot_supply_result ___________

consumer = <app.services.full_native_mechanism_steps.FullNativeMechanismSteps object at 0x00000188415BB3B0>
monkeypatch = <_pytest.monkeypatch.MonkeyPatch object at 0x00000188415B9DF0>

    def test_rehashed_capture_substitution_cannot_supply_result(
        consumer: module.FullNativeMechanismSteps, monkeypatch: pytest.MonkeyPatch
    ) -> None:
        monkeypatch.setattr(consumer, "_lookup", lambda *args: original())
>       capture = consumer.dispatch("FULL_MECHANISM_LOOKUP", {"idempotency_key": KEY}, NOW)
                  ^^^^^^^^^^^^^^^^^^^^^^^^^^^^^^^^^^^^^^^^^^^^^^^^^^^^^^^^^^^^^^^^^^^^^^^^^

apps\api\app\tests\test_full_native_mechanism_steps.py:303: 
_ _ _ _ _ _ _ _ _ _ _ _ _ _ _ _ _ _ _ _ _ _ _ _ _ _ _ _ _ _ _ _ _ _ _ _ _ _ _ _
apps\api\app\services\full_native_mechanism_steps.py:185: in dispatch
    original = self._lookup(body.idempotency_key, now)
               ^^^^^^^^^^^^^^^^^^^^^^^^^^^^^^^^^^^^^^^
apps\api\app\tests\test_full_native_mechanism_steps.py:302: in <lambda>
    monkeypatch.setattr(consumer, "_lookup", lambda *args: original())
                                                           ^^^^^^^^^^
apps\api\app\tests\test_full_native_mechanism_steps.py:81: in original
    action=action(status),
           ^^^^^^^^^^^^^^
_ _ _ _ _ _ _ _ _ _ _ _ _ _ _ _ _ _ _ _ _ _ _ _ _ _ _ _ _ _ _ _ _ _ _ _ _ _ _ _

status = 'PLANNED'

    def action(status: str = "PLANNED") -> ActionResponse:
        effect, _ = purchase_example()
        effect = effect.model_copy(update={"user_id": DEMO_USER_ID})
        return ActionResponse(
            user_id=DEMO_USER_ID,
            action_id=effect.operation_id,
            decision_run_id=UUID(int=88),
            status=status,
            autonomy_level="ASK_ONCE",
            effect=effect,
            effect_hash=execution_effect_hash(effect),
            prepared_at=NOW,
            as_of=NOW,
            prepared_validation=ExecutionValidation(
                status="CONFIRMATION_REQUIRED",
                effect_hash=execution_effect_hash(effect),
>               baseline_boundary=compute_boundary(context().snapshot),
                                  ^^^^^^^^^^^^^^^^^^^^^^^^^^^^^^^^^^^^
            ),
            bank_status="UNKNOWN" if status == "UNKNOWN" else None,
        )
E       TypeError: compute_boundary() missing 3 required positional arguments: 'active_policy_versions', 'positions', and 'products'

apps\api\app\tests\test_full_native_mechanism_steps.py:65: TypeError
============================== warnings summary ===============================
.venv\Lib\site-packages\fastapi\testclient.py:1
  F:\学校活动\工行杯\钱途有界\bounded-funds\.venv\Lib\site-packages\fastapi\testclient.py:1: StarletteDeprecationWarning: Using `httpx` with `starlette.testclient` is deprecated; install `httpx2` instead.
    from starlette.testclient import TestClient as TestClient  # noqa

-- Docs: https://docs.pytest.org/en/stable/how-to/capture-warnings.html
=========================== short test summary info ===========================
FAILED apps/api/app/tests/test_full_native_mechanism_steps.py::test_prepare_calls_exact_private_request_and_records_service_bytes_without_fake_http
FAILED apps/api/app/tests/test_full_native_mechanism_steps.py::test_unknown_lookup_has_no_cookie_or_rule_dependency_and_never_executes
FAILED apps/api/app/tests/test_full_native_mechanism_steps.py::test_confirmation_or_execution_cannot_replace_exact_original_identity[action]
FAILED apps/api/app/tests/test_full_native_mechanism_steps.py::test_confirmation_or_execution_cannot_replace_exact_original_identity[owner]
FAILED apps/api/app/tests/test_full_native_mechanism_steps.py::test_confirmation_or_execution_cannot_replace_exact_original_identity[epoch]
FAILED apps/api/app/tests/test_full_native_mechanism_steps.py::test_confirmation_or_execution_cannot_replace_exact_original_identity[auto]
FAILED apps/api/app/tests/test_full_native_mechanism_steps.py::test_confirmation_or_execution_cannot_replace_exact_original_identity[not-found]
FAILED apps/api/app/tests/test_full_native_mechanism_steps.py::test_confirmation_delegates_original_reviewed_hash_and_execute_fault_keeps_same_key
FAILED apps/api/app/tests/test_full_native_mechanism_steps.py::test_rehashed_capture_substitution_cannot_supply_result
9 failed, 32 passed, 1 warning in 5.68s
