F
================================== FAILURES ===================================
_ test_actual_signed_user_relation_uses_real_monthly_bank_payment_and_original_key_recovery[True] _

annual_client = (<starlette.testclient.TestClient object at 0x000001A08FE40710>, Engine(postgresql+psycopg://bounded:***@127.0.0.1:54329/bf_test_338ffaf159ee4d67a9105472da98410f))
monkeypatch = <_pytest.monkeypatch.MonkeyPatch object at 0x000001A08FE909E0>
auto_execute = True

    @pytest.mark.parametrize("auto_execute", [True, False])
    def test_actual_signed_user_relation_uses_real_monthly_bank_payment_and_original_key_recovery(
        annual_client: tuple[TestClient, Engine],
        monkeypatch: pytest.MonkeyPatch,
        auto_execute: bool,
    ) -> None:
        client, engine = annual_client
        secret = "SYNTHETIC_LOCAL_SESSION_RISK_ONLY_606"
        monkeypatch.setenv("BF_LOCAL_USER_SECRET", secret)
        monkeypatch.setenv("BF_LOCAL_SIGNING_KEY", "cd" * 32)
        local = NOW.astimezone(ZoneInfo("Asia/Shanghai"))
        common = {
            "payee_id": "synthetic-landlord-001",
            "amount_rule": {"kind": "exact", "amount_cents": 100},
            "due_day": local.day,
            "auto_execute": auto_execute,
            "prepare_days_before": 0,
        }
        with Session(engine) as session, session.begin():
            account = session.scalar(
                select(Account)
                .where(Account.user_id == DEMO_USER_ID, Account.account_type == "CASH")
                .order_by(Account.id)
            )
            assert account is not None
            source_id = account.id
            original_id, original_version = confirmed_policy(
                session, common | {"type": "recurring_obligation"}, NOW
            )
        # Trusted isolated observer reads actual absence for this newly declared policy;
        # this is an explicit simulation fact seam, not a guessed zero liability.
        runner = ScenarioRunner(engine, DEMO_USER_ID)
        period = local.strftime("%Y-%m")
        observation = runner.observe_recurring_payment(original_id, period, NOW)
        assert observation["observation"]["paid_cents"] == 0
        assert observation["observation"]["observation_protocol"] == "scenario-empty-bank-payment-v1"
        config = common | {
            "type": "periodic_transfer",
            "name": "606真实隔离固定关系",
            "source_account_id": str(source_id),
            "single_action_cap_cents": 100,
            "valid_until": (local.date() + timedelta(days=60)).isoformat(),
        }
        created = client.post(
            "/api/v1/full-policies/confirm",
            json={
                "template_name": "PeriodicTransferPolicy",
                "configuration": config,
                "reviewed_hash": configuration_hash(
                    canonical_candidate("PeriodicTransferPolicy", config)
                ),
                "accepted": True,
                "reason": "明确模拟周期与原MVP范围相同",
                "idempotency_key": "606-full-model",
            },
        )
        assert created.status_code == 200, created.text
        full = created.json()
        assert full["bank_authority"] is False
        full_id, full_version = (
            full["policy_id"],
            full["version_id"],
        )
        epoch = full["epoch_id"]
        body = {
            "expected_epoch_id": epoch,
            "full_policy_id": full_id,
            "expected_full_version_id": full_version,
            "original_policy_id": str(original_id),
            "expected_original_version_id": str(original_version),
            "idempotency_key": "606-user-start",
        }
        assert client.post("/api/v1/full-payment-relations/start", json=body).status_code == 401
        logged = client.post(
            "/api/v1/local-actor/login", json={"username": "bounded-user", "secret": secret}
        )
        assert logged.status_code == 200, logged.text
        assert logged.json()["principal"]["human_identity_verified"] is False
        started = client.post("/api/v1/full-payment-relations/start", json=body)
        assert started.status_code == 200, started.text
        start = started.json()["original"]
        confirmed = client.post(
            f"/api/v1/full-payment-relations/starts/{start['command_id']}/confirm",
            json={
                "expected_epoch_id": epoch,
                "reviewed_scope_hash": start["scope_hash"],
                "accepted": True,
                "reason": "服务端已验证的模拟USER明确复核原身份范围",
                "idempotency_key": "606-user-confirm",
            },
        )
        assert confirmed.status_code == 200, confirmed.text
        authorization = confirmed.json()["original"]["command_id"]
        before_reads = physical_snapshot(engine)
        lookup = client.get(f"/api/v1/full-payment-relations/commands/{epoch}/by-key/606-user-confirm")
>       assert (
            lookup.status_code == 200
            and lookup.json()["original"]["original"] == confirmed.json()["original"]
        )
E       assert (409 == 200)
E        +  where 409 = <Response [409 Conflict]>.status_code

apps\api\app\tests\test_full_payment_permissions_integration.py:124: AssertionError
---------------------------- Captured stderr call -----------------------------
{"event": "http_request", "request_id": "f79282a7-c879-44a5-9d3d-b84dfc1093bc", "method": "POST", "status": 200, "duration_ms": 875.0}
{"event": "http_request", "request_id": "13e78f74-6996-41a0-a36e-f0850efde5ff", "method": "POST", "status": 401, "duration_ms": 47.0}
{"event": "http_request", "request_id": "302ff339-eaa3-4286-a6bf-a9f826390cc6", "method": "POST", "status": 200, "duration_ms": 141.0}
{"event": "http_request", "request_id": "fdcbd8b1-1738-4e8b-bf49-86c10face043", "method": "POST", "status": 200, "duration_ms": 656.0}
{"event": "http_request", "request_id": "4a9d8319-1e4e-4fa6-a202-47c2e1723736", "method": "POST", "status": 200, "duration_ms": 1422.0}
{"event": "http_request", "request_id": "0eb22f1a-6552-4dec-bd76-aece9f9bbf87", "method": "GET", "status": 409, "duration_ms": 16.0}
------------------------------ Captured log call ------------------------------
INFO     bounded_funds.http:main.py:104 {"event": "http_request", "request_id": "f79282a7-c879-44a5-9d3d-b84dfc1093bc", "method": "POST", "status": 200, "duration_ms": 875.0}
INFO     bounded_funds.http:main.py:104 {"event": "http_request", "request_id": "13e78f74-6996-41a0-a36e-f0850efde5ff", "method": "POST", "status": 401, "duration_ms": 47.0}
INFO     bounded_funds.http:main.py:104 {"event": "http_request", "request_id": "302ff339-eaa3-4286-a6bf-a9f826390cc6", "method": "POST", "status": 200, "duration_ms": 141.0}
INFO     bounded_funds.http:main.py:104 {"event": "http_request", "request_id": "fdcbd8b1-1738-4e8b-bf49-86c10face043", "method": "POST", "status": 200, "duration_ms": 656.0}
INFO     bounded_funds.http:main.py:104 {"event": "http_request", "request_id": "4a9d8319-1e4e-4fa6-a202-47c2e1723736", "method": "POST", "status": 200, "duration_ms": 1422.0}
INFO     bounded_funds.http:main.py:104 {"event": "http_request", "request_id": "0eb22f1a-6552-4dec-bd76-aece9f9bbf87", "method": "GET", "status": 409, "duration_ms": 16.0}
============================== warnings summary ===============================
.venv\Lib\site-packages\fastapi\testclient.py:1
  F:\学校活动\工行杯\钱途有界\bounded-funds\.venv\Lib\site-packages\fastapi\testclient.py:1: StarletteDeprecationWarning: Using `httpx` with `starlette.testclient` is deprecated; install `httpx2` instead.
    from starlette.testclient import TestClient as TestClient  # noqa

-- Docs: https://docs.pytest.org/en/stable/how-to/capture-warnings.html
=========================== short test summary info ===========================
FAILED apps/api/app/tests/test_full_payment_permissions_integration.py::test_actual_signed_user_relation_uses_real_monthly_bank_payment_and_original_key_recovery[True]
!!!!!!!!!!!!!!!!!!!!!!!!!! stopping after 1 failures !!!!!!!!!!!!!!!!!!!!!!!!!!
1 failed, 1 warning in 14.72s
