..............................F                                          [100%]
================================== FAILURES ===================================
____ test_self_hashed_parent_cannot_change_fixed_source_uses_or_whole_cap _____
apps\api\app\tests\test_full_joint_goal_execution.py:614: in test_self_hashed_parent_cannot_change_fixed_source_uses_or_whole_cap
    ExecutionEffect.model_validate_json(json.dumps(changed["effect"]))
E   pydantic_core._pydantic_core.ValidationError: 1 validation error for ExecutionEffect
E     Value error, Income uses cannot exceed cash debited from their location [type=value_error, input_value={'simulation': True, 'ope... '2026-10-05T12:15:00Z'}, input_type=dict]
E       For further information visit https://errors.pydantic.dev/2.13/v/value_error
============================== warnings summary ===============================
.venv\Lib\site-packages\fastapi\testclient.py:1
  F:\学校活动\工行杯\钱途有界\bounded-funds\.venv\Lib\site-packages\fastapi\testclient.py:1: StarletteDeprecationWarning: Using `httpx` with `starlette.testclient` is deprecated; install `httpx2` instead.
    from starlette.testclient import TestClient as TestClient  # noqa

.venv\Lib\site-packages\_pytest\cacheprovider.py:469
  F:\学校活动\工行杯\钱途有界\bounded-funds\.venv\Lib\site-packages\_pytest\cacheprovider.py:469: PytestCacheWarning: could not create cache path F:\学校活动\工行杯\钱途有界\bounded-funds\.pytest_cache\v\cache\nodeids: [WinError 5] 拒绝访问。: 'F:\\学校活动\\工行杯\\钱途有界\\bounded-funds\\.pytest_cache\\v\\cache'
    config.cache.set("cache/nodeids", sorted(self.cached_nodeids))

.venv\Lib\site-packages\_pytest\cacheprovider.py:423
  F:\学校活动\工行杯\钱途有界\bounded-funds\.venv\Lib\site-packages\_pytest\cacheprovider.py:423: PytestCacheWarning: could not create cache path F:\学校活动\工行杯\钱途有界\bounded-funds\.pytest_cache\v\cache\lastfailed: [WinError 5] 拒绝访问。: 'F:\\学校活动\\工行杯\\钱途有界\\bounded-funds\\.pytest_cache\\v\\cache'
    config.cache.set("cache/lastfailed", self.lastfailed)

-- Docs: https://docs.pytest.org/en/stable/how-to/capture-warnings.html
=========================== short test summary info ===========================
FAILED apps/api/app/tests/test_full_joint_goal_execution.py::test_self_hashed_parent_cannot_change_fixed_source_uses_or_whole_cap
1 failed, 30 passed, 3 warnings in 95.23s (0:01:35)
