#1 [internal] load local bake definitions
#1 reading from stdin 2.33kB 0.0s done
#1 DONE 0.0s

#2 [web internal] load build definition from web.Dockerfile
#2 transferring dockerfile: 1.60kB done
#2 WARN: InvalidDefaultArgInFrom: Default value for ARG ${NODE_BASE_IMAGE} results in empty or invalid base image name (line 3)
#2 WARN: InvalidDefaultArgInFrom: Default value for ARG ${NGINX_BASE_IMAGE} results in empty or invalid base image name (line 19)
#2 DONE 0.0s

#3 [api internal] load build definition from api.Dockerfile
#3 transferring dockerfile: 2.16kB done
#3 WARN: InvalidDefaultArgInFrom: Default value for ARG ${UV_BINARY_IMAGE} results in empty or invalid base image name (line 4)
#3 WARN: InvalidDefaultArgInFrom: Default value for ARG ${PYTHON_BASE_IMAGE} results in empty or invalid base image name (line 5)
#3 WARN: InvalidDefaultArgInFrom: Default value for ARG ${PYTHON_BASE_IMAGE} results in empty or invalid base image name (line 20)
#3 DONE 0.0s

#4 [api internal] load metadata for ghcr.io/astral-sh/uv@sha256:8b940d3a9d65bed080436972241af2e21c84b5e8c9193f7014ed71479ee795ff
#4 DONE 3.7s

#5 [api internal] load metadata for docker.io/library/python@sha256:54c85f3c47607a77f32adec749d3c81d1348bf25833671f512b26a9b6d778cb3
#5 DONE 3.7s

#6 [api internal] load .dockerignore
#6 transferring context: 454B 0.0s done
#6 DONE 0.0s

#7 [web internal] load metadata for docker.io/library/nginx@sha256:df221db836e1754089190208cee7eeda94f233197056426eda74a43ab1abeac2
#7 DONE 3.8s

#8 [api uv_binary 1/1] FROM ghcr.io/astral-sh/uv@sha256:8b940d3a9d65bed080436972241af2e21c84b5e8c9193f7014ed71479ee795ff
#8 resolve ghcr.io/astral-sh/uv@sha256:8b940d3a9d65bed080436972241af2e21c84b5e8c9193f7014ed71479ee795ff 0.0s done
#8 DONE 0.0s

#9 [api dependencies 1/7] FROM docker.io/library/python@sha256:54c85f3c47607a77f32adec749d3c81d1348bf25833671f512b26a9b6d778cb3
#9 resolve docker.io/library/python@sha256:54c85f3c47607a77f32adec749d3c81d1348bf25833671f512b26a9b6d778cb3 0.0s done
#9 DONE 0.0s

#10 [api internal] load build context
#10 transferring context: 42.80kB 0.0s done
#10 DONE 0.0s

#11 [api runtime 2/8] WORKDIR /workspace
#11 CACHED

#12 [api dependencies 2/7] COPY --from=uv_binary /uv /usr/local/bin/uv
#12 CACHED

#13 [api dependencies 4/7] COPY pyproject.toml uv.lock ./
#13 CACHED

#14 [api dependencies 6/7] RUN uv --version && uv sync --frozen --no-dev --no-install-project --no-editable --python /usr/local/bin/python
#14 CACHED

#15 [api runtime 3/8] COPY --from=dependencies /opt/bf-venv /opt/bf-venv
#15 CACHED

#16 [api dependencies 3/7] WORKDIR /workspace
#16 CACHED

#17 [api dependencies 5/7] RUN python -c "import hashlib,pathlib,sys; assert sys.version_info[:2]==(3,12); assert hashlib.sha256(pathlib.Path('uv.lock').read_bytes()).hexdigest()==sys.argv[1]" "b3b1dae5cf20edd6ef96609427aeaf8f7d0108ba3c075158a00d102383e36e4c"
#17 CACHED

#18 [api dependencies 7/7] RUN /opt/bf-venv/bin/python -c "import fastapi,uvicorn,pydantic,sqlalchemy,alembic,psycopg; from zoneinfo import ZoneInfo; assert ZoneInfo('Asia/Shanghai').key=='Asia/Shanghai'"
#18 CACHED

#19 [api runtime 4/8] COPY pyproject.toml uv.lock alembic.ini ./
#19 CACHED

#20 [api runtime 5/8] COPY apps/api/ ./apps/api/
#20 DONE 0.1s

#21 [web internal] load metadata for docker.io/library/node@sha256:0e0ff40c39bc087845bfb27465a0df4ea419520094bc35842ff83dd8cbe6f9b6
#21 DONE 4.0s

#6 [web internal] load .dockerignore
#6 transferring context: 454B 0.0s done
#6 DONE 0.0s

#22 [api runtime 6/8] COPY scripts/scenario_runner_rpc.py scripts/seed_demo.py ./scripts/
#22 DONE 0.0s

#23 [api runtime 7/8] COPY deploy/initialize_demo.py ./deploy/initialize_demo.py
#23 DONE 0.0s

#24 [web internal] load build context
#24 DONE 0.0s

#25 [web build 1/9] FROM docker.io/library/node@sha256:0e0ff40c39bc087845bfb27465a0df4ea419520094bc35842ff83dd8cbe6f9b6
#25 resolve docker.io/library/node@sha256:0e0ff40c39bc087845bfb27465a0df4ea419520094bc35842ff83dd8cbe6f9b6 0.0s done
#25 DONE 0.0s

#26 [web runtime 1/3] FROM docker.io/library/nginx@sha256:df221db836e1754089190208cee7eeda94f233197056426eda74a43ab1abeac2
#26 resolve docker.io/library/nginx@sha256:df221db836e1754089190208cee7eeda94f233197056426eda74a43ab1abeac2 0.0s done
#26 DONE 0.0s

#24 [web internal] load build context
#24 transferring context: 3.63kB 0.0s done
#24 DONE 0.0s

#27 [web build 2/9] WORKDIR /workspace
#27 CACHED

#28 [web build 3/9] RUN node -e "if(process.versions.node.split('.')[0]!=='24')throw Error('Node24 required')" && npm install --global pnpm@11.19.0 --ignore-scripts && test "$(pnpm --version)" = "11.19.0"
#28 CACHED

#29 [web build 4/9] COPY package.json pnpm-lock.yaml pnpm-workspace.yaml ./
#29 CACHED

#30 [web build 5/9] COPY apps/web/ ./apps/web/
#30 CACHED

#31 [web build 9/9] RUN pnpm --dir apps/web build
#31 CACHED

#32 [web build 6/9] COPY packages/contracts/ ./packages/contracts/
#32 CACHED

#33 [web build 7/9] RUN node -e "const fs=require('node:fs'),crypto=require('node:crypto');if(crypto.createHash('sha256').update(fs.readFileSync('pnpm-lock.yaml')).digest('hex')!==process.argv[1])throw Error('Original lock SHA differs')" "abca500080e1846e41d159c176d8a95902bcce239e3dca94651b40e68a8efc83"
#33 CACHED

#34 [web runtime 2/3] COPY deploy/nginx.conf /etc/nginx/conf.d/default.conf
#34 CACHED

#35 [web build 8/9] RUN pnpm install --frozen-lockfile
#35 CACHED

#36 [web runtime 3/3] COPY --from=build /workspace/apps/web/dist/ /usr/share/nginx/html/
#36 CACHED

#37 [web] exporting to image
#37 exporting layers done
#37 exporting manifest sha256:aee2c968b65431e1496eff959f0dd6bef772c86d1062a94efc80667feb8cea04 0.0s done
#37 exporting config sha256:3c806fd636fc36fba8055be560836638e45406efcf6bb69a0a64c0be7049cf46 done
#37 exporting attestation manifest sha256:0ead30f4e2043f3fbde53450de12e42a2502b7eaaca67045b652a729ab0c86a8
#37 exporting attestation manifest sha256:0ead30f4e2043f3fbde53450de12e42a2502b7eaaca67045b652a729ab0c86a8 0.0s done
#37 exporting manifest list sha256:9550f2b6dbc80de1a52f39282bbd25ddd7193dcff7830d482bdfc476000d3ae7 done
#37 naming to docker.io/library/bounded-funds-web:demo-f3f9703e75684a62888f73804e02d1db done
#37 unpacking to docker.io/library/bounded-funds-web:demo-f3f9703e75684a62888f73804e02d1db 0.0s done
#37 DONE 0.1s

#38 [api runtime 8/8] RUN python -c "import re,sys; assert re.fullmatch('[0-9a-f]{40}',sys.argv[1]); assert re.fullmatch('[0-9a-f]{64}',sys.argv[2]); from zoneinfo import ZoneInfo; ZoneInfo('Asia/Shanghai')" "4ccf84e973978482a1098d18c69fbfc9f011fac6" "3f39f17b653f68c49e3f9e05ecd2a4ec93fc20ae2c1ff7daa281d38655768d57"
#38 DONE 0.4s

#39 [web] resolving provenance for metadata file
#39 DONE 0.0s

#40 [api] exporting to image
#40 exporting layers 0.2s done
#40 exporting manifest sha256:8f994bb0bd88e347a3a4720009be1d1631a0ffc88f0d9a9ff312c0bbd3145e4b 0.0s done
#40 exporting config sha256:f7cbbd4d1f7f9d15cf9bde757fc04915bee8e7176538aa22bdbf5af797939fa8 0.0s done
#40 exporting attestation manifest sha256:ec3f4d5d1ae3c451e5070fd0966775c30c213588da4bb2ccfc93fd96b24dbe80 0.0s done
#40 exporting manifest list sha256:3274dd06f6ac1d3588a2b2d06a653f30cb9e79174714594020ee0248d89a9ad7 0.0s done
#40 naming to docker.io/library/bounded-funds-api:demo-f3f9703e75684a62888f73804e02d1db done
#40 unpacking to docker.io/library/bounded-funds-api:demo-f3f9703e75684a62888f73804e02d1db 0.1s done
#40 DONE 0.4s

#41 [api] resolving provenance for metadata file
#41 DONE 0.0s
 Image bounded-funds-api:demo-f3f9703e75684a62888f73804e02d1db Building 
 Image bounded-funds-web:demo-f3f9703e75684a62888f73804e02d1db Building 
 Image bounded-funds-web:demo-f3f9703e75684a62888f73804e02d1db Built 
 Image bounded-funds-api:demo-f3f9703e75684a62888f73804e02d1db Built 
