phase=migration status=PASSED seconds=0.661
phase=native_seed_once status=PASSED seconds=1.802
phase=native_baseline_snapshot status=PASSED seconds=0.307
phase=api_ready status=PASSED seconds=2.423
phase=web_ready status=PASSED seconds=0.026
phase=snapshot:independent-case-start-before status=PASSED seconds=0.211
phase=snapshot:independent-case-start-after status=PASSED seconds=0.220
phase=snapshot:salary-real-legs status=PASSED seconds=3.015
phase=snapshot:replay-before status=PASSED seconds=3.038
phase=snapshot:salary-replay-zero-write status=PASSED seconds=3.566
phase=snapshot:independent-case-start-before status=PASSED seconds=3.696
phase=snapshot:independent-case-start-after status=PASSED seconds=2.228
phase=snapshot:goal-before status=PASSED seconds=2.039
phase=snapshot:goal-confirmed-zero-owned status=PASSED seconds=3.385
phase=snapshot:new-goal-later-fixed-income status=PASSED seconds=2.293
phase=snapshot:natural-goal-later-income-real-allocation status=PASSED seconds=3.159
phase=snapshot:independent-case-start-before status=PASSED seconds=4.154
phase=snapshot:independent-case-start-after status=PASSED seconds=3.182
phase=snapshot:salary-real-legs status=PASSED seconds=7.180
phase=snapshot:consumption-real-recovery status=PASSED seconds=7.568
phase=snapshot:legacy-recovery-read-zero-write status=PASSED seconds=10.510
phase=snapshot:independent-case-start-before status=PASSED seconds=12.005
phase=snapshot:independent-case-start-after status=PASSED seconds=5.420
phase=snapshot:salary-real-legs status=PASSED seconds=9.130
phase=snapshot:consumption-real-recovery status=PASSED seconds=10.280
phase=snapshot:legacy-recovery-read-zero-write status=PASSED seconds=14.630
phase=snapshot:fixed-real-levels-and-loss-confirmation status=PASSED seconds=13.262
phase=snapshot:independent-case-start-before status=PASSED seconds=11.490
phase=snapshot:independent-case-start-after status=PASSED seconds=9.288
phase=snapshot:rent-real-version-change status=PASSED seconds=15.668
phase=snapshot:independent-case-start-before status=PASSED seconds=13.278
phase=snapshot:independent-case-start-after status=PASSED seconds=11.019
phase=snapshot:salary-real-legs status=PASSED seconds=22.035
phase=snapshot:audit-before status=PASSED seconds=21.486
phase=snapshot:audit-get-zero-write status=PASSED seconds=14.897
phase=snapshot:independent-case-start-before status=PASSED seconds=16.381
phase=snapshot:independent-case-start-after status=PASSED seconds=12.080
phase=snapshot:salary-real-legs status=PASSED seconds=23.565
phase=snapshot:consumption-real-recovery status=PASSED seconds=27.575
phase=snapshot:legacy-recovery-read-zero-write status=PASSED seconds=19.727
phase=snapshot:fixed-real-levels-and-loss-confirmation status=PASSED seconds=23.786
phase=snapshot:rent-real-version-change status=PASSED seconds=20.529
W1 FAILED evidence=output\playwright\w1-20261005T053623Z-68eecf56
