I001 [*] Import block is un-sorted or un-formatted
  --> scripts\tests\test_browser_checkpoint_oracles.py:7:1
   |
 5 |   """
 6 |
 7 | / from __future__ import annotations
 8 | |
 9 | | import copy
10 | | import gzip
11 | | import hashlib
12 | | import json
13 | | import runpy
14 | | from datetime import date, datetime
15 | | from pathlib import Path
16 | | from typing import Any
17 | | from uuid import UUID
18 | |
19 | | import pytest
20 | | from app.db.models import SimulatedBankPosting, User
21 | | from app.services.audit_chain import SUBJECT_MODELS
22 | | from scripts import browser_checkpoint_oracles as oracles
23 | | from sqlalchemy import Column, Date, DateTime, MetaData, Table, Uuid
24 | | from sqlalchemy.types import TypeDecorator
   | |__________________________________________^
25 |
26 |   EVIDENCE = oracles.ROOT / "output/playwright/w1-20261005T031259Z-2473e2a7"
   |
help: Organize imports
   |
21 | from app.services.audit_chain import SUBJECT_MODELS
   - from scripts import browser_checkpoint_oracles as oracles
22 | from sqlalchemy import Column, Date, DateTime, MetaData, Table, Uuid
23 | from sqlalchemy.types import TypeDecorator
24 |
25 + from scripts import browser_checkpoint_oracles as oracles
26 +
27 | EVIDENCE = oracles.ROOT / "output/playwright/w1-20261005T031259Z-2473e2a7"
   |

Found 1 error.
[*] 1 fixable with the `--fix` option.
