E501 Line too long (120 > 100)
   --> scripts\tests\test_mvp_corpus.py:346:101
    |
345 | def test_runtime_capabilities_need_both_actual_typed_and_dispatched_kinds() -> None:
346 |     contract = b"from typing import Literal\nclass ScenarioStep:\n    kind: Literal['EXECUTE_ACTION', 'RUN_RECOVERY']\n"
    |                                                                                                     ^^^^^^^^^^^^^^^^^^^^
347 |     runner = b"def _dispatch(step):\n    if step.kind == 'EXECUTE_ACTION':\n        return {'scope': 'TOOL_ONLY'}\n"
348 |     assert runtime_kinds(contract, runner) == {"EXECUTE_ACTION"}
    |

E501 Line too long (116 > 100)
   --> scripts\tests\test_mvp_corpus.py:347:101
    |
345 | def test_runtime_capabilities_need_both_actual_typed_and_dispatched_kinds() -> None:
346 |     contract = b"from typing import Literal\nclass ScenarioStep:\n    kind: Literal['EXECUTE_ACTION', 'RUN_RECOVERY']\n"
347 |     runner = b"def _dispatch(step):\n    if step.kind == 'EXECUTE_ACTION':\n        return {'scope': 'TOOL_ONLY'}\n"
    |                                                                                                     ^^^^^^^^^^^^^^^^
348 |     assert runtime_kinds(contract, runner) == {"EXECUTE_ACTION"}
349 |     with pytest.raises(CorpusError, match="No actual typed"):
    |

Found 2 errors.
