FF                                                                       [100%]
================================== FAILURES ===================================
_ test_e4_other_authorized_opportunity_cannot_reduce_this_idle_scope[policy] __
scripts\tests\test_mvp_financial_metrics.py:1290: in test_e4_other_authorized_opportunity_cannot_reduce_this_idle_scope
    result = metrics._deploy(bundle, {"facts_ref": action["before_facts_ref"],
scripts\mvp_financial_metrics.py:1115: in _deploy
    _check(
scripts\mvp_financial_metrics.py:60: in _check
    raise ObservationError(message)
E   scripts.mvp_observations.ObservationError: Original qualifying deployment inventory differs from actual independent actions
_ test_e4_other_authorized_opportunity_cannot_reduce_this_idle_scope[product] _
scripts\tests\test_mvp_financial_metrics.py:1290: in test_e4_other_authorized_opportunity_cannot_reduce_this_idle_scope
    result = metrics._deploy(bundle, {"facts_ref": action["before_facts_ref"],
scripts\mvp_financial_metrics.py:1115: in _deploy
    _check(
scripts\mvp_financial_metrics.py:60: in _check
    raise ObservationError(message)
E   scripts.mvp_observations.ObservationError: Original qualifying deployment inventory differs from actual independent actions
=========================== short test summary info ===========================
FAILED scripts/tests/test_mvp_financial_metrics.py::test_e4_other_authorized_opportunity_cannot_reduce_this_idle_scope[policy]
FAILED scripts/tests/test_mvp_financial_metrics.py::test_e4_other_authorized_opportunity_cannot_reduce_this_idle_scope[product]
2 failed, 51 deselected in 1.40s
