..........................F...                                           [100%]
================================== FAILURES ===================================
_ test_historical_typed_entry_recalculates_actual_frozen_source_subdenominator _

    def test_historical_typed_entry_recalculates_actual_frozen_source_subdenominator() -> None:
        trace, data, command = frozen_fixture()
        expected = derive_full_recovery_execution_proof(data, command.effect)
        assert read_frozen_full_recovery_proof(trace) == expected
        # A valid newly computed trace hash does not excuse missing/substituted originals.
        for change in ["source", "input_owner", "marker", "effect", "intent"]:
            fields = trace.model_dump(mode="python", exclude={"input_hash", "trace_hash"})
            if change == "source":
                fields["sources"] = []
            elif change == "input_owner":
                fields["inputs"]["planning"][MARKER]["inputs"]["user_id"] = str(UUID(int=999))
            elif change == "marker":
                fields["inputs"]["action_request"][MARKER]["request_hash"] = "b" * 64
            elif change == "effect":
                fields["inputs"]["effect"]["destination_account_id"] = str(UUID(int=999))
            else:
                fields["inputs"]["action_request"]["intent"]["position_id"] = str(UUID(int=999))
>           changed = build_trace(**fields)
                      ^^^^^^^^^^^^^^^^^^^^^

apps\api\app\tests\test_full_recovery_execution.py:443: 
_ _ _ _ _ _ _ _ _ _ _ _ _ _ _ _ _ _ _ _ _ _ _ _ _ _ _ _ _ _ _ _ _ _ _ _ _ _ _ _

fields = {'schema_version': 'decision-trace-v1', 'simulation': True, 'run_id': UUID('00000000-0000-0000-0000-000000000336'), 'user_id': UUID('00000000-0000-0000-0000-000000000001'), ...}

    def build_trace(**fields: Any) -> DecisionTrace:
        """Freeze exact supplied facts/results; caller-provided hash fields are rejected."""
>       content = _TraceContent.model_validate(fields)
                  ^^^^^^^^^^^^^^^^^^^^^^^^^^^^^^^^^^^^
E       pydantic_core._pydantic_core.ValidationError: 1 validation error for _TraceContent
E         Value error, Trace nested facts belong to another user [type=value_error, input_value={'schema_version': 'decis...tes': [], 'outcome': {}}, input_type=dict]
E           For further information visit https://errors.pydantic.dev/2.13/v/value_error

apps\api\app\domain\decision_trace.py:134: ValidationError
=========================== short test summary info ===========================
FAILED apps/api/app/tests/test_full_recovery_execution.py::test_historical_typed_entry_recalculates_actual_frozen_source_subdenominator
1 failed, 29 passed in 6.27s
