F                                                                        [100%]
================================== FAILURES ===================================
__ test_original_completed_recovery_remains_completed_after_new_real_expense __

demo_engine = Engine(postgresql+psycopg://bounded:***@127.0.0.1:54329/bf_test_ed7e272541db4e949c0006a5273396f7)

    def test_original_completed_recovery_remains_completed_after_new_real_expense(
        demo_engine: Engine,
    ) -> None:
        seed_demo(demo_engine)
        epoch, clock = _epoch_id(demo_engine), [datetime.now(UTC)]
        with _client(demo_engine, clock) as client:
            for kind in ("CAR_GOAL", "LIQUID_ASSET", "FIXED_ASSET"):
                _confirm_template(client, clock, epoch, kind)
            events = {}
            for kind in ("CREATE_CAR_GOAL", "SALARY_RECEIVED", "LARGE_CONSUMPTION", "AUTO_REDEEM"):
                clock[0] += timedelta(seconds=1)
                response = client.post(
                    "/api/v1/demo/events",
                    json={"event_kind": kind, "expected_epoch_id": str(epoch)},
                )
                assert response.status_code == 200, response.text
                events[kind] = response.json()
                assert events[kind]["status"] == "COMPLETED", events[kind]
            original = events["AUTO_REDEEM"]
            assert original["recovery"]["status"] == "RECOVERED"
            assert original["recovery"]["actions"]
            assert all(a["bank_status"] == "SETTLED" and a["receipt_id"] for a in original["recovery"]["actions"])
            with Session(demo_engine) as session:
                old_events = {r.id: r.canonical_text for r in session.scalars(select(AuditEvent))}
            # The original preset purchases an actual fixed asset, then ingests its disclosed
            # ordinary expense through the independent bank. No balance/result is injected.
            clock[0] += timedelta(seconds=1)
            fixed = client.post(
                "/api/v1/demo/events",
                json={"event_kind": "FIXED_EARLY_WITHDRAWAL", "expected_epoch_id": str(epoch)},
            )
            assert fixed.status_code == 200, fixed.text
            assert fixed.json()["status"] == "WAITING_ACTION_CONFIRMATION", fixed.text
            assert fixed.json()["fact"]["bank_status"] == "SETTLED"
            before = database_snapshot(demo_engine)
            reread = client.get(f"/api/v1/demo/commands/{original['command_id']}")
            assert reread.status_code == 200, reread.text
            actual = reread.json()
            assert actual["recovery"]["status"] == "PARTIAL_RECOVERY"
            assert actual["recovery"]["actual_boundary"]["status"] == "LIQUIDITY_RISK"
            assert actual["recovery"]["actions"] == original["recovery"]["actions"]
>           assert actual["status"] == "COMPLETED", actual
E           AssertionError: {'simulation': True, 'preset_version': 'demo-console-v1', 'command_id': 'bb7b3266-c42e-5fc3-b870-8f3a7dca3cf4', 'epoch_id': '39ebc585-82bc-4726-82b4-b5bb48902b05', ...}
E           assert 'BLOCKED' == 'COMPLETED'
E             
E             - COMPLETED
E             + BLOCKED

apps\api\app\tests\test_demo_recovery_history.py:63: AssertionError
---------------------------- Captured stderr call -----------------------------
{"event": "http_request", "request_id": "0490f119-e367-4b28-82ce-b4680ffbdeb9", "method": "POST", "status": 200, "duration_ms": 344.0}
{"event": "http_request", "request_id": "8a9be832-381c-4d55-8dfe-577479cbb304", "method": "POST", "status": 200, "duration_ms": 156.0}
{"event": "http_request", "request_id": "85b717d8-00de-464f-87d1-1ba25e0cf4d3", "method": "POST", "status": 200, "duration_ms": 78.0}
{"event": "http_request", "request_id": "5dac9288-b97b-4ea4-b3b9-27c926d553ea", "method": "POST", "status": 200, "duration_ms": 93.0}
{"event": "http_request", "request_id": "0ebc7c06-5b15-44c0-8cb5-9e93f634ee14", "method": "POST", "status": 200, "duration_ms": 63.0}
{"event": "http_request", "request_id": "6885dc62-ff2b-4250-8b35-26a9a51f4f6b", "method": "POST", "status": 200, "duration_ms": 94.0}
{"event": "http_request", "request_id": "d80e6b1f-09cd-4bdc-ac17-50eb8cf0b91e", "method": "POST", "status": 200, "duration_ms": 765.0}
{"event": "http_request", "request_id": "c57e90ed-d526-48aa-91af-cba307277efa", "method": "POST", "status": 200, "duration_ms": 43610.0}
{"event": "http_request", "request_id": "aa67f3a1-0709-49f3-8859-59335b2d047b", "method": "POST", "status": 200, "duration_ms": 2000.0}
{"event": "http_request", "request_id": "27460527-8e2a-420e-8c2d-7fc8f8f98ac7", "method": "POST", "status": 200, "duration_ms": 10735.0}
{"event": "http_request", "request_id": "720c4365-16d3-4a41-b3eb-7eb9438a7c68", "method": "POST", "status": 200, "duration_ms": 36109.0}
{"event": "http_request", "request_id": "9f2220a6-2427-4e5e-81a1-21249c53482c", "method": "GET", "status": 200, "duration_ms": 1000.0}
------------------------------ Captured log call ------------------------------
INFO     bounded_funds.http:main.py:65 {"event": "http_request", "request_id": "0490f119-e367-4b28-82ce-b4680ffbdeb9", "method": "POST", "status": 200, "duration_ms": 344.0}
INFO     bounded_funds.http:main.py:65 {"event": "http_request", "request_id": "8a9be832-381c-4d55-8dfe-577479cbb304", "method": "POST", "status": 200, "duration_ms": 156.0}
INFO     bounded_funds.http:main.py:65 {"event": "http_request", "request_id": "85b717d8-00de-464f-87d1-1ba25e0cf4d3", "method": "POST", "status": 200, "duration_ms": 78.0}
INFO     bounded_funds.http:main.py:65 {"event": "http_request", "request_id": "5dac9288-b97b-4ea4-b3b9-27c926d553ea", "method": "POST", "status": 200, "duration_ms": 93.0}
INFO     bounded_funds.http:main.py:65 {"event": "http_request", "request_id": "0ebc7c06-5b15-44c0-8cb5-9e93f634ee14", "method": "POST", "status": 200, "duration_ms": 63.0}
INFO     bounded_funds.http:main.py:65 {"event": "http_request", "request_id": "6885dc62-ff2b-4250-8b35-26a9a51f4f6b", "method": "POST", "status": 200, "duration_ms": 94.0}
INFO     bounded_funds.http:main.py:65 {"event": "http_request", "request_id": "d80e6b1f-09cd-4bdc-ac17-50eb8cf0b91e", "method": "POST", "status": 200, "duration_ms": 765.0}
INFO     bounded_funds.http:main.py:65 {"event": "http_request", "request_id": "c57e90ed-d526-48aa-91af-cba307277efa", "method": "POST", "status": 200, "duration_ms": 43610.0}
INFO     bounded_funds.http:main.py:65 {"event": "http_request", "request_id": "aa67f3a1-0709-49f3-8859-59335b2d047b", "method": "POST", "status": 200, "duration_ms": 2000.0}
INFO     bounded_funds.http:main.py:65 {"event": "http_request", "request_id": "27460527-8e2a-420e-8c2d-7fc8f8f98ac7", "method": "POST", "status": 200, "duration_ms": 10735.0}
INFO     bounded_funds.http:main.py:65 {"event": "http_request", "request_id": "720c4365-16d3-4a41-b3eb-7eb9438a7c68", "method": "POST", "status": 200, "duration_ms": 36109.0}
INFO     bounded_funds.http:main.py:65 {"event": "http_request", "request_id": "9f2220a6-2427-4e5e-81a1-21249c53482c", "method": "GET", "status": 200, "duration_ms": 1000.0}
============================== warnings summary ===============================
.venv\Lib\site-packages\fastapi\testclient.py:1
  F:\学校活动\工行杯\钱途有界\bounded-funds\.venv\Lib\site-packages\fastapi\testclient.py:1: StarletteDeprecationWarning: Using `httpx` with `starlette.testclient` is deprecated; install `httpx2` instead.
    from starlette.testclient import TestClient as TestClient  # noqa

-- Docs: https://docs.pytest.org/en/stable/how-to/capture-warnings.html
=========================== short test summary info ===========================
FAILED apps/api/app/tests/test_demo_recovery_history.py::test_original_completed_recovery_remains_completed_after_new_real_expense
1 failed, 1 warning in 105.16s (0:01:45)
