apps\api\app\domain\full_seasonal_adoption.py:166: error: Incompatible types in assignment (expression has type "dict[str, Any] | None", variable has type "dict[str, Any]")  [assignment]
apps\api\app\services\full_seasonal_adoption.py:437: error: Argument 5 to "SeasonalAdoptionProof" has incompatible type "**dict[str, object]"; expected "Literal[True]"  [arg-type]
apps\api\app\services\full_seasonal_adoption.py:437: error: Argument 5 to "SeasonalAdoptionProof" has incompatible type "**dict[str, object]"; expected "Literal['full-seasonal-adoption-v1']"  [arg-type]
apps\api\app\services\full_seasonal_adoption.py:437: error: Argument 5 to "SeasonalAdoptionProof" has incompatible type "**dict[str, object]"; expected "UUID"  [arg-type]
apps\api\app\services\full_seasonal_adoption.py:437: error: Argument 5 to "SeasonalAdoptionProof" has incompatible type "**dict[str, object]"; expected "datetime"  [arg-type]
apps\api\app\services\full_seasonal_adoption.py:437: error: Argument 5 to "SeasonalAdoptionProof" has incompatible type "**dict[str, object]"; expected "SeasonalAdoptionOriginal | None"  [arg-type]
apps\api\app\services\full_seasonal_adoption.py:437: error: Argument 5 to "SeasonalAdoptionProof" has incompatible type "**dict[str, object]"; expected "UUID | None"  [arg-type]
apps\api\app\services\full_seasonal_adoption.py:437: error: Argument 5 to "SeasonalAdoptionProof" has incompatible type "**dict[str, object]"; expected "str | None"  [arg-type]
apps\api\app\services\full_seasonal_adoption.py:437: error: Argument 5 to "SeasonalAdoptionProof" has incompatible type "**dict[str, object]"; expected "SeasonalAdoptionScope | None"  [arg-type]
apps\api\app\services\full_seasonal_adoption.py:437: error: Argument 5 to "SeasonalAdoptionProof" has incompatible type "**dict[str, object]"; expected "Literal[False]"  [arg-type]
apps\api\app\services\full_seasonal_adoption.py:445: error: Argument 5 to "SeasonalAdoptionProof" has incompatible type "**dict[str, object]"; expected "Literal[True]"  [arg-type]
apps\api\app\services\full_seasonal_adoption.py:445: error: Argument 5 to "SeasonalAdoptionProof" has incompatible type "**dict[str, object]"; expected "Literal['full-seasonal-adoption-v1']"  [arg-type]
apps\api\app\services\full_seasonal_adoption.py:445: error: Argument 5 to "SeasonalAdoptionProof" has incompatible type "**dict[str, object]"; expected "UUID"  [arg-type]
apps\api\app\services\full_seasonal_adoption.py:445: error: Argument 5 to "SeasonalAdoptionProof" has incompatible type "**dict[str, object]"; expected "datetime"  [arg-type]
apps\api\app\services\full_seasonal_adoption.py:445: error: Argument 5 to "SeasonalAdoptionProof" has incompatible type "**dict[str, object]"; expected "SeasonalAdoptionOriginal | None"  [arg-type]
apps\api\app\services\full_seasonal_adoption.py:445: error: Argument 5 to "SeasonalAdoptionProof" has incompatible type "**dict[str, object]"; expected "UUID | None"  [arg-type]
apps\api\app\services\full_seasonal_adoption.py:445: error: Argument 5 to "SeasonalAdoptionProof" has incompatible type "**dict[str, object]"; expected "str | None"  [arg-type]
apps\api\app\services\full_seasonal_adoption.py:445: error: Argument 5 to "SeasonalAdoptionProof" has incompatible type "**dict[str, object]"; expected "SeasonalAdoptionScope | None"  [arg-type]
apps\api\app\services\full_seasonal_adoption.py:445: error: Argument 5 to "SeasonalAdoptionProof" has incompatible type "**dict[str, object]"; expected "Literal[False]"  [arg-type]
apps\api\app\services\full_seasonal_adoption.py:479: error: Argument 10 to "SeasonalAdoptionProof" has incompatible type "**dict[str, object]"; expected "Literal[True]"  [arg-type]
apps\api\app\services\full_seasonal_adoption.py:479: error: Argument 10 to "SeasonalAdoptionProof" has incompatible type "**dict[str, object]"; expected "Literal['full-seasonal-adoption-v1']"  [arg-type]
apps\api\app\services\full_seasonal_adoption.py:479: error: Argument 10 to "SeasonalAdoptionProof" has incompatible type "**dict[str, object]"; expected "UUID"  [arg-type]
apps\api\app\services\full_seasonal_adoption.py:479: error: Argument 10 to "SeasonalAdoptionProof" has incompatible type "**dict[str, object]"; expected "datetime"  [arg-type]
apps\api\app\services\full_seasonal_adoption.py:479: error: Argument 10 to "SeasonalAdoptionProof" has incompatible type "**dict[str, object]"; expected "Literal[False]"  [arg-type]
apps\api\app\tests\test_full_seasonal_adoption.py:344: error: Argument "update" to "model_copy" of "BaseModel" has incompatible type "object"; expected "Mapping[str, Any] | None"  [arg-type]
Found 25 errors in 3 files (checked 4 source files)
