F
================================== FAILURES ===================================
_ test_actual_physical_v2_dynamic_goal_silence_crossing_and_zero_financial_writes _

goal_client = (<starlette.testclient.TestClient object at 0x0000018850603DA0>, Engine(postgresql+psycopg://bounded:***@127.0.0.1:54329/bf_test_22abb9d0b40848acbf5efb4f677f536b))

    def test_actual_physical_v2_dynamic_goal_silence_crossing_and_zero_financial_writes(
        goal_client: tuple[TestClient, Engine],
    ) -> None:
        client, engine = goal_client
        goal_id, model_id = full_dynamic_goal(client, engine)
        model = client.get(f"/api/v1/goals/{goal_id}/full-model").json()
        assert model["status"] == "VERIFIED" and model["evidence_id"] == model_id
        with Session(engine) as session, session.begin():
            for policy in session.scalars(select(Policy).where(Policy.user_id == DEMO_USER_ID)):
                version = session.scalar(
                    select(PolicyVersion)
                    .where(PolicyVersion.policy_id == policy.id)
                    .order_by(PolicyVersion.version_number.desc())
                    .limit(1)
                )
                assert version is not None
                if (
                    policy.id != UUID(model["policy_id"])
                    and version.configuration["type"]
                    in {"recurring_obligation", "goal_saving", "asset_authorization"}
                    and policy.status == "ACTIVE"
                ):
                    suspend_policy(session, DEMO_USER_ID, policy.id, version.id, NOW)
            cash = session.scalar(
                select(Account)
                .where(Account.user_id == DEMO_USER_ID, Account.account_type == "CASH")
                .order_by(Account.id)
            )
            epoch = current_audit_epoch(session, DEMO_USER_ID)
            assert cash is not None and epoch is not None
            cash_id, epoch_id = cash.id, epoch.id
        previous = None
        for index, amount in enumerate((600000, 100000)):
            fact = ingest_external_fact(
                engine,
                DEMO_USER_ID,
                ExternalFactRequest(
                    user_id=DEMO_USER_ID,
                    account_id=cash_id,
                    kind="INCOME",
                    amount_cents=amount,
                    external_ref=f"actual-full-global-payroll-{index}",
                    idempotency_key=f"actual-full-global-payroll-{index}",
                    counterparty_ref="payroll",
                    occurred_at=NOW,
                ),
                NOW,
            )
            assert fact.bank_status == "SETTLED" and fact.projection_status == "PROJECTED"
            before = physical_snapshot(engine)
            response = client.get("/api/v1/boundary/actual-action-set/current")
            assert response.status_code == 200, response.text
            snapshot = response.json()
            assert snapshot["global_action_set_complete"] is True, json.dumps(
                {
                    "reasons": snapshot["reasons"],
                    "unsupported_producers": snapshot["unsupported_producers"],
                    "candidates": snapshot["candidates"],
                    "table_gaps": [row for row in snapshot["table_coverage"] if not row["complete"]],
                },
                ensure_ascii=False,
            )
            coverage = {row["table"]: row for row in snapshot["table_coverage"]}
            assert "simulated_bank_ledger_heads" not in coverage
            assert coverage["evidence_items"]["actual_count"] > 200
            assert all(
                row["complete"] and row["actual_count"] == row["captured_count"]
                for row in coverage.values()
            )
            assert len(snapshot["candidates"]) == len(snapshot["expected_candidate_keys"])
            target = [
                row for row in snapshot["candidates"] if row["candidate_key"] == "goal:" + goal_id
            ]
            assert (
                len(target) == 1
                and target[0]["state"] == "INCLUDED"
                and target[0]["amount_cents"] == 20000
            )
            assert snapshot["bank_authority"] is False and snapshot["financial_write"] is False
            assert physical_snapshot(engine) == before
            body = GlobalBoundaryObserveRequest(
                expected_epoch_id=epoch_id,
                previous_observation_run_id=previous.observation_run_id if previous else None,
                idempotency_key=f"actual-full-global-observation-{index}",
            )
            observed = observe_actual_global_boundary(engine, DEMO_USER_ID, body, NOW)
>           assert observed.kind == "BoundaryObserved" and not observed.requires_user_attention
E           AssertionError: assert ('BoundaryCrossed' == 'BoundaryObserved'
E             
E             - BoundaryObserved
E             + BoundaryCrossed)

apps\api\app\tests\test_full_action_set_boundary_actual_integration.py:118: AssertionError
---------------------------- Captured stderr call -----------------------------
{"event": "http_request", "request_id": "342b2d83-5b64-4bd3-a852-91d45ca280ae", "method": "POST", "status": 200, "duration_ms": 125.0}
{"event": "http_request", "request_id": "9bc20193-67e1-420d-8134-708ded07f253", "method": "POST", "status": 200, "duration_ms": 281.0}
{"event": "http_request", "request_id": "a04fe2ad-81ef-4300-a1f0-b7ffc200b2eb", "method": "POST", "status": 200, "duration_ms": 437.0}
{"event": "http_request", "request_id": "74233819-36e7-4f09-9d50-10c49eb3183f", "method": "POST", "status": 200, "duration_ms": 360.0}
{"event": "http_request", "request_id": "990f2397-066e-44d4-8fcf-8fd36ceae73d", "method": "POST", "status": 200, "duration_ms": 109.0}
{"event": "http_request", "request_id": "ba669a91-43dd-477c-b32e-11648fb6a8d9", "method": "GET", "status": 200, "duration_ms": 31.0}
{"event": "http_request", "request_id": "97c8ac60-ae9f-4cea-b504-a57bcc3e7c3b", "method": "GET", "status": 200, "duration_ms": 10015.0}
{"event": "http_request", "request_id": "88c7f1b2-0a63-4eb9-8017-1a2d4d28a460", "method": "GET", "status": 200, "duration_ms": 55156.0}
------------------------------ Captured log call ------------------------------
INFO     bounded_funds.http:main.py:116 {"event": "http_request", "request_id": "342b2d83-5b64-4bd3-a852-91d45ca280ae", "method": "POST", "status": 200, "duration_ms": 125.0}
INFO     bounded_funds.http:main.py:116 {"event": "http_request", "request_id": "9bc20193-67e1-420d-8134-708ded07f253", "method": "POST", "status": 200, "duration_ms": 281.0}
INFO     bounded_funds.http:main.py:116 {"event": "http_request", "request_id": "a04fe2ad-81ef-4300-a1f0-b7ffc200b2eb", "method": "POST", "status": 200, "duration_ms": 437.0}
INFO     bounded_funds.http:main.py:116 {"event": "http_request", "request_id": "74233819-36e7-4f09-9d50-10c49eb3183f", "method": "POST", "status": 200, "duration_ms": 360.0}
INFO     bounded_funds.http:main.py:116 {"event": "http_request", "request_id": "990f2397-066e-44d4-8fcf-8fd36ceae73d", "method": "POST", "status": 200, "duration_ms": 109.0}
INFO     bounded_funds.http:main.py:116 {"event": "http_request", "request_id": "ba669a91-43dd-477c-b32e-11648fb6a8d9", "method": "GET", "status": 200, "duration_ms": 31.0}
INFO     bounded_funds.http:main.py:116 {"event": "http_request", "request_id": "97c8ac60-ae9f-4cea-b504-a57bcc3e7c3b", "method": "GET", "status": 200, "duration_ms": 10015.0}
INFO     bounded_funds.http:main.py:116 {"event": "http_request", "request_id": "88c7f1b2-0a63-4eb9-8017-1a2d4d28a460", "method": "GET", "status": 200, "duration_ms": 55156.0}
============================== warnings summary ===============================
.venv\Lib\site-packages\fastapi\testclient.py:1
  F:\学校活动\工行杯\钱途有界\bounded-funds\.venv\Lib\site-packages\fastapi\testclient.py:1: StarletteDeprecationWarning: Using `httpx` with `starlette.testclient` is deprecated; install `httpx2` instead.
    from starlette.testclient import TestClient as TestClient  # noqa

-- Docs: https://docs.pytest.org/en/stable/how-to/capture-warnings.html
=========================== short test summary info ===========================
FAILED apps/api/app/tests/test_full_action_set_boundary_actual_integration.py::test_actual_physical_v2_dynamic_goal_silence_crossing_and_zero_financial_writes
!!!!!!!!!!!!!!!!!!!!!!!!!! stopping after 1 failures !!!!!!!!!!!!!!!!!!!!!!!!!!
1 failed, 1 warning in 213.27s (0:03:33)
