F                                                                        [100%]
================================== FAILURES ===================================
___ test_complete_single_goal_joint_maps_only_to_the_exact_existing_effect ____
apps\api\app\domain\policy_configuration.py:236: in configuration_hash
    _require_json_value(configuration)
apps\api\app\domain\policy_configuration.py:222: in _require_json_value
    _require_json_value(child)
apps\api\app\domain\policy_configuration.py:228: in _require_json_value
    raise ValueError("Only JSON values are permitted")
E   ValueError: Only JSON values are permitted

The above exception was the direct cause of the following exception:
apps\api\app\tests\test_full_action_set_joint_producers.py:255: in test_complete_single_goal_joint_maps_only_to_the_exact_existing_effect
    result = derive_joint_producers(data)
             ^^^^^^^^^^^^^^^^^^^^^^^^^^^^
apps\api\app\domain\full_action_set_joint_producers.py:599: in derive_joint_producers
    return JointActionSetResult.model_validate(values | {"result_hash": configuration_hash(values)})
                                                                        ^^^^^^^^^^^^^^^^^^^^^^^^^^
apps\api\app\domain\policy_configuration.py:245: in configuration_hash
    raise ValueError("Configuration must be a JSON-compatible object") from error
E   ValueError: Configuration must be a JSON-compatible object
============================== warnings summary ===============================
.venv\Lib\site-packages\fastapi\testclient.py:1
  F:\学校活动\工行杯\钱途有界\bounded-funds\.venv\Lib\site-packages\fastapi\testclient.py:1: StarletteDeprecationWarning: Using `httpx` with `starlette.testclient` is deprecated; install `httpx2` instead.
    from starlette.testclient import TestClient as TestClient  # noqa

.venv\Lib\site-packages\_pytest\cacheprovider.py:469
  F:\学校活动\工行杯\钱途有界\bounded-funds\.venv\Lib\site-packages\_pytest\cacheprovider.py:469: PytestCacheWarning: could not create cache path F:\学校活动\工行杯\钱途有界\bounded-funds\.pytest_cache\v\cache\nodeids: [WinError 5] 拒绝访问。: 'F:\\学校活动\\工行杯\\钱途有界\\bounded-funds\\.pytest_cache\\v\\cache'
    config.cache.set("cache/nodeids", sorted(self.cached_nodeids))

.venv\Lib\site-packages\_pytest\cacheprovider.py:423
  F:\学校活动\工行杯\钱途有界\bounded-funds\.venv\Lib\site-packages\_pytest\cacheprovider.py:423: PytestCacheWarning: could not create cache path F:\学校活动\工行杯\钱途有界\bounded-funds\.pytest_cache\v\cache\lastfailed: [WinError 5] 拒绝访问。: 'F:\\学校活动\\工行杯\\钱途有界\\bounded-funds\\.pytest_cache\\v\\cache'
    config.cache.set("cache/lastfailed", self.lastfailed)

-- Docs: https://docs.pytest.org/en/stable/how-to/capture-warnings.html
=========================== short test summary info ===========================
FAILED apps/api/app/tests/test_full_action_set_joint_producers.py::test_complete_single_goal_joint_maps_only_to_the_exact_existing_effect
1 failed, 3 warnings in 8.43s
