 Image bounded-funds-web:demo-f2d58cc18fb3471d986f3bcece3c6159 Building 
 Image bounded-funds-api:demo-f2d58cc18fb3471d986f3bcece3c6159 Building 
#1 [internal] load local bake definitions
#1 reading from stdin 2.33kB 0.0s done
#1 DONE 0.0s

#2 [api internal] load build definition from api.Dockerfile
#2 transferring dockerfile: 2.16kB 0.0s done
#2 WARN: InvalidDefaultArgInFrom: Default value for ARG ${UV_BINARY_IMAGE} results in empty or invalid base image name (line 4)
#2 WARN: InvalidDefaultArgInFrom: Default value for ARG ${PYTHON_BASE_IMAGE} results in empty or invalid base image name (line 5)
#2 WARN: InvalidDefaultArgInFrom: Default value for ARG ${PYTHON_BASE_IMAGE} results in empty or invalid base image name (line 20)
#2 DONE 0.0s

#3 [web internal] load build definition from web.Dockerfile
#3 transferring dockerfile: 1.60kB 0.0s done
#3 WARN: InvalidDefaultArgInFrom: Default value for ARG ${NODE_BASE_IMAGE} results in empty or invalid base image name (line 3)
#3 WARN: InvalidDefaultArgInFrom: Default value for ARG ${NGINX_BASE_IMAGE} results in empty or invalid base image name (line 19)
#3 DONE 0.0s

#4 [web internal] load metadata for docker.io/library/nginx@sha256:df221db836e1754089190208cee7eeda94f233197056426eda74a43ab1abeac2
#4 ...

#5 [api internal] load metadata for ghcr.io/astral-sh/uv@sha256:8b940d3a9d65bed080436972241af2e21c84b5e8c9193f7014ed71479ee795ff
#5 DONE 3.7s

#6 [api internal] load metadata for docker.io/library/python@sha256:54c85f3c47607a77f32adec749d3c81d1348bf25833671f512b26a9b6d778cb3
#6 DONE 3.9s

#7 [web internal] load metadata for docker.io/library/node@sha256:0e0ff40c39bc087845bfb27465a0df4ea419520094bc35842ff83dd8cbe6f9b6
#7 ...

#8 [api internal] load .dockerignore
#8 transferring context: 454B done
#8 DONE 0.0s

#4 [web internal] load metadata for docker.io/library/nginx@sha256:df221db836e1754089190208cee7eeda94f233197056426eda74a43ab1abeac2
#4 DONE 3.9s

#9 [api uv_binary 1/1] FROM ghcr.io/astral-sh/uv@sha256:8b940d3a9d65bed080436972241af2e21c84b5e8c9193f7014ed71479ee795ff
#9 resolve ghcr.io/astral-sh/uv@sha256:8b940d3a9d65bed080436972241af2e21c84b5e8c9193f7014ed71479ee795ff 0.0s done
#9 DONE 0.1s

#10 [api dependencies 1/7] FROM docker.io/library/python@sha256:54c85f3c47607a77f32adec749d3c81d1348bf25833671f512b26a9b6d778cb3
#10 resolve docker.io/library/python@sha256:54c85f3c47607a77f32adec749d3c81d1348bf25833671f512b26a9b6d778cb3 0.0s done
#10 DONE 0.1s

#11 [api runtime 2/8] WORKDIR /workspace
#11 DONE 0.0s

#7 [web internal] load metadata for docker.io/library/node@sha256:0e0ff40c39bc087845bfb27465a0df4ea419520094bc35842ff83dd8cbe6f9b6
#7 DONE 4.1s

#12 [api dependencies 2/7] COPY --from=uv_binary /uv /usr/local/bin/uv
#12 DONE 0.1s

#8 [web internal] load .dockerignore
#8 transferring context: 454B done
#8 DONE 0.0s

#13 [api dependencies 3/7] WORKDIR /workspace
#13 DONE 0.1s

#14 [web runtime 1/3] FROM docker.io/library/nginx@sha256:df221db836e1754089190208cee7eeda94f233197056426eda74a43ab1abeac2
#14 resolve docker.io/library/nginx@sha256:df221db836e1754089190208cee7eeda94f233197056426eda74a43ab1abeac2 0.0s done
#14 DONE 0.2s

#15 [web build 1/9] FROM docker.io/library/node@sha256:0e0ff40c39bc087845bfb27465a0df4ea419520094bc35842ff83dd8cbe6f9b6
#15 resolve docker.io/library/node@sha256:0e0ff40c39bc087845bfb27465a0df4ea419520094bc35842ff83dd8cbe6f9b6 0.0s done
#15 DONE 0.2s

#16 [web build 2/9] WORKDIR /workspace
#16 DONE 0.0s

#17 [web build 3/9] RUN node -e "if(process.versions.node.split('.')[0]!=='24')throw Error('Node24 required')" && npm install --global pnpm@11.19.0 --ignore-scripts && test "$(pnpm --version)" = "11.19.0"
#17 ...

#18 [web internal] load build context
#18 transferring context: 1.60MB 0.3s done
#18 DONE 0.4s

#19 [api internal] load build context
#19 transferring context: 7.38MB 0.6s done
#19 DONE 0.6s

#20 [web runtime 2/3] COPY deploy/nginx.conf /etc/nginx/conf.d/default.conf
#20 DONE 0.0s

#21 [api dependencies 4/7] COPY pyproject.toml uv.lock ./
#21 DONE 0.0s

#22 [api dependencies 5/7] RUN python -c "import hashlib,pathlib,sys; assert sys.version_info[:2]==(3,12); assert hashlib.sha256(pathlib.Path('uv.lock').read_bytes()).hexdigest()==sys.argv[1]" "b3b1dae5cf20edd6ef96609427aeaf8f7d0108ba3c075158a00d102383e36e4c"
#22 DONE 0.3s

#17 [web build 3/9] RUN node -e "if(process.versions.node.split('.')[0]!=='24')throw Error('Node24 required')" && npm install --global pnpm@11.19.0 --ignore-scripts && test "$(pnpm --version)" = "11.19.0"
#17 ...

#23 [api dependencies 6/7] RUN uv --version && uv sync --frozen --no-dev --no-install-project --no-editable --python /usr/local/bin/python
#23 0.289 uv 0.12.9 (x86_64-unknown-linux-musl)
#23 0.446 Using CPython 3.12.15 interpreter at: /usr/local/bin/python
#23 0.446 Creating virtual environment at: /opt/bf-venv
#23 2.971 Downloading psycopg-binary (5.0MiB)
#23 2.972 Downloading sqlalchemy (4.5MiB)
#23 2.973 Downloading pydantic-core (2.0MiB)
#23 4.874  Downloaded pydantic-core
#23 5.551  Downloaded sqlalchemy
#23 5.606  Downloaded psycopg-binary
#23 5.606 Prepared 22 packages in 5.15s
#23 5.735 Installed 22 packages in 128ms
#23 5.735  + alembic==1.20.0
#23 5.735  + annotated-doc==0.0.5
#23 5.735  + annotated-types==0.8.0
#23 5.735  + anyio==4.15.1
#23 5.735  + click==8.5.0
#23 5.735  + fastapi==0.142.2
#23 5.735  + h11==0.16.0
#23 5.735  + idna==3.20
#23 5.735  + mako==1.4.3
#23 5.735  + markupsafe==3.0.4
#23 5.735  + opentelemetry-api==1.45.0
#23 5.735  + psycopg==3.3.6
#23 5.736  + psycopg-binary==3.3.6
#23 5.736  + pydantic==2.13.5
#23 5.736  + pydantic-core==2.46.5
#23 5.736  + pydantic-settings==2.15.0
#23 5.736  + python-dotenv==1.2.4
#23 5.736  + sqlalchemy==2.1.3
#23 5.736  + starlette==1.7.0
#23 5.736  + typing-extensions==4.16.0
#23 5.736  + typing-inspection==0.4.4
#23 5.736  + uvicorn==0.54.0
#23 DONE 5.8s

#24 [api dependencies 7/7] RUN /opt/bf-venv/bin/python -c "import fastapi,uvicorn,pydantic,sqlalchemy,alembic,psycopg; from zoneinfo import ZoneInfo; assert ZoneInfo('Asia/Shanghai').key=='Asia/Shanghai'"
#24 DONE 2.4s

#17 [web build 3/9] RUN node -e "if(process.versions.node.split('.')[0]!=='24')throw Error('Node24 required')" && npm install --global pnpm@11.19.0 --ignore-scripts && test "$(pnpm --version)" = "11.19.0"
#17 8.619 
#17 8.619 added 1 package in 8s
#17 8.619 
#17 8.619 1 package is looking for funding
#17 8.619   run `npm fund` for details
#17 8.620 npm notice
#17 8.620 npm notice New major version of npm available! 11.19.0 -> 12.2.0
#17 8.620 npm notice Changelog: https://github.com/npm/cli/releases/tag/v12.2.0
#17 8.620 npm notice To update run: npm install -g npm@12.2.0
#17 8.620 npm notice
#17 ...

#25 [api runtime 3/8] COPY --from=dependencies /opt/bf-venv /opt/bf-venv
#25 DONE 0.1s

#26 [api runtime 4/8] COPY pyproject.toml uv.lock alembic.ini ./
#26 DONE 0.0s

#27 [api runtime 5/8] COPY apps/api/ ./apps/api/
#27 DONE 0.0s

#28 [api runtime 6/8] COPY scripts/scenario_runner_rpc.py scripts/seed_demo.py ./scripts/
#28 DONE 0.0s

#17 [web build 3/9] RUN node -e "if(process.versions.node.split('.')[0]!=='24')throw Error('Node24 required')" && npm install --global pnpm@11.19.0 --ignore-scripts && test "$(pnpm --version)" = "11.19.0"
#17 DONE 9.2s

#29 [api runtime 7/8] COPY deploy/initialize_demo.py ./deploy/initialize_demo.py
#29 DONE 0.0s

#30 [web build 4/9] COPY package.json pnpm-lock.yaml pnpm-workspace.yaml ./
#30 DONE 0.0s

#31 [api runtime 8/8] RUN python -c "import re,sys; assert re.fullmatch('[0-9a-f]{40}',sys.argv[1]); assert re.fullmatch('[0-9a-f]{64}',sys.argv[2]); from zoneinfo import ZoneInfo; ZoneInfo('Asia/Shanghai')" "4ccf84e973978482a1098d18c69fbfc9f011fac6" "1ea3180162e34e9eb91af6672e2e9b7c7d8b19ab5e51c496f8d4676daa91bb63"
#31 ...

#32 [web build 5/9] COPY apps/web/ ./apps/web/
#32 DONE 0.0s

#33 [web build 6/9] COPY packages/contracts/ ./packages/contracts/
#33 DONE 0.0s

#31 [api runtime 8/8] RUN python -c "import re,sys; assert re.fullmatch('[0-9a-f]{40}',sys.argv[1]); assert re.fullmatch('[0-9a-f]{64}',sys.argv[2]); from zoneinfo import ZoneInfo; ZoneInfo('Asia/Shanghai')" "4ccf84e973978482a1098d18c69fbfc9f011fac6" "1ea3180162e34e9eb91af6672e2e9b7c7d8b19ab5e51c496f8d4676daa91bb63"
#31 DONE 0.4s

#34 [web build 7/9] RUN node -e "const fs=require('node:fs'),crypto=require('node:crypto');if(crypto.createHash('sha256').update(fs.readFileSync('pnpm-lock.yaml')).digest('hex')!==process.argv[1])throw Error('Original lock SHA differs')" "abca500080e1846e41d159c176d8a95902bcce239e3dca94651b40e68a8efc83"
#34 DONE 0.3s

#35 [api] exporting to image
#35 exporting layers
#35 exporting layers 1.8s done
#35 exporting manifest sha256:7b310d9d424825b12230997cc4e8ff644f9e1928f538c7ce8cb38831ed75b5df done
#35 exporting config sha256:906d00d67039935252761462d7e808427595ae52af9ff405ca96b3a7770a68c7 done
#35 exporting attestation manifest sha256:7b24a761a269f46c752d55bbdadf7a48244eac2412eedee16707d9339ded5a34 0.0s done
#35 exporting manifest list sha256:992cdf9269eebf465434a05efe033888a11cd8f34c125a7d9f658f195a17bbb8 done
#35 naming to docker.io/library/bounded-funds-api:demo-f2d58cc18fb3471d986f3bcece3c6159 done
#35 unpacking to docker.io/library/bounded-funds-api:demo-f2d58cc18fb3471d986f3bcece3c6159
#35 unpacking to docker.io/library/bounded-funds-api:demo-f2d58cc18fb3471d986f3bcece3c6159 0.4s done
#35 DONE 2.4s

#36 [web build 8/9] RUN pnpm install --frozen-lockfile
#36 0.681 Scope: all 2 workspace projects
#36 0.751 ? Verifying lockfile against supply-chain policies (429 entries)...
#36 0.760 Lockfile is up to date, resolution step is skipped
#36 0.889 Progress: resolved 1, reused 0, downloaded 0, added 0
#36 0.938 Packages: +358
#36 0.938 ++++++++++++++++++++++++++++++++++++++++++++++++++++++++++++++++++++++++++++++++
#36 1.890 Progress: resolved 358, reused 0, downloaded 0, added 0
#36 ...

#37 [api] resolving provenance for metadata file
#37 DONE 0.0s

#36 [web build 8/9] RUN pnpm install --frozen-lockfile
#36 2.944 Progress: resolved 358, reused 0, downloaded 1, added 0
#36 2.948 Packages are hard linked from the content-addressable store to the virtual store.
#36 2.948   Content-addressable store is at: /workspace/.pnpm-store/v11
#36 2.948   Virtual store is at:             node_modules/.pnpm
#36 3.450 
#36 3.450    ╭─────────────────────────────────────────╮
#36 3.450    │                                         │
#36 3.450    │   Update available! 11.19.0 → 12.9.1.   │
#36 3.450    │   Changelog: https://pnpm.io/v/12.9.1   │
#36 3.450    │    To update, run: pnpm add -g pnpm     │
#36 3.450    │                                         │
#36 3.450    ╰─────────────────────────────────────────╯
#36 3.450 
#36 3.945 Progress: resolved 358, reused 0, downloaded 74, added 74
#36 4.945 Progress: resolved 358, reused 0, downloaded 125, added 124
#36 5.945 Progress: resolved 358, reused 0, downloaded 174, added 173
#36 6.945 Progress: resolved 358, reused 0, downloaded 201, added 201
#36 7.944 Progress: resolved 358, reused 0, downloaded 256, added 256
#36 8.945 Progress: resolved 358, reused 0, downloaded 326, added 326
#36 9.945 Progress: resolved 358, reused 0, downloaded 353, added 353
#36 10.95 Progress: resolved 358, reused 0, downloaded 355, added 355
#36 11.99 Progress: resolved 358, reused 0, downloaded 357, added 357
#36 13.01 Progress: resolved 358, reused 0, downloaded 358, added 357
#36 13.01 Progress: resolved 358, reused 0, downloaded 358, added 358, done
#36 14.13 ✓ Lockfile passes supply-chain policies (429 entries in 13.3s)
#36 14.14 .../node_modules/@tailwindcss/oxide postinstall$ node ./scripts/install.js
#36 14.16 .../esbuild@0.28.2/node_modules/esbuild postinstall$ node install.js
#36 14.22 .../node_modules/@tailwindcss/oxide postinstall: Done
#36 14.22 .../esbuild@0.28.2/node_modules/esbuild postinstall: Done
#36 14.32 
#36 14.32 devDependencies:
#36 14.32 + openapi-typescript 7.13.0
#36 14.32 
#36 14.37 Done in 14s using pnpm v11.19.0
#36 DONE 14.6s

#38 [web build 9/9] RUN pnpm --dir apps/web build
#38 0.654 $ tsc --noEmit && vite build
#38 3.831 vite v7.3.6 building client environment for production...
#38 3.894 transforming...
#38 4.726 ✓ 93 modules transformed.
#38 4.863 rendering chunks...
#38 4.871 computing gzip size...
#38 4.883 dist/index.html                   0.48 kB │ gzip:   0.34 kB
#38 4.883 dist/assets/index-BLUVy2UY.css   23.29 kB │ gzip:   5.92 kB
#38 4.883 dist/assets/index-M1lBY0GA.js   354.19 kB │ gzip: 108.47 kB
#38 4.883 ✓ built in 1.02s
#38 DONE 4.9s

#39 [web runtime 3/3] COPY --from=build /workspace/apps/web/dist/ /usr/share/nginx/html/
#39 DONE 0.0s

#40 [web] exporting to image
#40 exporting layers 0.1s done
#40 exporting manifest sha256:b123170865b744f1b56bb51cbbb216e08de4f531eea539deaba373705936cbd5 done
#40 exporting config sha256:c1d012d53ddc08cdc5722ba777787f625cc37987ee1da2e9dd730a8118b0e5fd done
#40 exporting attestation manifest sha256:5de0b6be3d86b132cb9df6b8ec846c2b08903e95e51234fc1a674a3036b5c396 0.0s done
#40 exporting manifest list sha256:a270d09c40a1462e91a50f49920cc725edc7b4f368805382458e9c4d569a4dbc done
#40 naming to docker.io/library/bounded-funds-web:demo-f2d58cc18fb3471d986f3bcece3c6159 done
#40 unpacking to docker.io/library/bounded-funds-web:demo-f2d58cc18fb3471d986f3bcece3c6159 0.0s done
#40 DONE 0.2s

#41 [web] resolving provenance for metadata file
#41 DONE 0.0s
 Image bounded-funds-web:demo-f2d58cc18fb3471d986f3bcece3c6159 Built 
 Image bounded-funds-api:demo-f2d58cc18fb3471d986f3bcece3c6159 Built 
