E501 Line too long (101 > 100)
   --> apps\api\app\domain\full_action_set_boundary_composed.py:137:101
    |
135 |     if any(row.state == "UNKNOWN" for row in views.values()):
136 |         reasons.append("COMPOSED_CURRENT_PRODUCER_UNKNOWN")
137 |     if len(views) > MAX_CANDIDATES or len(data.model_dump_json().encode("utf8")) > MAX_CAPTURE_BYTES:
    |                                                                                                     ^
138 |         reasons.append("COMPOSED_CAPTURE_CAPACITY_EXCEEDED")
139 |     reasons = sorted(set(reasons))
    |

I001 [*] Import block is un-sorted or un-formatted
  --> apps\api\app\services\full_action_set_boundary_composed.py:3:1
   |
 1 |   """Read-only actual composition in the same request-owned database snapshot."""
 2 |
 3 | / from dataclasses import dataclass
 4 | | from datetime import datetime
 5 | | from uuid import UUID
 6 | |
 7 | | from app.domain.full_action_set_boundary_composed import (
 8 | |     ComposedActionSetInput,
 9 | |     ComposedActionSetSnapshot,
10 | |     derive_composed_action_set,
11 | | )
12 | | from app.services.decision_recording import DecisionCapture
13 | | from app.services.full_action_set_payment_producers import capture_current_periodic_payment_producers
14 | | from sqlalchemy.orm import Session
   | |__________________________________^
help: Organize imports
   |
12 | from app.services.decision_recording import DecisionCapture
   - from app.services.full_action_set_payment_producers import capture_current_periodic_payment_producers
13 + from app.services.full_action_set_payment_producers import (
14 +     capture_current_periodic_payment_producers,
15 + )
16 | from sqlalchemy.orm import Session
   |

E501 Line too long (101 > 100)
  --> apps\api\app\services\full_action_set_boundary_composed.py:13:101
   |
11 | )
12 | from app.services.decision_recording import DecisionCapture
13 | from app.services.full_action_set_payment_producers import capture_current_periodic_payment_producers
   |                                                                                                     ^
14 | from sqlalchemy.orm import Session
   |

E501 Line too long (102 > 100)
  --> apps\api\app\tests\test_full_action_set_boundary_composed.py:38:101
   |
36 |     ]
37 |     assert current.action_set_signature is not None
38 |     assert not current.bank_authority and not current.grants_authority and not current.financial_write
   |                                                                                                     ^^
39 |     assert current.notification_support == "NOT_IMPLEMENTED_FOR_COMPOSED_V3"
   |

E501 Line too long (103 > 100)
  --> apps\api\app\tests\test_full_action_set_boundary_composed.py:79:101
   |
79 | @pytest.mark.parametrize("change", ["family-denominator", "source", "original-count", "missing-proof"])
   |                                                                                                     ^^^
80 | def test_incomplete_replacement_keeps_original_candidate_and_never_hides_unknown(change: str) -> None:
81 |     family = fixture()
   |

E501 Line too long (102 > 100)
  --> apps\api\app\tests\test_full_action_set_boundary_composed.py:80:101
   |
79 | @pytest.mark.parametrize("change", ["family-denominator", "source", "original-count", "missing-proof"])
80 | def test_incomplete_replacement_keeps_original_candidate_and_never_hides_unknown(change: str) -> None:
   |                                                                                                     ^^
81 |     family = fixture()
82 |     assert family.producers[0].candidate is not None
   |

E501 Line too long (104 > 100)
  --> apps\api\app\tests\test_full_action_set_boundary_composed.py:87:101
   |
85 |         family = family.model_copy(update={"producers": [*family.producers, family.producers[0]]})
86 |     elif change == "source":
87 |         family = family.model_copy(update={"source_reasons": ["ORIGINAL_RELATION_SOURCE_NOT_VERIFIED"]})
   |                                                                                                     ^^^^
88 |     elif change == "original-count":
89 |         actual = family.original_actual_input
   |

Found 7 errors.
[*] 1 fixable with the `--fix` option.
