E501 Line too long (107 > 100)
  --> apps\api\app\tests\test_scenario_references.py:70:101
   |
68 |     original = {"step_id": "prior", "result": {"a/b": [{"~key": {"literal": ref()}}]}}
69 |     pointer = "/result/a~1b/0/~0key"
70 |     resolved, observations = references.resolve_inputs({"copy": ref(pointer=pointer)}, {"prior": original})
   |                                                                                                     ^^^^^^^
71 |     assert resolved == {"copy": {"literal": ref()}}
72 |     assert observations == [{
   |

E501 Line too long (114 > 100)
  --> apps\api\app\tests\test_scenario_references.py:83:101
   |
83 | @pytest.mark.parametrize("pointer", ["/result/items/01", "/result/items/-", "/result/items/1", "/result/missing"])
   |                                                                                                     ^^^^^^^^^^^^^^
84 | def test_missing_or_noncanonical_actual_pointer_is_rejected(pointer: str) -> None:
85 |     with pytest.raises(ValueError):
   |

E501 Line too long (105 > 100)
  --> apps\api\app\tests\test_scenario_references.py:86:101
   |
84 | def test_missing_or_noncanonical_actual_pointer_is_rejected(pointer: str) -> None:
85 |     with pytest.raises(ValueError):
86 |         references.resolve_inputs({"value": ref(pointer=pointer)}, {"prior": {"result": {"items": [1]}}})
   |                                                                                                     ^^^^^

E501 Line too long (121 > 100)
  --> apps\api\app\tests\test_scenario_references.py:94:101
   |
92 |     monkeypatch.setattr(references, "MAX_NODES", 5)
93 |     with pytest.raises(ValueError, match="traversal budget"):
94 |         references.resolve_inputs({"copy": ref(pointer="/result/data")}, {"prior": {"result": {"data": list(range(8))}}})
   |                                                                                                     ^^^^^^^^^^^^^^^^^^^^^
95 |     monkeypatch.setattr(references, "MAX_NODES", 10_000)
96 |     monkeypatch.setattr(references, "MAX_DEPTH", 2)
   |

E501 Line too long (114 > 100)
   --> apps\api\app\tests\test_scenario_references.py:98:101
    |
 96 |     monkeypatch.setattr(references, "MAX_DEPTH", 2)
 97 |     with pytest.raises(ValueError, match="traversal budget"):
 98 |         references.resolve_inputs({"copy": ref(pointer="/result/data")}, {"prior": {"result": {"data": [[[1]]]}}})
    |                                                                                                     ^^^^^^^^^^^^^^
 99 |     monkeypatch.setattr(references, "MAX_DEPTH", 24)
100 |     monkeypatch.setattr(references, "MAX_BYTES", 300)
    |

E501 Line too long (134 > 100)
   --> apps\api\app\tests\test_scenario_references.py:102:101
    |
100 |     monkeypatch.setattr(references, "MAX_BYTES", 300)
101 |     with pytest.raises(ValueError, match="cumulative byte budget"):
102 |         references.resolve_inputs({str(i): ref(pointer="/result/data") for i in range(3)}, {"prior": {"result": {"data": "x" * 150}}})
    |                                                                                                     ^^^^^^^^^^^^^^^^^^^^^^^^^^^^^^^^^^

E501 Line too long (150 > 100)
   --> apps\api\app\tests\test_scenario_references.py:105:101
    |
105 | …us_code": True}, {"code": "bad", "status_code": 409}, {"code": "BAD", "status_code": 200}])
    |                                           ^^^^^^^^^^^^^^^^^^^^^^^^^^^^^^^^^^^^^^^^^^^^^^^^^^
106 | …[str, Any]) -> None:
107 | …
    |

E501 Line too long (109 > 100)
   --> apps\api\app\tests\test_scenario_references.py:140:101
    |
138 |         assert actual.steps[0]["expectation_failure"] == "EXPECTED_ERROR_NOT_OBSERVED"
139 |     else:
140 |         assert actual.steps[0]["error"] == {"code": error, "message": "original refusal", "status_code": 409}
    |                                                                                                     ^^^^^^^^^

E501 Line too long (103 > 100)
   --> apps\api\app\tests\test_scenario_references.py:156:101
    |
154 |     try:
155 |         runner = ScenarioRunner(engine, uuid4())
156 |         actual = runner._execute(scenario([step("prior"), step("later", inputs={"action_id": ref()})]))
    |                                                                                                     ^^^
157 |         assert actual.status == "EXECUTED"
158 |         assert dispatched == [{}, {"action_id": "actual-original-id"}]
    |

E501 Line too long (109 > 100)
   --> apps\api\app\tests\test_scenario_references.py:161:101
    |
159 |         assert actual.steps[1]["resolved_inputs"] == dispatched[1]
160 |         missing = runner._execute(scenario([
161 |             step("prior"), step("later", inputs={"action_id": ref(pointer="/result/absent")}), step("never"),
    |                                                                                                     ^^^^^^^^^
162 |         ]))
163 |         assert missing.status == "FAILED" and len(missing.steps) == 2
    |

E501 Line too long (102 > 100)
   --> apps\api\app\tests\test_scenario_runner.py:187:101
    |
185 |             ScenarioStep(step_id="prepare", kind="PREPARE_TEMPLATE", at=NOW,
186 |                          inputs={"kind": "LIQUID_ASSET", "expected_epoch_id": str(initial_epoch)}),
187 |             ScenarioStep(step_id="bad-review", kind="CONFIRM_TEMPLATE", at=NOW + timedelta(seconds=1),
    |                                                                                                     ^^
188 |                          inputs={"proposal_id": previous, "reviewed_hash": "0" * 64, "accepted": True},
189 |                          expected_error={"code": "REVIEW_MISMATCH", "status_code": 409}),
    |

E501 Line too long (103 > 100)
   --> apps\api\app\tests\test_scenario_runner.py:188:101
    |
186 |                          inputs={"kind": "LIQUID_ASSET", "expected_epoch_id": str(initial_epoch)}),
187 |             ScenarioStep(step_id="bad-review", kind="CONFIRM_TEMPLATE", at=NOW + timedelta(seconds=1),
188 |                          inputs={"proposal_id": previous, "reviewed_hash": "0" * 64, "accepted": True},
    |                                                                                                     ^^^
189 |                          expected_error={"code": "REVIEW_MISMATCH", "status_code": 409}),
190 |             ScenarioStep(step_id="confirm", kind="CONFIRM_TEMPLATE", at=NOW + timedelta(seconds=2),
    |

E501 Line too long (124 > 100)
   --> apps\api\app\tests\test_scenario_runner.py:192:101
    |
190 |             ScenarioStep(step_id="confirm", kind="CONFIRM_TEMPLATE", at=NOW + timedelta(seconds=2),
191 |                          inputs={"proposal_id": previous,
192 |                                  "reviewed_hash": {"$ref": {"step_id": "prepare", "pointer": "/result/configuration_hash"}},
    |                                                                                                     ^^^^^^^^^^^^^^^^^^^^^^^^
193 |                                  "accepted": True}),
194 |         ],
    |

E501 Line too long (104 > 100)
   --> apps\api\app\tests\test_scenario_runner.py:201:101
    |
199 |     assert result.steps[1]["expected_error_matched"] is True
200 |     assert result.steps[1]["error"]["code"] == "REVIEW_MISMATCH"
201 |     assert result.steps[2]["resolved_inputs"]["proposal_id"] == result.steps[0]["result"]["proposal_id"]
    |                                                                                                     ^^^^
202 |     with Session(demo_engine) as session:
203 |         versions = session.scalars(select(PolicyVersion).where(PolicyVersion.user_id == DEMO_USER_ID)).all()
    |

E501 Line too long (108 > 100)
   --> apps\api\app\tests\test_scenario_runner.py:203:101
    |
201 |     assert result.steps[2]["resolved_inputs"]["proposal_id"] == result.steps[0]["result"]["proposal_id"]
202 |     with Session(demo_engine) as session:
203 |         versions = session.scalars(select(PolicyVersion).where(PolicyVersion.user_id == DEMO_USER_ID)).all()
    |                                                                                                     ^^^^^^^^
204 |         assert len(versions) == 1 and versions[0].configuration_hash == result.steps[0]["result"]["configuration_hash"]
205 |         assert session.scalar(select(BankOperation.id).limit(1)) is None
    |

E501 Line too long (119 > 100)
   --> apps\api\app\tests\test_scenario_runner.py:204:101
    |
202 |     with Session(demo_engine) as session:
203 |         versions = session.scalars(select(PolicyVersion).where(PolicyVersion.user_id == DEMO_USER_ID)).all()
204 |         assert len(versions) == 1 and versions[0].configuration_hash == result.steps[0]["result"]["configuration_hash"]
    |                                                                                                     ^^^^^^^^^^^^^^^^^^^
205 |         assert session.scalar(select(BankOperation.id).limit(1)) is None
206 |         assert session.scalar(select(ActionPlan.id).limit(1)) is None
    |

Found 18 errors (2 fixed, 16 remaining).
