I001 [*] Import block is un-sorted or un-formatted
  --> scripts\tests\test_mvp_corpus_readonly_dag.py:12:1
   |
10 |   ROOT = Path(__file__).resolve().parents[2]
11 |   HERE = ROOT / ".runtime/W1-corpus-readonly-DAG-installed-TOOL_ONLY-fixtures"
12 | / from scripts import mvp_corpus_v2 as TOOL  # noqa: E402
13 | | from scripts.mvp_readonly_oracle_dag import METHOD, build_registration, sha, strict_json  # noqa: E402
   | |________________________________________________________________________________________^
help: Organize imports
   |
12 | from scripts import mvp_corpus_v2 as TOOL  # noqa: E402
   - from scripts.mvp_readonly_oracle_dag import METHOD, build_registration, sha, strict_json  # noqa: E402
13 + from scripts.mvp_readonly_oracle_dag import (  # noqa: E402
14 +     METHOD,
15 +     build_registration,
16 +     sha,
17 +     strict_json,
18 + )
19 |
   |

I001 [*] Import block is un-sorted or un-formatted
  --> scripts\tests\test_mvp_readonly_oracle_dag.py:3:1
   |
 1 |   """TOOL_ONLY source/capability risks; no financial case, database, or browser execution."""
 2 |
 3 | / from __future__ import annotations
 4 | |
 5 | | import json
 6 | | from pathlib import Path
 7 | | from typing import Any
 8 | | from uuid import uuid4
 9 | |
10 | | import pytest
11 | | from scripts.mvp_readonly_oracle_dag import (
12 | |     FINANCIAL_CAPABILITIES,
13 | |     METRICS,
14 | |     RegistrationError,
15 | |     build_registration,
16 | |     canonical,
17 | |     inspect_capability,
18 | |     module_path,
19 | |     parse_module,
20 | |     sha,
21 | |     strict_json,
22 | |     verify_readonly_registration,
23 | | )
   | |_^
24 |
25 |   ROOT = Path(__file__).resolve().parents[2]
   |
help: Organize imports
   |
10 | import pytest
11 +
12 | from scripts.mvp_readonly_oracle_dag import (
   |

Found 2 errors.
[*] 2 fixable with the `--fix` option.
