I001 [*] Import block is un-sorted or un-formatted
   --> apps\api\app\tests\test_scenario_service_steps.py:231:5
    |
229 |   def original_rows(engine: Engine) -> dict[str, list[dict[str, Any]]]:
230 |       """All physical originals, including delivery/FULL planning tables and migration head."""
231 | /     from app.db.full_models import FullPolicy, FullPolicyCommand, FullPolicyVersion
232 | |     from app.db.catalog_models import ProductCatalogVersion
    | |___________________________________________________________^
233 |
234 |       delivery_tables = {
    |
help: Organize imports
    |
230 |     """All physical originals, including delivery/FULL planning tables and migration head."""
231 +     from app.db.catalog_models import ProductCatalogVersion
232 |     from app.db.full_models import FullPolicy, FullPolicyCommand, FullPolicyVersion
    -     from app.db.catalog_models import ProductCatalogVersion
233 |
    |

Found 1 error.
[*] 1 fixable with the `--fix` option.
