........................................................................ [ 58%]
................................................F...                     [100%]
================================== FAILURES ===================================
________ test_completed_fast_checks_are_not_reused_across_invocations _________

task_globals = {'__name__': '<run_path>', '__doc__': 'Single cross-platform entry point for the documented make targets.', '__package__': '', '__loader__': None, ...}

    def test_completed_fast_checks_are_not_reused_across_invocations(
        task_globals: dict[str, Any],
    ) -> None:
        commands: list[tuple[str, ...]] = []
    
        def record(*args: str) -> None:
            commands.append(args)
    
        task_globals["run"] = record
        task_globals["main"]("check")
>       task_globals["main"]("check")

apps\api\app\tests\test_task_orchestration.py:167: 
_ _ _ _ _ _ _ _ _ _ _ _ _ _ _ _ _ _ _ _ _ _ _ _ _ _ _ _ _ _ _ _ _ _ _ _ _ _ _ _
scripts\tasks.py:578: in main
    main(child)
scripts\tasks.py:539: in main
    backend_acceptance()
scripts\tasks.py:440: in backend_acceptance
    register_acceptance_group(
_ _ _ _ _ _ _ _ _ _ _ _ _ _ _ _ _ _ _ _ _ _ _ _ _ _ _ _ _ _ _ _ _ _ _ _ _ _ _ _

requirement = 'backend_coverage_and_properties'
scoped = {'run_id': 'TOOL_ONLY-backend', 'paths': {}}
extra = {'scope': WindowsPath('F:/学校活动/工行杯/钱途有界/bounded-funds/docs/spec/mvp-coverage-scope.json'), 'coverage': WindowsPath('F:...dowsPath('F:/学校活动/工行杯/钱途有界/bounded-funds/.runtime/quality/20261005T063408Z-d8a4b523/mvp-501/hypothesis-observed.json')}

    def register_acceptance_group(
        requirement: str, scoped: dict[str, Any], extra: dict[str, Path] | None = None
    ) -> None:
        """Record paths from this task's executed child; semantic gates remain with the exporter."""
        if requirement in ACCEPTANCE_GROUPS:
>           raise RuntimeError("Acceptance group already recorded for this native task")
E           RuntimeError: Acceptance group already recorded for this native task

scripts\tasks.py:199: RuntimeError
=========================== short test summary info ===========================
FAILED apps/api/app/tests/test_task_orchestration.py::test_completed_fast_checks_are_not_reused_across_invocations
1 failed, 123 passed in 8.35s
