F
================================== FAILURES ===================================
_ test_original_rent_template_prepares_known_payee_then_change_invalidates_same_action _

demo_engine = Engine(postgresql+psycopg://bounded:***@127.0.0.1:54329/bf_test_4e8f3466d88445fb9c85f23649b0bb57)

    def test_original_rent_template_prepares_known_payee_then_change_invalidates_same_action(
        demo_engine: Engine,
    ) -> None:
        seed_demo(demo_engine)
        epoch_id = _epoch_id(demo_engine)
        clock = [NOW]
        with _client(demo_engine, clock) as client:
            _confirm_template(client, clock, epoch_id, "RENT")
            state = client.get("/api/v1/demo/state").json()
            rent = next(row for row in state["templates"] if row["kind"] == "RENT")
            assert rent["status"] == "CONFIRMED"
            policy_id = UUID(rent["confirmed_policy_id"])
            with Session(demo_engine) as session:
                original_events = {
                    row.id: row.canonical_text for row in session.scalars(select(AuditEvent))
                }
>           actual = ScenarioRunner(demo_engine, DEMO_USER_ID).rpc(
                ScenarioRPC(
                    scenario_id="rent-template-real-bank-identity",
                    purpose="DEVELOPMENT",
                    operation="prepare_rent_old_action",
                    expected_epoch_id=epoch_id,
                    policy_id=policy_id,
                ),
                clock[0],
            )

apps\api\app\tests\test_demo_rent_identity.py:37: 
_ _ _ _ _ _ _ _ _ _ _ _ _ _ _ _ _ _ _ _ _ _ _ _ _ _ _ _ _ _ _ _ _ _ _ _ _ _ _ _
apps\api\app\services\scenario_runner.py:701: in rpc
    return self._rpc(body, now)
           ^^^^^^^^^^^^^^^^^^^^
apps\api\app\services\scenario_runner.py:808: in _rpc
    prepared = prepare_action(
apps\api\app\services\execution.py:64: in prepare_action
    effect = _build_effect(session, user_id, action_id, request, now)
             ^^^^^^^^^^^^^^^^^^^^^^^^^^^^^^^^^^^^^^^^^^^^^^^^^^^^^^^^
apps\api\app\services\execution.py:162: in _build_effect
    return plan_execution_effect(session, user_id, action_id, request.intent, now)
           ^^^^^^^^^^^^^^^^^^^^^^^^^^^^^^^^^^^^^^^^^^^^^^^^^^^^^^^^^^^^^^^^^^^^^^^
apps\api\app\services\execution_planning.py:324: in plan_execution_effect
    payee_evidence_id=resolve_payee_binding(
_ _ _ _ _ _ _ _ _ _ _ _ _ _ _ _ _ _ _ _ _ _ _ _ _ _ _ _ _ _ _ _ _ _ _ _ _ _ _ _

session = <sqlalchemy.orm.session.Session object at 0x0000029AD49119D0>
user_id = UUID('271a9827-f82a-5be6-9e0a-50f721029fb0')
payee_id = 'demo-landlord'
now = datetime.datetime(2026, 10, 4, 1, 0, 2, tzinfo=datetime.timezone.utc)
bill_id = None

    def resolve_payee_binding(
        session: Session,
        user_id: UUID,
        payee_id: str,
        now: datetime,
        *,
        bill_id: UUID | None = None,
    ) -> UUID:
        if bill_id is not None:
            return _card_binding(session, user_id, payee_id, bill_id, now)
        rows = list(
            session.scalars(
                select(Transaction)
                .where(
                    Transaction.user_id == user_id,
                    Transaction.counterparty_ref == payee_id,
                    Transaction.direction == "DEBIT",
                    Transaction.occurred_at <= now,
                    Transaction.observed_at <= now,
                )
                .order_by(Transaction.occurred_at.desc(), Transaction.id)
            )
        )
        if not rows or rows[0].evidence_id is None:
>           raise _source_error("收款对象没有已知银行身份，不能自动创建新收款人")
E           app.services.policy_lifecycle.PolicyLifecycleError: 收款对象没有已知银行身份，不能自动创建新收款人

apps\api\app\services\execution_sources.py:151: PolicyLifecycleError
---------------------------- Captured stderr call -----------------------------
{"event": "http_request", "request_id": "5725734c-2d96-4150-a988-424301f7e6fc", "method": "POST", "status": 200, "duration_ms": 328.0}
{"event": "http_request", "request_id": "8fe9f480-2260-40fa-b500-7db6c985d608", "method": "POST", "status": 200, "duration_ms": 94.0}
{"event": "http_request", "request_id": "6dde38fa-70b6-44a0-9368-f4b3f8ffb22a", "method": "GET", "status": 200, "duration_ms": 31.0}
------------------------------ Captured log call ------------------------------
INFO     bounded_funds.http:main.py:65 {"event": "http_request", "request_id": "5725734c-2d96-4150-a988-424301f7e6fc", "method": "POST", "status": 200, "duration_ms": 328.0}
INFO     bounded_funds.http:main.py:65 {"event": "http_request", "request_id": "8fe9f480-2260-40fa-b500-7db6c985d608", "method": "POST", "status": 200, "duration_ms": 94.0}
INFO     bounded_funds.http:main.py:65 {"event": "http_request", "request_id": "6dde38fa-70b6-44a0-9368-f4b3f8ffb22a", "method": "GET", "status": 200, "duration_ms": 31.0}
============================== warnings summary ===============================
.venv\Lib\site-packages\fastapi\testclient.py:1
  F:\学校活动\工行杯\钱途有界\bounded-funds\.venv\Lib\site-packages\fastapi\testclient.py:1: StarletteDeprecationWarning: Using `httpx` with `starlette.testclient` is deprecated; install `httpx2` instead.
    from starlette.testclient import TestClient as TestClient  # noqa

-- Docs: https://docs.pytest.org/en/stable/how-to/capture-warnings.html
=========================== short test summary info ===========================
FAILED apps/api/app/tests/test_demo_rent_identity.py::test_original_rent_template_prepares_known_payee_then_change_invalidates_same_action
!!!!!!!!!!!!!!!!!!!!!!!!!! stopping after 1 failures !!!!!!!!!!!!!!!!!!!!!!!!!!
1 failed, 1 warning in 8.37s
