
 RUN  v3.2.4 F:/学校活动/工行杯/钱途有界/bounded-funds/apps/web

 ✓ src/components/FullJointGoalExecutionPanel.test.tsx (5 tests) 6376ms
   ✓ renders clear authority/whole reservation/atomicity boundary and no automatic network  1570ms
   ✓ original GET remains usable through other-family block and displays ALL commands/1098 without enabling writes  1669ms
   ✓ UNKNOWN stops next child, keeps original keys and requires explicit recovery rather than auto execute  1382ms
   ✓ reload of compact original locator requires manual original GET and never replays POST  455ms
   ✓ historical parent never enables fresh confirm or child execution  1297ms
 ✓ src/api/full-joint-goal-execution.test.ts (25 tests) 5862ms
   ✓ TOOL_ONLY consumes complete native-shaped two-goal plan/1098 protection without financial assertions  806ms
   ✓ retains finite arbitrary original metadata instead of pretending to reproduce Python float tokens  303ms
   ✓ rejects unsafe response fake_receipt  314ms
   ✓ UNKNOWN and retained history remain explicit and non-authorizing  721ms
   ✓ key lookup matches exact original body/hash/kind and NOT_FOUND remains non-final  421ms
   ✓ only actual independent GET creates current-invocation read provenance  767ms
 ✓ src/features/full-joint-goal-operation.test.ts (11 tests) 17778ms
   ✓ persists exact complete original before sending, every POST outcome leaves pending  1540ms
   ✓ stored/body-hash tamper and denied storage lock new writes without deleting originals  423ms
   ✓ session quota failure does not send or release new writes  434ms
   ✓ POST-shaped parse or NOT_FOUND cannot clear original  784ms
   ✓ successful original key GET retains bounded locator with ALL commands; no full source/1098 truncation on server  1076ms
   ✓ reload restores locator only, performs NO GET/POST, and requires full current invocation GET before confirm  2209ms
   ✓ unresolved workspace blocks replacement root key or parent but permits exact original preparation completion  1247ms
   ✓ confirmed/UNKNOWN original workspace never releases the cross-family gate  2540ms
   ✓ EXECUTE clears only its exact fixed child verified GET, never another settled child or latest  4327ms
   ✓ mismatched fixed child/action/body after save cannot bypass original request  1934ms
   ✓ external mutation gate and shared write flight block POST but own independent GET remains available  1261ms

 Test Files  3 passed (3)
      Tests  41 passed (41)
   Start at  13:25:27
   Duration  22.07s (transform 3.08s, setup 2.05s, collect 6.73s, tests 30.02s, environment 3.10s, prepare 967ms)

