F821 Undefined name `run_id`
   --> scripts\w1_browser_acceptance.py:663:85
    |
661 |                 # The parent owns this lifecycle: audit must finish before owned DB cleanup.
662 |                 # This replaces the external observer/drop race, without changing old evidence.
663 |                 audit_output = ROOT / "docs/progress/evidence/W1" / f"native-audit-{run_id}"
    |                                                                                     ^^^^^^
664 |                 audit_argv = [
665 |                     sys.executable,
    |

F821 Undefined name `run_id`
   --> scripts\w1_browser_acceptance.py:695:61
    |
693 |                     require(
694 |                         actual_audit["status"] == "PASSED"
695 |                         and actual_audit["owner_run_id"] == run_id
    |                                                             ^^^^^^
696 |                         and actual_audit["source_before"] == actual_audit["source_after"] == frozen,
697 |                         "Native audit ownership/source drift",
    |

Found 2 errors.
