I001 [*] Import block is un-sorted or un-formatted
  --> apps\api\app\tests\test_full_goals_api.py:3:1
   |
 1 |   """Two owned PostgreSQL risk nodes; runtime proof is obtained by the root coordinator."""
 2 |
 3 | / from copy import deepcopy
 4 | | from typing import Any
 5 | | from uuid import UUID
 6 | |
 7 | | import pytest
 8 | | from app.db.models import EvidenceItem, Goal, PolicyVersion
 9 | | from app.services.audit_chain import current_audit_epoch, verify_audit_chain
10 | | from app.services.demo_seed import DEMO_USER_ID
11 | | from app.services.full_goals import MODEL_SOURCE, confirm_full_goal_model
12 | | from app.tests.test_full_projection_api import physical_snapshot
13 | | from app.tests.test_goal_api import NOW, confirmed_goal_request, goal_client as goal_client
14 | | from fastapi.testclient import TestClient
15 | | from sqlalchemy import select
16 | | from sqlalchemy.engine import Engine
17 | | from sqlalchemy.orm import Session
   | |__________________________________^
18 |
19 |   pytestmark = pytest.mark.integration
   |
help: Organize imports
   |
12 | from app.tests.test_full_projection_api import physical_snapshot
   - from app.tests.test_goal_api import NOW, confirmed_goal_request, goal_client as goal_client
13 + from app.tests.test_goal_api import NOW, confirmed_goal_request
14 + from app.tests.test_goal_api import goal_client as goal_client
15 | from fastapi.testclient import TestClient
   |

Found 1 error.
[*] 1 fixable with the `--fix` option.
