ACTUAL_CURRENT_DECISION {'algorithm_version': 'evidence-bound-autonomy-v1', 'simulation': True, 'evaluation_only': True, 'level': 'BLOCKED', 'execution_eligible': False, 'financial_evaluation': 'REJECTED', 'reasons': ['INCOMPLETE_EXECUTION_FACTS', 'SOURCE_EVIDENCE_INCOMPLETE'], 'confirmation_required': False, 'confirmation_satisfied': False, 'effect_hash': '80a8b78dafebfed82429d989a868335de7c511006043eade90aa981ef35f0fd4', 'economic_signature': 'b79ec4c31fca5126de3099ba260b58fb5f07d9bf41458f66d6c3f8ab31f8cbd8', 'uncertainty_status': 'NONE', 'candidate_signatures': {}}
F
================================== FAILURES ===================================
_ test_native_goal_income_prepared_action_dashboard_is_complete_and_read_only _

demo_engine = Engine(postgresql+psycopg://bounded:***@127.0.0.1:54329/bf_test_ae8edac79ce24ccd8e3282711d311cae)

    def test_native_goal_income_prepared_action_dashboard_is_complete_and_read_only(
        demo_engine: Engine,
    ) -> None:
        seed_demo(demo_engine)
        with Session(demo_engine) as session, session.begin():
            policy, version = confirmed_policy(
                session,
                {
                    "type": "goal_saving",
                    "name": "Native new car goal",
                    "target_cents": 3_000_000,
                    "deadline": "2027-10-01",
                    "monthly_contribution": {
                        "min_cents": 180_001,
                        "target_cents": 200_000,
                        "max_cents": 250_000,
                    },
                },
                NOW,
            )
            account = session.scalars(
                select(Account).where(Account.user_id == DEMO_USER_ID, Account.account_type == "GOAL")
            ).one()
            goal = create_goal_projection(session, DEMO_USER_ID, policy, version, account.id, NOW)
            goal_id = goal.goal.id
            epoch = current_audit_epoch(session, DEMO_USER_ID)
            assert epoch is not None
            epoch_id = epoch.id
        runner = ScenarioRunner(demo_engine, DEMO_USER_ID)
        income = runner.rpc(
            ScenarioRPC(
                scenario_id="native-goal-dashboard",
                purpose="DEVELOPMENT",
                operation="ingest_goal_income",
                expected_epoch_id=epoch_id,
                goal_id=goal_id,
            ),
            NOW + timedelta(seconds=1),
        )
        assert income["result"]["bank_status"] == "SETTLED"
        assert income["result"]["projection_status"] == "PROJECTED"
        prepared = prepare_action(
            demo_engine,
            DEMO_USER_ID,
            PrepareActionRequest(
                idempotency_key=str(uuid4()), intent=GoalIntent(kind="allocate_goal", goal_id=goal_id)
            ),
            NOW + timedelta(seconds=2),
        )
        assert prepared.status == "PLANNED" and prepared.effect.amount_cents == 200_000
        assert prepared.receipt is None
        action_id = prepared.action_id
        before = database_snapshot(demo_engine)
        with Session(demo_engine) as session, session.begin():
            session.connection(execution_options={"isolation_level": "REPEATABLE READ"})
            session.execute(text("SET TRANSACTION READ ONLY"))
            dashboard = get_dashboard(session, DEMO_USER_ID, NOW + timedelta(seconds=3))
            assert dashboard.pending_actions.total == 1
            assert dashboard.pending_actions.list_complete
            item = dashboard.pending_actions.items[0]
            assert item.action_id == action_id
            assert item.amount_cents == 200_000 and item.receipt_id is None
            print("ACTUAL_CURRENT_DECISION", item.current_decision.model_dump(mode="json") if item.current_decision else None)
>           assert item.current_decision is not None and item.current_decision.level == "AUTO_EXECUTE"
E           AssertionError: assert (AutonomyDecision(algorithm_version='evidence-bound-autonomy-v1', simulation=True, evaluation_only=True, level='BLOCKED...'b79ec4c31fca5126de3099ba260b58fb5f07d9bf41458f66d6c3f8ab31f8cbd8', uncertainty_status='NONE', candidate_signatures={}) is not None and 'BLOCKED' == 'AUTO_EXECUTE'
E            +  where AutonomyDecision(algorithm_version='evidence-bound-autonomy-v1', simulation=True, evaluation_only=True, level='BLOCKED...'b79ec4c31fca5126de3099ba260b58fb5f07d9bf41458f66d6c3f8ab31f8cbd8', uncertainty_status='NONE', candidate_signatures={}) = PendingActionItem(action_id=UUID('f92a3d9b-de90-4371-9802-232b176d915e'), decision_run_id=UUID('f1cb6405-4188-5bd7-bb5...state_proven=True, receipt_id=None, receipt_status=None, receipt_verified=False, audit_status='VALID', reason_codes=[]).current_decision
E             
E             - AUTO_EXECUTE
E             + BLOCKED)

apps\api\app\tests\test_dashboard_goal_income.py:91: AssertionError
=========================== short test summary info ===========================
FAILED apps/api/app/tests/test_dashboard_goal_income.py::test_native_goal_income_prepared_action_dashboard_is_complete_and_read_only
!!!!!!!!!!!!!!!!!!!!!!!!!! stopping after 1 failures !!!!!!!!!!!!!!!!!!!!!!!!!!
1 failed in 21.47s
