I001 [*] Import block is un-sorted or un-formatted
  --> apps\api\app\tests\test_full_goal_conflicts_api.py:3:1
   |
 1 |   """Real FastAPI JSON boundary with service doubles, not PostgreSQL evidence."""
 2 |
 3 | / from copy import deepcopy
 4 | | from typing import Any
 5 | |
 6 | | import pytest
 7 | | from app.api.dependencies import get_demo_user, get_now, get_session
 8 | | from app.api.v1 import full_goal_conflicts as api
 9 | | from app.db.models import User
10 | | from app.services.full_goal_conflicts import read_full_goal_conflicts, preview_full_goal_repairs
11 | | from app.tests.test_full_goal_conflicts_service import command, current
12 | | from app.tests.test_full_projection import NOW, USER
13 | | from fastapi import FastAPI
14 | | from fastapi.testclient import TestClient
   | |_________________________________________^
help: Organize imports
   |
9  | from app.db.models import User
   - from app.services.full_goal_conflicts import read_full_goal_conflicts, preview_full_goal_repairs
10 + from app.services.full_goal_conflicts import preview_full_goal_repairs, read_full_goal_conflicts
11 | from app.tests.test_full_goal_conflicts_service import command, current
   |

E501 Line too long (102 > 100)
   --> apps\api\app\tests\test_full_goal_conflicts_service.py:172:101
    |
172 | def test_current_source_conflict_has_no_current_grant_but_selected_preview_uses_original_confirmation(
    |                                                                                                     ^^
173 |     monkeypatch: pytest.MonkeyPatch,
174 | ) -> None:
    |

Found 2 errors.
[*] 1 fixable with the `--fix` option.
