F...........F.....                                                       [100%]
================================== FAILURES ===================================
_ test_whole_original_two_product_signature_is_ask_not_auto_and_not_a_global_claim _

    def test_whole_original_two_product_signature_is_ask_not_auto_and_not_a_global_claim() -> None:
        value = fixture()
        result = derive_asset_family(value)
>       assert result.family_complete, result.reasons
E       AssertionError: ['CURRENT_WHOLE_ASSET_PRODUCER_UNKNOWN']
E       assert False
E        +  where False = AssetFamilyResult(algorithm_version='full-whole-asset-producer-family-v1', simulation=True, bank_authority=False, gran...h='071fbe505d9736e022c9ac8db40a7ea604e01b51e90341441404b8b4dc7d0fca', reasons=['CURRENT_WHOLE_ASSET_PRODUCER_UNKNOWN']).family_complete

apps\api\app\tests\test_full_action_set_asset_producers.py:369: AssertionError
___ test_incomplete_originals_never_become_complete_or_included[whole-cap] ____

risk = 'whole-cap'

    @pytest.mark.parametrize(
        "risk",
        [
            "catalogue",
            "catalogue-window",
            "missing-catalogue",
            "full-confirmation",
            "mvp-confirmation",
            "permission",
            "snapshot",
            "claims",
            "owner",
            "source",
            "optimizer",
            "whole-cap",
            "missing-mode",
            "duplicate-mode",
            "full-floor",
        ],
    )
    def test_incomplete_originals_never_become_complete_or_included(risk: str) -> None:
        value = fixture().model_dump(mode="json")
        raw, producer = value["base"]["original_inventory"], value["producers"][0]
        if risk == "catalogue":
            raw["asset_products"][0]["annual_yield_bps"] += 1
        elif risk == "catalogue-window":
            raw["product_catalog_versions"][0]["effective_from"] = value["base"]["as_of"]
        elif risk == "missing-catalogue":
            raw["product_catalog_versions"].pop()
        elif risk == "full-confirmation":
            raw["evidence_items"][0]["content"]["accepted"] = False
        elif risk == "mvp-confirmation":
            raw["evidence_items"][1]["content"]["reviewed_hash"] = "a" * 64
        elif risk == "permission":
            producer["authority"]["evidence_ids"] = []
        elif risk == "snapshot":
            producer["planning_input"]["snapshot"]["cash_accounts"][0]["balance_cents"] += 1
        elif risk == "claims":
            raw["action_resource_reservations"].append(
                {
                    "id": str(UUID(int=4001)),
                    "user_id": value["base"]["user_id"],
                    "status": "RESERVED",
                    "created_at": value["base"]["as_of"],
                    "resource_kind": "CASH",
                    "resource_key": raw["accounts"][0]["id"],
                    "amount_cents": 1,
                }
            )
        elif risk == "owner":
            raw["full_policy_versions"][0]["user_id"] = str(UUID(int=4002))
        elif risk == "source":
            raw["evidence_items"][0]["observed_at"] = None
        elif risk == "optimizer":
            producer["planning_input"]["options"]["max_components"] = 1
        elif risk == "whole-cap":
>           producer["execution_basis"]["full_policy_configuration"]["max_auto_managed_cents"] = 700000
            ^^^^^^^^^^^^^^^^^^^^^^^^^^^^^^^^^^^^^^^^^^^^^^^^^^^^^^^^
E           TypeError: 'NoneType' object is not subscriptable

apps\api\app\tests\test_full_action_set_asset_producers.py:442: TypeError
=========================== short test summary info ===========================
FAILED apps/api/app/tests/test_full_action_set_asset_producers.py::test_whole_original_two_product_signature_is_ask_not_auto_and_not_a_global_claim
FAILED apps/api/app/tests/test_full_action_set_asset_producers.py::test_incomplete_originals_never_become_complete_or_included[whole-cap]
2 failed, 16 passed in 110.19s (0:01:50)
