I001 [*] Import block is un-sorted or un-formatted
  --> apps\api\app\tests\test_full_action_set_boundary_api.py:3:1
   |
 1 |   """Public JSON identity contract with doubles, no database or money execution."""
 2 |
 3 | / from typing import Any
 4 | |
 5 | | import pytest
 6 | | from app.api.dependencies import get_demo_user, get_engine, get_now, get_session
 7 | | from app.api.v1 import full_action_set_boundary as api
 8 | | from app.db.models import User
 9 | | from app.domain.full_action_set_boundary import (
10 | |     ActionSetSnapshot,
11 | |     GlobalBoundaryObservation,
12 | |     derive_action_set,
13 | | )
14 | | from app.services.full_action_set_boundary import verify_frozen_action_set_trace
15 | | from app.tests.test_full_action_set_boundary import EPOCH, fixture, trace_for
16 | | from app.tests.test_execution_domain import NOW, USER
17 | | from fastapi import FastAPI
18 | | from fastapi.testclient import TestClient
   | |_________________________________________^
help: Organize imports
   |
14 | from app.services.full_action_set_boundary import verify_frozen_action_set_trace
15 + from app.tests.test_execution_domain import NOW, USER
16 | from app.tests.test_full_action_set_boundary import EPOCH, fixture, trace_for
   - from app.tests.test_execution_domain import NOW, USER
17 | from fastapi import FastAPI
   |

Found 1 error.
[*] 1 fixable with the `--fix` option.
