
 RUN  v3.2.4 F:/学校活动/工行杯/钱途有界/bounded-funds/apps/web

 ❯ src/pages/DemoConsolePage.test.tsx (11 tests | 1 failed | 10 skipped) 375ms
   ↓ 预设或实际状态未读成功时保留错误，不显示伪成功或发事件POST
   ↓ 原身份等待核对跨页面保留，加载控制台不会自行POST或产生新键
   ↓ 显式无epoch仍可复核重置；新轮次重新GET且模板授权为空，不把原摘要当当前余额
   ↓ 模板候选生成不自动授权，用户复核完整字段后只确认原proposal和hash
   ↓ 断网保留事件原epoch，禁止新事件，允许GET和显式重试同一请求
   ↓ 有损动作具体确认后UNKNOWN保留原id/hash；再次恢复只执行原动作且不新prepare
   ↓ 实际读取到ASK UNKNOWN也允许原动作恢复，加载与读取不会自动执行
   ↓ 定存购入和有损早支取两段ASK各自复核，第一段确认不能自动授权第二段
   ↓ 报价过期409保留原动作与错误，不能重新prepare新报价
   × 房租完整配置与真实边界预览复核后PATCH保持原键，断网重试同一payload 374ms
     → expected { …(7) } to deeply equal { accepted: true, …(5) }
   ↓ 状态刷新失败撤下旧原件，不能把旧COMPLETED当当前结果

⎯⎯⎯⎯⎯⎯⎯ Failed Tests 1 ⎯⎯⎯⎯⎯⎯⎯

 FAIL  src/pages/DemoConsolePage.test.tsx > 房租完整配置与真实边界预览复核后PATCH保持原键，断网重试同一payload
AssertionError: expected { …(7) } to deeply equal { accepted: true, …(5) }

- Expected
+ Received

@@ -20,8 +20,9 @@
      "valid_from": null,
      "valid_until": null,
    },
    "expected_version_id": "10000000-0000-0000-0000-000000000041",
    "idempotency_key": "unit-rent-original",
+   "policy_id": "10000000-0000-0000-0000-000000000040",
    "reason": "单元固定房租修改",
    "reviewed_hash": "aaaaaaaaaaaaaaaaaaaaaaaaaaaaaaaaaaaaaaaaaaaaaaaaaaaaaaaaaaaaaaaa",
  }

 ❯ src/pages/DemoConsolePage.test.tsx:115:240


⎯⎯⎯⎯⎯⎯⎯⎯⎯⎯⎯⎯⎯⎯⎯⎯⎯⎯⎯⎯⎯⎯⎯⎯[1/1]⎯


 Test Files  1 failed (1)
      Tests  1 failed | 10 skipped (11)
   Start at  13:28:13
   Duration  2.78s (transform 227ms, setup 442ms, collect 376ms, tests 375ms, environment 856ms, prepare 270ms)

