F
================================== FAILURES ===================================
_ test_actual_financial_preview_http_is_readonly_and_future_change_matches_original_curve _

annual_client = (<starlette.testclient.TestClient object at 0x000001962C0DF470>, Engine(postgresql+psycopg://bounded:***@127.0.0.1:54329/bf_test_c059411a80c54d9dbd795adc4b53205d))

    def test_actual_financial_preview_http_is_readonly_and_future_change_matches_original_curve(
        annual_client: tuple[TestClient, Engine],
    ) -> None:
        client, engine = annual_client
        config = {
            "type": "dated_expense",
            "name": "隔离 HTTP 预览确认一致性原支出",
            "window": {"start": "2026-10-12", "end": "2026-10-15"},
            "amount": {"min_cents": 0, "target_cents": 100, "max_cents": 200},
        }
        registered = confirm(client, "DatedExpensePolicy", config, "root-impact-http-create")
        policy_id, original_version = registered["policy_id"], registered["version_id"]
        candidate = {**config, "amount": {"min_cents": 0, "target_cents": 150, "max_cents": 350}}
        body = {"expected_version_id": original_version, "configuration": candidate}
        path = f"/api/v1/full-policies/{policy_id}/financial-change-preview"
        before = physical_snapshot(engine)
        response = client.post(path, json=body)
        assert response.status_code == 200, response.text
        value = response.json()
        assert value["hypothetical"] is True and value["grants_authority"] is False
        assert value["after_configuration"] == canonical_candidate("DatedExpensePolicy", candidate)
        impact = value["financial_impact"]
        assert impact["status"] == "PROJECTED" and impact["delta_minimum_margin_cents"] == -150
        assert len(impact["after"]["calculation_trace"]) == 1098
        assert client.post(path, json=body).json() == value
        for field in ("user_id", "now", "amount_cents", "result", "authority"):
            assert client.post(path, json={**body, field: 1}).status_code == 422
        assert client.post(path + "?owner=client", json=body).status_code == 422
        assert physical_snapshot(engine) == before
        changed = client.post(
            f"/api/v1/full-policies/{policy_id}/change",
            json={
                **body,
                "reviewed_hash": value["configuration_hash"],
                "accepted": True,
                "reason": "隔离实际用户明确确认未来支出差量",
                "idempotency_key": "root-impact-http-change",
            },
        )
        assert changed.status_code == 200, changed.text
        assert changed.json()["version_id"] != original_version
        actual = client.get("/api/v1/planning/full-annual")
        assert actual.status_code == 200, actual.text
        annual = actual.json()["projection"]["full_annual_projection"]
        assert annual is not None, actual.text
>       assert annual["calculation_trace"] == impact["after"]["calculation_trace"]
E       AssertionError: assert [{'day': 0, '...00, ...}, ...] == [{'day': 0, '...00, ...}, ...]
E         
E         At index 0 diff: {'day': 0, 'date': '2026-10-05', 'phase': 'BEFORE_PAYMENT', 'cash_cents': 3462400, 'protected_cents_by_reason': {'obligations': 145000, 'living': 0, 'emergency': 0, 'goal_cash': 160000, 'goal_minimum': 0, 'full_dated_expense': 350, 'full_periodic_transfer': 0, 'pending_cash_reservations': 0}, 'margin_cents': 3157050, 'obligation_occurrence_ids': ['FULL:0a85bdd6-0d0a-5e7e-b513-e84e5da14b9b:9c49d82c-3a7b-4b80-9393-bde396419287:DATED:2026-10-12:2026-10-15', 'bill:504a3200-ddb3-54e7-98e5-6cf5e67dfa3e'], 'principal_position_ids': []} != {'day': 0, 'date': '2...
E         
E         ...Full output truncated (2 lines hidden), use '-vv' to show

apps\api\app\tests\test_full_policy_financial_preview_http_integration.py:64: AssertionError
---------------------------- Captured stderr call -----------------------------
{"event": "http_request", "request_id": "a4b2436b-3376-4dd8-976e-9471f2020780", "method": "POST", "status": 200, "duration_ms": 719.0}
{"event": "http_request", "request_id": "368d6a07-81cf-431a-9b5d-7c9cd99d36cd", "method": "POST", "status": 200, "duration_ms": 766.0}
{"event": "http_request", "request_id": "682b9b1f-661a-4bc2-a4f6-b7c692ec572f", "method": "POST", "status": 200, "duration_ms": 641.0}
{"event": "http_request", "request_id": "a2e5a1f2-d472-4a38-97ff-b2e54ef49e41", "method": "POST", "status": 422, "duration_ms": 15.0}
{"event": "http_request", "request_id": "238d4bc9-7e86-450c-b76f-259f4918ac79", "method": "POST", "status": 422, "duration_ms": 32.0}
{"event": "http_request", "request_id": "2ff4fedc-acda-41e4-8e23-80ee2f5d5904", "method": "POST", "status": 422, "duration_ms": 15.0}
{"event": "http_request", "request_id": "7bc219ae-b0b7-440b-8ecd-12a3bf99ad6d", "method": "POST", "status": 422, "duration_ms": 16.0}
{"event": "http_request", "request_id": "c7cc3a68-93bb-446c-bbb1-7cc025760289", "method": "POST", "status": 422, "duration_ms": 15.0}
{"event": "http_request", "request_id": "be98aa79-f1f3-4ef7-90ce-2d3b084507b7", "method": "POST", "status": 422, "duration_ms": 0.0}
{"event": "http_request", "request_id": "7689529c-1328-4d95-83f7-6a31007a4172", "method": "POST", "status": 200, "duration_ms": 63.0}
{"event": "http_request", "request_id": "4b9e9a44-20d3-4786-8037-e0556a10245d", "method": "GET", "status": 200, "duration_ms": 594.0}
------------------------------ Captured log call ------------------------------
INFO     bounded_funds.http:main.py:114 {"event": "http_request", "request_id": "a4b2436b-3376-4dd8-976e-9471f2020780", "method": "POST", "status": 200, "duration_ms": 719.0}
INFO     bounded_funds.http:main.py:114 {"event": "http_request", "request_id": "368d6a07-81cf-431a-9b5d-7c9cd99d36cd", "method": "POST", "status": 200, "duration_ms": 766.0}
INFO     bounded_funds.http:main.py:114 {"event": "http_request", "request_id": "682b9b1f-661a-4bc2-a4f6-b7c692ec572f", "method": "POST", "status": 200, "duration_ms": 641.0}
INFO     bounded_funds.http:main.py:114 {"event": "http_request", "request_id": "a2e5a1f2-d472-4a38-97ff-b2e54ef49e41", "method": "POST", "status": 422, "duration_ms": 15.0}
INFO     bounded_funds.http:main.py:114 {"event": "http_request", "request_id": "238d4bc9-7e86-450c-b76f-259f4918ac79", "method": "POST", "status": 422, "duration_ms": 32.0}
INFO     bounded_funds.http:main.py:114 {"event": "http_request", "request_id": "2ff4fedc-acda-41e4-8e23-80ee2f5d5904", "method": "POST", "status": 422, "duration_ms": 15.0}
INFO     bounded_funds.http:main.py:114 {"event": "http_request", "request_id": "7bc219ae-b0b7-440b-8ecd-12a3bf99ad6d", "method": "POST", "status": 422, "duration_ms": 16.0}
INFO     bounded_funds.http:main.py:114 {"event": "http_request", "request_id": "c7cc3a68-93bb-446c-bbb1-7cc025760289", "method": "POST", "status": 422, "duration_ms": 15.0}
INFO     bounded_funds.http:main.py:114 {"event": "http_request", "request_id": "be98aa79-f1f3-4ef7-90ce-2d3b084507b7", "method": "POST", "status": 422, "duration_ms": 0.0}
INFO     bounded_funds.http:main.py:114 {"event": "http_request", "request_id": "7689529c-1328-4d95-83f7-6a31007a4172", "method": "POST", "status": 200, "duration_ms": 63.0}
INFO     bounded_funds.http:main.py:114 {"event": "http_request", "request_id": "4b9e9a44-20d3-4786-8037-e0556a10245d", "method": "GET", "status": 200, "duration_ms": 594.0}
============================== warnings summary ===============================
.venv\Lib\site-packages\fastapi\testclient.py:1
  F:\学校活动\工行杯\钱途有界\bounded-funds\.venv\Lib\site-packages\fastapi\testclient.py:1: StarletteDeprecationWarning: Using `httpx` with `starlette.testclient` is deprecated; install `httpx2` instead.
    from starlette.testclient import TestClient as TestClient  # noqa

-- Docs: https://docs.pytest.org/en/stable/how-to/capture-warnings.html
=========================== short test summary info ===========================
FAILED apps/api/app/tests/test_full_policy_financial_preview_http_integration.py::test_actual_financial_preview_http_is_readonly_and_future_change_matches_original_curve
!!!!!!!!!!!!!!!!!!!!!!!!!! stopping after 1 failures !!!!!!!!!!!!!!!!!!!!!!!!!!
1 failed, 1 warning in 14.88s
