F                                                                        [100%]
================================== FAILURES ===================================
_ test_initial_facts_are_first_genesis_before_any_action_and_capture_writes_nothing _

demo_engine = Engine(postgresql+psycopg://bounded:***@127.0.0.1:54329/bf_test_c4c18db2b3894fcf85e772cc331d73d3)

    @pytest.mark.integration
    def test_initial_facts_are_first_genesis_before_any_action_and_capture_writes_nothing(
        demo_engine: Engine,
    ) -> None:
        seed_demo(demo_engine, _experiment_seed_extension="MVP503_SECOND_CASH_INITIAL_FACT_V1")
        before = original_rows(demo_engine)
        assert len(before) == 24
        for table in (
            "actions",
            "confirmation_evidence",
            "simulated_bank_operations",
            "simulated_bank_receipts",
            "recovery_jobs",
        ):
>           assert before[table] == []
                   ^^^^^^^^^^^^^
E           KeyError: 'actions'

apps\api\app\tests\test_mvp_initial_facts.py:37: KeyError
=========================== short test summary info ===========================
FAILED apps/api/app/tests/test_mvp_initial_facts.py::test_initial_facts_are_first_genesis_before_any_action_and_capture_writes_nothing
1 failed in 5.76s
