F
================================== FAILURES ===================================
_ test_actual_finite_set_numeric_silence_crossing_replay_and_zero_financial_writes _

goal_client = (<starlette.testclient.TestClient object at 0x00000139D1F92360>, Engine(postgresql+psycopg://bounded:***@127.0.0.1:54329/bf_test_bff3510e017746a28c0de8df59ce35e0))

    def test_actual_finite_set_numeric_silence_crossing_replay_and_zero_financial_writes(
        goal_client: tuple[TestClient, Engine],
    ) -> None:
        client, engine = goal_client
        body = confirmed_goal_request(client, engine)
        created = client.post("/api/v1/goals", json=body)
        assert created.status_code == 200, created.text
        goal = created.json()["goal"]
        with Session(engine) as session, session.begin():
            policies = list(session.scalars(select(Policy).where(Policy.user_id == DEMO_USER_ID)))
            for policy in policies:
                version = session.scalar(
                    select(PolicyVersion)
                    .where(PolicyVersion.policy_id == policy.id)
                    .order_by(PolicyVersion.version_number.desc())
                    .limit(1)
                )
                assert version is not None
                if (
                    str(policy.id) != goal["policy_id"]
                    and version.configuration["type"]
                    in {"recurring_expense", "goal_saving", "asset_allocation"}
                    and policy.status == "ACTIVE"
                ):
                    suspend_policy(session, DEMO_USER_ID, policy.id, version.id, NOW)
            account = session.scalar(
                select(Account)
                .where(Account.user_id == DEMO_USER_ID, Account.account_type == "CASH")
                .order_by(Account.id)
            )
            epoch = current_audit_epoch(session, DEMO_USER_ID)
            assert account is not None and epoch is not None
            cash_id, epoch_id = account.id, epoch.id
        observations: list[GlobalBoundaryObservation] = []
        for index, amount in enumerate((600000, 100000)):
            result = ingest_external_fact(
                engine,
                DEMO_USER_ID,
                ExternalFactRequest(
                    user_id=DEMO_USER_ID,
                    account_id=cash_id,
                    kind="INCOME",
                    amount_cents=amount,
                    external_ref=f"actual-global-source-{index}",
                    idempotency_key=f"actual-global-source-{index}",
                    counterparty_ref="payroll",
                    occurred_at=NOW,
                ),
                NOW,
            )
            assert result.bank_status == "SETTLED" and result.projection_status == "PROJECTED"
            before = physical_snapshot(engine)
            current = client.get("/api/v1/boundary/action-set/current")
            assert current.status_code == 200, current.text
            value = current.json()
>           assert value["status"] == "COMPLETE" and value["global_action_set_complete"] is True, (
                json.dumps(value, ensure_ascii=False)
            )
E           AssertionError: {"algorithm_version": "full-policy-action-set-boundary-v1", "scope": "POLICY_BACKED_SERVER_PRODUCERS_V1", "simulation": true, "bank_authority": false, "grants_authority": false, "financial_write": false, "user_id": "271a9827-f82a-5be6-9e0a-50f721029fb0", "epoch_id": "e7280f46-508f-4467-987a-f4791719aae9", "as_of": "2026-10-04T01:00:00Z", "status": "UNKNOWN", "global_action_set_complete": false, "arbitrary_manual_intents_covered": false, "original_inventory_hash": "5ff18d4f396eeab8683f1d94446fd3afff8965f19b216d85211352e8f636b50d", "financial_input_hash": "2ea41dfdde489c18eb3fe2f265d073cc4b8282971352039605fd8d1717629b18", "input_hash": "64a9532d58ce6d245b416ba2ae209c9fd14c532f9dea1435be75d01369f74709", "snapshot_hash": "93ac02934c66870a0afcc6083268a1bfc260dc26240ee693006b7b4c5a679e4e", "action_set_signature": null, "expected_candidate_keys": ["goal:f5f6803b-8334-5f9d-a0b6-46b8f0a53319", "redemption:71418810-fc8c-549b-948f-d3ea5bd74c59", "redemption:7560448c-5d88-5dcd-87e7-541b8615e6d9", "redemption:eb7624e8-d564-5ec3-9d2b-0e59a74c85f8"], "candidates": [{"candidate_key": "goal:f5f6803b-8334-5f9d-a0b6-46b8f0a53319", "state": "INCLUDED", "action_type": "ALLOCATE_GOAL", "amount_cents": 200000, "autonomy_level": "AUTO_EXECUTE", "signature": "4c368fe6dfd9cdc97e85097c03187f3faf33a85db0241f98d2bce44f257e90ae", "reasons": ["CURRENT_AUTHORIZED_SAFE_EFFECT"]}, {"candidate_key": "redemption:71418810-fc8c-549b-948f-d3ea5bd74c59", "state": "EXCLUDED", "action_type": null, "amount_cents": null, "autonomy_level": null, "signature": null, "reasons": ["CURRENT_ORIGINAL_POLICY_NOT_ACTIVE"]}, {"candidate_key": "redemption:7560448c-5d88-5dcd-87e7-541b8615e6d9", "state": "EXCLUDED", "action_type": null, "amount_cents": null, "autonomy_level": null, "signature": null, "reasons": ["CURRENT_ORIGINAL_POLICY_NOT_ACTIVE"]}, {"candidate_key": "redemption:eb7624e8-d564-5ec3-9d2b-0e59a74c85f8", "state": "EXCLUDED", "action_type": null, "amount_cents": null, "autonomy_level": null, "signature": null, "reasons": ["CURRENT_ORIGINAL_POLICY_NOT_ACTIVE"]}], "unsupported_producers": [], "reasons": ["FULL_CAPTURE_CAPACITY_EXCEEDED", "ORIGINAL_CANDIDATE_EVIDENCE_NOT_VERIFIED:c017dfc1-3d62-560f-9d70-a494eeeeed99", "ORIGINAL_CANDIDATE_EVIDENCE_NOT_VERIFIED:c3272ab9-f37e-52f6-b5f8-6e1dcaa20938", "ORIGINAL_CANDIDATE_EVIDENCE_NOT_VERIFIED:deb31198-687f-500a-a203-ae07fc3b7d11", "ORIGINAL_CANDIDATE_EVIDENCE_NOT_VERIFIED:e812df3a-95b9-5264-a802-85f7e4e29c21", "ORIGINAL_CANDIDATE_EVIDENCE_NOT_VERIFIED:f7edd966-a8e2-5467-a865-1983a86dd34c", "ORIGINAL_CANDIDATE_EVIDENCE_NOT_VERIFIED:ff24123e-c8ff-51de-86f1-11dc9aad57ae", "ORIGINAL_TABLE_CAPACITY_EXCEEDED:evidence_items", "ORIGINAL_TABLE_MISSING:simulated_bank_ledger_heads", "RAW_ORIGINAL_TABLE_INCOMPLETE_OR_DUPLICATE:evidence_items", "REQUIRED_ORIGINAL_INVENTORY_MISSING"]}
E           assert ('UNKNOWN' == 'COMPLETE'
E             
E             - COMPLETE
E             + UNKNOWN)

apps\api\app\tests\test_full_action_set_boundary_integration.py:102: AssertionError
---------------------------- Captured stderr call -----------------------------
{"event": "http_request", "request_id": "3e2b4fde-1ad9-4899-af4c-8a7a9f8c23a1", "method": "POST", "status": 200, "duration_ms": 157.0}
{"event": "http_request", "request_id": "f215c58c-9ac2-4860-a05b-0eafd33a867f", "method": "POST", "status": 200, "duration_ms": 109.0}
{"event": "http_request", "request_id": "ad63ee59-1012-4549-9cea-b27d282c7787", "method": "POST", "status": 200, "duration_ms": 515.0}
{"event": "http_request", "request_id": "7bf933c1-7c41-4189-8312-4d83e331626c", "method": "GET", "status": 200, "duration_ms": 3406.0}
------------------------------ Captured log call ------------------------------
INFO     bounded_funds.http:main.py:109 {"event": "http_request", "request_id": "3e2b4fde-1ad9-4899-af4c-8a7a9f8c23a1", "method": "POST", "status": 200, "duration_ms": 157.0}
INFO     bounded_funds.http:main.py:109 {"event": "http_request", "request_id": "f215c58c-9ac2-4860-a05b-0eafd33a867f", "method": "POST", "status": 200, "duration_ms": 109.0}
INFO     bounded_funds.http:main.py:109 {"event": "http_request", "request_id": "ad63ee59-1012-4549-9cea-b27d282c7787", "method": "POST", "status": 200, "duration_ms": 515.0}
INFO     bounded_funds.http:main.py:109 {"event": "http_request", "request_id": "7bf933c1-7c41-4189-8312-4d83e331626c", "method": "GET", "status": 200, "duration_ms": 3406.0}
============================== warnings summary ===============================
.venv\Lib\site-packages\fastapi\testclient.py:1
  F:\学校活动\工行杯\钱途有界\bounded-funds\.venv\Lib\site-packages\fastapi\testclient.py:1: StarletteDeprecationWarning: Using `httpx` with `starlette.testclient` is deprecated; install `httpx2` instead.
    from starlette.testclient import TestClient as TestClient  # noqa

-- Docs: https://docs.pytest.org/en/stable/how-to/capture-warnings.html
=========================== short test summary info ===========================
FAILED apps/api/app/tests/test_full_action_set_boundary_integration.py::test_actual_finite_set_numeric_silence_crossing_replay_and_zero_financial_writes
!!!!!!!!!!!!!!!!!!!!!!!!!! stopping after 1 failures !!!!!!!!!!!!!!!!!!!!!!!!!!
1 failed, 1 warning in 14.72s
