F
================================== FAILURES ===================================
_ test_actual_dynamic_above_nominal_original_income_and_response_loss_key_recovery _

goal_client = (<starlette.testclient.TestClient object at 0x00000203C4606570>, Engine(postgresql+psycopg://bounded:***@127.0.0.1:54329/bf_test_ddc5d06de4384fc4919b0294e847f540))
monkeypatch = <_pytest.monkeypatch.MonkeyPatch object at 0x00000203C46A6360>

    def test_actual_dynamic_above_nominal_original_income_and_response_loss_key_recovery(
        goal_client: tuple[TestClient, Engine],
        monkeypatch: pytest.MonkeyPatch,
    ) -> None:
        original_validation = execution_service.revalidate_execution
    
        def diagnostic_validation(
            effect: ExecutionEffect,
            context: ExecutionContext,
            *,
            confirmation: ConfirmationGrant | None = None,
            full_dynamic_goal_proof: FullDynamicGoalProof | None = None,
        ) -> ExecutionValidation:
            if full_dynamic_goal_proof is not None:
                expected = full_dynamic_goal_proof.inputs.context.model_dump(mode="json")
                actual = context.model_dump(mode="json")
                differences = {
                    key: {"producer": expected.get(key), "consumer": actual.get(key)}
                    for key in expected.keys() | actual.keys()
                    if expected.get(key) != actual.get(key)
                }
                print("FULL_DYNAMIC_CONTEXT_DIFFERENCE=" + json.dumps(differences, ensure_ascii=False))
            return original_validation(
                effect,
                context,
                confirmation=confirmation,
                full_dynamic_goal_proof=full_dynamic_goal_proof,
            )
    
        monkeypatch.setattr(execution_service, "revalidate_execution", diagnostic_validation)
    
        client, engine = goal_client
        goal_id, model_id = full_dynamic_goal(client, engine)
        with Session(engine) as session:
            cash = session.scalar(
                select(Account)
                .where(Account.user_id == DEMO_USER_ID, Account.account_type == "CASH")
                .order_by(Account.id)
            )
            assert cash is not None
            cash_id = cash.id
        income = ingest_external_fact(
            engine,
            DEMO_USER_ID,
            ExternalFactRequest(
                user_id=DEMO_USER_ID,
                account_id=cash_id,
                kind="INCOME",
                amount_cents=600000,
                external_ref="actual-dynamic-consumer-payroll",
                idempotency_key="actual-dynamic-consumer-payroll",
                counterparty_ref="payroll",
                occurred_at=NOW,
            ),
            NOW,
        )
        assert income.bank_status == "SETTLED" and income.projection_status == "PROJECTED"
        assert income.transaction_id is not None
        current = client.get(f"/api/v1/goals/{goal_id}/full-model")
        assert current.status_code == 200 and current.json()["status"] == "VERIFIED"
        model = current.json()
        assert model["evidence_id"] == model_id and model["bank_authority"] is False
        body = {
            "goal_id": goal_id,
            "expected_policy_version_id": model["base_policy_version_id"],
            "expected_model_evidence_id": model_id,
            "expected_model_evidence_hash": model["evidence_hash"],
            "expected_epoch_id": model["epoch_id"],
            "idempotency_key": "actual-dynamic-consumer-key",
        }
        with Session(engine) as session:
            actual_income = read_income_state(session, DEMO_USER_ID, NOW)
            retained_income = session.get(EvidenceItem, actual_income.evidence_id)
            assert retained_income is not None
            assert native_income_original_matches(retained_income.content, actual_income.ledger), (
                json.dumps(
                    {
                        "original": retained_income.content,
                        "typed": actual_income.ledger.model_dump(mode="json"),
                    },
                    ensure_ascii=False,
                )
            )
        before = physical_snapshot(engine)
        preview = client.post("/api/v1/dynamic-goal-actions/preview", json=body)
        assert preview.status_code == 200, preview.text
        proof = preview.json()["proof"]
        assert proof["status"] == "VERIFIED_RANGE" and proof["dynamic_cap_cents"] == 20000
        assert proof["nominal_remaining_target_cents"] == 10000
        assert proof["remaining_max_cents"] == 20000 and proof["bank_authority"] is False
        for field in ("amount_cents", "income_uses", "now", "user_id", "authority"):
            assert (
                client.post("/api/v1/dynamic-goal-actions/preview", json={**body, field: 1}).status_code
                == 422
            )
            assert (
                client.post(
                    "/api/v1/dynamic-goal-actions/preview", json=body, params={field: "fake"}
                ).status_code
                == 422
            )
        assert physical_snapshot(engine) == before
        prepared = client.post("/api/v1/dynamic-goal-actions/prepare", json=body)
>       assert prepared.status_code == 200, prepared.text
E       AssertionError: {"error":{"code":"EXECUTION_NOT_READY","message":"动作不能安全准备：CURRENT_DYNAMIC_GOAL_PROOF_INVALID","request_id":"a43c2ee5-3d67-4bd0-aee8-7c224f7410f6"}}
E       assert 409 == 200
E        +  where 409 = <Response [409 Conflict]>.status_code

apps\api\app\tests\test_full_dynamic_goal_execution_integration.py:144: AssertionError
---------------------------- Captured stdout call -----------------------------
FULL_DYNAMIC_CONTEXT_DIFFERENCE={"exposure": {"producer": {"as_of": "2026-10-04T01:00:00Z", "scope": "goal", "goal_id": "92ead56f-9540-59a7-a41e-76683ab252a1", "managed_principal_cents": 0, "pending_purchase_cents": 0, "reserved_cash_by_account": {}, "reserved_goal_cash_by_goal": {}, "counted_position_ids": [], "counted_action_ids": [], "excluded_manual_position_ids": ["71418810-fc8c-549b-948f-d3ea5bd74c59", "7560448c-5d88-5dcd-87e7-541b8615e6d9", "eb7624e8-d564-5ec3-9d2b-0e59a74c85f8"], "evidence_ids": ["19c33a12-bb0f-467c-b624-fe0e2406bbe7", "295ed111-370f-5b93-b90a-b70d5067cf64", "2d690dfe-ba9d-5126-8283-3e1e3db2cf8e", "34ab2516-0f04-5466-ad4f-370126b5b1bf", "3d3f413b-a572-5491-8122-c9bb03b30e8d", "3d90eb9b-4292-5110-a05e-34bcc73e8240", "47962f8d-c517-5fc0-aea9-ab783f521c9c", "4c260335-4585-5d7c-8049-e996379fba62", "60e90b10-02b3-5215-8444-7477b3925990", "64fbd342-1980-5134-af1a-b343c597a6c8", "6f3a6cac-0e2a-5f49-a89b-0882bc5da2d5", "7421454e-4136-5106-b877-d0de00718a92", "7d276cd6-b1c2-5463-b504-a3831ac05fe9", "9b828e4d-7bd8-52fd-b706-220fc8cb7197", "a202e1ac-860c-5509-bdb5-56e7e364a98c", "a56b3186-7256-587b-9cc4-726275dd68fe", "a5703494-6df9-5b92-8fe4-661cb4fdb26c", "b334c447-0a49-53ea-9395-f1de8d9efc30", "c017dfc1-3d62-560f-9d70-a494eeeeed99", "c3272ab9-f37e-52f6-b5f8-6e1dcaa20938", "c6bab775-1d06-4572-ad46-e7dcf5052a3d", "de0b808d-f9d4-4b6e-b15d-35df234d254f", "deb31198-687f-500a-a203-ae07fc3b7d11", "e812df3a-95b9-5264-a802-85f7e4e29c21"]}, "consumer": {"as_of": "2026-10-04T01:00:00Z", "scope": "goal", "goal_id": "92ead56f-9540-59a7-a41e-76683ab252a1", "managed_principal_cents": 0, "pending_purchase_cents": 0, "reserved_cash_by_account": {}, "reserved_goal_cash_by_goal": {}, "counted_position_ids": [], "counted_action_ids": [], "excluded_manual_position_ids": ["71418810-fc8c-549b-948f-d3ea5bd74c59", "7560448c-5d88-5dcd-87e7-541b8615e6d9", "eb7624e8-d564-5ec3-9d2b-0e59a74c85f8"], "evidence_ids": ["295ed111-370f-5b93-b90a-b70d5067cf64", "34ab2516-0f04-5466-ad4f-370126b5b1bf", "3d3f413b-a572-5491-8122-c9bb03b30e8d", "3d90eb9b-4292-5110-a05e-34bcc73e8240", "4c260335-4585-5d7c-8049-e996379fba62", "60e90b10-02b3-5215-8444-7477b3925990", "64fbd342-1980-5134-af1a-b343c597a6c8", "6f3a6cac-0e2a-5f49-a89b-0882bc5da2d5", "7421454e-4136-5106-b877-d0de00718a92", "9b828e4d-7bd8-52fd-b706-220fc8cb7197", "a202e1ac-860c-5509-bdb5-56e7e364a98c", "a56b3186-7256-587b-9cc4-726275dd68fe", "b334c447-0a49-53ea-9395-f1de8d9efc30", "c017dfc1-3d62-560f-9d70-a494eeeeed99", "c3272ab9-f37e-52f6-b5f8-6e1dcaa20938", "c6bab775-1d06-4572-ad46-e7dcf5052a3d", "de0b808d-f9d4-4b6e-b15d-35df234d254f", "deb31198-687f-500a-a203-ae07fc3b7d11", "e812df3a-95b9-5264-a802-85f7e4e29c21"]}}}
---------------------------- Captured stderr call -----------------------------
{"event": "http_request", "request_id": "7228179d-1352-4987-9f7a-30c9df21d97c", "method": "POST", "status": 200, "duration_ms": 125.0}
{"event": "http_request", "request_id": "7408e612-b310-495e-a312-77f6db2bfbf6", "method": "POST", "status": 200, "duration_ms": 344.0}
{"event": "http_request", "request_id": "c23562aa-241d-4c8d-bdd6-0527fbb23aca", "method": "POST", "status": 200, "duration_ms": 437.0}
{"event": "http_request", "request_id": "37a7e636-798e-468c-a35d-aeee3fc405d2", "method": "POST", "status": 200, "duration_ms": 453.0}
{"event": "http_request", "request_id": "a17f9898-7994-452d-b4ce-9ea1375e9063", "method": "POST", "status": 200, "duration_ms": 187.0}
{"event": "http_request", "request_id": "986b91ae-db0d-4899-9111-9c9fce11d013", "method": "GET", "status": 200, "duration_ms": 32.0}
{"event": "http_request", "request_id": "74ac8343-2616-434d-a3dc-c58d2caa0cf8", "method": "POST", "status": 200, "duration_ms": 3203.0}
{"event": "http_request", "request_id": "581a7a0a-0c5b-418e-9367-1284479ced87", "method": "POST", "status": 422, "duration_ms": 15.0}
{"event": "http_request", "request_id": "e5531844-76bb-403c-aae3-c29c567e385e", "method": "POST", "status": 422, "duration_ms": 0.0}
{"event": "http_request", "request_id": "8f74669f-4a5d-49a2-b76f-34cf48af2ccb", "method": "POST", "status": 422, "duration_ms": 16.0}
{"event": "http_request", "request_id": "9f98d924-52cc-43c7-97d1-476b3cf09230", "method": "POST", "status": 422, "duration_ms": 0.0}
{"event": "http_request", "request_id": "dec13185-f89e-49f3-a506-bb176cbbc9a9", "method": "POST", "status": 422, "duration_ms": 16.0}
{"event": "http_request", "request_id": "a3372a90-e54c-4cbf-876d-8b2c3c2ae91d", "method": "POST", "status": 422, "duration_ms": 0.0}
{"event": "http_request", "request_id": "d51be80c-d8a0-4041-a4cd-675dc13dc09d", "method": "POST", "status": 422, "duration_ms": 15.0}
{"event": "http_request", "request_id": "9ab31533-682e-4eae-8345-1affddd47f6e", "method": "POST", "status": 422, "duration_ms": 0.0}
{"event": "http_request", "request_id": "00343c9b-e81c-422c-89d1-1214e2b33aa2", "method": "POST", "status": 422, "duration_ms": 0.0}
{"event": "http_request", "request_id": "c876adbb-74d8-4e55-b397-c859897d1171", "method": "POST", "status": 422, "duration_ms": 0.0}
{"event": "http_request", "request_id": "a43c2ee5-3d67-4bd0-aee8-7c224f7410f6", "method": "POST", "status": 409, "duration_ms": 4078.0}
------------------------------ Captured log call ------------------------------
INFO     bounded_funds.http:main.py:109 {"event": "http_request", "request_id": "7228179d-1352-4987-9f7a-30c9df21d97c", "method": "POST", "status": 200, "duration_ms": 125.0}
INFO     bounded_funds.http:main.py:109 {"event": "http_request", "request_id": "7408e612-b310-495e-a312-77f6db2bfbf6", "method": "POST", "status": 200, "duration_ms": 344.0}
INFO     bounded_funds.http:main.py:109 {"event": "http_request", "request_id": "c23562aa-241d-4c8d-bdd6-0527fbb23aca", "method": "POST", "status": 200, "duration_ms": 437.0}
INFO     bounded_funds.http:main.py:109 {"event": "http_request", "request_id": "37a7e636-798e-468c-a35d-aeee3fc405d2", "method": "POST", "status": 200, "duration_ms": 453.0}
INFO     bounded_funds.http:main.py:109 {"event": "http_request", "request_id": "a17f9898-7994-452d-b4ce-9ea1375e9063", "method": "POST", "status": 200, "duration_ms": 187.0}
INFO     bounded_funds.http:main.py:109 {"event": "http_request", "request_id": "986b91ae-db0d-4899-9111-9c9fce11d013", "method": "GET", "status": 200, "duration_ms": 32.0}
INFO     bounded_funds.http:main.py:109 {"event": "http_request", "request_id": "74ac8343-2616-434d-a3dc-c58d2caa0cf8", "method": "POST", "status": 200, "duration_ms": 3203.0}
INFO     bounded_funds.http:main.py:109 {"event": "http_request", "request_id": "581a7a0a-0c5b-418e-9367-1284479ced87", "method": "POST", "status": 422, "duration_ms": 15.0}
INFO     bounded_funds.http:main.py:109 {"event": "http_request", "request_id": "e5531844-76bb-403c-aae3-c29c567e385e", "method": "POST", "status": 422, "duration_ms": 0.0}
INFO     bounded_funds.http:main.py:109 {"event": "http_request", "request_id": "8f74669f-4a5d-49a2-b76f-34cf48af2ccb", "method": "POST", "status": 422, "duration_ms": 16.0}
INFO     bounded_funds.http:main.py:109 {"event": "http_request", "request_id": "9f98d924-52cc-43c7-97d1-476b3cf09230", "method": "POST", "status": 422, "duration_ms": 0.0}
INFO     bounded_funds.http:main.py:109 {"event": "http_request", "request_id": "dec13185-f89e-49f3-a506-bb176cbbc9a9", "method": "POST", "status": 422, "duration_ms": 16.0}
INFO     bounded_funds.http:main.py:109 {"event": "http_request", "request_id": "a3372a90-e54c-4cbf-876d-8b2c3c2ae91d", "method": "POST", "status": 422, "duration_ms": 0.0}
INFO     bounded_funds.http:main.py:109 {"event": "http_request", "request_id": "d51be80c-d8a0-4041-a4cd-675dc13dc09d", "method": "POST", "status": 422, "duration_ms": 15.0}
INFO     bounded_funds.http:main.py:109 {"event": "http_request", "request_id": "9ab31533-682e-4eae-8345-1affddd47f6e", "method": "POST", "status": 422, "duration_ms": 0.0}
INFO     bounded_funds.http:main.py:109 {"event": "http_request", "request_id": "00343c9b-e81c-422c-89d1-1214e2b33aa2", "method": "POST", "status": 422, "duration_ms": 0.0}
INFO     bounded_funds.http:main.py:109 {"event": "http_request", "request_id": "c876adbb-74d8-4e55-b397-c859897d1171", "method": "POST", "status": 422, "duration_ms": 0.0}
INFO     bounded_funds.http:main.py:109 {"event": "http_request", "request_id": "a43c2ee5-3d67-4bd0-aee8-7c224f7410f6", "method": "POST", "status": 409, "duration_ms": 4078.0}
============================== warnings summary ===============================
.venv\Lib\site-packages\fastapi\testclient.py:1
  F:\学校活动\工行杯\钱途有界\bounded-funds\.venv\Lib\site-packages\fastapi\testclient.py:1: StarletteDeprecationWarning: Using `httpx` with `starlette.testclient` is deprecated; install `httpx2` instead.
    from starlette.testclient import TestClient as TestClient  # noqa

-- Docs: https://docs.pytest.org/en/stable/how-to/capture-warnings.html
=========================== short test summary info ===========================
FAILED apps/api/app/tests/test_full_dynamic_goal_execution_integration.py::test_actual_dynamic_above_nominal_original_income_and_response_loss_key_recovery
!!!!!!!!!!!!!!!!!!!!!!!!!! stopping after 1 failures !!!!!!!!!!!!!!!!!!!!!!!!!!
1 failed, 1 warning in 20.33s
