
 RUN  v3.2.4 F:/学校活动/工行杯/钱途有界/bounded-funds/apps/web

 ✓ src/api/full-policy-financial-preview.test.ts (20 tests) 616ms
 ❯ src/components/FinancialChangeImpactPanel.test.tsx (4 tests | 2 failed) 1363ms
   × 无自动POST，手动366日期三阶段/精确负差额与没有授权展示 826ms
     → Unable to find an element with the text: /差额 ¥-1.50/. This could be because the text is broken up by multiple elements. In this case, you can provide a function for your text matcher to make your matcher more flexible.

Ignored nodes: comments, script, style
[36m<body>[39m
  [36m<div>[39m
    [36m<section[39m
      [33maria-label[39m=[32m"财务修改影响预览"[39m
      [33mclass[39m=[32m"card"[39m
    [36m>[39m
      [36m<h3>[39m
        [0m财务修改影响预览[0m
      [36m</h3>[39m
      [36m<p>[39m
        [0m手动读取服务端计算：当前策略 [0m
        [0m77000000-0000-0000-0000-000000000001[0m
        [0m · 原版本 [0m
        [0m77000000-0000-0000-0000-000000000002[0m
        [0m。只读假设不会确认策略、重算已有行动或执行资金。[0m
      [36m</p>[39m
      [36m<button[39m
        [33mtype[39m=[32m"button"[39m
      [36m>[39m
        [0m计算财务修改影响[0m
      [36m</button>[39m
      [36m<p[39m
        [33mrole[39m=[32m"status"[39m
      [36m>[39m
        [0m已计算条件曲线，候选尚未确认[0m
      [36m</p>[39m
      [36m<p>[39m
        [0m服务端读取时刻 [0m
        [0m2026-10-05T12:00:00Z[0m
        [0m · 模拟期 [0m
        [0m77000000-0000-0000-0000-000000000006[0m
        [0m。宿主用户 [0m
        [0m77000000-0000-0000-0000-000000000003[0m
        [0m；响应没有独立 user_id，策略归属由服务器核对。[0m
      [36m</p>[39m
      [36m<p>[39m
        [0m仅替换未来保守待付义务；今天、逾期义务和已到期月份保留。未来收入计入0，不等于未来真实收入为零。[0m
      [36m</p>[39m
      [36m<dl>[39m
        [36m<dt>[39m
          [0m安全闲置资金[0m
        [36m</dt>[39m
        [36m<dd>[39m
          [0m原值 [0m
          [0m790.01[0m
          [0m → 候选 [0m
          [0m788.51[0m
          [0m · 差额 [0m
          [0m-1.50[0m
        [36m</dd>[39m
        [36m<dt>[39m
          [0m最低日内余量[0m
        [36m</dt>[39m
        [36m<dd>[39m
          [0m原值 [0m
          [0m790.01[0m
          [0m → 候选 [0m
          [0m788.51[0m
          [0m · 差额 [0m
          [0m-1.50[0m
        [36m</dd>[39m
      [36m</dl>[39m
      [36m<label>[39m
        [0m查看修改影响日期 [0m
        [36m<select[39m
          [33maria-label[39m=[32m"查看修改影响日期"[39m
        [36m>[39m
          [36m<option[39m
            [33mvalue[39m=[32m"0"[39m
          [36m>[39m
            [0m2026-10-05[0m
            [0m · 第[0m
            [0m0[0m
            [0m日[0m
          [36m</option>[39m
          [36m<option[39m
            [33mvalue[39m=[32m"1"[39m
          [36m>[39m
            [0m2026-10-06[0m
            [0m · 第[0m
            [0m1[0m
            [0m日[0m
          [36m</option>[39m
          [36m<option[39m
            [33mvalue[39m=[32m"2"[39m
          [36m>[39m
            [0m2026-10-07[0m
            [0m · 第[0m
            [0m2[0m
            [0m日[0m
          [36m</option>[39m
          [36m<option[39m
            [33mvalue[39m=[32m"3"[39m
          [36m>[39m
            [0m2026-10-08[0m
            [0m · 第[0m
            [0m3[0m
            [0m日[0m
          [36m</option>[39m
          [36m<option[39m
            [33mvalue[39m=[32m"4"[39m
          [36m>[39m
            [0m2026-10-09[0m
            [0m · 第[0m
            [0m4[0m
            [0m日[0m
          [36m</option>[39m
          [36m<option[39m
            [33mvalue[39m=[32m"5"[39m
          [36m>[39m
            [0m2026-10-10[0m
            [0m · 第[0m
            [0m5[0m
            [0m日[0m
          [36m</option>[39m
          [36m<option[39m
            [33mvalue[39m=[32m"6"[39m
          [36m>[39m
            [0m2026-10-11[0m
            [0m · 第[0m
            [0m6[0m
            [0m日[0m
          [36m</option>[39m
          [36m<option[39m
            [33mvalue[39m=[32m"7"[39m
          [36m>[39m
            [0m2026-10-12[0m
            [0m · 第[0m
            [0m7[0m
            [0m日[0m
          [36m</option>[39m
          [36m<option[39m
            [33mvalue[39m=[32m"8"[39m
          [36m>[39m
            [0m2026-10-13[0m
            [0m · 第[0m
            [0m8[0m
            [0m日[0m
          [36m</option>[39m
          [36m<option[39m
            [33mvalue[39m=[32m"9"[39m
          [36m>[39m
            [0m2026-10-14[0m
            [0m · 第[0m
            [0m9[0m
            [0m日[0m
          [36m</option>[39m
          [36m<option[39m
            [33mvalue[39m=[32m"10"[39m
          [36m>[39m
            [0m2026-10-15[0m
            [0m · 第[0m
            [0m10[0m
            [0m日[0m
          [36m</option>[39m
          [36m<option[39m
            [33mvalue[39m=[32m"11"[39m
          [36m>[39m
            [0m2026-10-16[0m
            [0m · 第[0m
            [0m11[0m
            [0m日[0m
          [36m</option>[39m
          [36m<option[39m
            [33mvalue[39m=[32m"12"[39m
          [36m>[39m
            [0m2026-10-17[0m
            [0m · 第[0m
            [0m12[0m
            [0m日[0m
          [36m</option>[39m
          [36m<option[39m
            [33mvalue[39m=[32m"13"[39m
          [36m>[39m
            [0m2026-10-18[0m
            [0m · 第[0m
            [0m13[0m
            [0m日[0m
          [36m</option>[39m
          [36m<option[39m
            [33mvalue[39m=[32m"14"[39m
          [36m>[39m
            [0m2026-10-19[0m
            [0m · 第[0m
            [0m14[0m
            [0m日[0m
          [36m</option>[39m
          [36m<option[39m
            [33mvalue[39m=[32m"15"[39m
          [36m>[39m
            [0m2026-10-20[0m
            [0m · 第[0m
            [0m15[0m
            [0m日[0m
          [36m</option>[39m
          [36m<option[39m
            [33mvalue[39m=[32m"16"[39m
          [36m>[39m
            [0m2026-10-21[0m
            [0m · 第[0m
            [0m16[0m
            [0m日[0m
          [36m</option>[39m
          [36m<option[39m
            [33mvalue[39m=[32m"17"[39m
          [36m>[39m
            [0m2026-10-22[0m
            [0m · 第[0m
            [0m17[0m
            [0m日[0m
          [36m</option>[39m
          [36m<option[39m
            [33mvalue[39m=[32m"18"[39m
          [36m>[39m
            [0m2026-10-23[0m
            [0m · 第[0m
            [0m18[0m
            [0m日[0m
          [36m</option>[39m
          [36m<option[39m
            [33mvalue[39m=[32m"19"[39m
          [36m>[39m
            [0m2026-10-24[0m
            [0m · 第[0m
            [0m19[0m
            [0m日[0m
          [36m</option>[39m
          [36m<option[39m
            [33mvalue[39m=[32m"20"[39m
          [36m>[39m
            [0m2026-10-25[0m
            [0m · 第[0m
            [0m20[0m
            [0m日[0m
          [36m</option>[39m
          [36m<option[39m
            [33mvalue[39m=[32m"21"[39m
          [36m>[39m
            [0m2026-10-26[0m
            [0m · 第[0m
            [0m21[0m
            [0m日[0m
          [36m</option>[39m
          [36m<option[39m
            [33mvalue[39m=[32m"22"[39m
          [36m>[39m
            [0m2026-10-27[0m
            [0m · 第[0m
            [0m22[0m
            [0m日[0m
          [36m</option>[39m
  ...
   × UNKNOWN不产生零差额或候选曲线，展示原值与具体未证明原因 189ms
     → Unable to find an element with the text: /候选 未知 · 尚未证明 · 差额 未知/. This could be because the text is broken up by multiple elements. In this case, you can provide a function for your text matcher to make your matcher more flexible.

Ignored nodes: comments, script, style
[36m<body>[39m
  [36m<div>[39m
    [36m<section[39m
      [33maria-label[39m=[32m"财务修改影响预览"[39m
      [33mclass[39m=[32m"card"[39m
    [36m>[39m
      [36m<h3>[39m
        [0m财务修改影响预览[0m
      [36m</h3>[39m
      [36m<p>[39m
        [0m手动读取服务端计算：当前策略 [0m
        [0m77000000-0000-0000-0000-000000000001[0m
        [0m · 原版本 [0m
        [0m77000000-0000-0000-0000-000000000002[0m
        [0m。只读假设不会确认策略、重算已有行动或执行资金。[0m
      [36m</p>[39m
      [36m<button[39m
        [33mtype[39m=[32m"button"[39m
      [36m>[39m
        [0m计算财务修改影响[0m
      [36m</button>[39m
      [36m<p[39m
        [33mrole[39m=[32m"status"[39m
      [36m>[39m
        [0mUNKNOWN：候选财务影响尚未证明[0m
      [36m</p>[39m
      [36m<p>[39m
        [0m服务端读取时刻 [0m
        [0m2026-10-05T12:00:00Z[0m
        [0m · 模拟期 [0m
        [0m77000000-0000-0000-0000-000000000006[0m
        [0m。宿主用户 [0m
        [0m77000000-0000-0000-0000-000000000003[0m
        [0m；响应没有独立 user_id，策略归属由服务器核对。[0m
      [36m</p>[39m
      [36m<p>[39m
        [0m仅替换未来保守待付义务；今天、逾期义务和已到期月份保留。未来收入计入0，不等于未来真实收入为零。[0m
      [36m</p>[39m
      [36m<dl>[39m
        [36m<dt>[39m
          [0m安全闲置资金[0m
        [36m</dt>[39m
        [36m<dd>[39m
          [0m原值 [0m
          [0m790.01[0m
          [0m → 候选 [0m
          [0m—[0m
          [0m · 差额 [0m
          [0m—[0m
        [36m</dd>[39m
        [36m<dt>[39m
          [0m最低日内余量[0m
        [36m</dt>[39m
        [36m<dd>[39m
          [0m原值 [0m
          [0m790.01[0m
          [0m → 候选 [0m
          [0m—[0m
          [0m · 差额 [0m
          [0m—[0m
        [36m</dd>[39m
      [36m</dl>[39m
      [36m<p>[39m
        [0mTEMPLATE_OR_SOURCE_NOT_PROVEN_SYNTHETIC[0m
      [36m</p>[39m
      [36m<label>[39m
        [0m查看修改影响日期 [0m
        [36m<select[39m
          [33maria-label[39m=[32m"查看修改影响日期"[39m
        [36m>[39m
          [36m<option[39m
            [33mvalue[39m=[32m"0"[39m
          [36m>[39m
            [0m2026-10-05[0m
            [0m · 第[0m
            [0m0[0m
            [0m日[0m
          [36m</option>[39m
          [36m<option[39m
            [33mvalue[39m=[32m"1"[39m
          [36m>[39m
            [0m2026-10-06[0m
            [0m · 第[0m
            [0m1[0m
            [0m日[0m
          [36m</option>[39m
          [36m<option[39m
            [33mvalue[39m=[32m"2"[39m
          [36m>[39m
            [0m2026-10-07[0m
            [0m · 第[0m
            [0m2[0m
            [0m日[0m
          [36m</option>[39m
          [36m<option[39m
            [33mvalue[39m=[32m"3"[39m
          [36m>[39m
            [0m2026-10-08[0m
            [0m · 第[0m
            [0m3[0m
            [0m日[0m
          [36m</option>[39m
          [36m<option[39m
            [33mvalue[39m=[32m"4"[39m
          [36m>[39m
            [0m2026-10-09[0m
            [0m · 第[0m
            [0m4[0m
            [0m日[0m
          [36m</option>[39m
          [36m<option[39m
            [33mvalue[39m=[32m"5"[39m
          [36m>[39m
            [0m2026-10-10[0m
            [0m · 第[0m
            [0m5[0m
            [0m日[0m
          [36m</option>[39m
          [36m<option[39m
            [33mvalue[39m=[32m"6"[39m
          [36m>[39m
            [0m2026-10-11[0m
            [0m · 第[0m
            [0m6[0m
            [0m日[0m
          [36m</option>[39m
          [36m<option[39m
            [33mvalue[39m=[32m"7"[39m
          [36m>[39m
            [0m2026-10-12[0m
            [0m · 第[0m
            [0m7[0m
            [0m日[0m
          [36m</option>[39m
          [36m<option[39m
            [33mvalue[39m=[32m"8"[39m
          [36m>[39m
            [0m2026-10-13[0m
            [0m · 第[0m
            [0m8[0m
            [0m日[0m
          [36m</option>[39m
          [36m<option[39m
            [33mvalue[39m=[32m"9"[39m
          [36m>[39m
            [0m2026-10-14[0m
            [0m · 第[0m
            [0m9[0m
            [0m日[0m
          [36m</option>[39m
          [36m<option[39m
            [33mvalue[39m=[32m"10"[39m
          [36m>[39m
            [0m2026-10-15[0m
            [0m · 第[0m
            [0m10[0m
            [0m日[0m
          [36m</option>[39m
          [36m<option[39m
            [33mvalue[39m=[32m"11"[39m
          [36m>[39m
            [0m2026-10-16[0m
            [0m · 第[0m
            [0m11[0m
            [0m日[0m
          [36m</option>[39m
          [36m<option[39m
            [33mvalue[39m=[32m"12"[39m
          [36m>[39m
            [0m2026-10-17[0m
            [0m · 第[0m
            [0m12[0m
            [0m日[0m
          [36m</option>[39m
          [36m<option[39m
            [33mvalue[39m=[32m"13"[39m
          [36m>[39m
            [0m2026-10-18[0m
            [0m · 第[0m
            [0m13[0m
            [0m日[0m
          [36m</option>[39m
          [36m<option[39m
            [33mvalue[39m=[32m"14"[39m
          [36m>[39m
            [0m2026-10-19[0m
            [0m · 第[0m
            [0m14[0m
            [0m日[0m
          [36m</option>[39m
          [36m<option[39m
            [33mvalue[39m=[32m"15"[39m
          [36m>[39m
            [0m2026-10-20[0m
            [0m · 第[0m
            [0m15[0m
            [0m日[0m
          [36m</option>[39m
          [36m<option[39m
            [33mvalue[39m=[32m"16"[39m
          [36m>[39m
            [0m2026-10-21[0m
            [0m · 第[0m
            [0m16[0m
            [0m日[0m
          [36m</option>[39m
          [36m<option[39m
            [33mvalue[39m=[32m"17"[39m
          [36m>[39m
            [0m2026-10-22[0m
            [0m · 第[0m
            [0m17[0m
            [0m日[0m
          [36m</option>[39m
          [36m<option[39m
            [33mvalue[39m=[32m"18"[39m
          [36m>[39m
            [0m2026-10-23[0m
            [0m · 第[0m
            [0m18[0m
            [0m日[0m
          [36m</option>[39m
          [36m<option[39m
            [33mvalue[39m=[32m"19"[39m
          [36m>[39m
            [0m2026-10-24[0m
            [0m · 第[0m
            [0m19[0m
            [0m日[0m
          [36m</option>[39m
          [36m<option[39m
            [33mvalue[39m=[32m"20"[39m
          [36m>[39m
            [0m2026-10-25[0m
            [0m · 第[0m
            [0m20[0m
            [0m日[0m
          [36m</option>[39m
          [36m<option[39m
            [33mvalue[39m=[32m"21"[39m
          [36m>[39m
            [0m2026-10-26[0m
            [0m · 第[0m
            [0m21[0m
            [0m日[0m
          [36m</option>[39m
          [36m<option[39m
            [33mvalue[39m=[32m"22"[39m
          [36m>[39m
            [0m2026-10-27[0m
            [0m · ...
   ✓ 刷新失败隐藏先前成功/金额，不自动重试 196ms
   ✓ 其他族门禁止新POST，当前candidate/version变化隐藏旧预览 150ms

⎯⎯⎯⎯⎯⎯⎯ Failed Tests 2 ⎯⎯⎯⎯⎯⎯⎯

 FAIL  src/components/FinancialChangeImpactPanel.test.tsx > 无自动POST，手动366日期三阶段/精确负差额与没有授权展示
TestingLibraryElementError: Unable to find an element with the text: /差额 ¥-1.50/. This could be because the text is broken up by multiple elements. In this case, you can provide a function for your text matcher to make your matcher more flexible.

Ignored nodes: comments, script, style
[36m<body>[39m
  [36m<div>[39m
    [36m<section[39m
      [33maria-label[39m=[32m"财务修改影响预览"[39m
      [33mclass[39m=[32m"card"[39m
    [36m>[39m
      [36m<h3>[39m
        [0m财务修改影响预览[0m
      [36m</h3>[39m
      [36m<p>[39m
        [0m手动读取服务端计算：当前策略 [0m
        [0m77000000-0000-0000-0000-000000000001[0m
        [0m · 原版本 [0m
        [0m77000000-0000-0000-0000-000000000002[0m
        [0m。只读假设不会确认策略、重算已有行动或执行资金。[0m
      [36m</p>[39m
      [36m<button[39m
        [33mtype[39m=[32m"button"[39m
      [36m>[39m
        [0m计算财务修改影响[0m
      [36m</button>[39m
      [36m<p[39m
        [33mrole[39m=[32m"status"[39m
      [36m>[39m
        [0m已计算条件曲线，候选尚未确认[0m
      [36m</p>[39m
      [36m<p>[39m
        [0m服务端读取时刻 [0m
        [0m2026-10-05T12:00:00Z[0m
        [0m · 模拟期 [0m
        [0m77000000-0000-0000-0000-000000000006[0m
        [0m。宿主用户 [0m
        [0m77000000-0000-0000-0000-000000000003[0m
        [0m；响应没有独立 user_id，策略归属由服务器核对。[0m
      [36m</p>[39m
      [36m<p>[39m
        [0m仅替换未来保守待付义务；今天、逾期义务和已到期月份保留。未来收入计入0，不等于未来真实收入为零。[0m
      [36m</p>[39m
      [36m<dl>[39m
        [36m<dt>[39m
          [0m安全闲置资金[0m
        [36m</dt>[39m
        [36m<dd>[39m
          [0m原值 [0m
          [0m790.01[0m
          [0m → 候选 [0m
          [0m788.51[0m
          [0m · 差额 [0m
          [0m-1.50[0m
        [36m</dd>[39m
        [36m<dt>[39m
          [0m最低日内余量[0m
        [36m</dt>[39m
        [36m<dd>[39m
          [0m原值 [0m
          [0m790.01[0m
          [0m → 候选 [0m
          [0m788.51[0m
          [0m · 差额 [0m
          [0m-1.50[0m
        [36m</dd>[39m
      [36m</dl>[39m
      [36m<label>[39m
        [0m查看修改影响日期 [0m
        [36m<select[39m
          [33maria-label[39m=[32m"查看修改影响日期"[39m
        [36m>[39m
          [36m<option[39m
            [33mvalue[39m=[32m"0"[39m
          [36m>[39m
            [0m2026-10-05[0m
            [0m · 第[0m
            [0m0[0m
            [0m日[0m
          [36m</option>[39m
          [36m<option[39m
            [33mvalue[39m=[32m"1"[39m
          [36m>[39m
            [0m2026-10-06[0m
            [0m · 第[0m
            [0m1[0m
            [0m日[0m
          [36m</option>[39m
          [36m<option[39m
            [33mvalue[39m=[32m"2"[39m
          [36m>[39m
            [0m2026-10-07[0m
            [0m · 第[0m
            [0m2[0m
            [0m日[0m
          [36m</option>[39m
          [36m<option[39m
            [33mvalue[39m=[32m"3"[39m
          [36m>[39m
            [0m2026-10-08[0m
            [0m · 第[0m
            [0m3[0m
            [0m日[0m
          [36m</option>[39m
          [36m<option[39m
            [33mvalue[39m=[32m"4"[39m
          [36m>[39m
            [0m2026-10-09[0m
            [0m · 第[0m
            [0m4[0m
            [0m日[0m
          [36m</option>[39m
          [36m<option[39m
            [33mvalue[39m=[32m"5"[39m
          [36m>[39m
            [0m2026-10-10[0m
            [0m · 第[0m
            [0m5[0m
            [0m日[0m
          [36m</option>[39m
          [36m<option[39m
            [33mvalue[39m=[32m"6"[39m
          [36m>[39m
            [0m2026-10-11[0m
            [0m · 第[0m
            [0m6[0m
            [0m日[0m
          [36m</option>[39m
          [36m<option[39m
            [33mvalue[39m=[32m"7"[39m
          [36m>[39m
            [0m2026-10-12[0m
            [0m · 第[0m
            [0m7[0m
            [0m日[0m
          [36m</option>[39m
          [36m<option[39m
            [33mvalue[39m=[32m"8"[39m
          [36m>[39m
            [0m2026-10-13[0m
            [0m · 第[0m
            [0m8[0m
            [0m日[0m
          [36m</option>[39m
          [36m<option[39m
            [33mvalue[39m=[32m"9"[39m
          [36m>[39m
            [0m2026-10-14[0m
            [0m · 第[0m
            [0m9[0m
            [0m日[0m
          [36m</option>[39m
          [36m<option[39m
            [33mvalue[39m=[32m"10"[39m
          [36m>[39m
            [0m2026-10-15[0m
            [0m · 第[0m
            [0m10[0m
            [0m日[0m
          [36m</option>[39m
          [36m<option[39m
            [33mvalue[39m=[32m"11"[39m
          [36m>[39m
            [0m2026-10-16[0m
            [0m · 第[0m
            [0m11[0m
            [0m日[0m
          [36m</option>[39m
          [36m<option[39m
            [33mvalue[39m=[32m"12"[39m
          [36m>[39m
            [0m2026-10-17[0m
            [0m · 第[0m
            [0m12[0m
            [0m日[0m
          [36m</option>[39m
          [36m<option[39m
            [33mvalue[39m=[32m"13"[39m
          [36m>[39m
            [0m2026-10-18[0m
            [0m · 第[0m
            [0m13[0m
            [0m日[0m
          [36m</option>[39m
          [36m<option[39m
            [33mvalue[39m=[32m"14"[39m
          [36m>[39m
            [0m2026-10-19[0m
            [0m · 第[0m
            [0m14[0m
            [0m日[0m
          [36m</option>[39m
          [36m<option[39m
            [33mvalue[39m=[32m"15"[39m
          [36m>[39m
            [0m2026-10-20[0m
            [0m · 第[0m
            [0m15[0m
            [0m日[0m
          [36m</option>[39m
          [36m<option[39m
            [33mvalue[39m=[32m"16"[39m
          [36m>[39m
            [0m2026-10-21[0m
            [0m · 第[0m
            [0m16[0m
            [0m日[0m
          [36m</option>[39m
          [36m<option[39m
            [33mvalue[39m=[32m"17"[39m
          [36m>[39m
            [0m2026-10-22[0m
            [0m · 第[0m
            [0m17[0m
            [0m日[0m
          [36m</option>[39m
          [36m<option[39m
            [33mvalue[39m=[32m"18"[39m
          [36m>[39m
            [0m2026-10-23[0m
            [0m · 第[0m
            [0m18[0m
            [0m日[0m
          [36m</option>[39m
          [36m<option[39m
            [33mvalue[39m=[32m"19"[39m
          [36m>[39m
            [0m2026-10-24[0m
            [0m · 第[0m
            [0m19[0m
            [0m日[0m
          [36m</option>[39m
          [36m<option[39m
            [33mvalue[39m=[32m"20"[39m
          [36m>[39m
            [0m2026-10-25[0m
            [0m · 第[0m
            [0m20[0m
            [0m日[0m
          [36m</option>[39m
          [36m<option[39m
            [33mvalue[39m=[32m"21"[39m
          [36m>[39m
            [0m2026-10-26[0m
            [0m · 第[0m
            [0m21[0m
            [0m日[0m
          [36m</option>[39m
          [36m<option[39m
            [33mvalue[39m=[32m"22"[39m
          [36m>[39m
            [0m2026-10-27[0m
            [0m · 第[0m
            [0m22[0m
            [0m日[0m
          [36m</option>[39m
  ...
 ❯ Object.getElementError ../../node_modules/.pnpm/@testing-library+dom@10.4.2/node_modules/@testing-library/dom/dist/config.js:37:19
 ❯ ../../node_modules/.pnpm/@testing-library+dom@10.4.2/node_modules/@testing-library/dom/dist/query-helpers.js:76:38
 ❯ ../../node_modules/.pnpm/@testing-library+dom@10.4.2/node_modules/@testing-library/dom/dist/query-helpers.js:109:15
 ❯ src/components/FinancialChangeImpactPanel.test.tsx:11:109
      9|   const source = await financialPreviewFixture(); const calls = instal…
     10|   fireEvent.click(screen.getByRole('button', { name: '计算财务修改影响' })); a…
     11|   expect(within(screen.getByLabelText('查看修改影响日期')).getAllByRole('optio…
       |                                                                                                             ^
     12|   fireEvent.change(screen.getByLabelText('查看修改影响日期'), { target: { valu…
     13|   expect(within(screen.getByRole('article', { name: '修改影响付款后' })).getB…

⎯⎯⎯⎯⎯⎯⎯⎯⎯⎯⎯⎯⎯⎯⎯⎯⎯⎯⎯⎯⎯⎯⎯⎯[1/2]⎯

 FAIL  src/components/FinancialChangeImpactPanel.test.tsx > UNKNOWN不产生零差额或候选曲线，展示原值与具体未证明原因
TestingLibraryElementError: Unable to find an element with the text: /候选 未知 · 尚未证明 · 差额 未知/. This could be because the text is broken up by multiple elements. In this case, you can provide a function for your text matcher to make your matcher more flexible.

Ignored nodes: comments, script, style
[36m<body>[39m
  [36m<div>[39m
    [36m<section[39m
      [33maria-label[39m=[32m"财务修改影响预览"[39m
      [33mclass[39m=[32m"card"[39m
    [36m>[39m
      [36m<h3>[39m
        [0m财务修改影响预览[0m
      [36m</h3>[39m
      [36m<p>[39m
        [0m手动读取服务端计算：当前策略 [0m
        [0m77000000-0000-0000-0000-000000000001[0m
        [0m · 原版本 [0m
        [0m77000000-0000-0000-0000-000000000002[0m
        [0m。只读假设不会确认策略、重算已有行动或执行资金。[0m
      [36m</p>[39m
      [36m<button[39m
        [33mtype[39m=[32m"button"[39m
      [36m>[39m
        [0m计算财务修改影响[0m
      [36m</button>[39m
      [36m<p[39m
        [33mrole[39m=[32m"status"[39m
      [36m>[39m
        [0mUNKNOWN：候选财务影响尚未证明[0m
      [36m</p>[39m
      [36m<p>[39m
        [0m服务端读取时刻 [0m
        [0m2026-10-05T12:00:00Z[0m
        [0m · 模拟期 [0m
        [0m77000000-0000-0000-0000-000000000006[0m
        [0m。宿主用户 [0m
        [0m77000000-0000-0000-0000-000000000003[0m
        [0m；响应没有独立 user_id，策略归属由服务器核对。[0m
      [36m</p>[39m
      [36m<p>[39m
        [0m仅替换未来保守待付义务；今天、逾期义务和已到期月份保留。未来收入计入0，不等于未来真实收入为零。[0m
      [36m</p>[39m
      [36m<dl>[39m
        [36m<dt>[39m
          [0m安全闲置资金[0m
        [36m</dt>[39m
        [36m<dd>[39m
          [0m原值 [0m
          [0m790.01[0m
          [0m → 候选 [0m
          [0m—[0m
          [0m · 差额 [0m
          [0m—[0m
        [36m</dd>[39m
        [36m<dt>[39m
          [0m最低日内余量[0m
        [36m</dt>[39m
        [36m<dd>[39m
          [0m原值 [0m
          [0m790.01[0m
          [0m → 候选 [0m
          [0m—[0m
          [0m · 差额 [0m
          [0m—[0m
        [36m</dd>[39m
      [36m</dl>[39m
      [36m<p>[39m
        [0mTEMPLATE_OR_SOURCE_NOT_PROVEN_SYNTHETIC[0m
      [36m</p>[39m
      [36m<label>[39m
        [0m查看修改影响日期 [0m
        [36m<select[39m
          [33maria-label[39m=[32m"查看修改影响日期"[39m
        [36m>[39m
          [36m<option[39m
            [33mvalue[39m=[32m"0"[39m
          [36m>[39m
            [0m2026-10-05[0m
            [0m · 第[0m
            [0m0[0m
            [0m日[0m
          [36m</option>[39m
          [36m<option[39m
            [33mvalue[39m=[32m"1"[39m
          [36m>[39m
            [0m2026-10-06[0m
            [0m · 第[0m
            [0m1[0m
            [0m日[0m
          [36m</option>[39m
          [36m<option[39m
            [33mvalue[39m=[32m"2"[39m
          [36m>[39m
            [0m2026-10-07[0m
            [0m · 第[0m
            [0m2[0m
            [0m日[0m
          [36m</option>[39m
          [36m<option[39m
            [33mvalue[39m=[32m"3"[39m
          [36m>[39m
            [0m2026-10-08[0m
            [0m · 第[0m
            [0m3[0m
            [0m日[0m
          [36m</option>[39m
          [36m<option[39m
            [33mvalue[39m=[32m"4"[39m
          [36m>[39m
            [0m2026-10-09[0m
            [0m · 第[0m
            [0m4[0m
            [0m日[0m
          [36m</option>[39m
          [36m<option[39m
            [33mvalue[39m=[32m"5"[39m
          [36m>[39m
            [0m2026-10-10[0m
            [0m · 第[0m
            [0m5[0m
            [0m日[0m
          [36m</option>[39m
          [36m<option[39m
            [33mvalue[39m=[32m"6"[39m
          [36m>[39m
            [0m2026-10-11[0m
            [0m · 第[0m
            [0m6[0m
            [0m日[0m
          [36m</option>[39m
          [36m<option[39m
            [33mvalue[39m=[32m"7"[39m
          [36m>[39m
            [0m2026-10-12[0m
            [0m · 第[0m
            [0m7[0m
            [0m日[0m
          [36m</option>[39m
          [36m<option[39m
            [33mvalue[39m=[32m"8"[39m
          [36m>[39m
            [0m2026-10-13[0m
            [0m · 第[0m
            [0m8[0m
            [0m日[0m
          [36m</option>[39m
          [36m<option[39m
            [33mvalue[39m=[32m"9"[39m
          [36m>[39m
            [0m2026-10-14[0m
            [0m · 第[0m
            [0m9[0m
            [0m日[0m
          [36m</option>[39m
          [36m<option[39m
            [33mvalue[39m=[32m"10"[39m
          [36m>[39m
            [0m2026-10-15[0m
            [0m · 第[0m
            [0m10[0m
            [0m日[0m
          [36m</option>[39m
          [36m<option[39m
            [33mvalue[39m=[32m"11"[39m
          [36m>[39m
            [0m2026-10-16[0m
            [0m · 第[0m
            [0m11[0m
            [0m日[0m
          [36m</option>[39m
          [36m<option[39m
            [33mvalue[39m=[32m"12"[39m
          [36m>[39m
            [0m2026-10-17[0m
            [0m · 第[0m
            [0m12[0m
            [0m日[0m
          [36m</option>[39m
          [36m<option[39m
            [33mvalue[39m=[32m"13"[39m
          [36m>[39m
            [0m2026-10-18[0m
            [0m · 第[0m
            [0m13[0m
            [0m日[0m
          [36m</option>[39m
          [36m<option[39m
            [33mvalue[39m=[32m"14"[39m
          [36m>[39m
            [0m2026-10-19[0m
            [0m · 第[0m
            [0m14[0m
            [0m日[0m
          [36m</option>[39m
          [36m<option[39m
            [33mvalue[39m=[32m"15"[39m
          [36m>[39m
            [0m2026-10-20[0m
            [0m · 第[0m
            [0m15[0m
            [0m日[0m
          [36m</option>[39m
          [36m<option[39m
            [33mvalue[39m=[32m"16"[39m
          [36m>[39m
            [0m2026-10-21[0m
            [0m · 第[0m
            [0m16[0m
            [0m日[0m
          [36m</option>[39m
          [36m<option[39m
            [33mvalue[39m=[32m"17"[39m
          [36m>[39m
            [0m2026-10-22[0m
            [0m · 第[0m
            [0m17[0m
            [0m日[0m
          [36m</option>[39m
          [36m<option[39m
            [33mvalue[39m=[32m"18"[39m
          [36m>[39m
            [0m2026-10-23[0m
            [0m · 第[0m
            [0m18[0m
            [0m日[0m
          [36m</option>[39m
          [36m<option[39m
            [33mvalue[39m=[32m"19"[39m
          [36m>[39m
            [0m2026-10-24[0m
            [0m · 第[0m
            [0m19[0m
            [0m日[0m
          [36m</option>[39m
          [36m<option[39m
            [33mvalue[39m=[32m"20"[39m
          [36m>[39m
            [0m2026-10-25[0m
            [0m · 第[0m
            [0m20[0m
            [0m日[0m
          [36m</option>[39m
          [36m<option[39m
            [33mvalue[39m=[32m"21"[39m
          [36m>[39m
            [0m2026-10-26[0m
            [0m · 第[0m
            [0m21[0m
            [0m日[0m
          [36m</option>[39m
          [36m<option[39m
            [33mvalue[39m=[32m"22"[39m
          [36m>[39m
            [0m2026-10-27[0m
            [0m · ...
 ❯ Object.getElementError ../../node_modules/.pnpm/@testing-library+dom@10.4.2/node_modules/@testing-library/dom/dist/config.js:37:19
 ❯ ../../node_modules/.pnpm/@testing-library+dom@10.4.2/node_modules/@testing-library/dom/dist/query-helpers.js:76:38
 ❯ ../../node_modules/.pnpm/@testing-library+dom@10.4.2/node_modules/@testing-library/dom/dist/query-helpers.js:109:15
 ❯ src/components/FinancialChangeImpactPanel.test.tsx:19:147


⎯⎯⎯⎯⎯⎯⎯⎯⎯⎯⎯⎯⎯⎯⎯⎯⎯⎯⎯⎯⎯⎯⎯⎯[2/2]⎯


 Test Files  1 failed | 1 passed (2)
      Tests  2 failed | 22 passed (24)
   Start at  07:16:48
   Duration  4.59s (transform 538ms, setup 1.12s, collect 1.34s, tests 1.98s, environment 2.27s, prepare 681ms)

