============================= test session starts =============================
platform win32 -- Python 3.12.5, pytest-9.1.1, pluggy-1.6.0
rootdir: F:\学校活动\工行杯\钱途有界\bounded-funds
configfile: pyproject.toml
testpaths: apps/api/app/tests
plugins: anyio-4.15.1, hypothesis-6.168.3, cov-7.1.0
collected 1300 items

apps\api\app\tests\test_account_api.py .........                         [  0%]
apps\api\app\tests\test_asset_allocation.py ............................ [  2%]
.......                                                                  [  3%]
apps\api\app\tests\test_asset_allocation_api.py ....                     [  3%]
apps\api\app\tests\test_asset_allocation_properties.py ................. [  5%]
                                                                         [  5%]
apps\api\app\tests\test_asset_allocation_service.py .................... [  6%]
................                                                         [  7%]
apps\api\app\tests\test_audit_api.py ....                                [  8%]
apps\api\app\tests\test_audit_chain_domain.py .......................... [ 10%]
..                                                                       [ 10%]
apps\api\app\tests\test_audit_cli.py .......                             [ 10%]
apps\api\app\tests\test_audit_guard.py ..                                [ 10%]
apps\api\app\tests\test_audit_migration.py ..                            [ 11%]
apps\api\app\tests\test_audit_reset.py .....                             [ 11%]
apps\api\app\tests\test_audit_storage.py ...............                 [ 12%]
apps\api\app\tests\test_audit_workflow_integration.py ........           [ 13%]
apps\api\app\tests\test_autonomy_api.py .....                            [ 13%]
apps\api\app\tests\test_autonomy_audit.py .............................. [ 15%]
.......                                                                  [ 16%]
apps\api\app\tests\test_autonomy_domain.py ............................. [ 18%]
...........                                                              [ 19%]
apps\api\app\tests\test_autonomy_service.py ............................ [ 21%]
......                                                                   [ 22%]
apps\api\app\tests\test_boundary.py .................................... [ 24%]
......                                                                   [ 25%]
apps\api\app\tests\test_boundary_api.py ...                              [ 25%]
apps\api\app\tests\test_boundary_properties.py ...........               [ 26%]
apps\api\app\tests\test_boundary_service.py ............................ [ 28%]
................                                                         [ 29%]
apps\api\app\tests\test_compilation_api.py .....                         [ 30%]
apps\api\app\tests\test_decision_recording_integration.py ...........    [ 31%]
apps\api\app\tests\test_decision_trace_api.py ...                        [ 31%]
apps\api\app\tests\test_decision_trace_audit.py .........                [ 32%]
apps\api\app\tests\test_decision_trace_domain.py ....................... [ 33%]
.......................                                                  [ 35%]
apps\api\app\tests\test_decision_trace_migration.py ..                   [ 35%]
apps\api\app\tests\test_decision_trace_reset.py F

================================== FAILURES ===================================
_ test_reset_after_actual_three_phase_execution_is_repeatable_and_preserves_other_tenant _

demo_engine = Engine(postgresql+psycopg://bounded:***@127.0.0.1:54329/bf_test_52041e7673154c16acc31fbd536dcdde)

    def test_reset_after_actual_three_phase_execution_is_repeatable_and_preserves_other_tenant(
        demo_engine: Engine,
    ) -> None:
        initial = seed_demo(demo_engine)
        root_id, action_id, child_id = other_tenant_links(demo_engine)
        baseline = database_snapshot(demo_engine)
        completed_transfer(demo_engine)
        with Session(demo_engine) as session:
            assert (
                session.scalar(
                    select(DecisionRun.id).where(
                        DecisionRun.user_id == DEMO_USER_ID,
                        DecisionRun.subject_action_plan_id.is_not(None),
                    )
                )
                is not None
            )
        assert seed_demo(demo_engine) == initial
>       assert database_snapshot(demo_engine) == baseline
E       assert '{"accounts":.../Shanghai"}]}' == '{"accounts":.../Shanghai"}]}'
E         
E         Skipping 9741 identical leading characters in diff, use -v to show
E         - st_hash": null, "archive_record_counts": {}, "canonical_version": "audit-canonical-json-v1", "created_at": "2026-10-04 12:21:28.635795+00:00", "epoch_number": 1, "event_count": 1, "genesis_event_hash": "6cd8cc1888ed775e301c8a6112e35536582344af31655fe574436ffef1a3d5b9", "genesis_event_id": "d9d3e61c-9864-4f95-a99b-efdae85918b9", "id": "a5c161f1-ad6f-4fc8-847e-f41900b61ca6", "last_event_hash": "6cd8cc1888ed775e301c8a6112e35536582344af31655fe574436ffef1a3d5b9", "last_event_id": "d9d3e61c-9864-4f95-a99b-efd...
E         
E         ...Full output truncated (2 lines hidden), use '-vv' to show

apps\api\app\tests\test_decision_trace_reset.py:124: AssertionError
============================== warnings summary ===============================
.venv\Lib\site-packages\fastapi\testclient.py:1
  F:\学校活动\工行杯\钱途有界\bounded-funds\.venv\Lib\site-packages\fastapi\testclient.py:1: StarletteDeprecationWarning: Using `httpx` with `starlette.testclient` is deprecated; install `httpx2` instead.
    from starlette.testclient import TestClient as TestClient  # noqa

-- Docs: https://docs.pytest.org/en/stable/how-to/capture-warnings.html
=========================== short test summary info ===========================
FAILED apps/api/app/tests/test_decision_trace_reset.py::test_reset_after_actual_three_phase_execution_is_repeatable_and_preserves_other_tenant
!!!!!!!!!!!!!!!!!!!!!!!!!! stopping after 1 failures !!!!!!!!!!!!!!!!!!!!!!!!!!
============ 1 failed, 464 passed, 1 warning in 9263.84s (2:34:23) ============
