{
  "simulation": true,
  "seed_version": "mvp-301-v6",
  "user_id": "271a9827-f82a-5be6-9e0a-50f721029fb0",
  "as_of": "2026-10-03T16:00:00Z",
  "period_start": "2026-08-05",
  "period_end": "2026-10-03",
  "days": 60,
  "counts": {
    "asset_products": 6,
    "users": 1,
    "accounts": 5,
    "decision_runs": 0,
    "evidence_items": 254,
    "policies": 0,
    "credit_card_bills": 3,
    "policy_proposals": 0,
    "policy_versions": 0,
    "transactions": 129,
    "decision_constraints": 0,
    "goals": 0,
    "asset_positions": 3,
    "action_plans": 0,
    "action_receipts": 0,
    "action_resource_reservations": 0,
    "simulated_bank_redemptions": 0,
    "audit_events": 0,
    "bank_operations": 0,
    "simulated_bank_postings": 7
  },
  "cash_balance_cents": 3462400,
  "asset_principal_cents": 500000,
  "asset_yield_cents": 0,
  "total_asset_cents": 3962400,
  "credit_card_unpaid_cents": 145000,
  "dataset_sha256": "dbbc4819f11e156ddcc11a2af3d08739cbe4101c9d2f547469fa3dd05101e2d0"
}
