{
  "schema_version": "audit-cli-verification-v1",
  "simulation": true,
  "user_id": "271a9827-f82a-5be6-9e0a-50f721029fb0",
  "status": "NOT_VERIFIED",
  "verification_scope": "ALL_RETAINED_EPOCHS",
  "isolation": "repeatable read",
  "read_only": true,
  "selected_epoch_count": 0,
  "registered_epoch_count": 0,
  "legacy_event_count": 0,
  "issues": [],
  "checkpoint_origin": null,
  "epochs": [
    {
      "schema_version": "audit-verification-v1",
      "simulation": true,
      "user_id": "271a9827-f82a-5be6-9e0a-50f721029fb0",
      "epoch_id": null,
      "status": "LEGACY_UNAUDITED",
      "chain_status": "LEGACY_UNAUDITED",
      "reference_status": "LEGACY_UNAUDITED",
      "checkpoint_status": "NOT_REQUESTED",
      "actual_count": 0,
      "expected_count": 0,
      "actual_tail_id": null,
      "actual_tail_hash": null,
      "expected_tail_id": null,
      "expected_tail_hash": null,
      "verified_through_sequence": 0,
      "errors": [
        {
          "code": "HEAD_MISSING",
          "sequence_number": null,
          "event_id": null,
          "reference": null,
          "message": "不存在已注册的审计轮次"
        }
      ],
      "warnings": [],
      "errors_truncated": false
    }
  ]
}
