$ playwright test
[2m[WebServer] [22mINFO:     Started server process [94616]
[2m[WebServer] [22mINFO:     Waiting for application startup.
[2m[WebServer] [22mINFO:     Application startup complete.
[2m[WebServer] [22mINFO:     Uvicorn running on http://127.0.0.1:18000 (Press CTRL+C to quit)
[2m[WebServer] [22m{"event": "http_request", "request_id": "a64f4bde-901a-4ada-9b4c-e2d6596e7fbd", "method": "GET", "status": 200, "duration_ms": 47.0}
[2m[WebServer] [22m(node:57660) Warning: The 'NO_COLOR' env is ignored due to the 'FORCE_COLOR' env being set.
[2m[WebServer] [22m(Use `node --trace-warnings ...` to show where the warning was created)
[2m[WebServer] [22m[2m$ vite --host 127.0.0.1 --port 5173 "--port" "15173"[22m
[2m[WebServer] [22m(node:95368) Warning: The 'NO_COLOR' env is ignored due to the 'FORCE_COLOR' env being set.
[2m[WebServer] [22m(Use `node --trace-warnings ...` to show where the warning was created)

Running 1 test using 1 worker

(node:87080) Warning: The 'NO_COLOR' env is ignored due to the 'FORCE_COLOR' env being set.
(Use `node --trace-warnings ...` to show where the warning was created)
(node:87080) Warning: The 'NO_COLOR' env is ignored due to the 'FORCE_COLOR' env being set.
(Use `node --trace-warnings ...` to show where the warning was created)
[2m[WebServer] [22m{"event": "http_request", "request_id": "8d2a03d1-097a-4dd5-b9af-9df00237e06a", "method": "GET", "status": 200, "duration_ms": 15.0}
  ok 1 [edge] › tests\e2e\health.spec.ts:2:1 › Web 经代理连接真实模拟 API 并展示连接状态 (10.1s)

  1 passed (22.7s)

To open last HTML report run:
[36m[39m
[36m  pnpm exec playwright show-report[39m
[36m[39m
