============================= test session starts =============================
platform win32 -- Python 3.12.5, pytest-9.1.1, pluggy-1.6.0
rootdir: F:\学校活动\工行杯\钱途有界\bounded-funds
configfile: pyproject.toml
testpaths: apps/api/app/tests
plugins: anyio-4.15.1, hypothesis-6.168.3, cov-7.1.0
collected 1006 items

apps\api\app\tests\test_account_api.py .........                         [  0%]
apps\api\app\tests\test_asset_allocation.py ............................ [  3%]
.......                                                                  [  4%]
apps\api\app\tests\test_asset_allocation_api.py ....                     [  4%]
apps\api\app\tests\test_asset_allocation_properties.py ................. [  6%]
                                                                         [  6%]
apps\api\app\tests\test_asset_allocation_service.py .................... [  8%]
................                                                         [ 10%]
apps\api\app\tests\test_boundary.py .................................... [ 13%]
......                                                                   [ 14%]
apps\api\app\tests\test_boundary_api.py ...                              [ 14%]
apps\api\app\tests\test_boundary_properties.py ...........               [ 15%]
apps\api\app\tests\test_boundary_service.py ............................ [ 18%]
................                                                         [ 19%]
apps\api\app\tests\test_compilation_api.py .....                         [ 20%]
apps\api\app\tests\test_demo_seed.py ................                    [ 22%]
apps\api\app\tests\test_discovery_api.py ..                              [ 22%]
apps\api\app\tests\test_errors.py ....                                   [ 22%]
apps\api\app\tests\test_execution_api.py ..                              [ 22%]
apps\api\app\tests\test_execution_api_audit.py .....                     [ 23%]
apps\api\app\tests\test_execution_bank.py ................               [ 24%]
apps\api\app\tests\test_execution_context.py ..................          [ 26%]
apps\api\app\tests\test_execution_domain.py ............................ [ 29%]
................                                                         [ 31%]
apps\api\app\tests\test_execution_exposure.py ..                         [ 31%]
apps\api\app\tests\test_execution_exposure_service.py .                  [ 31%]
apps\api\app\tests\test_execution_failures.py ....                       [ 31%]
apps\api\app\tests\test_execution_goal_creation.py ..                    [ 32%]
apps\api\app\tests\test_execution_projection.py .............            [ 33%]
apps\api\app\tests\test_execution_receipt_integrity.py ...               [ 33%]
apps\api\app\tests\test_execution_redemption_flow.py ..                  [ 33%]
apps\api\app\tests\test_execution_reservations.py ...                    [ 34%]
apps\api\app\tests\test_execution_seed.py ..                             [ 34%]
apps\api\app\tests\test_execution_service.py ...........                 [ 35%]
apps\api\app\tests\test_execution_sources.py .....                       [ 35%]
apps\api\app\tests\test_goal_allocation.py ............................. [ 38%]
.........                                                                [ 39%]
apps\api\app\tests\test_goal_allocation_properties.py .............      [ 40%]
apps\api\app\tests\test_goal_allocation_service.py ..................... [ 43%]
......                                                                   [ 43%]
apps\api\app\tests\test_goal_api.py .....                                [ 44%]
apps\api\app\tests\test_health.py ..                                     [ 44%]
apps\api\app\tests\test_history_coverage.py ...........                  [ 45%]
apps\api\app\tests\test_income_ledger.py ...........                     [ 46%]
apps\api\app\tests\test_income_ledger_service.py ...........             [ 47%]
apps\api\app\tests\test_living_reserve.py .............................. [ 50%]
...                                                                      [ 50%]
apps\api\app\tests\test_living_reserve_api.py ...                        [ 51%]
apps\api\app\tests\test_living_reserve_service.py ...................... [ 53%]
......                                                                   [ 53%]
apps\api\app\tests\test_migrations.py ............                       [ 55%]
apps\api\app\tests\test_policy_api.py ....                               [ 55%]
apps\api\app\tests\test_policy_compilation.py .......................... [ 58%]
..........                                                               [ 59%]
apps\api\app\tests\test_policy_compiler.py ............................. [ 62%]
....................................                                     [ 65%]
apps\api\app\tests\test_policy_configuration.py ........................ [ 67%]
........................................................................ [ 75%]
.........................................................                [ 80%]
apps\api\app\tests\test_policy_discovery.py ............................ [ 83%]
....................                                                     [ 85%]
apps\api\app\tests\test_policy_lifecycle.py ............................ [ 88%]
.                                                                        [ 88%]
apps\api\app\tests\test_recovery.py .................................... [ 92%]
...............................                                          [ 95%]
apps\api\app\tests\test_recovery_api.py ...........                      [ 96%]
apps\api\app\tests\test_recovery_audit.py ......                         [ 96%]
apps\api\app\tests\test_recovery_goal_ownership.py .                     [ 96%]
apps\api\app\tests\test_recovery_income.py .                             [ 97%]
apps\api\app\tests\test_recovery_properties.py ............              [ 98%]
apps\api\app\tests\test_recovery_service.py .............                [ 99%]
apps\api\app\tests\test_simulated_bank.py .....                          [100%]

============================== warnings summary ===============================
.venv\Lib\site-packages\fastapi\testclient.py:1
  F:\学校活动\工行杯\钱途有界\bounded-funds\.venv\Lib\site-packages\fastapi\testclient.py:1: StarletteDeprecationWarning: Using `httpx` with `starlette.testclient` is deprecated; install `httpx2` instead.
    from starlette.testclient import TestClient as TestClient  # noqa

-- Docs: https://docs.pytest.org/en/stable/how-to/capture-warnings.html
=============================== tests coverage ================================
_______________ coverage: platform win32, python 3.12.5-final-0 _______________

Name                                              Stmts   Miss  Cover   Missing
-------------------------------------------------------------------------------
apps\api\app\__init__.py                              0      0   100%
apps\api\app\api\__init__.py                          0      0   100%
apps\api\app\api\dependencies.py                     37      2    95%   21, 49
apps\api\app\api\errors.py                           20      0   100%
apps\api\app\api\v1\accounts.py                     128      0   100%
apps\api\app\api\v1\actions.py                       32      0   100%
apps\api\app\api\v1\assets.py                        13      0   100%
apps\api\app\api\v1\boundary.py                      12      0   100%
apps\api\app\api\v1\goals.py                         25      0   100%
apps\api\app\api\v1\living_reserve.py                26      0   100%
apps\api\app\api\v1\policies.py                     142      3    98%   172-174
apps\api\app\api\v1\recovery.py                      29      0   100%
apps\api\app\db\__init__.py                           0      0   100%
apps\api\app\db\base.py                              29      0   100%
apps\api\app\db\models.py                           294      0   100%
apps\api\app\db\session.py                           16      0   100%
apps\api\app\db\settings.py                          15      0   100%
apps\api\app\db\testing.py                           28      0   100%
apps\api\app\domain\asset_allocation.py             217     19    91%   80, 86, 88, 126, 158, 176, 179, 187, 200, 345, 357, 365, 371, 374, 433, 441, 451, 461, 495
apps\api\app\domain\asset_allocation_types.py       114      3    97%   46, 84, 86
apps\api\app\domain\asset_exposure.py                62      3    95%   37, 55, 130
apps\api\app\domain\boundary.py                     200     10    95%   51, 97, 162, 188, 211, 230, 233, 284, 292, 322
apps\api\app\domain\boundary_types.py               135      2    99%   61, 76
apps\api\app\domain\demo_identity.py                  3      0   100%
apps\api\app\domain\execution.py                    277     35    87%   127, 159, 197, 213, 220, 257, 271, 275, 314, 319-322, 336, 360, 372, 374, 390, 404, 416, 440, 456, 459, 471, 474, 506, 532, 536, 539, 556, 562, 625, 630, 642, 647
apps\api\app\domain\execution_types.py              172     24    86%   91, 93, 95, 99, 101, 113, 115, 136, 140, 144, 147, 152, 159, 161, 180, 195, 201, 206, 211, 215, 217, 221, 226, 228
apps\api\app\domain\goal_allocation.py              173     11    94%   45, 49, 95, 134, 145, 151, 162, 235, 240, 301, 321
apps\api\app\domain\history_coverage.py              71      2    97%   139, 143
apps\api\app\domain\income_ledger.py                174     11    94%   39, 146, 151, 153, 160, 190, 194, 199, 201, 267, 310
apps\api\app\domain\living_reserve.py               153      3    98%   71-72, 135
apps\api\app\domain\policy_compiler.py              280     13    95%   30, 55, 67, 98-99, 117-118, 198, 283-284, 287-288, 387
apps\api\app\domain\policy_configuration.py         159      2    99%   47, 50
apps\api\app\domain\recovery.py                     228     17    93%   54, 197-204, 327, 405, 411, 423, 441, 446, 465, 485, 498-499, 516, 534, 548, 564
apps\api\app\domain\recovery_types.py                84      2    98%   46, 48
apps\api\app\main.py                                 63      0   100%
apps\api\app\services\action_contracts.py            71      1    99%   59
apps\api\app\services\asset_allocation.py            70      6    91%   40, 76, 80, 141, 183-184
apps\api\app\services\asset_exposure_import.py      260     50    81%   35, 38, 44, 58, 135, 138, 142, 162, 170, 205, 231, 234, 249, 257, 259, 267, 290, 294, 302-310, 315, 333, 336-343, 356, 369, 377, 388, 394-406, 408, 411, 425-433, 464, 467, 476, 503, 515, 531, 537, 539-541
apps\api\app\services\boundary.py                   372     42    89%   105-106, 146-147, 196-197, 249-250, 283, 309, 315, 330, 366, 368, 372, 377, 385-387, 436, 443, 456, 459, 502, 505, 508, 545, 548, 557, 562, 624, 630, 672, 678, 691, 706, 735-736, 742, 767, 821-822
apps\api\app\services\demo_seed.py                  189      2    99%   467, 714
apps\api\app\services\execution.py                  221     18    92%   97, 152, 167, 172, 187, 207, 229, 232, 265, 291, 360, 395, 430-431, 452, 467, 491, 506
apps\api\app\services\execution_bank.py             327     51    84%   53, 59, 62-63, 71, 102, 107, 198, 203, 210, 227, 234, 240, 244, 248, 253, 255, 260, 269, 283, 288, 311, 316, 344, 406, 493, 512, 520, 531, 540, 549, 555, 559, 572, 575, 616-620, 633, 654, 658, 695, 700, 716, 733, 736-737, 774, 785
apps\api\app\services\execution_context.py          166     25    85%   42, 47, 55, 93-94, 122, 127, 167, 173-175, 177-179, 187, 194-197, 214, 250, 293, 325, 330, 338, 343, 359
apps\api\app\services\execution_exposure.py          85     13    85%   53, 65, 122, 128, 139, 142, 145-152, 173, 176, 186, 199
apps\api\app\services\execution_planning.py         156     29    81%   35, 45, 57, 61, 67, 77, 95, 103, 122, 150, 184, 205, 208-210, 239, 272, 277-284, 287, 297, 300, 310
apps\api\app\services\execution_projection.py       293     34    88%   65, 76, 111-113, 226, 261, 425, 431, 434, 458, 470, 501, 516, 544, 556, 564-565, 575, 582, 584, 627, 671, 677, 699, 721, 733, 748, 778, 795, 855, 861, 868, 880
apps\api\app\services\execution_reservations.py      79     10    87%   32, 36, 39, 50, 53, 78, 127, 130, 142, 144
apps\api\app\services\execution_sources.py          193     43    78%   39, 51, 64, 89, 110, 114-115, 165, 169, 175, 199, 222, 231, 233-248, 290, 303, 305-308, 317-318, 320, 327, 346, 348, 353, 362, 365, 373, 395, 412, 414, 429, 432, 438, 448
apps\api\app\services\goal_allocation.py            141      5    96%   104, 146, 167, 271-272
apps\api\app\services\goals.py                       91      6    93%   56, 60, 62, 81, 83, 101
apps\api\app\services\income_ledger.py              215     29    87%   90, 134, 139, 157, 175, 184, 191, 227, 240, 256, 269, 309, 313, 322-323, 352-353, 388-389, 401, 422-424, 430, 439, 451, 453-454, 476
apps\api\app\services\living_reserve.py             162     14    91%   61, 66-67, 81-82, 95, 98, 113, 122, 125, 229-230, 318-319
apps\api\app\services\policy_compilation.py         159      9    94%   43, 51, 53, 58-59, 94-95, 255, 257
apps\api\app\services\policy_discovery.py           155      6    96%   40, 46-47, 64-65, 195
apps\api\app\services\policy_lifecycle.py           349     29    92%   62, 69, 106, 121, 124-126, 134, 145-146, 163-164, 199, 238, 271, 283-286, 321, 348, 413, 553, 605, 662, 700, 741, 743, 798, 805
apps\api\app\services\recovery.py                   181      6    97%   110, 112, 118, 169, 281, 409
apps\api\app\services\recovery_projection.py        119     13    89%   52, 152, 168, 192, 197-199, 205, 249-251, 285, 292
apps\api\app\services\recovery_sources.py           118     17    86%   29, 61, 72, 84, 95, 104, 113-114, 156, 170-171, 183, 196, 202, 213, 234-235
apps\api\app\services\simulated_bank.py             227     38    83%   68, 72, 80, 88, 92, 144, 151, 153, 197, 213-228, 230, 262, 277, 296, 302, 319, 354, 356, 358, 392, 397, 402, 404, 407-408, 447, 459, 477-478, 512, 522, 565
-------------------------------------------------------------------------------
TOTAL                                              7810    658    92%
================ 1006 passed, 1 warning in 2178.98s (0:36:18) =================
