..F.                                                                     [100%]
================================== FAILURES ===================================
_ test_real_funding_income_is_used_for_new_effect_without_fabricated_fragment _

demo_engine = Engine(postgresql+psycopg://bounded:***@127.0.0.1:54329/bf_test_4a92d1e57e784ab3a6fe1113ac72c100)

    def test_real_funding_income_is_used_for_new_effect_without_fabricated_fragment(
        demo_engine: Engine,
    ) -> None:
        seed_demo(demo_engine)
        with Session(demo_engine) as session:
            account = session.scalar(
                select(Account)
                .where(
                    Account.user_id == DEMO_USER_ID,
                    Account.account_type == "CASH",
                    Account.balance_cents > 0,
                )
                .order_by(Account.balance_cents, Account.id)
            )
            assert account is not None
            cash_id, old_cash = account.id, account.balance_cents
        for kind, amount, counterparty in (
            ("CONSUMPTION", old_cash, "merchant"),
            ("INCOME", 100000, "payroll"),
        ):
            key = "real-income-funding-risk-" + kind + "-" + uuid4().hex
            request = ExternalFactRequest.model_validate_json(
                json.dumps(
                    {
                        "user_id": str(DEMO_USER_ID),
                        "kind": kind,
                        "account_id": str(cash_id),
                        "amount_cents": amount,
                        "counterparty_ref": counterparty,
                        "idempotency_key": key,
                        "external_ref": key,
                        "occurred_at": SEED_AS_OF.isoformat(),
                    }
                )
            )
            fact = ingest_external_fact(demo_engine, DEMO_USER_ID, request, SEED_AS_OF)
            assert fact.bank_status == "SETTLED" and fact.projection_status == "PROJECTED"
        reg = Registration(demo_engine, amount=10000, cash_account_ids=[str(cash_id)])
        with Session(demo_engine) as session:
            ledger = read_income_state(session, DEMO_USER_ID, SEED_AS_OF).ledger
            available = {
                fragment.fragment_id: fragment.available_cents for fragment in ledger.fragments
            }
        prepared = reg.prepare()
>       assert prepared["outcome"] == "PREPARED", prepared
E       AssertionError: {'protocol': 'mvp-five-arm-service-protocol-v1', 'bindings': {'experiment_run_id': '121968cb-1a81-4902-aded-f0aad387f5...d': 'B1', 'execution_mode': 'SERVICE_INTEGRATION', ...}, 'stage': 'PREPARE', 'outcome': 'COMMON_GATEWAY_REJECTED', ...}
E       assert 'COMMON_GATEWAY_REJECTED' == 'PREPARED'
E         
E         - PREPARED
E         + COMMON_GATEWAY_REJECTED

apps\api\app\tests\test_experiment_arms.py:627: AssertionError
=========================== short test summary info ===========================
FAILED apps/api/app/tests/test_experiment_arms.py::test_real_funding_income_is_used_for_new_effect_without_fabricated_fragment
1 failed, 3 passed in 110.38s (0:01:50)
