...............................................................F........ [ 52%]
..................................................................       [100%]
================================== FAILURES ===================================
__________ test_calendar_overflow_is_a_controlled_input_error[10-2] ___________

month = 10, day = 2

    @pytest.mark.parametrize("month,day", [(12, 31), (10, 2)])
    def test_calendar_overflow_is_a_controlled_input_error(month: int, day: int) -> None:
        base = snapshot().model_copy(update={"as_of": datetime(9999, month, day, tzinfo=UTC)})
        emergency = policy(30, {"type": "emergency_buffer", "amount_cents": 1})
        with pytest.raises(ValueError, match="date"):
>           compute_boundary(base, [emergency], [], [])

apps\api\app\tests\test_boundary.py:526: 
_ _ _ _ _ _ _ _ _ _ _ _ _ _ _ _ _ _ _ _ _ _ _ _ _ _ _ _ _ _ _ _ _ _ _ _ _ _ _ _
apps\api\app\domain\boundary.py:773: in compute_boundary
    return _compute_boundary_core(snapshot, active_policy_versions, positions, products).boundary
           ^^^^^^^^^^^^^^^^^^^^^^^^^^^^^^^^^^^^^^^^^^^^^^^^^^^^^^^^^^^^^^^^^^^^^^^^^^^^^
apps\api\app\domain\boundary.py:664: in _compute_boundary_core
    "emergency": sum(
apps\api\app\domain\boundary.py:668: in <genexpr>
    and _active(item, current, zone)
        ^^^^^^^^^^^^^^^^^^^^^^^^^^^^
_ _ _ _ _ _ _ _ _ _ _ _ _ _ _ _ _ _ _ _ _ _ _ _ _ _ _ _ _ _ _ _ _ _ _ _ _ _ _ _

policy = _FinancialPolicyParameters(policy_id=UUID('00000000-0000-0000-0000-00000000001e'), source_version_id=UUID('00000000-00...etime.datetime(2026, 10, 4, 0, 0, tzinfo=datetime.timezone.utc), valid_until=None, evidence_ids=(), hypothetical=False)
day = datetime.date(9999, 12, 31)
zone = datetime.timezone(datetime.timedelta(seconds=28800))

    def _active(policy: _FinancialPolicyParameters, day: date, zone: timezone) -> bool:
        start = datetime.combine(day, time.min, zone)
>       end = start + timedelta(days=1)
              ^^^^^^^^^^^^^^^^^^^^^^^^^
E       OverflowError: date value out of range

apps\api\app\domain\boundary.py:77: OverflowError
============================== warnings summary ===============================
.venv\Lib\site-packages\fastapi\testclient.py:1
  F:\学校活动\工行杯\钱途有界\bounded-funds\.venv\Lib\site-packages\fastapi\testclient.py:1: StarletteDeprecationWarning: Using `httpx` with `starlette.testclient` is deprecated; install `httpx2` instead.
    from starlette.testclient import TestClient as TestClient  # noqa

apps/api/app/tests/test_boundary_details.py::test_invalid_money_still_fails_at_original_input_revalidation[1.25]
  F:\学校活动\工行杯\钱途有界\bounded-funds\.venv\Lib\site-packages\pydantic\main.py:475: UserWarning: Pydantic serializer warnings:
    PydanticSerializationUnexpectedValue(Expected `int` - serialized value may not be as expected [field_name='balance_cents', input_value=1.25, input_type=float])
    return self.__pydantic_serializer__.to_python(

.venv\Lib\site-packages\_pytest\cacheprovider.py:469
  F:\学校活动\工行杯\钱途有界\bounded-funds\.venv\Lib\site-packages\_pytest\cacheprovider.py:469: PytestCacheWarning: could not create cache path F:\学校活动\工行杯\钱途有界\bounded-funds\.runtime\pytest-annual-projection\v\cache\nodeids: [WinError 5] 拒绝访问。: 'F:\\学校活动\\工行杯\\钱途有界\\bounded-funds\\.runtime\\pytest-cache-files-vapdoa14'
    config.cache.set("cache/nodeids", sorted(self.cached_nodeids))

.venv\Lib\site-packages\_pytest\cacheprovider.py:423
  F:\学校活动\工行杯\钱途有界\bounded-funds\.venv\Lib\site-packages\_pytest\cacheprovider.py:423: PytestCacheWarning: could not create cache path F:\学校活动\工行杯\钱途有界\bounded-funds\.runtime\pytest-annual-projection\v\cache\lastfailed: [WinError 5] 拒绝访问。: 'F:\\学校活动\\工行杯\\钱途有界\\bounded-funds\\.runtime\\pytest-cache-files-_vdg30ln'
    config.cache.set("cache/lastfailed", self.lastfailed)

-- Docs: https://docs.pytest.org/en/stable/how-to/capture-warnings.html
=========================== short test summary info ===========================
FAILED apps/api/app/tests/test_boundary.py::test_calendar_overflow_is_a_controlled_input_error[10-2]
1 failed, 137 passed, 4 warnings in 8.29s
