........F..........F.FF.............                                     [100%]
================================== FAILURES ===================================
_ test_real_fixed_price_requires_exact_consent_and_conserves_original_bank_legs_once _

demo_engine = Engine(postgresql+psycopg://bounded:***@127.0.0.1:54329/bf_test_b1cb3bb79ab1492c8660117cb5b7bfe5)
fixed_purchase = FixedPurchase(position_id=UUID('19da252d-3d8e-5735-a539-4f63d46e0f87'), product_id=UUID('99d37933-b2e3-5ce9-be7a-3804befd8edc'), bank_operation_id=UUID('91464264-7349-4ded-8095-7a245709bb5a'), cash_before_purchase_cents=3462400)

    def test_real_fixed_price_requires_exact_consent_and_conserves_original_bank_legs_once(
        demo_engine: Engine, fixed_purchase: FixedPurchase
    ) -> None:
        before_quote = json.loads(database_snapshot(demo_engine))
        quote = issue_fixed_early_quote(
            demo_engine, DEMO_USER_ID, fixed_purchase.position_id, PRICE_NOW
        )
        assert quote.kind == "EARLY_WITHDRAW" and quote.principal_cents == 50000
        assert (quote.fee_cents, quote.loss_cents, quote.net_cents) == (0, 100, 49900)
        assert quote.principal_available_at == PRICE_NOW
        assert quote.expires_at == PRICE_NOW + timedelta(minutes=15)
        after_quote = json.loads(database_snapshot(demo_engine))
        for table, rows in before_quote.items():
            if table != "evidence_items":
                assert after_quote[table] == rows
        evidence = {row["id"]: row for row in after_quote["evidence_items"]}
        for original in before_quote["evidence_items"]:
            assert evidence[original["id"]] == original
        added = evidence.keys() - {row["id"] for row in before_quote["evidence_items"]}
        assert added == {str(quote.quote_id)}
        proof = evidence[str(quote.quote_id)]
        assert proof["evidence_level"] == "BANK_CONFIRMED" and proof["status"] == "VALID"
        assert proof["content"]["quote"] == quote.model_dump(mode="json")
        assert proof["content_hash"] == configuration_hash(proof["content"])
        replay_snapshot = database_snapshot(demo_engine)
        assert (
            issue_fixed_early_quote(
                demo_engine,
                DEMO_USER_ID,
                fixed_purchase.position_id,
                PRICE_NOW + timedelta(microseconds=250_000),
            )
            == quote
        )
        assert database_snapshot(demo_engine) == replay_snapshot
>       prepared = prepare_action(
            demo_engine,
            DEMO_USER_ID,
            PrepareActionRequest(
                idempotency_key="real-fixed-redemption-for-price",
                intent=RedeemIntent(kind="redeem_asset", position_id=fixed_purchase.position_id),
            ),
            PRICE_NOW + timedelta(seconds=1),
        )

apps\api\app\tests\test_simulated_redemption_quote.py:192: 
_ _ _ _ _ _ _ _ _ _ _ _ _ _ _ _ _ _ _ _ _ _ _ _ _ _ _ _ _ _ _ _ _ _ _ _ _ _ _ _

engine = Engine(postgresql+psycopg://bounded:***@127.0.0.1:54329/bf_test_b1cb3bb79ab1492c8660117cb5b7bfe5)
user_id = UUID('271a9827-f82a-5be6-9e0a-50f721029fb0')
request = PrepareActionRequest(idempotency_key='real-fixed-redemption-for-price', intent=RedeemIntent(kind='redeem_asset', position_id=UUID('19da252d-3d8e-5735-a539-4f63d46e0f87')))
now = datetime.datetime(2026, 10, 4, 1, 0, 5, tzinfo=datetime.timezone.utc)

    def prepare_action(
        engine: Engine, user_id: UUID, request: PrepareActionRequest, now: datetime
    ) -> ActionResponse:
        request = PrepareActionRequest.model_validate_json(request.model_dump_json())
        now = _clock(now)
        key = "action:" + configuration_hash({"key": request.idempotency_key})
        intent = request.intent.model_dump(mode="json")
        with Session(engine) as session, session.begin():
            _lock_user(session, user_id)
            existing = session.scalar(
                select(ActionPlan).where(
                    ActionPlan.user_id == user_id, ActionPlan.idempotency_key == key
                )
            )
            if existing is not None:
                if existing.request.get("intent") != intent:
                    raise PolicyLifecycleError(
                        "IDEMPOTENCY_CONFLICT", "同一幂等键不能改变原始意图", 409
                    )
                return get_action(session, user_id, existing.id, now)
            action_id = uuid4()
            from app.services.decision_recording import record_execution_trace, start_capture
    
            start_capture(session)
            effect = _build_effect(session, user_id, action_id, request, now)
            context = load_execution_context(session, user_id, effect, now)
            validation = revalidate_execution(effect, context)
            if validation.status not in {"READY", "CONFIRMATION_REQUIRED"}:
>               raise PolicyLifecycleError(
                    "EXECUTION_NOT_READY", "动作不能安全准备：" + ",".join(validation.reasons), 409
                )
E               app.services.policy_lifecycle.PolicyLifecycleError: 动作不能安全准备：REDEMPTION_DOES_NOT_SAFELY_IMPROVE_DEFICIT

apps\api\app\services\execution.py:68: PolicyLifecycleError
_ test_bank_response_loss_is_unknown_after_real_commit_then_replays_same_action _

demo_engine = Engine(postgresql+psycopg://bounded:***@127.0.0.1:54329/bf_test_a149fcde9ce9498a9246650272dd409a)

    def test_bank_response_loss_is_unknown_after_real_commit_then_replays_same_action(
        demo_engine: Engine,
    ) -> None:
        prepared = prepare_fixed(demo_engine)
        step = ScenarioStep(
            step_id="execute",
            kind="EXECUTE_ACTION",
            at=NOW + timedelta(seconds=3),
            inputs={"action_id": str(prepared.action_id)},
            fault="DROP_BANK_RESPONSE",
        )
        result = ScenarioRunner(demo_engine, DEMO_USER_ID).run(scenario(demo_engine, step))
        assert (
            result.status == "FAILED"
            and result.steps[0]["error"]["code"] == "SIMULATED_BANK_RESPONSE_LOST"
        )
        with Session(demo_engine) as session:
            action = session.get(ActionPlan, prepared.action_id)
            bank = session.get(BankOperation, prepared.action_id)
            assert action is not None and action.status == "UNKNOWN"
            assert bank is not None and bank.status == "SETTLED"
            bank_original = (bank.request_hash, bank.settled_at)
            assert (
                session.scalars(
                    select(ActionReceipt).where(ActionReceipt.action_plan_id == action.id)
                ).all()
                == []
            )
        actual = execute_action(
            demo_engine, DEMO_USER_ID, prepared.action_id, NOW + timedelta(seconds=4)
        )
>       assert actual.status == "RECONCILED" and actual.receipt is not None
E       AssertionError: assert ('SUCCEEDED' == 'RECONCILED'
E         
E         - RECONCILED
E         + SUCCEEDED)

apps\api\app\tests\test_scenario_runner.py:132: AssertionError
_ test_legacy_receipt_rpc_and_no_loss_property_use_original_protocol_readonly[False] _

boundary_engine = Engine(postgresql+psycopg://bounded:***@127.0.0.1:54329/bf_test_ac8b29e6d0cc4dfdb5d360b3f1b35c7f)
mature = False

    @pytest.mark.parametrize("mature", [False, True])
    def test_legacy_receipt_rpc_and_no_loss_property_use_original_protocol_readonly(
        boundary_engine: Engine, mature: bool
    ) -> None:
        request_id, receipt_id = settled(boundary_engine, mature=mature)
        with Session(boundary_engine) as session:
            receipt = session.get(ActionReceipt, receipt_id)
            assert receipt is not None
            action_id = receipt.action_plan_id
        original = database_snapshot(boundary_engine)
        runner = ScenarioRunner(boundary_engine, DEMO_USER_ID)
        result = runner.rpc(
            ScenarioRPC(
                scenario_id="legacy-real",
                purpose="DEVELOPMENT",
                operation="verify_legacy_recovery",
                expected_epoch_id=epoch(boundary_engine),
                action_id=action_id,
            ),
            SEED_AS_OF,
        )
        assert result["verified"] is True and result["bank_request_id"] == str(request_id)
        assert result["receipt_id"] == str(receipt_id) and result["receipt"]["action_plan_id"] == str(
            action_id
        )
        assert result["receipt"]["fee_cents"] == result["receipt"]["loss_cents"] == 0
        properties = runner.check_properties(["NO_LOSS_AUTOMATIC"], epoch(boundary_engine), SEED_AS_OF)
>       assert properties[0].passed, properties[0].detail
E       AssertionError: {'error_code': 'INVALID_SCENARIO_INPUT', 'message': 'The original action protocol is absent or ambiguous'}
E       assert False
E        +  where False = PropertyResult(name='NO_LOSS_AUTOMATIC', passed=False, scope='Actual current epoch; unseen and FULL-family cases untested', detail={'error_code': 'INVALID_SCENARIO_INPUT', 'message': 'The original action protocol is absent or ambiguous'}).passed

apps\api\app\tests\test_scenario_runner.py:191: AssertionError
_ test_legacy_receipt_rpc_and_no_loss_property_use_original_protocol_readonly[True] _

boundary_engine = Engine(postgresql+psycopg://bounded:***@127.0.0.1:54329/bf_test_6a6eb9e4bad244059f18c5c77751e383)
mature = True

    @pytest.mark.parametrize("mature", [False, True])
    def test_legacy_receipt_rpc_and_no_loss_property_use_original_protocol_readonly(
        boundary_engine: Engine, mature: bool
    ) -> None:
        request_id, receipt_id = settled(boundary_engine, mature=mature)
        with Session(boundary_engine) as session:
            receipt = session.get(ActionReceipt, receipt_id)
            assert receipt is not None
            action_id = receipt.action_plan_id
        original = database_snapshot(boundary_engine)
        runner = ScenarioRunner(boundary_engine, DEMO_USER_ID)
        result = runner.rpc(
            ScenarioRPC(
                scenario_id="legacy-real",
                purpose="DEVELOPMENT",
                operation="verify_legacy_recovery",
                expected_epoch_id=epoch(boundary_engine),
                action_id=action_id,
            ),
            SEED_AS_OF,
        )
        assert result["verified"] is True and result["bank_request_id"] == str(request_id)
        assert result["receipt_id"] == str(receipt_id) and result["receipt"]["action_plan_id"] == str(
            action_id
        )
        assert result["receipt"]["fee_cents"] == result["receipt"]["loss_cents"] == 0
        properties = runner.check_properties(["NO_LOSS_AUTOMATIC"], epoch(boundary_engine), SEED_AS_OF)
>       assert properties[0].passed, properties[0].detail
E       AssertionError: {'error_code': 'INVALID_SCENARIO_INPUT', 'message': 'The original action protocol is absent or ambiguous'}
E       assert False
E        +  where False = PropertyResult(name='NO_LOSS_AUTOMATIC', passed=False, scope='Actual current epoch; unseen and FULL-family cases untested', detail={'error_code': 'INVALID_SCENARIO_INPUT', 'message': 'The original action protocol is absent or ambiguous'}).passed

apps\api\app\tests\test_scenario_runner.py:191: AssertionError
============================== warnings summary ===============================
.venv\Lib\site-packages\fastapi\testclient.py:1
  F:\学校活动\工行杯\钱途有界\bounded-funds\.venv\Lib\site-packages\fastapi\testclient.py:1: StarletteDeprecationWarning: Using `httpx` with `starlette.testclient` is deprecated; install `httpx2` instead.
    from starlette.testclient import TestClient as TestClient  # noqa

-- Docs: https://docs.pytest.org/en/stable/how-to/capture-warnings.html
=========================== short test summary info ===========================
FAILED apps/api/app/tests/test_simulated_redemption_quote.py::test_real_fixed_price_requires_exact_consent_and_conserves_original_bank_legs_once
FAILED apps/api/app/tests/test_scenario_runner.py::test_bank_response_loss_is_unknown_after_real_commit_then_replays_same_action
FAILED apps/api/app/tests/test_scenario_runner.py::test_legacy_receipt_rpc_and_no_loss_property_use_original_protocol_readonly[False]
FAILED apps/api/app/tests/test_scenario_runner.py::test_legacy_receipt_rpc_and_no_loss_property_use_original_protocol_readonly[True]
4 failed, 32 passed, 1 warning in 648.38s (0:10:48)
