F                                                                        [100%]
================================== FAILURES ===================================
___ test_complete_single_goal_joint_maps_only_to_the_exact_existing_effect ____
apps\api\app\tests\test_full_action_set_joint_producers.py:256: in test_complete_single_goal_joint_maps_only_to_the_exact_existing_effect
    assert result.joint_family_complete, result.reasons
E   AssertionError: ['JOINT_FULL_ORIGINAL_SOLVER_SOURCES_OR_1098_POINTS_NOT_REPLAYED']
E   assert False
E    +  where False = JointActionSetResult(algorithm_version='full-policy-joint-action-producers-v1', simulation=True, bank_authority=False,...3a3a99ee33804748262fb2d179ac9edb48f15', result_hash='49f058790b6f0ef4c283b7a984c7d1e5bdc994ec251e41fe63bcb2e904db79ae').joint_family_complete
============================== warnings summary ===============================
.venv\Lib\site-packages\fastapi\testclient.py:1
  F:\学校活动\工行杯\钱途有界\bounded-funds\.venv\Lib\site-packages\fastapi\testclient.py:1: StarletteDeprecationWarning: Using `httpx` with `starlette.testclient` is deprecated; install `httpx2` instead.
    from starlette.testclient import TestClient as TestClient  # noqa

.venv\Lib\site-packages\_pytest\cacheprovider.py:469
  F:\学校活动\工行杯\钱途有界\bounded-funds\.venv\Lib\site-packages\_pytest\cacheprovider.py:469: PytestCacheWarning: could not create cache path F:\学校活动\工行杯\钱途有界\bounded-funds\.pytest_cache\v\cache\nodeids: [WinError 5] 拒绝访问。: 'F:\\学校活动\\工行杯\\钱途有界\\bounded-funds\\.pytest_cache\\v\\cache'
    config.cache.set("cache/nodeids", sorted(self.cached_nodeids))

.venv\Lib\site-packages\_pytest\cacheprovider.py:423
  F:\学校活动\工行杯\钱途有界\bounded-funds\.venv\Lib\site-packages\_pytest\cacheprovider.py:423: PytestCacheWarning: could not create cache path F:\学校活动\工行杯\钱途有界\bounded-funds\.pytest_cache\v\cache\lastfailed: [WinError 5] 拒绝访问。: 'F:\\学校活动\\工行杯\\钱途有界\\bounded-funds\\.pytest_cache\\v\\cache'
    config.cache.set("cache/lastfailed", self.lastfailed)

-- Docs: https://docs.pytest.org/en/stable/how-to/capture-warnings.html
=========================== short test summary info ===========================
FAILED apps/api/app/tests/test_full_action_set_joint_producers.py::test_complete_single_goal_joint_maps_only_to_the_exact_existing_effect
1 failed, 3 warnings in 9.79s
