.F......................................                                 [100%]
================================== FAILURES ===================================
_ test_complete_1098_points_over_old_ten_mib_are_not_deduplicated_or_truncated _

    def test_complete_1098_points_over_old_ten_mib_are_not_deduplicated_or_truncated() -> None:
        points = [
            {
                "point": index,
                "phase": ("BEFORE_PAYMENT", "AFTER_PAYMENT", "AFTER_PRINCIPAL")[index % 3],
                "source_original": "explicit-synthetic-capacity-original:" + "a" * 10000,
                "source_hash": hashlib.sha256(str(index).encode()).hexdigest(),
                "minimum_cents": 20,
            }
            for index in range(1098)
        ]
        original = {"fixture_kind": "TOOL_ONLY_SYNTHETIC_CAPACITY", "all_1098_points": points}
        envelope = encode_joint_archive(original)
        assert 10 * 1024 * 1024 < envelope["decoded_bytes"] < MAX_DECODED_BYTES
        assert envelope["compressed_bytes"] < envelope["decoded_bytes"]
        actual = decode_joint_archive(envelope)
        assert actual == original and len(actual["all_1098_points"]) == 1098
        assert actual["all_1098_points"][-1]["point"] == 1097
>       with pytest.raises(JointArchiveError, match="byte budget"):
E       AssertionError: Regex pattern did not match.
E         Expected regex: 'byte budget'
E         Actual message: 'Joint archive envelope size, hash or encoded value is invalid'

apps\api\app\tests\test_full_joint_goal_archive.py:101: AssertionError
============================== warnings summary ===============================
.venv\Lib\site-packages\_pytest\cacheprovider.py:469
  F:\学校活动\工行杯\钱途有界\bounded-funds\.venv\Lib\site-packages\_pytest\cacheprovider.py:469: PytestCacheWarning: could not create cache path F:\学校活动\工行杯\钱途有界\bounded-funds\.pytest_cache\v\cache\nodeids: [WinError 5] 拒绝访问。: 'F:\\学校活动\\工行杯\\钱途有界\\bounded-funds\\.pytest_cache\\v\\cache'
    config.cache.set("cache/nodeids", sorted(self.cached_nodeids))

.venv\Lib\site-packages\_pytest\cacheprovider.py:423
  F:\学校活动\工行杯\钱途有界\bounded-funds\.venv\Lib\site-packages\_pytest\cacheprovider.py:423: PytestCacheWarning: could not create cache path F:\学校活动\工行杯\钱途有界\bounded-funds\.pytest_cache\v\cache\lastfailed: [WinError 5] 拒绝访问。: 'F:\\学校活动\\工行杯\\钱途有界\\bounded-funds\\.pytest_cache\\v\\cache'
    config.cache.set("cache/lastfailed", self.lastfailed)

-- Docs: https://docs.pytest.org/en/stable/how-to/capture-warnings.html
=========================== short test summary info ===========================
FAILED apps/api/app/tests/test_full_joint_goal_archive.py::test_complete_1098_points_over_old_ten_mib_are_not_deduplicated_or_truncated
1 failed, 39 passed, 2 warnings in 2.57s
