apps\api\app\domain\full_evidence_graph.py:256: error: Incompatible types in assignment (expression has type "GraphInventory", variable has type "GraphOriginal")  [assignment]
apps\api\app\domain\full_evidence_graph.py:263: error: "GraphOriginal" has no attribute "table"  [attr-defined]
apps\api\app\domain\full_evidence_graph.py:264: error: "GraphOriginal" has no attribute "owner_scope"  [attr-defined]
apps\api\app\domain\full_evidence_graph.py:265: error: "GraphOriginal" has no attribute "known_count"  [attr-defined]
apps\api\app\domain\full_evidence_graph.py:265: error: "GraphOriginal" has no attribute "actual_owned_count"  [attr-defined]
apps\api\app\domain\full_evidence_graph.py:266: error: "GraphOriginal" has no attribute "captured_count"  [attr-defined]
apps\api\app\domain\full_evidence_graph.py:267: error: "GraphOriginal" has no attribute "captured_count"  [attr-defined]
apps\api\app\domain\full_evidence_graph.py:267: error: "GraphOriginal" has no attribute "known_count"  [attr-defined]
apps\api\app\domain\full_evidence_graph.py:268: error: "GraphOriginal" has no attribute "complete"  [attr-defined]
apps\api\app\domain\full_evidence_graph.py:268: error: "GraphOriginal" has no attribute "captured_count"  [attr-defined]
apps\api\app\domain\full_evidence_graph.py:268: error: "GraphOriginal" has no attribute "known_count"  [attr-defined]
apps\api\app\domain\full_evidence_graph.py:269: error: "GraphOriginal" has no attribute "captured_rows_hash"  [attr-defined]
apps\api\app\domain\full_evidence_graph.py:269: error: Argument 1 to "configuration_hash" has incompatible type "list[dict[str, Any]]"; expected "dict[str, Any]"  [arg-type]
apps\api\app\domain\full_evidence_graph.py:271: error: "GraphOriginal" has no attribute "complete"  [attr-defined]
apps\api\app\domain\full_evidence_graph.py:275: error: "GraphOriginal" has no attribute "table"  [attr-defined]
apps\api\app\domain\full_evidence_graph.py:277: error: "GraphOriginal" has no attribute "actual_owned_count"  [attr-defined]
apps\api\app\domain\full_evidence_graph.py:277: error: "GraphOriginal" has no attribute "known_count"  [attr-defined]
apps\api\app\domain\full_evidence_graph.py:278: error: "GraphOriginal" has no attribute "captured_count"  [attr-defined]
apps\api\app\services\full_evidence_graph.py:91: error: "FromClause[ReadOnlyColumnCollection[str, KeyedColumnElement[Any]]]" has no attribute "name"  [attr-defined]
apps\api\app\services\full_evidence_graph.py:91: error: Module "app.db.models" does not explicitly export attribute "Base"  [attr-defined]
apps\api\app\services\full_evidence_graph.py:119: error: Need type annotation for "originals" (hint: "originals: list[<type>] = ...")  [var-annotated]
apps\api\app\services\full_evidence_graph.py:143: error: Need type annotation for "row"  [var-annotated]
apps\api\app\services\full_evidence_graph.py:178: error: Argument 1 to "configuration_hash" has incompatible type "list[dict[str, Any]]"; expected "dict[str, Any]"  [arg-type]
apps\api\app\services\full_evidence_graph.py:332: error: Argument 1 to "get" of "dict" has incompatible type "Any | None"; expected "str"  [arg-type]
apps\api\app\services\full_evidence_graph.py:462: error: Incompatible types in assignment (expression has type "ReconciliationGoal", variable has type "ReconciliationAmount")  [assignment]
apps\api\app\services\full_evidence_graph.py:464: error: "ReconciliationAmount" has no attribute "current_ownership_proof_verified"  [attr-defined]
apps\api\app\services\full_evidence_graph.py:465: error: "ReconciliationAmount" has no attribute "cash"  [attr-defined]
apps\api\app\services\full_evidence_graph.py:465: error: "ReconciliationAmount" has no attribute "principal"  [attr-defined]
apps\api\app\services\full_evidence_graph.py:468: error: "ReconciliationAmount" has no attribute "ownership_evidence_id"  [attr-defined]
apps\api\app\services\full_evidence_graph.py:469: error: "ReconciliationAmount" has no attribute "ownership_evidence_id"  [attr-defined]
apps\api\app\services\full_evidence_graph.py:472: error: "ReconciliationAmount" has no attribute "goal_id"  [attr-defined]
apps\api\app\services\full_evidence_graph.py:478: error: Incompatible types in assignment (expression has type "ReconciliationAction", variable has type "ReconciliationAmount")  [assignment]
apps\api\app\services\full_evidence_graph.py:479: error: "ReconciliationAmount" has no attribute "receipt_ids"  [attr-defined]
apps\api\app\services\full_evidence_graph.py:481: error: "ReconciliationAmount" has no attribute "service_receipt_verified"  [attr-defined]
apps\api\app\services\full_evidence_graph.py:484: error: "ReconciliationAmount" has no attribute "action_id"  [attr-defined]
apps\api\app\services\full_evidence_graph.py:485: error: "ReconciliationAmount" has no attribute "bank_operation_ids"  [attr-defined]
apps\api\app\tests\test_full_evidence_graph_integration.py:26: error: Argument 1 to "seed_demo" has incompatible type "Session"; expected "Engine"  [arg-type]
apps\api\app\tests\test_full_evidence_graph.py:56: error: Argument 1 to "configuration_hash" has incompatible type "list[dict[str, Any]]"; expected "dict[str, Any]"  [arg-type]
apps\api\app\tests\test_full_evidence_graph.py:111: error: Value of type "dict[str, Any] | None" is not indexable  [index]
apps\api\app\tests\test_full_evidence_graph.py:189: error: Redundant cast to "Literal['ACCOUNT', 'TRANSACTION', 'BILL', 'GOAL', 'POSITION', 'BANK_OPERATION', 'BANK_REDEMPTION', 'POSTING', 'EXTERNAL_FACT', 'AUDIT_EPOCH', 'AUDIT_EVENT', 'AUDIT_SNAPSHOT', 'FULL_POLICY', 'FULL_POLICY_VERSION', 'FULL_POLICY_COMMAND', 'EVIDENCE', 'PROPOSAL', 'POLICY', 'POLICY_VERSION', 'DECISION', 'ACTION', 'RECEIPT', 'PRODUCT', 'PRODUCT_CATALOGUE', 'USER', 'CONSTRAINT', 'RESOURCE_CLAIM', 'COMMAND_OUTBOX', 'COMMAND_INBOX', 'COMMAND_ATTEMPT', 'INTERVENTION_OUTBOX', 'INTERVENTION_INBOX', 'ASSET_PORTFOLIO', 'ASSET_BATCH', 'ASSET_CONSENT'] | Literal['FULL_GOAL_MODEL']"  [redundant-cast]
apps\api\app\tests\test_full_evidence_graph.py:193: error: Redundant cast to "Literal['ACCOUNT', 'TRANSACTION', 'BILL', 'GOAL', 'POSITION', 'BANK_OPERATION', 'BANK_REDEMPTION', 'POSTING', 'EXTERNAL_FACT', 'AUDIT_EPOCH', 'AUDIT_EVENT', 'AUDIT_SNAPSHOT', 'FULL_POLICY', 'FULL_POLICY_VERSION', 'FULL_POLICY_COMMAND', 'EVIDENCE', 'PROPOSAL', 'POLICY', 'POLICY_VERSION', 'DECISION', 'ACTION', 'RECEIPT', 'PRODUCT', 'PRODUCT_CATALOGUE', 'USER', 'CONSTRAINT', 'RESOURCE_CLAIM', 'COMMAND_OUTBOX', 'COMMAND_INBOX', 'COMMAND_ATTEMPT', 'INTERVENTION_OUTBOX', 'INTERVENTION_INBOX', 'ASSET_PORTFOLIO', 'ASSET_BATCH', 'ASSET_CONSENT'] | Literal['FULL_GOAL_MODEL']"  [redundant-cast]
Found 41 errors in 4 files (checked 6 source files)
