F.                                                                       [100%]
================================== FAILURES ===================================
_ test_fresh_second_cash_has_original_zero_bank_scope_and_actual_conserved_transfer _

session = <sqlalchemy.orm.session.Session object at 0x0000013480B03FE0>
user_id = UUID('271a9827-f82a-5be6-9e0a-50f721029fb0')
now = datetime.datetime(2026, 10, 3, 16, 0, 1, tzinfo=datetime.timezone.utc)
current = True

    def _read(
        session: Session, user_id: UUID, now: datetime, *, current: bool = True
    ) -> tuple[IncomeLedger, EvidenceItem]:
        if now.tzinfo is None or now.utcoffset() is None:
            raise PolicyLifecycleError("INVALID_NEW_FUNDS_LEDGER", "收入账目时钟必须带时区", 409)
        statements = list(
            session.scalars(
                select(EvidenceItem).where(
                    EvidenceItem.user_id == user_id,
                    EvidenceItem.source_type == LEDGER_SOURCE,
                    EvidenceItem.status != "SUPERSEDED",
                )
            )
        )
        if len(statements) != 1:
            raise PolicyLifecycleError(
                "MISSING_NEW_FUNDS_LEDGER" if not statements else "CONFLICTING_NEW_FUNDS_LEDGER",
                "需要唯一完整的收入来源账目",
                409,
            )
        statement = statements[0]
        sources = Sources(
            user_id,
            now,
            list(session.scalars(select(EvidenceItem).where(EvidenceItem.user_id == user_id))),
        )
        try:
            if not sources.valid(
                statement, {"simulation": True, "user_id": str(user_id), "complete": True}
            ):
                raise ValueError("Ledger bank identity, hash or known time is invalid")
            accounts = {
                account.id: account
                for account in session.scalars(
                    select(Account).where(Account.user_id == user_id, Account.account_type == "CASH")
                )
            }
            raw = (
                LedgerPayload.model_validate_json(json.dumps(statement.content))
                if statement.content.get("protocol") == "new-funds-ledger-v1"
                else None
            )
            ledger = (
                IncomeLedger.model_validate_json(json.dumps(statement.content)) if raw is None else None
            )
            epoch = (raw.as_of if raw else ledger.as_of if ledger else now).astimezone(UTC)
            scope = raw.scope_account_ids if raw else list(ledger.scope_account_ids) if ledger else []
            if scope != sorted(accounts) or epoch > now or epoch > statement.observed_at:
>               raise ValueError("Ledger scope or epoch is not the complete current CASH scope")
E               ValueError: Ledger scope or epoch is not the complete current CASH scope

apps\api\app\services\income_ledger.py:147: ValueError

The above exception was the direct cause of the following exception:

demo_engine = Engine(postgresql+psycopg://bounded:***@127.0.0.1:54329/bf_test_9a0290c46cd04dc9a9fa2e587d5b8694)

    @pytest.mark.integration
    def test_fresh_second_cash_has_original_zero_bank_scope_and_actual_conserved_transfer(
        demo_engine: Engine,
    ) -> None:
        summary = seed.seed_demo(
            demo_engine, _experiment_seed_extension="MVP503_SECOND_CASH_INITIAL_FACT_V1"
        )
        assert summary.seed_version == "mvp-301-v6" and summary.summary_version == "seed-summary-v3"
        assert summary.counts["accounts"] == 6 and summary.counts["policies"] == 0
        assert summary.counts["action_plans"] == summary.counts["action_receipts"] == 0
        # Current seed includes ten immutable income openings as well as cash/positions.
        assert summary.counts["simulated_bank_postings"] == 18
        assert summary.cash_balance_cents == 3462400  # Added opening is exactly zero.
        clock = seed.SEED_AS_OF + timedelta(seconds=1)
        with Session(demo_engine) as session:
            source = session.scalar(
                select(Account).where(Account.external_ref == seed.SEED_VERSION + ":account:cash")
            )
            target = session.scalar(
                select(Account).where(Account.external_ref == seed.SECOND_CASH_EXTERNAL_REF)
            )
            assert source is not None and target is not None
            source_id, target_id, source_balance = source.id, target.id, source.balance_cents
            assert target.account_type == "CASH" and target.currency == "CNY"
            assert target.user_id == seed.DEMO_USER_ID and target.balance_cents == 0
            opening = session.scalar(
                select(SimulatedBankPosting).where(
                    SimulatedBankPosting.account_id == target.id,
                    SimulatedBankPosting.entry_kind == "OPENING",
                )
            )
            assert opening is not None and opening.delta_cents == opening.balance_after_cents == 0
            assert opening.operation_id is None and opening.redemption_id is None
            extension = session.scalar(
                select(EvidenceItem).where(
                    EvidenceItem.source_type == "SIMULATED_SEED_INITIAL_EXTENSION"
                )
            )
            assert extension is not None and extension.content["creates_authority"] is False
            assert extension.content["account_id"] == str(target.id)
            coverage = session.scalar(
                select(EvidenceItem).where(EvidenceItem.source_type == COVERAGE_SOURCE_TYPE)
            )
            assert coverage is not None and str(target.id) in str(coverage.content)
>           initial = read_income_state(session, seed.DEMO_USER_ID, clock)
                      ^^^^^^^^^^^^^^^^^^^^^^^^^^^^^^^^^^^^^^^^^^^^^^^^^^^^

apps\api\app\tests\test_demo_seed_second_cash.py:99: 
_ _ _ _ _ _ _ _ _ _ _ _ _ _ _ _ _ _ _ _ _ _ _ _ _ _ _ _ _ _ _ _ _ _ _ _ _ _ _ _
apps\api\app\services\income_ledger.py:44: in read_income_state
    ledger, proof = _read(session, user_id, now)
                    ^^^^^^^^^^^^^^^^^^^^^^^^^^^^
_ _ _ _ _ _ _ _ _ _ _ _ _ _ _ _ _ _ _ _ _ _ _ _ _ _ _ _ _ _ _ _ _ _ _ _ _ _ _ _

session = <sqlalchemy.orm.session.Session object at 0x0000013480B03FE0>
user_id = UUID('271a9827-f82a-5be6-9e0a-50f721029fb0')
now = datetime.datetime(2026, 10, 3, 16, 0, 1, tzinfo=datetime.timezone.utc)
current = True

    def _read(
        session: Session, user_id: UUID, now: datetime, *, current: bool = True
    ) -> tuple[IncomeLedger, EvidenceItem]:
        if now.tzinfo is None or now.utcoffset() is None:
            raise PolicyLifecycleError("INVALID_NEW_FUNDS_LEDGER", "收入账目时钟必须带时区", 409)
        statements = list(
            session.scalars(
                select(EvidenceItem).where(
                    EvidenceItem.user_id == user_id,
                    EvidenceItem.source_type == LEDGER_SOURCE,
                    EvidenceItem.status != "SUPERSEDED",
                )
            )
        )
        if len(statements) != 1:
            raise PolicyLifecycleError(
                "MISSING_NEW_FUNDS_LEDGER" if not statements else "CONFLICTING_NEW_FUNDS_LEDGER",
                "需要唯一完整的收入来源账目",
                409,
            )
        statement = statements[0]
        sources = Sources(
            user_id,
            now,
            list(session.scalars(select(EvidenceItem).where(EvidenceItem.user_id == user_id))),
        )
        try:
            if not sources.valid(
                statement, {"simulation": True, "user_id": str(user_id), "complete": True}
            ):
                raise ValueError("Ledger bank identity, hash or known time is invalid")
            accounts = {
                account.id: account
                for account in session.scalars(
                    select(Account).where(Account.user_id == user_id, Account.account_type == "CASH")
                )
            }
            raw = (
                LedgerPayload.model_validate_json(json.dumps(statement.content))
                if statement.content.get("protocol") == "new-funds-ledger-v1"
                else None
            )
            ledger = (
                IncomeLedger.model_validate_json(json.dumps(statement.content)) if raw is None else None
            )
            epoch = (raw.as_of if raw else ledger.as_of if ledger else now).astimezone(UTC)
            scope = raw.scope_account_ids if raw else list(ledger.scope_account_ids) if ledger else []
            if scope != sorted(accounts) or epoch > now or epoch > statement.observed_at:
                raise ValueError("Ledger scope or epoch is not the complete current CASH scope")
            for account in accounts.values():
                if not current:
                    continue
                if account.observed_at > epoch or account.observed_at > now:
                    raise ValueError("Income ledger predates adopted cash balances")
                if (
                    sources.proof(
                        "SIMULATED_BANK_BALANCE",
                        "account_id",
                        account.id,
                        {
                            "simulation": True,
                            "user_id": str(user_id),
                            "account_id": str(account.id),
                            "account_type": account.account_type,
                            "currency": account.currency,
                            "balance_cents": account.balance_cents,
                            "as_of": account.observed_at.isoformat(),
                        },
                    )
                    is None
                ):
                    raise ValueError("An income location lacks a valid bank balance")
            transactions = list(
                session.scalars(
                    select(Transaction)
                    .where(
                        Transaction.user_id == user_id,
                        Transaction.account_id.in_(accounts),
                        Transaction.occurred_at <= now,
                        Transaction.observed_at <= now,
                    )
                    .limit(100001)
                )
            )
            covered_until = epoch if current else now
            if len(transactions) > 100000 or any(
                item.occurred_at > covered_until or item.observed_at > covered_until
                for item in transactions
            ):
                raise ValueError("Income ledger capacity or known CASH activity exceeds its epoch")
            incomes: dict[UUID, Transaction] = {}
            for transaction in transactions:
                if transaction.direction != "CREDIT":
                    continue
                proof = (
                    sources.evidence.get(transaction.evidence_id) if transaction.evidence_id else None
                )
                if proof is None or proof.observed_at > covered_until or not sources.valid(proof, {}):
                    raise ValueError("A CREDIT origin lacks intact observed bank evidence")
                bank_fact_snapshot(transaction, proof)
                if proof.content.get("economic_role") == "INCOME":
                    incomes[transaction.id] = transaction
            if raw is not None:
                by_id = {item.transaction_id: item for item in raw.lots}
                if len(by_id) != len(raw.lots) or by_id.keys() != incomes.keys():
                    raise ValueError("The v1 income origin set is incomplete or duplicated")
                origins, fragments = [], []
                for identity in sorted(incomes):
                    transaction, item = incomes[identity], by_id[identity]
                    origins.append(
                        IncomeOrigin(
                            origin_transaction_id=identity,
                            origin_account_id=item.account_id,
                            amount_cents=item.original_cents,
                            occurred_at=transaction.occurred_at,
                            observed_at=transaction.observed_at,
                            bank_evidence_id=item.bank_evidence_id,
                            bank_evidence_hash=item.bank_evidence_hash,
                        )
                    )
                    fragments.append(
                        IncomeFragment(
                            fragment_id=location_id(identity, item.account_id),
                            origin_transaction_id=identity,
                            account_id=item.account_id,
                            spent_cents=item.spent_cents,
                            assigned_cents=item.assigned_cents,
                            reserved_cents=item.reserved_cents,
                            legacy_reserved_cents=item.reserved_cents,
                            available_cents=item.available_cents,
                        )
                    )
                ledger = IncomeLedger(
                    user_id=user_id,
                    as_of=epoch,
                    scope_account_ids=tuple(scope),
                    origins=tuple(origins),
                    fragments=tuple(fragments),
                )
            assert ledger is not None
            if {item.origin_transaction_id for item in ledger.origins} != incomes.keys():
                raise ValueError("Income origins must exactly cover the actual original bank income")
            for origin in ledger.origins:
                transaction = incomes[origin.origin_transaction_id]
                proof = sources.evidence.get(origin.bank_evidence_id)
                if (
                    transaction.account_id != origin.origin_account_id
                    or transaction.evidence_id != origin.bank_evidence_id
                    or transaction.amount_cents != origin.amount_cents
                    or transaction.occurred_at != origin.occurred_at
                    or transaction.observed_at != origin.observed_at
                    or proof is None
                    or proof.content_hash != origin.bank_evidence_hash
                ):
                    raise ValueError("Immutable original income identity or economic facts changed")
            owned: dict[UUID, int] = {}
            for goal in session.scalars(select(Goal).where(Goal.user_id == user_id)):
                if not current:
                    continue
                proof = sources.proof(
                    "SIMULATED_GOAL_OWNERSHIP",
                    "goal_id",
                    goal.id,
                    {"simulation": True, "user_id": str(user_id), "goal_id": str(goal.id)},
                )
                if (
                    proof is None
                    or type(proof.content.get("cash_owned_cents")) is not int
                    or goal.account_id is None
                ):
                    raise ValueError("Cash income locations require complete goal ownership")
                owned[goal.account_id] = (
                    owned.get(goal.account_id, 0) + proof.content["cash_owned_cents"]
                )
            for identity, account in accounts.items():
                if not current:
                    continue
                available = sum(
                    item.available_cents + item.reserved_cents
                    for item in ledger.fragments
                    if item.account_id == identity
                )
                if available > account.balance_cents - owned.get(identity, 0):
                    raise ValueError(
                        "Income availability and all reservations exceed unowned location cash"
                    )
            if current and raw is None:
                validate_income_locations(session, user_id, bank_location_snapshot(ledger), now)
            return ledger, statement
        except (KeyError, ValueError, TypeError, OverflowError) as error:
>           raise PolicyLifecycleError("INVALID_NEW_FUNDS_LEDGER", str(error), 409) from error
E           app.services.policy_lifecycle.PolicyLifecycleError: Ledger scope or epoch is not the complete current CASH scope

apps\api\app\services\income_ledger.py:289: PolicyLifecycleError
=========================== short test summary info ===========================
FAILED apps/api/app/tests/test_demo_seed_second_cash.py::test_fresh_second_cash_has_original_zero_bank_scope_and_actual_conserved_transfer
1 failed, 1 passed, 10 deselected in 8.98s
