
 RUN  v3.2.4 F:/学校活动/工行杯/钱途有界/bounded-funds/apps/web

 ✓ src/pages/DemoConsolePage.test.tsx (12 tests) 3965ms
   ✓ 模板候选生成不自动授权，用户复核完整字段后只确认原proposal和hash  398ms
   ✓ 断网保留事件原epoch，禁止新事件，允许GET和显式重试同一请求  318ms
   ✓ 有损动作具体确认后UNKNOWN保留原id/hash；再次恢复只执行原动作且不新prepare  647ms
   ✓ 定存购入和有损早支取两段ASK各自复核，第一段确认不能自动授权第二段  852ms
   ✓ 房租完整配置与真实边界预览复核后PATCH保持原键，断网重试同一payload  556ms
 ✓ src/pages/OnboardingPage.test.tsx (13 tests) 5406ms
   ✓ 真实8步cursor和50/61交易分页；浏览末步不写、不声称完成或授权  1638ms
   ✓ 候选发现只在用户主动点击，按实际返回ID/跳过理由显示且不confirm  322ms
   ✓ 应急显式compile后GET原编译才存ref；goal仍需既有确认与账户登记，不自动授予  368ms
   ✓ 修改义务提交新完整候选，原source/hash不变，原键GET核对后仍独立confirm  374ms
   ✓ 声明未知NOT_FOUND保门，显式同原key/body重放后匹配lookup解除，绝无换键自动POST  479ms
   ✓ 声明原键返回另一原body保持pending；所有新输入/请求都blocked  391ms
 ❯ src/App.test.tsx (20 tests | 1 failed) 3758ms
   ✓ 引导、目标及问答原请求刷新恢复后阻挡其他资金写入，自身只读核对入口保持可达  787ms
   ✓ 问答原键待核对阻挡其他族写入，自身原键GET和资金总览仍可达  516ms
   × 完整目标原确认跨页阻挡新策略、引导声明和演示重置，导航仍可读 277ms
     → Unable to find an accessible element with the role "button" and name "用户主动从历史发现候选"

Here are the accessible roles:

  main:

  Name "":
  [36m<main[39m
    [33mclass[39m=[32m"app-shell"[39m
  [36m/>[39m

  --------------------------------------------------
  banner:

  Name "":
  [36m<header[39m
    [33mclass[39m=[32m"app-header"[39m
  [36m/>[39m

  Name "":
  [36m<header />[39m

  --------------------------------------------------
  heading:

  Name "钱途有界":
  [36m<h1 />[39m

  Name "首次引导 · 明确事实与授权":
  [36m<h1 />[39m

  Name "3. 复核持续时间与优先级":
  [36m<h2 />[39m

  --------------------------------------------------
  paragraph:

  Name "":
  [36m<p />[39m

  Name "":
  [36m<p[39m
    [33mclass[39m=[32m"simulation-note"[39m
  [36m/>[39m

  Name "":
  [36m<p[39m
    [33mclass[39m=[32m"notice"[39m
  [36m/>[39m

  Name "":
  [36m<p />[39m

  Name "":
  [36m<p />[39m

  Name "":
  [36m<p />[39m

  --------------------------------------------------
  navigation:

  Name "页面导航":
  [36m<nav[39m
    [33maria-label[39m=[32m"页面导航"[39m
    [33mclass[39m=[32m"main-nav"[39m
  [36m/>[39m

  Name "首次引导8个原步骤":
  [36m<nav[39m
    [33maria-label[39m=[32m"首次引导8个原步骤"[39m
    [33mclass[39m=[32m"onboarding-steps"[39m
  [36m/>[39m

  --------------------------------------------------
  link:

  Name "资金总览":
  [36m<a[39m
    [33mhref[39m=[32m"#overview"[39m
  [36m/>[39m

  Name "首次引导":
  [36m<a[39m
    [33maria-current[39m=[32m"page"[39m
    [33mhref[39m=[32m"#onboarding"[39m
  [36m/>[39m

  Name "策略中心":
  [36m<a[39m
    [33mhref[39m=[32m"#policies"[39m
  [36m/>[39m

  Name "目标储备":
  [36m<a[39m
    [33mhref[39m=[32m"#goals"[39m
  [36m/>[39m

  Name "年度规划":
  [36m<a[39m
    [33mhref[39m=[32m"#annual"[39m
  [36m/>[39m

  Name "一次一问":
  [36m<a[39m
    [33mhref[39m=[32m"#questions"[39m
  [36m/>[39m

  Name "事实与证据":
  [36m<a[39m
    [33mhref[39m=[32m"#evidence"[39m
  [36m/>[39m

  Name "投递记录":
  [36m<a[39m
    [33mhref[39m=[32m"#delivery"[39m
  [36m/>[39m

  Name "决策轨迹":
  [36m<a[39m
    [33mhref[39m=[32m"#decisions"[39m
  [36m/>[39m

  Name "演示控制台":
  [36m<a[39m
    [33mhref[39m=[32m"#demo"[39m
  [36m/>[39m

  Name "只读查看资金总览":
  [36m<a[39m
    [33mhref[39m=[32m"#overview"[39m
  [36m/>[39m

  Name "既有策略入口":
  [36m<a[39m
    [33mhref[39m=[32m"#policies"[39m
  [36m/>[39m

  --------------------------------------------------
  list:

  Name "":
  [36m<ol />[39m

  --------------------------------------------------
  listitem:

  Name "":
  [36m<li />[39m

  Name "":
  [36m<li />[39m

  Name "":
  [36m<li />[39m

  Name "":
  [36m<li />[39m

  Name "":
  [36m<li />[39m

  Name "":
  [36m<li />[39m

  Name "":
  [36m<li />[39m

  Name "":
  [36m<li />[39m

  --------------------------------------------------
  button:

  Name "1. 读取真实模拟账户规律":
  [36m<button[39m
    [33mtype[39m=[32m"button"[39m
  [36m/>[39m

  Name "2. 发现义务候选":
  [36m<button[39m
    [33mtype[39m=[32m"button"[39m
  [36m/>[39m

  Name "3. 复核持续时间与优先级":
  [36m<button[39m
    [33maria-current[39m=[32m"step"[39m
    [33mtype[39m=[32m"button"[39m
  [36m/>[39m

  Name "4. 准备生活准备金":
  [36m<button[39m
    [33mtype[39m=[32m"button"[39m
  [36m/>[39m

  Name "5. 设置应急缓冲":
  [36m<button[39m
    [33mtype[39m=[32m"button"[39m
  [36m/>[39m

  Name "6. 准备未来目标":
  [36m<button[39m
    [33mtype[39m=[32m"button"[39m
  [36m/>[39m

  Name "7. 复核资产与安全恢复授权":
  [36m<button[39m
    [33mtype[39m=[32m"button"[39m
  [36m/>[39m

  Name "8. 查看自主资金与Agent权力边界":
  [36m<button[39m
    [33mtype[39m=[32m"button"[39m
  [36m/>[39m

  Name "只读刷新当前账户与边界":
  [36m<button[39m
    [33mdisabled[39m=[32m""[39m
    [33mtype[39m=[32m"button"[39m
  [36m/>[39m

  Name "用户主动提交完整义务候选（不确认）":
  [36m<button[39m
    [33mdisabled[39m=[32m""[39m
    [33mtype[39m=[32m"button"[39m
  [36m/>[39m

  Name "上一步（仅浏览）":
  [36m<button[39m
    [33mtype[39m=[32m"button"[39m
  [36m/>[39m

  Name "下一步（不确认、不授权）":
  [36m<button[39m
    [33mtype[39m=[32m"button"[39m
  [36m/>[39m

  --------------------------------------------------
  status:

  Name "":
  [36m<p[39m
    [33mrole[39m=[32m"status"[39m
  [36m/>[39m

  Name "":
  [36m<p[39m
    [33mrole[39m=[32m"status"[39m
  [36m/>[39m

  --------------------------------------------------
  region:

  Name "引导第3步 复核持续时间与优先级":
  [36m<section[39m
    [33maria-label[39m=[32m"引导第3步 复核持续时间与优先级"[39m
    [33mclass[39m=[32m"onboarding-current-step"[39m
  [36m/>[39m

  --------------------------------------------------
  combobox:

  Name "原义务候选":
  [36m<select[39m
    [33mdisabled[39m=[32m""[39m
  [36m/>[39m

  --------------------------------------------------
  option:

  Name "请选择实际候选":
  [36m<option[39m
    [33mvalue[39m=[32m""[39m
  [36m/>[39m

  --------------------------------------------------
  textbox:

  Name "拟重要程度（0–100）":
  [36m<input[39m
    [33mdisabled[39m=[32m""[39m
    [33minputmode[39m=[32m"numeric"[39m
    [33mvalue[39m=[32m"50"[39m
  [36m/>[39m

  --------------------------------------------------
  contentinfo:

  Name "":
  [36m<footer[39m
    [33mclass[39m=[32m"onboarding-actions"[39m
  [36m/>[39m

  Name "":
  [36m<footer[39m
    [33mclass[39m=[32m"app-footer"[39m
  [36m/>[39m

  --------------------------------------------------

Ignored nodes: comments, script, style
[36m<body>[39m
  [36m<div>[39m
    [36m<main[39m
      [33mclass[39m=[32m"app-shell"[39m
    [36m>[39m
      [36m<header[39m
        [33mclass[39m=[32m"app-header"[39m
      [36m>[39m
        [36m<div[39m
          [33mclass[39m=[32m"brand"[39m
        [36m>[39m
          [36m<span[39m
            [33maria-hidden[39m=[32m"true"[39m
            [33mclass[39m=[32m"brand-mark"[39m
          [36m>[39m
            [0m界[0m
          [36m</span>[39m
          [36m<div>[39m
            [36m<h1>[39m
              [0m钱途有界[0m
            [36m</h1>[39m
            [36m<p>[39m
              [0mBOUNDED FUNDS[0m
            [36m</p>[39m
          [36m</div>[39m
        [36m</div>[39m
        [36m<span[39m
          [33mclass[39m=[32m"simulation-badge"[39m
        [36m>[39m
          [0m模拟环境[0m
        [36m</span>[39m
      [36m</header>[39m
      [36m<nav[39m
        [33maria-label[39m=[32m"页面导航"[39m
        [33mclass[39m=[32m"main-nav"[39m
      [36m>[39m
        [36m<a[39m
          [33mhref[39m=[32m"#overview"[39m
        [36m>[39m
          [0m资金总览[0m
        [36m</a>[39m
        [36m<a[39m
          [33maria-current[39m=[32m"page"[39m
          [33mhref[39m=[32m"#onboarding"[39m
        [36m>[39m
          [0m首次引导[0m
        [36m</a>[39m
        [36m<a[39m
          [33mhref[39m=[32m"#policies"[39m
        [36m>[39m
          [0m策略中心[0m
        [36m</a>[39m
        [36m<a[39m
          [33mhref[39m=[32m"#goals"[39m
        [36m>[39m
          [0m目标储备[0m
        [36m</a>[39m
        [36m<a[39m
          [33mhref[39m=[32m"#annual"[39m
        [36m>[39m
          [0m年度规划[0m
        [36m</a>[39m
        [36m<a[39m
          [33mhref[39m=[32m"#questions"[39m
        [36m>[39m
          [0m一次一问[0m
        [36m</a>[39m
        [36m<a[39m
          [33mhref[39m=[32m"#evidence"[39m
        [36m>[39m
          [0m事实与证据[0m
        [36m</a>[39m
        [36m<a[39m
          [33mhref[39m=[32m"#delivery"[39m
        [36m>[39m
          [0m投递记录[0m
        [36m</a>[39m
        [36m<a[39m
          [33mhref[39m=[32m"#decisions"[39m
        [36m>[39m
          [0m决策轨迹[0m
        [36m</a>[39m
        [36m<a[39m
          [33mhref[39m=[32m"#demo"[39m
        [36m>[39m
          [0m演示控制台[0m
        [36m</a>[39m
      [36m</nav>[39m
      [36m<p[39m
        [33mclass[39m=[32m"simulation-note"[39m
      [36m>[39m
        [0m所有资金动作均为模拟，未接入真实银行账户、支付或理财交易接口。[0m
      [36m</p>[39m
      [36m<p[39m
        [33mclass[39m=[32m"notice"[39m
      [36m>[39m
        [0m完整目标原确认正在处理或待核对，资金表单暂不可提交；可前往目标储备只读核对原请求。[0m
      [36m</p>[39m
      [36m<div>[39m
        [36m<div[39m
          [33mclass[39m=[32m"onboarding-page"[39m
        [36m>[39m
          [36m<header>[39m
            [36m<h1>[39m
              [0m首次引导 · 明确事实与授权[0m
            [36m</h1>[39m
            [36m<p>[39m
              [0m按8步复核账户、义务、保护和目标。本地草稿只恢复填写位置；浏览到第8步不表示8步已完成，更不会自动确认策略或执行资金。[0m
            [36m</p>[39m
            [36m<a[39m
              [33mhref[39m=[32m"#overview"[39m
            [36m>[39m
              [0m只读查看资金总览[0m
            [36m</a>[39m
          [36m</header>[39m
          [36m<nav[39m
            [33maria-label[39m=[32m"首次引导8个原步骤"[39m
            [33mclass[39m=[32m"onboarding-steps"[39m
          [36m>[39m
            [36m<ol>[39m
              [36m<li>[39m
                [36m<button[39m
                  [33mtype[39m=[32m"button"[39m
                [36m>[39m
                  [0m1[0m
                  [0m. [0m
                  [0m读取真实模拟账户规律[0m
                [36m</button>[39m
              [36m</li>[39m
              [36m<li>[39m
                [36m<button[39m
                  [33mtype[39m=[32m"button"[39m
                [36m>[39m
                  [0m2[0m
                  [0m. [0m
                  [0m发现义务候选[0m
                [36m</button>[39m
              [36m</li>[39m
              [36m<li>[39m
                [36m<button[39m
                  [33maria-current[39m=[32m"step"[39m
                  [33mtype[39m=[32m"button"[39m
                [36m>[39m
                  [0m3[0m
                  [0m. [0m
                  [0m复核持续时间与优先级[0m
                [36m</button>[39m
              [36m</li>[39m
              [36m<li>[39m
                [36m<button[39m
                  [33mtype[39m=[32m"button"[39m
                [36m>[39m
                  [0m4[0m
                  [0m. [0m
                  [0m准备生活准备金[0m
                [36m</button>[39m
              [36m</li>[39m
              [36m<li>[39m
                [36m<button[39m
                  [33mtype[39m=[32m"button"[39m
                [36m>[39m
                  [0m5[0m
                  [0m. [0m
                  [0m设置应急缓冲[0m
                [36m</button>[39m
              [36m</li>[39m
              [36m<li>[39m
                [36m<button[39m
                  [33mtype[39m=[32m"button"[39m
                [36m>[39m
                  [0m6[0m
                  [0m. [0m
                  [0m准备未来目标[0m
                [36m</button>[39m
              [36m</li>[39m
              [36m<li>[39m
                [36m<button[39m
                  [33mtype[39m=[32m"button"[39m
                [36m>[39m
                  [0m7[0m
                  [0m. [0m
                  [0m复核资产与安全恢复授权[0m
                [36m</button>[39m
              [36m</li>[39m
              [36m<li>[39m
                [36m<button[39m
                  [33mtype[39m=[32m"button"[39m
                [36m>[39m
                  [0m8[0m
                  [0m. [0m
                  [0m查看自主资金与Agent权力边界[0m
                [36m</button>[39m
              [36m</li>[39m
            [36m</ol>[39m
          [36m</nav>[39m
          [36m<p[39m
            [33mrole[39m=[32m"status"[39m
          [36m>[39m
            [0m当前浏览步骤 [0m
            [0m3[0m
            [0m/8 · 功能与验收仍部分覆盖，不以勾选完成计权限。[0m
          [36m</p>[39m
          [36m<p[39m
            [33mrole[39m=[32m"status"[39m
          [36m>[39m
            [0m正在读取真实模拟账户、当前周期和资金边界…[0m
          [36m</p>[39m
          [36m<button[39m
            [33mdisabled[39m=[32m""[39m
            [33mtype[39m=[32m"button"[39m
          [36m>[39m
            [0m只读刷新当前账户与边界[0m
          [36m</button>[39m
          [36m<section[39m
            [33maria-label[39m=[32m"引导第3步 复核持续时间与优先级"[39m
            [33mclass[39m=[32m"onboarding-current-step"[39m
          [36m>[39m
            [36m<h2>[39m
              [0m3[0m
              [0m. [0m
              [0m复核持续时间与优先级[0m
            [36m</h2>[39m
            [36m<p>[39m
              [0m选择原义务候选，填写拟调整的持续时间与重要程度。用户主动提交时创建一份USER_DECLARED新候选；原发现提案及原hash不会被改写。[0m
            [36m</p>[39m
            [36m<label[39m
              [33mclass[39m=[32m"field"[39m
            [36m>[39m
              [0m原义务候选[0m
              [36m<select[39m
                [33mdisabled[39m=[32m""[39m
              [36m>[39m
                [36m<option[39m
                  [33mvalue[39m=[32m""[39m
                [36m>[39m
                  [0m请选择实际候选[0m
                [36m</option>[39m
              [36m</select>[39m
            [36m</label>[39m
            [36m<label[39m
              [33mclass[39m=[32m"field"[39m
            [36m>[39m
              [0m拟开始日期[0m
              [36m<input[39m
                [33mdisabled[39m=[32m""[39m
                [33mtype[39m=[32m"date"[39m
                [33mvalue[39m=[32m""[39m
              [36m/>[39m
            [36m</label>[39m
            [36m<label[39m
              [33mclass[39m=[32m"field"[39m
            [36m>[39m
              [0m拟结束日期（含当天）[0m
              [36m<input[39m
                [33mdisabled[39m=[32m""[39m
                [33mtype[39m=[32m"date"[39m
                [33mvalue[39m=[32m""[39m
              [36m/>[39m
            [36m</label>[39m
            [36m<label[39m
              [33mclass[39m=[32m"field"[39m
            [36m>[39m
              [0m拟重要程度（0–100）[0m
              [36m<input[39m
                [33mdisabled[39m=[32m""[39m
                [33minputmode[39m=[32m"numeric"[39m
                [33mvalue[39m=[32m"50"[39m
              [36m/>[39m
            [36m</label>[39m
            [36m<button[39m
              [33mdisabled[39m=[32m""[39m
              [33mtype[39m=[32m"button"[39m
            [36m>[39m
              [0m用户主动提交完整义务候选（不确认）[0m
            [36m</button>[39m
            [36m<p>[39m
              [0m仅改上面的期限与重要程度；原金额、收款对象、提前天数、auto_execute和其他优先级字段全部保留并展示。新候选无权限，仍到[0m
              [36m<a[39m
                [33mhref[39m=[32m"#policies"[39m
              [36m>[39m
                [0m既有策略入口[0m
              [36m</a>[39m
              [0m逐项复核、独立明确确认。[0m
            [36m</p>[39m
          [36m</section>[39m
          [36m<footer[39m
            [33mclass[39m=[32m"onboarding-actions"[39m
          [36m>[39m
            [36m<button[39m
              [33mtype[39m=[32m"button"[39m
            [36m>[39m
              [0m上一步（仅浏览）[0m
            [36m</button>[39m
            [36m<button[39m
              [33mtype[39m=[32m"button"[39m
            [36m>[39m
              [0m下一步（不确认、不授权）[0m
            [36m</button>[39m
          [36m</footer>[39m
        [36m</div>[39m
      [36m</div>[39m
      [36m<footer[39m
        [33mclass[39m=[32m"app-footer"[39m
      [36m>[39m
        [36m<span>[39m
          [0m钱途有界 · 竞赛模拟原型[0m
        [36m</span>[39m
        [36m<span>[39m
          [0m财务计算、策略权限与原操作核验分别展示[0m
        [36m</span>[39m
      [36m</footer>[39m
    [36m</main>[39m
  [36m</div>[39m
[36m</body>[39m
   ✓ 运行中的引导候选跨页阻挡演示重置与新资金动作 91ms
   ✓ 刷新恢复完整版原body与键后阻止其他资金提交，策略页原查询不被自身门锁住 222ms
   ✓ 演示原请求等待核对时资金表单不能另写，导航与总览GET保持可读 108ms
   ✓ 所有卡片来自唯一总览请求，当前保护取今天分层而非窗口限制点 118ms
   ✓ 十个页面导航实际切换，引导、年度、问答、证据与投递可达并保留原演示入口  622ms
   ✓ 待归属目标账户现金仍受保护，不能标成已归属现金 64ms
   ✓ 断开时保留重试入口，恢复后整体重新获取 83ms
   ✓ 刷新失败后撤下旧卡片，不宣称旧资金边界为当前结果 124ms
   ✓ 资料不足显示待核验，原始账面现金仍独立展示 84ms
   ✓ 流动性风险保留负余量与缺口，安全闲置明确为已知零 77ms
   ✓ 拒绝不可信资金响应：simulation 25ms
   ✓ 拒绝不可信资金响应：unsafe-money 46ms
   ✓ 拒绝不可信资金响应：wrong-user 46ms
   ✓ 可安全表达的大金额保留精确的最后一分 84ms
   ✓ 逾期保留原到期日，区间上限与截断列表如实说明 129ms
   ✓ UNKNOWN原操作、截断范围与历史恢复建议可查看，不产生确认或重扣请求 112ms
   ✓ 刷新整体替换快照，保留目标归属交叉说明与审计范围 143ms

⎯⎯⎯⎯⎯⎯⎯ Failed Tests 1 ⎯⎯⎯⎯⎯⎯⎯

 FAIL  src/App.test.tsx > 完整目标原确认跨页阻挡新策略、引导声明和演示重置，导航仍可读
TestingLibraryElementError: Unable to find an accessible element with the role "button" and name "用户主动从历史发现候选"

Here are the accessible roles:

  main:

  Name "":
  [36m<main[39m
    [33mclass[39m=[32m"app-shell"[39m
  [36m/>[39m

  --------------------------------------------------
  banner:

  Name "":
  [36m<header[39m
    [33mclass[39m=[32m"app-header"[39m
  [36m/>[39m

  Name "":
  [36m<header />[39m

  --------------------------------------------------
  heading:

  Name "钱途有界":
  [36m<h1 />[39m

  Name "首次引导 · 明确事实与授权":
  [36m<h1 />[39m

  Name "3. 复核持续时间与优先级":
  [36m<h2 />[39m

  --------------------------------------------------
  paragraph:

  Name "":
  [36m<p />[39m

  Name "":
  [36m<p[39m
    [33mclass[39m=[32m"simulation-note"[39m
  [36m/>[39m

  Name "":
  [36m<p[39m
    [33mclass[39m=[32m"notice"[39m
  [36m/>[39m

  Name "":
  [36m<p />[39m

  Name "":
  [36m<p />[39m

  Name "":
  [36m<p />[39m

  --------------------------------------------------
  navigation:

  Name "页面导航":
  [36m<nav[39m
    [33maria-label[39m=[32m"页面导航"[39m
    [33mclass[39m=[32m"main-nav"[39m
  [36m/>[39m

  Name "首次引导8个原步骤":
  [36m<nav[39m
    [33maria-label[39m=[32m"首次引导8个原步骤"[39m
    [33mclass[39m=[32m"onboarding-steps"[39m
  [36m/>[39m

  --------------------------------------------------
  link:

  Name "资金总览":
  [36m<a[39m
    [33mhref[39m=[32m"#overview"[39m
  [36m/>[39m

  Name "首次引导":
  [36m<a[39m
    [33maria-current[39m=[32m"page"[39m
    [33mhref[39m=[32m"#onboarding"[39m
  [36m/>[39m

  Name "策略中心":
  [36m<a[39m
    [33mhref[39m=[32m"#policies"[39m
  [36m/>[39m

  Name "目标储备":
  [36m<a[39m
    [33mhref[39m=[32m"#goals"[39m
  [36m/>[39m

  Name "年度规划":
  [36m<a[39m
    [33mhref[39m=[32m"#annual"[39m
  [36m/>[39m

  Name "一次一问":
  [36m<a[39m
    [33mhref[39m=[32m"#questions"[39m
  [36m/>[39m

  Name "事实与证据":
  [36m<a[39m
    [33mhref[39m=[32m"#evidence"[39m
  [36m/>[39m

  Name "投递记录":
  [36m<a[39m
    [33mhref[39m=[32m"#delivery"[39m
  [36m/>[39m

  Name "决策轨迹":
  [36m<a[39m
    [33mhref[39m=[32m"#decisions"[39m
  [36m/>[39m

  Name "演示控制台":
  [36m<a[39m
    [33mhref[39m=[32m"#demo"[39m
  [36m/>[39m

  Name "只读查看资金总览":
  [36m<a[39m
    [33mhref[39m=[32m"#overview"[39m
  [36m/>[39m

  Name "既有策略入口":
  [36m<a[39m
    [33mhref[39m=[32m"#policies"[39m
  [36m/>[39m

  --------------------------------------------------
  list:

  Name "":
  [36m<ol />[39m

  --------------------------------------------------
  listitem:

  Name "":
  [36m<li />[39m

  Name "":
  [36m<li />[39m

  Name "":
  [36m<li />[39m

  Name "":
  [36m<li />[39m

  Name "":
  [36m<li />[39m

  Name "":
  [36m<li />[39m

  Name "":
  [36m<li />[39m

  Name "":
  [36m<li />[39m

  --------------------------------------------------
  button:

  Name "1. 读取真实模拟账户规律":
  [36m<button[39m
    [33mtype[39m=[32m"button"[39m
  [36m/>[39m

  Name "2. 发现义务候选":
  [36m<button[39m
    [33mtype[39m=[32m"button"[39m
  [36m/>[39m

  Name "3. 复核持续时间与优先级":
  [36m<button[39m
    [33maria-current[39m=[32m"step"[39m
    [33mtype[39m=[32m"button"[39m
  [36m/>[39m

  Name "4. 准备生活准备金":
  [36m<button[39m
    [33mtype[39m=[32m"button"[39m
  [36m/>[39m

  Name "5. 设置应急缓冲":
  [36m<button[39m
    [33mtype[39m=[32m"button"[39m
  [36m/>[39m

  Name "6. 准备未来目标":
  [36m<button[39m
    [33mtype[39m=[32m"button"[39m
  [36m/>[39m

  Name "7. 复核资产与安全恢复授权":
  [36m<button[39m
    [33mtype[39m=[32m"button"[39m
  [36m/>[39m

  Name "8. 查看自主资金与Agent权力边界":
  [36m<button[39m
    [33mtype[39m=[32m"button"[39m
  [36m/>[39m

  Name "只读刷新当前账户与边界":
  [36m<button[39m
    [33mdisabled[39m=[32m""[39m
    [33mtype[39m=[32m"button"[39m
  [36m/>[39m

  Name "用户主动提交完整义务候选（不确认）":
  [36m<button[39m
    [33mdisabled[39m=[32m""[39m
    [33mtype[39m=[32m"button"[39m
  [36m/>[39m

  Name "上一步（仅浏览）":
  [36m<button[39m
    [33mtype[39m=[32m"button"[39m
  [36m/>[39m

  Name "下一步（不确认、不授权）":
  [36m<button[39m
    [33mtype[39m=[32m"button"[39m
  [36m/>[39m

  --------------------------------------------------
  status:

  Name "":
  [36m<p[39m
    [33mrole[39m=[32m"status"[39m
  [36m/>[39m

  Name "":
  [36m<p[39m
    [33mrole[39m=[32m"status"[39m
  [36m/>[39m

  --------------------------------------------------
  region:

  Name "引导第3步 复核持续时间与优先级":
  [36m<section[39m
    [33maria-label[39m=[32m"引导第3步 复核持续时间与优先级"[39m
    [33mclass[39m=[32m"onboarding-current-step"[39m
  [36m/>[39m

  --------------------------------------------------
  combobox:

  Name "原义务候选":
  [36m<select[39m
    [33mdisabled[39m=[32m""[39m
  [36m/>[39m

  --------------------------------------------------
  option:

  Name "请选择实际候选":
  [36m<option[39m
    [33mvalue[39m=[32m""[39m
  [36m/>[39m

  --------------------------------------------------
  textbox:

  Name "拟重要程度（0–100）":
  [36m<input[39m
    [33mdisabled[39m=[32m""[39m
    [33minputmode[39m=[32m"numeric"[39m
    [33mvalue[39m=[32m"50"[39m
  [36m/>[39m

  --------------------------------------------------
  contentinfo:

  Name "":
  [36m<footer[39m
    [33mclass[39m=[32m"onboarding-actions"[39m
  [36m/>[39m

  Name "":
  [36m<footer[39m
    [33mclass[39m=[32m"app-footer"[39m
  [36m/>[39m

  --------------------------------------------------

Ignored nodes: comments, script, style
[36m<body>[39m
  [36m<div>[39m
    [36m<main[39m
      [33mclass[39m=[32m"app-shell"[39m
    [36m>[39m
      [36m<header[39m
        [33mclass[39m=[32m"app-header"[39m
      [36m>[39m
        [36m<div[39m
          [33mclass[39m=[32m"brand"[39m
        [36m>[39m
          [36m<span[39m
            [33maria-hidden[39m=[32m"true"[39m
            [33mclass[39m=[32m"brand-mark"[39m
          [36m>[39m
            [0m界[0m
          [36m</span>[39m
          [36m<div>[39m
            [36m<h1>[39m
              [0m钱途有界[0m
            [36m</h1>[39m
            [36m<p>[39m
              [0mBOUNDED FUNDS[0m
            [36m</p>[39m
          [36m</div>[39m
        [36m</div>[39m
        [36m<span[39m
          [33mclass[39m=[32m"simulation-badge"[39m
        [36m>[39m
          [0m模拟环境[0m
        [36m</span>[39m
      [36m</header>[39m
      [36m<nav[39m
        [33maria-label[39m=[32m"页面导航"[39m
        [33mclass[39m=[32m"main-nav"[39m
      [36m>[39m
        [36m<a[39m
          [33mhref[39m=[32m"#overview"[39m
        [36m>[39m
          [0m资金总览[0m
        [36m</a>[39m
        [36m<a[39m
          [33maria-current[39m=[32m"page"[39m
          [33mhref[39m=[32m"#onboarding"[39m
        [36m>[39m
          [0m首次引导[0m
        [36m</a>[39m
        [36m<a[39m
          [33mhref[39m=[32m"#policies"[39m
        [36m>[39m
          [0m策略中心[0m
        [36m</a>[39m
        [36m<a[39m
          [33mhref[39m=[32m"#goals"[39m
        [36m>[39m
          [0m目标储备[0m
        [36m</a>[39m
        [36m<a[39m
          [33mhref[39m=[32m"#annual"[39m
        [36m>[39m
          [0m年度规划[0m
        [36m</a>[39m
        [36m<a[39m
          [33mhref[39m=[32m"#questions"[39m
        [36m>[39m
          [0m一次一问[0m
        [36m</a>[39m
        [36m<a[39m
          [33mhref[39m=[32m"#evidence"[39m
        [36m>[39m
          [0m事实与证据[0m
        [36m</a>[39m
        [36m<a[39m
          [33mhref[39m=[32m"#delivery"[39m
        [36m>[39m
          [0m投递记录[0m
        [36m</a>[39m
        [36m<a[39m
          [33mhref[39m=[32m"#decisions"[39m
        [36m>[39m
          [0m决策轨迹[0m
        [36m</a>[39m
        [36m<a[39m
          [33mhref[39m=[32m"#demo"[39m
        [36m>[39m
          [0m演示控制台[0m
        [36m</a>[39m
      [36m</nav>[39m
      [36m<p[39m
        [33mclass[39m=[32m"simulation-note"[39m
      [36m>[39m
        [0m所有资金动作均为模拟，未接入真实银行账户、支付或理财交易接口。[0m
      [36m</p>[39m
      [36m<p[39m
        [33mclass[39m=[32m"notice"[39m
      [36m>[39m
        [0m完整目标原确认正在处理或待核对，资金表单暂不可提交；可前往目标储备只读核对原请求。[0m
      [36m</p>[39m
      [36m<div>[39m
        [36m<div[39m
          [33mclass[39m=[32m"onboarding-page"[39m
        [36m>[39m
          [36m<header>[39m
            [36m<h1>[39m
              [0m首次引导 · 明确事实与授权[0m
            [36m</h1>[39m
            [36m<p>[39m
              [0m按8步复核账户、义务、保护和目标。本地草稿只恢复填写位置；浏览到第8步不表示8步已完成，更不会自动确认策略或执行资金。[0m
            [36m</p>[39m
            [36m<a[39m
              [33mhref[39m=[32m"#overview"[39m
            [36m>[39m
              [0m只读查看资金总览[0m
            [36m</a>[39m
          [36m</header>[39m
          [36m<nav[39m
            [33maria-label[39m=[32m"首次引导8个原步骤"[39m
            [33mclass[39m=[32m"onboarding-steps"[39m
          [36m>[39m
            [36m<ol>[39m
              [36m<li>[39m
                [36m<button[39m
                  [33mtype[39m=[32m"button"[39m
                [36m>[39m
                  [0m1[0m
                  [0m. [0m
                  [0m读取真实模拟账户规律[0m
                [36m</button>[39m
              [36m</li>[39m
              [36m<li>[39m
                [36m<button[39m
                  [33mtype[39m=[32m"button"[39m
                [36m>[39m
                  [0m2[0m
                  [0m. [0m
                  [0m发现义务候选[0m
                [36m</button>[39m
              [36m</li>[39m
              [36m<li>[39m
                [36m<button[39m
                  [33maria-current[39m=[32m"step"[39m
                  [33mtype[39m=[32m"button"[39m
                [36m>[39m
                  [0m3[0m
                  [0m. [0m
                  [0m复核持续时间与优先级[0m
                [36m</button>[39m
              [36m</li>[39m
              [36m<li>[39m
                [36m<button[39m
                  [33mtype[39m=[32m"button"[39m
                [36m>[39m
                  [0m4[0m
                  [0m. [0m
                  [0m准备生活准备金[0m
                [36m</button>[39m
              [36m</li>[39m
              [36m<li>[39m
                [36m<button[39m
                  [33mtype[39m=[32m"button"[39m
                [36m>[39m
                  [0m5[0m
                  [0m. [0m
                  [0m设置应急缓冲[0m
                [36m</button>[39m
              [36m</li>[39m
              [36m<li>[39m
                [36m<button[39m
                  [33mtype[39m=[32m"button"[39m
                [36m>[39m
                  [0m6[0m
                  [0m. [0m
                  [0m准备未来目标[0m
                [36m</button>[39m
              [36m</li>[39m
              [36m<li>[39m
                [36m<button[39m
                  [33mtype[39m=[32m"button"[39m
                [36m>[39m
                  [0m7[0m
                  [0m. [0m
                  [0m复核资产与安全恢复授权[0m
                [36m</button>[39m
              [36m</li>[39m
              [36m<li>[39m
                [36m<button[39m
                  [33mtype[39m=[32m"button"[39m
                [36m>[39m
                  [0m8[0m
                  [0m. [0m
                  [0m查看自主资金与Agent权力边界[0m
                [36m</button>[39m
              [36m</li>[39m
            [36m</ol>[39m
          [36m</nav>[39m
          [36m<p[39m
            [33mrole[39m=[32m"status"[39m
          [36m>[39m
            [0m当前浏览步骤 [0m
            [0m3[0m
            [0m/8 · 功能与验收仍部分覆盖，不以勾选完成计权限。[0m
          [36m</p>[39m
          [36m<p[39m
            [33mrole[39m=[32m"status"[39m
          [36m>[39m
            [0m正在读取真实模拟账户、当前周期和资金边界…[0m
          [36m</p>[39m
          [36m<button[39m
            [33mdisabled[39m=[32m""[39m
            [33mtype[39m=[32m"button"[39m
          [36m>[39m
            [0m只读刷新当前账户与边界[0m
          [36m</button>[39m
          [36m<section[39m
            [33maria-label[39m=[32m"引导第3步 复核持续时间与优先级"[39m
            [33mclass[39m=[32m"onboarding-current-step"[39m
          [36m>[39m
            [36m<h2>[39m
              [0m3[0m
              [0m. [0m
              [0m复核持续时间与优先级[0m
            [36m</h2>[39m
            [36m<p>[39m
              [0m选择原义务候选，填写拟调整的持续时间与重要程度。用户主动提交时创建一份USER_DECLARED新候选；原发现提案及原hash不会被改写。[0m
            [36m</p>[39m
            [36m<label[39m
              [33mclass[39m=[32m"field"[39m
            [36m>[39m
              [0m原义务候选[0m
              [36m<select[39m
                [33mdisabled[39m=[32m""[39m
              [36m>[39m
                [36m<option[39m
                  [33mvalue[39m=[32m""[39m
                [36m>[39m
                  [0m请选择实际候选[0m
                [36m</option>[39m
              [36m</select>[39m
            [36m</label>[39m
            [36m<label[39m
              [33mclass[39m=[32m"field"[39m
            [36m>[39m
              [0m拟开始日期[0m
              [36m<input[39m
                [33mdisabled[39m=[32m""[39m
                [33mtype[39m=[32m"date"[39m
                [33mvalue[39m=[32m""[39m
              [36m/>[39m
            [36m</label>[39m
            [36m<label[39m
              [33mclass[39m=[32m"field"[39m
            [36m>[39m
              [0m拟结束日期（含当天）[0m
              [36m<input[39m
                [33mdisabled[39m=[32m""[39m
                [33mtype[39m=[32m"date"[39m
                [33mvalue[39m=[32m""[39m
              [36m/>[39m
            [36m</label>[39m
            [36m<label[39m
              [33mclass[39m=[32m"field"[39m
            [36m>[39m
              [0m拟重要程度（0–100）[0m
              [36m<input[39m
                [33mdisabled[39m=[32m""[39m
                [33minputmode[39m=[32m"numeric"[39m
                [33mvalue[39m=[32m"50"[39m
              [36m/>[39m
            [36m</label>[39m
            [36m<button[39m
              [33mdisabled[39m=[32m""[39m
              [33mtype[39m=[32m"button"[39m
            [36m>[39m
              [0m用户主动提交完整义务候选（不确认）[0m
            [36m</button>[39m
            [36m<p>[39m
              [0m仅改上面的期限与重要程度；原金额、收款对象、提前天数、auto_execute和其他优先级字段全部保留并展示。新候选无权限，仍到[0m
              [36m<a[39m
                [33mhref[39m=[32m"#policies"[39m
              [36m>[39m
                [0m既有策略入口[0m
              [36m</a>[39m
              [0m逐项复核、独立明确确认。[0m
            [36m</p>[39m
          [36m</section>[39m
          [36m<footer[39m
            [33mclass[39m=[32m"onboarding-actions"[39m
          [36m>[39m
            [36m<button[39m
              [33mtype[39m=[32m"button"[39m
            [36m>[39m
              [0m上一步（仅浏览）[0m
            [36m</button>[39m
            [36m<button[39m
              [33mtype[39m=[32m"button"[39m
            [36m>[39m
              [0m下一步（不确认、不授权）[0m
            [36m</button>[39m
          [36m</footer>[39m
        [36m</div>[39m
      [36m</div>[39m
      [36m<footer[39m
        [33mclass[39m=[32m"app-footer"[39m
      [36m>[39m
        [36m<span>[39m
          [0m钱途有界 · 竞赛模拟原型[0m
        [36m</span>[39m
        [36m<span>[39m
          [0m财务计算、策略权限与原操作核验分别展示[0m
        [36m</span>[39m
      [36m</footer>[39m
    [36m</main>[39m
  [36m</div>[39m
[36m</body>[39m
 ❯ Object.getElementError ../../node_modules/.pnpm/@testing-library+dom@10.4.2/node_modules/@testing-library/dom/dist/config.js:37:19
 ❯ ../../node_modules/.pnpm/@testing-library+dom@10.4.2/node_modules/@testing-library/dom/dist/query-helpers.js:76:38
 ❯ ../../node_modules/.pnpm/@testing-library+dom@10.4.2/node_modules/@testing-library/dom/dist/query-helpers.js:52:17
 ❯ ../../node_modules/.pnpm/@testing-library+dom@10.4.2/node_modules/@testing-library/dom/dist/query-helpers.js:95:19
 ❯ src/App.test.tsx:133:17
    131|   await screen.findByRole('heading', { name: '首次引导 · 明确事实与授权' });
    132|   fireEvent.click(screen.getByRole('button', { name: '下一步（不确认、不授权）' })…
    133|   expect(screen.getByRole('button', { name: '用户主动从历史发现候选' })).toBeDisa…
       |                 ^
    134|   fireEvent.click(screen.getByRole('link', { name: '演示控制台' }));
    135|   await screen.findByRole('heading', { name: '演示控制台' });

⎯⎯⎯⎯⎯⎯⎯⎯⎯⎯⎯⎯⎯⎯⎯⎯⎯⎯⎯⎯⎯⎯⎯⎯[1/1]⎯


 Test Files  1 failed | 2 passed (3)
      Tests  1 failed | 44 passed (45)
   Start at  01:03:03
   Duration  8.49s (transform 2.55s, setup 1.55s, collect 3.38s, tests 13.13s, environment 3.23s, prepare 972ms)

