...........................F                                             [100%]
================================== FAILURES ===================================
________ test_missing_or_wrong_role_policy_has_no_historical_fallback _________

    def test_missing_or_wrong_role_policy_has_no_historical_fallback() -> None:
        session = SyntheticSession()
        session.action = SimpleNamespace(user_id=USER, policy_type="goal_saving")
        # Current-policy lookup never accepts a non-asset Policy as the previous grant.
        with pytest.raises(PolicyLifecycleError, match="资产配置策略不存在"):
>           current_asset_policy(session, USER, POLICY, NOW)  # type: ignore[arg-type]
            ^^^^^^^^^^^^^^^^^^^^^^^^^^^^^^^^^^^^^^^^^^^^^^^^

apps\api\app\tests\test_full_maturity_replanning.py:476: 
_ _ _ _ _ _ _ _ _ _ _ _ _ _ _ _ _ _ _ _ _ _ _ _ _ _ _ _ _ _ _ _ _ _ _ _ _ _ _ _
apps\api\app\services\full_maturity_replanning.py:188: in current_asset_policy
    full = read_full_policy(session, user_id, policy_id, now)
           ^^^^^^^^^^^^^^^^^^^^^^^^^^^^^^^^^^^^^^^^^^^^^^^^^^
apps\api\app\services\full_policy_lifecycle.py:733: in read_full_policy
    policy, versions, _, live = _binding(session, user_id, policy_id, now)
                                ^^^^^^^^^^^^^^^^^^^^^^^^^^^^^^^^^^^^^^^^^^
apps\api\app\services\full_policy_lifecycle.py:668: in _binding
    policy = session.scalar(
_ _ _ _ _ _ _ _ _ _ _ _ _ _ _ _ _ _ _ _ _ _ _ _ _ _ _ _ _ _ _ _ _ _ _ _ _ _ _ _

self = <test_full_maturity_replanning.SyntheticSession object at 0x0000022A6F5DE0C0>
statement = <sqlalchemy.sql.selectable.Select object at 0x0000022A6F6A3BF0>

    def scalar(self, statement: Any) -> str:
>       assert str(statement) == "SHOW transaction_read_only"
E       AssertionError: assert 'SELECT full_... = :user_id_1' == 'SHOW transaction_read_only'
E         
E         - SHOW transaction_read_only
E         + SELECT full_policies.epoch_id, full_policies.template_name, full_policies.dsl_version, full_policies.name, full_policies.status, full_policies.updated_at, full_policies.user_id, full_policies.id, full_policies.created_at 
E         + FROM full_policies 
E         + WHERE full_policies.id = :id_1 AND full_policies.user_id = :user_id_1

apps\api\app\tests\test_full_maturity_replanning.py:275: AssertionError
============================== warnings summary ===============================
.venv\Lib\site-packages\fastapi\testclient.py:1
  F:\学校活动\工行杯\钱途有界\bounded-funds\.venv\Lib\site-packages\fastapi\testclient.py:1: StarletteDeprecationWarning: Using `httpx` with `starlette.testclient` is deprecated; install `httpx2` instead.
    from starlette.testclient import TestClient as TestClient  # noqa

-- Docs: https://docs.pytest.org/en/stable/how-to/capture-warnings.html
=========================== short test summary info ===========================
FAILED apps/api/app/tests/test_full_maturity_replanning.py::test_missing_or_wrong_role_policy_has_no_historical_fallback
1 failed, 27 passed, 1 warning in 8.40s
