{
  "status": "PASS",
  "mapping_only": true,
  "original_full_count": 67,
  "mapped_full_count": 67,
  "unique_full_count": 67,
  "status_counts": {
    "PENDING": 67
  },
  "package_counts": {
    "W2": 13,
    "W3": 13,
    "W4": 8,
    "W5": 10,
    "W6": 8,
    "W7": 8,
    "W8": 7
  },
  "reusable_file_count": 185,
  "source_plan_hashes_unchanged": true,
  "dirty_paths_changed_since_mapping_snapshot": [
    "scripts/tasks.py",
    "apps/api/app/tests/test_task_orchestration.py"
  ],
  "errors": [],
  "scope": "ID/source-text/partition/path checks only; no implementation or test closure proof"
}
