.................FFFFF..                                                 [100%]
================================== FAILURES ===================================
____ test_new_verifier_recomputes_complete_original_new_protocol[outcome] _____

mode = 'outcome'

    @pytest.mark.parametrize("mode", ["outcome", "count", "source", "parent", "owner"])
    def test_new_verifier_recomputes_complete_original_new_protocol(mode: str) -> None:
        trace = trace_for(fixture())
        original = trace.model_dump(mode="json")
        if mode == "outcome":
            original["outcome"]["actual_global_boundary_observation"]["snapshot"]["candidates"][0][
                "amount_cents"
            ] += 1
        elif mode == "count":
            original["inputs"]["actual_action_set_input"]["table_coverage"][0]["actual_count"] += 1
        elif mode == "source":
            original["sources"] = original["sources"][1:]
        elif mode == "parent":
            original["parent_run_id"] = str(UUID(int=900))
        elif mode == "owner":
            original["user_id"] = str(UUID(int=900))
>       dirty = DecisionTrace.model_validate_json(json.dumps(original))
                ^^^^^^^^^^^^^^^^^^^^^^^^^^^^^^^^^^^^^^^^^^^^^^^^^^^^^^^
E       pydantic_core._pydantic_core.ValidationError: 1 validation error for DecisionTrace
E         Value error, Decision trace content hash does not match its frozen content [type=value_error, input_value={'schema_version': 'decis...4142aef77fa44f0af0ffbe'}, input_type=dict]
E           For further information visit https://errors.pydantic.dev/2.13/v/value_error

apps\api\app\tests\test_full_action_set_boundary_actual.py:348: ValidationError
_____ test_new_verifier_recomputes_complete_original_new_protocol[count] ______

mode = 'count'

    @pytest.mark.parametrize("mode", ["outcome", "count", "source", "parent", "owner"])
    def test_new_verifier_recomputes_complete_original_new_protocol(mode: str) -> None:
        trace = trace_for(fixture())
        original = trace.model_dump(mode="json")
        if mode == "outcome":
            original["outcome"]["actual_global_boundary_observation"]["snapshot"]["candidates"][0][
                "amount_cents"
            ] += 1
        elif mode == "count":
            original["inputs"]["actual_action_set_input"]["table_coverage"][0]["actual_count"] += 1
        elif mode == "source":
            original["sources"] = original["sources"][1:]
        elif mode == "parent":
            original["parent_run_id"] = str(UUID(int=900))
        elif mode == "owner":
            original["user_id"] = str(UUID(int=900))
>       dirty = DecisionTrace.model_validate_json(json.dumps(original))
                ^^^^^^^^^^^^^^^^^^^^^^^^^^^^^^^^^^^^^^^^^^^^^^^^^^^^^^^
E       pydantic_core._pydantic_core.ValidationError: 1 validation error for DecisionTrace
E         Value error, Decision trace input hash does not match its frozen inputs [type=value_error, input_value={'schema_version': 'decis...4142aef77fa44f0af0ffbe'}, input_type=dict]
E           For further information visit https://errors.pydantic.dev/2.13/v/value_error

apps\api\app\tests\test_full_action_set_boundary_actual.py:348: ValidationError
_____ test_new_verifier_recomputes_complete_original_new_protocol[source] _____

mode = 'source'

    @pytest.mark.parametrize("mode", ["outcome", "count", "source", "parent", "owner"])
    def test_new_verifier_recomputes_complete_original_new_protocol(mode: str) -> None:
        trace = trace_for(fixture())
        original = trace.model_dump(mode="json")
        if mode == "outcome":
            original["outcome"]["actual_global_boundary_observation"]["snapshot"]["candidates"][0][
                "amount_cents"
            ] += 1
        elif mode == "count":
            original["inputs"]["actual_action_set_input"]["table_coverage"][0]["actual_count"] += 1
        elif mode == "source":
            original["sources"] = original["sources"][1:]
        elif mode == "parent":
            original["parent_run_id"] = str(UUID(int=900))
        elif mode == "owner":
            original["user_id"] = str(UUID(int=900))
>       dirty = DecisionTrace.model_validate_json(json.dumps(original))
                ^^^^^^^^^^^^^^^^^^^^^^^^^^^^^^^^^^^^^^^^^^^^^^^^^^^^^^^
E       pydantic_core._pydantic_core.ValidationError: 1 validation error for DecisionTrace
E         Value error, Decision trace input hash does not match its frozen inputs [type=value_error, input_value={'schema_version': 'decis...4142aef77fa44f0af0ffbe'}, input_type=dict]
E           For further information visit https://errors.pydantic.dev/2.13/v/value_error

apps\api\app\tests\test_full_action_set_boundary_actual.py:348: ValidationError
_____ test_new_verifier_recomputes_complete_original_new_protocol[parent] _____

mode = 'parent'

    @pytest.mark.parametrize("mode", ["outcome", "count", "source", "parent", "owner"])
    def test_new_verifier_recomputes_complete_original_new_protocol(mode: str) -> None:
        trace = trace_for(fixture())
        original = trace.model_dump(mode="json")
        if mode == "outcome":
            original["outcome"]["actual_global_boundary_observation"]["snapshot"]["candidates"][0][
                "amount_cents"
            ] += 1
        elif mode == "count":
            original["inputs"]["actual_action_set_input"]["table_coverage"][0]["actual_count"] += 1
        elif mode == "source":
            original["sources"] = original["sources"][1:]
        elif mode == "parent":
            original["parent_run_id"] = str(UUID(int=900))
        elif mode == "owner":
            original["user_id"] = str(UUID(int=900))
>       dirty = DecisionTrace.model_validate_json(json.dumps(original))
                ^^^^^^^^^^^^^^^^^^^^^^^^^^^^^^^^^^^^^^^^^^^^^^^^^^^^^^^
E       pydantic_core._pydantic_core.ValidationError: 1 validation error for DecisionTrace
E         Value error, Decision trace content hash does not match its frozen content [type=value_error, input_value={'schema_version': 'decis...4142aef77fa44f0af0ffbe'}, input_type=dict]
E           For further information visit https://errors.pydantic.dev/2.13/v/value_error

apps\api\app\tests\test_full_action_set_boundary_actual.py:348: ValidationError
_____ test_new_verifier_recomputes_complete_original_new_protocol[owner] ______

mode = 'owner'

    @pytest.mark.parametrize("mode", ["outcome", "count", "source", "parent", "owner"])
    def test_new_verifier_recomputes_complete_original_new_protocol(mode: str) -> None:
        trace = trace_for(fixture())
        original = trace.model_dump(mode="json")
        if mode == "outcome":
            original["outcome"]["actual_global_boundary_observation"]["snapshot"]["candidates"][0][
                "amount_cents"
            ] += 1
        elif mode == "count":
            original["inputs"]["actual_action_set_input"]["table_coverage"][0]["actual_count"] += 1
        elif mode == "source":
            original["sources"] = original["sources"][1:]
        elif mode == "parent":
            original["parent_run_id"] = str(UUID(int=900))
        elif mode == "owner":
            original["user_id"] = str(UUID(int=900))
>       dirty = DecisionTrace.model_validate_json(json.dumps(original))
                ^^^^^^^^^^^^^^^^^^^^^^^^^^^^^^^^^^^^^^^^^^^^^^^^^^^^^^^
E       pydantic_core._pydantic_core.ValidationError: 1 validation error for DecisionTrace
E         Value error, Trace evidence belongs to another user [type=value_error, input_value={'schema_version': 'decis...4142aef77fa44f0af0ffbe'}, input_type=dict]
E           For further information visit https://errors.pydantic.dev/2.13/v/value_error

apps\api\app\tests\test_full_action_set_boundary_actual.py:348: ValidationError
============================== warnings summary ===============================
.venv\Lib\site-packages\fastapi\testclient.py:1
  F:\学校活动\工行杯\钱途有界\bounded-funds\.venv\Lib\site-packages\fastapi\testclient.py:1: StarletteDeprecationWarning: Using `httpx` with `starlette.testclient` is deprecated; install `httpx2` instead.
    from starlette.testclient import TestClient as TestClient  # noqa

-- Docs: https://docs.pytest.org/en/stable/how-to/capture-warnings.html
=========================== short test summary info ===========================
FAILED apps/api/app/tests/test_full_action_set_boundary_actual.py::test_new_verifier_recomputes_complete_original_new_protocol[outcome]
FAILED apps/api/app/tests/test_full_action_set_boundary_actual.py::test_new_verifier_recomputes_complete_original_new_protocol[count]
FAILED apps/api/app/tests/test_full_action_set_boundary_actual.py::test_new_verifier_recomputes_complete_original_new_protocol[source]
FAILED apps/api/app/tests/test_full_action_set_boundary_actual.py::test_new_verifier_recomputes_complete_original_new_protocol[parent]
FAILED apps/api/app/tests/test_full_action_set_boundary_actual.py::test_new_verifier_recomputes_complete_original_new_protocol[owner]
5 failed, 19 passed, 1 warning in 90.67s (0:01:30)
