============================= test session starts =============================
platform win32 -- Python 3.12.5, pytest-9.1.1, pluggy-1.6.0 -- F:\学校活动\工行杯\钱途有界\bounded-funds\.venv\Scripts\python.exe
hypothesis profile 'default'
rootdir: F:\学校活动\工行杯\钱途有界\bounded-funds
configfile: pyproject.toml
plugins: anyio-4.15.1, hypothesis-6.168.3, cov-7.1.0
collecting ... collected 1 item

apps/api/app/tests/test_demo_console.py::test_salary_after_actual_monthly_target_has_no_fake_goal_action_or_permanent_pending FAILED [100%]

================================== FAILURES ===================================
_ test_salary_after_actual_monthly_target_has_no_fake_goal_action_or_permanent_pending _
apps\api\app\tests\test_demo_console.py:439: in test_salary_after_actual_monthly_target_has_no_fake_goal_action_or_permanent_pending
    raise service_errors[-1]
apps\api\app\main.py:61: in request_tracking
    response = await call_next(request)
               ^^^^^^^^^^^^^^^^^^^^^^^^
.venv\Lib\site-packages\starlette\middleware\base.py:173: in call_next
    raise app_exc from app_exc.__cause__ or app_exc.__context__
.venv\Lib\site-packages\starlette\middleware\base.py:149: in coro
    await self.app(scope, receive_or_disconnect, send_no_error)
.venv\Lib\site-packages\starlette\middleware\exceptions.py:63: in __call__
    await wrap_app_handling_exceptions(self.app, conn)(scope, receive, send)
.venv\Lib\site-packages\starlette\_exception_handler.py:53: in wrapped_app
    raise exc
.venv\Lib\site-packages\starlette\_exception_handler.py:42: in wrapped_app
    await app(scope, receive, sender)
.venv\Lib\site-packages\fastapi\middleware\asyncexitstack.py:18: in __call__
    await self.app(scope, receive, send)
.venv\Lib\site-packages\starlette\routing.py:676: in __call__
    await self.middleware_stack(scope, receive, send)
.venv\Lib\site-packages\fastapi\routing.py:2786: in app
    await route.handle(scope, receive, send)
.venv\Lib\site-packages\fastapi\routing.py:1817: in handle
    await self.original_router.handle(scope, receive, send)
.venv\Lib\site-packages\fastapi\routing.py:2869: in handle
    await included_router._handle_selected(scope, receive, send)
.venv\Lib\site-packages\fastapi\routing.py:1843: in _handle_selected
    await original_route.handle(scope, receive, send)
.venv\Lib\site-packages\fastapi\routing.py:1308: in handle
    await effective_context.app(scope, receive, send)
.venv\Lib\site-packages\fastapi\routing.py:165: in app
    await wrap_app_handling_exceptions(app, request)(scope, receive, send)
.venv\Lib\site-packages\starlette\_exception_handler.py:53: in wrapped_app
    raise exc
.venv\Lib\site-packages\starlette\_exception_handler.py:42: in wrapped_app
    await app(scope, receive, sender)
.venv\Lib\site-packages\fastapi\routing.py:151: in app
    response = await f(request)
               ^^^^^^^^^^^^^^^^
.venv\Lib\site-packages\fastapi\routing.py:727: in app
    raw_response = await run_endpoint_function(
.venv\Lib\site-packages\fastapi\routing.py:362: in run_endpoint_function
    return await run_in_threadpool(
.venv\Lib\site-packages\starlette\concurrency.py:34: in run_in_threadpool
    return await anyio.to_thread.run_sync(func)
           ^^^^^^^^^^^^^^^^^^^^^^^^^^^^^^^^^^^^
.venv\Lib\site-packages\anyio\to_thread.py:65: in run_sync
    return await get_async_backend().run_sync_in_worker_thread(
.venv\Lib\site-packages\anyio\_backends\_asyncio.py:2706: in run_sync_in_worker_thread
    return await future
           ^^^^^^^^^^^^
.venv\Lib\site-packages\anyio\_backends\_asyncio.py:1100: in run
    result = context.run(func, *args)
             ^^^^^^^^^^^^^^^^^^^^^^^^
.venv\Lib\site-packages\fastapi\telemetry\_api.py:240: in _run_sync_endpoint
    return function(**arguments)
           ^^^^^^^^^^^^^^^^^^^^^
apps\api\app\api\v1\demo.py:74: in event
    return ScenarioRunner(engine, user.id).demo_event(body, now)
           ^^^^^^^^^^^^^^^^^^^^^^^^^^^^^^^^^^^^^^^^^^^^^^^^^^^^^
apps\api\app\services\scenario_runner.py:133: in demo_event
    result = self.run(scenario)
             ^^^^^^^^^^^^^^^^^^
apps\api\app\services\scenario_runner.py:160: in run
    result = self._dispatch(step)
             ^^^^^^^^^^^^^^^^^^^^
apps\api\app\services\scenario_runner.py:209: in _dispatch
    return demo_console.run_demo_event(
apps\api\app\tests\test_demo_console.py:372: in capture_error
    return original_run(engine, user_id, body, now)
           ^^^^^^^^^^^^^^^^^^^^^^^^^^^^^^^^^^^^^^^^
apps\api\app\services\demo_console.py:880: in run_demo_event
    session, user_id, goal.id, now
                      ^^^^^^^
.venv\Lib\site-packages\sqlalchemy\orm\attributes.py:575: in __get__
    return self.impl.get(state, dict_)  # type: ignore[no-any-return]
           ^^^^^^^^^^^^^^^^^^^^^^^^^^^
.venv\Lib\site-packages\sqlalchemy\orm\attributes.py:1091: in get
    value = self._fire_loader_callables(state, key, passive)
            ^^^^^^^^^^^^^^^^^^^^^^^^^^^^^^^^^^^^^^^^^^^^^^^^
.venv\Lib\site-packages\sqlalchemy\orm\attributes.py:1121: in _fire_loader_callables
    return state._load_expired(state, passive)
           ^^^^^^^^^^^^^^^^^^^^^^^^^^^^^^^^^^^
.venv\Lib\site-packages\sqlalchemy\orm\state.py:833: in _load_expired
    self.manager.expired_attribute_loader(self, toload, passive)
.venv\Lib\site-packages\sqlalchemy\orm\loading.py:1633: in _load_scalar_attributes
    raise orm_exc.DetachedInstanceError(
E   sqlalchemy.orm.exc.DetachedInstanceError: Instance <Goal at 0x1f7162236e0> is not bound to a Session; attribute refresh operation cannot proceed (Background on this error at: https://sqlalche.me/e/21/bhk3)
---------------------------- Captured stderr call -----------------------------
{"event": "http_request", "request_id": "f8acb335-5344-4cb4-b884-f0a4a12772df", "method": "POST", "status": 200, "duration_ms": 438.0}
{"event": "http_request", "request_id": "875a500d-cc3f-4545-b87e-e301add34c3e", "method": "POST", "status": 200, "duration_ms": 156.0}
{"event": "http_request", "request_id": "7d0e9576-35df-4a62-86b7-e4fa2c240e79", "method": "POST", "status": 200, "duration_ms": 125.0}
{"event": "http_request", "request_id": "afc54131-0785-4b82-aeb7-0a29c48bce2f", "method": "POST", "status": 200, "duration_ms": 63.0}
{"event": "http_request", "request_id": "38918866-54e0-41e7-967c-bef2bc86ea86", "method": "POST", "status": 200, "duration_ms": 796.0}
{"event": "http_request", "request_id": "0703783d-b7c9-4fce-abed-abfae3702429", "method": "POST", "status": 200, "duration_ms": 6703.0}
{"event": "http_request", "request_id": "b675cd8f-d1d0-422a-9c63-8fff239bd9c2", "method": "POST", "status": 200, "duration_ms": 18938.0}
{"event": "http_request", "request_id": "c820d1a1-32df-4f3c-a8ef-75c5f2d7e158", "method": "POST", "status": 500, "duration_ms": 1750.0}
------------------------------ Captured log call ------------------------------
INFO     bounded_funds.http:main.py:65 {"event": "http_request", "request_id": "f8acb335-5344-4cb4-b884-f0a4a12772df", "method": "POST", "status": 200, "duration_ms": 438.0}
INFO     bounded_funds.http:main.py:65 {"event": "http_request", "request_id": "875a500d-cc3f-4545-b87e-e301add34c3e", "method": "POST", "status": 200, "duration_ms": 156.0}
INFO     bounded_funds.http:main.py:65 {"event": "http_request", "request_id": "7d0e9576-35df-4a62-86b7-e4fa2c240e79", "method": "POST", "status": 200, "duration_ms": 125.0}
INFO     bounded_funds.http:main.py:65 {"event": "http_request", "request_id": "afc54131-0785-4b82-aeb7-0a29c48bce2f", "method": "POST", "status": 200, "duration_ms": 63.0}
INFO     bounded_funds.http:main.py:65 {"event": "http_request", "request_id": "38918866-54e0-41e7-967c-bef2bc86ea86", "method": "POST", "status": 200, "duration_ms": 796.0}
INFO     bounded_funds.http:main.py:65 {"event": "http_request", "request_id": "0703783d-b7c9-4fce-abed-abfae3702429", "method": "POST", "status": 200, "duration_ms": 6703.0}
INFO     bounded_funds.http:main.py:65 {"event": "http_request", "request_id": "b675cd8f-d1d0-422a-9c63-8fff239bd9c2", "method": "POST", "status": 200, "duration_ms": 18938.0}
INFO     bounded_funds.http:main.py:65 {"event": "http_request", "request_id": "c820d1a1-32df-4f3c-a8ef-75c5f2d7e158", "method": "POST", "status": 500, "duration_ms": 1750.0}
============================== warnings summary ===============================
.venv\Lib\site-packages\fastapi\testclient.py:1
  F:\学校活动\工行杯\钱途有界\bounded-funds\.venv\Lib\site-packages\fastapi\testclient.py:1: StarletteDeprecationWarning: Using `httpx` with `starlette.testclient` is deprecated; install `httpx2` instead.
    from starlette.testclient import TestClient as TestClient  # noqa

-- Docs: https://docs.pytest.org/en/stable/how-to/capture-warnings.html
=========================== short test summary info ===========================
FAILED apps/api/app/tests/test_demo_console.py::test_salary_after_actual_monthly_target_has_no_fake_goal_action_or_permanent_pending - sqlalchemy.orm.exc.DetachedInstanceError: Instance <Goal at 0x1f7162236e0> is not bound to a Session; attribute refresh operation cannot proceed (Background on this error at: https://sqlalche.me/e/21/bhk3)
======================== 1 failed, 1 warning in 40.88s ========================
