F
================================== FAILURES ===================================
_ test_actual_dynamic_above_nominal_original_income_and_response_loss_key_recovery _

goal_client = (<starlette.testclient.TestClient object at 0x000002972F1445C0>, Engine(postgresql+psycopg://bounded:***@127.0.0.1:54329/bf_test_0153cd9de600498c9956468cfaa51d8e))

    def test_actual_dynamic_above_nominal_original_income_and_response_loss_key_recovery(
        goal_client: tuple[TestClient, Engine],
    ) -> None:
        client, engine = goal_client
        goal_id, model_id = full_dynamic_goal(client, engine)
        with Session(engine) as session:
            cash = session.scalar(
                select(Account)
                .where(Account.user_id == DEMO_USER_ID, Account.account_type == "CASH")
                .order_by(Account.id)
            )
            assert cash is not None
            cash_id = cash.id
        income = ingest_external_fact(
            engine,
            DEMO_USER_ID,
            ExternalFactRequest(
                user_id=DEMO_USER_ID,
                account_id=cash_id,
                kind="INCOME",
                amount_cents=600000,
                external_ref="actual-dynamic-consumer-payroll",
                idempotency_key="actual-dynamic-consumer-payroll",
                counterparty_ref="payroll",
                occurred_at=NOW,
            ),
            NOW,
        )
        assert income.bank_status == "SETTLED" and income.projection_status == "PROJECTED"
        assert income.transaction_id is not None
        current = client.get(f"/api/v1/goals/{goal_id}/full-model")
        assert current.status_code == 200 and current.json()["status"] == "VERIFIED"
        model = current.json()
        assert model["evidence_id"] == model_id and model["bank_authority"] is False
        body = {
            "goal_id": goal_id,
            "expected_policy_version_id": model["base_policy_version_id"],
            "expected_model_evidence_id": model_id,
            "expected_model_evidence_hash": model["evidence_hash"],
            "expected_epoch_id": model["epoch_id"],
            "idempotency_key": "actual-dynamic-consumer-key",
        }
        with Session(engine) as session:
            actual_income = read_income_state(session, DEMO_USER_ID, NOW)
            retained_income = session.get(EvidenceItem, actual_income.evidence_id)
            assert retained_income is not None
>           assert retained_income.content == actual_income.ledger.model_dump(mode="json"), json.dumps(
                {
                    "original": retained_income.content,
                    "typed": actual_income.ledger.model_dump(mode="json"),
                },
                ensure_ascii=False,
            )
E           AssertionError: {"original": {"as_of": "2026-10-04T01:00:00+00:00", "origins": [{"observed_at": "2026-08-10T01:00:00Z", "occurred_at": "2026-08-10T01:00:00Z", "amount_cents": 1200000, "bank_evidence_id": "47962f8d-c517-5fc0-aea9-ab783f521c9c", "origin_account_id": "61d172d3-9b8a-5f75-b00e-5d99b5e08dd1", "bank_evidence_hash": "f542c738567974d3f102d09c01066ce49b41560a3918e14c227d6bb69e648698", "origin_transaction_id": "15b28b99-4cca-529f-a93a-fcbbf99f6faf"}, {"observed_at": "2026-10-04T01:00:00Z", "occurred_at": "2026-10-04T01:00:00Z", "amount_cents": 600000, "bank_evidence_id": "a5703494-6df9-5b92-8fe4-661cb4fdb26c", "origin_account_id": "61d172d3-9b8a-5f75-b00e-5d99b5e08dd1", "bank_evidence_hash": "27060b068c9822cac546e029b463b43d59b48f6d682545acabc1a3c38d9ec14a", "origin_transaction_id": "2f6785e9-97d7-58f7-ad84-9f3acc2988de"}, {"observed_at": "2026-09-10T01:00:00Z", "occurred_at": "2026-09-10T01:00:00Z", "amount_cents": 1200000, "bank_evidence_id": "2d690dfe-ba9d-5126-8283-3e1e3db2cf8e", "origin_account_id": "61d172d3-9b8a-5f75-b00e-5d99b5e08dd1", "bank_evidence_hash": "996890e2781b3a1e0214685492dcd22bbe84da381dd300ac9e6648177de356d6", "origin_transaction_id": "758d74e6-8c55-544c-b631-55b3c4c8fa8e"}], "user_id": "271a9827-f82a-5be6-9e0a-50f721029fb0", "complete": true, "protocol": "new-funds-ledger-v2", "fragments": [{"account_id": "61d172d3-9b8a-5f75-b00e-5d99b5e08dd1", "fragment_id": "259d616b-cd94-542b-bdc5-a755cd9734d9", "spent_cents": 1200000, "assigned_cents": 0, "reserved_cents": 0, "available_cents": 0, "legacy_reserved_cents": 0, "origin_transaction_id": "15b28b99-4cca-529f-a93a-fcbbf99f6faf"}, {"account_id": "61d172d3-9b8a-5f75-b00e-5d99b5e08dd1", "fragment_id": "716dea80-fc92-5b4d-8b2b-a4c4a8a9367b", "spent_cents": 869800, "assigned_cents": 0, "reserved_cents": 0, "available_cents": 330200, "legacy_reserved_cents": 0, "origin_transaction_id": "758d74e6-8c55-544c-b631-55b3c4c8fa8e"}, {"account_id": "61d172d3-9b8a-5f75-b00e-5d99b5e08dd1", "fragment_id": "72f3b86c-57a1-5176-81cf-a49f19a64b57", "spent_cents": 0, "assigned_cents": 0, "reserved_cents": 0, "available_cents": 600000, "legacy_reserved_cents": 0, "origin_transaction_id": "2f6785e9-97d7-58f7-ad84-9f3acc2988de"}], "simulation": true, "reservations": [], "scope_account_ids": ["61d172d3-9b8a-5f75-b00e-5d99b5e08dd1"]}, "typed": {"simulation": true, "protocol": "new-funds-ledger-v2", "user_id": "271a9827-f82a-5be6-9e0a-50f721029fb0", "complete": true, "as_of": "2026-10-04T01:00:00Z", "scope_account_ids": ["61d172d3-9b8a-5f75-b00e-5d99b5e08dd1"], "origins": [{"origin_transaction_id": "15b28b99-4cca-529f-a93a-fcbbf99f6faf", "origin_account_id": "61d172d3-9b8a-5f75-b00e-5d99b5e08dd1", "amount_cents": 1200000, "occurred_at": "2026-08-10T01:00:00Z", "observed_at": "2026-08-10T01:00:00Z", "bank_evidence_id": "47962f8d-c517-5fc0-aea9-ab783f521c9c", "bank_evidence_hash": "f542c738567974d3f102d09c01066ce49b41560a3918e14c227d6bb69e648698"}, {"origin_transaction_id": "2f6785e9-97d7-58f7-ad84-9f3acc2988de", "origin_account_id": "61d172d3-9b8a-5f75-b00e-5d99b5e08dd1", "amount_cents": 600000, "occurred_at": "2026-10-04T01:00:00Z", "observed_at": "2026-10-04T01:00:00Z", "bank_evidence_id": "a5703494-6df9-5b92-8fe4-661cb4fdb26c", "bank_evidence_hash": "27060b068c9822cac546e029b463b43d59b48f6d682545acabc1a3c38d9ec14a"}, {"origin_transaction_id": "758d74e6-8c55-544c-b631-55b3c4c8fa8e", "origin_account_id": "61d172d3-9b8a-5f75-b00e-5d99b5e08dd1", "amount_cents": 1200000, "occurred_at": "2026-09-10T01:00:00Z", "observed_at": "2026-09-10T01:00:00Z", "bank_evidence_id": "2d690dfe-ba9d-5126-8283-3e1e3db2cf8e", "bank_evidence_hash": "996890e2781b3a1e0214685492dcd22bbe84da381dd300ac9e6648177de356d6"}], "fragments": [{"fragment_id": "259d616b-cd94-542b-bdc5-a755cd9734d9", "origin_transaction_id": "15b28b99-4cca-529f-a93a-fcbbf99f6faf", "account_id": "61d172d3-9b8a-5f75-b00e-5d99b5e08dd1", "spent_cents": 1200000, "assigned_cents": 0, "reserved_cents": 0, "legacy_reserved_cents": 0, "available_cents": 0}, {"fragment_id": "716dea80-fc92-5b4d-8b2b-a4c4a8a9367b", "origin_transaction_id": "758d74e6-8c55-544c-b631-55b3c4c8fa8e", "account_id": "61d172d3-9b8a-5f75-b00e-5d99b5e08dd1", "spent_cents": 869800, "assigned_cents": 0, "reserved_cents": 0, "legacy_reserved_cents": 0, "available_cents": 330200}, {"fragment_id": "72f3b86c-57a1-5176-81cf-a49f19a64b57", "origin_transaction_id": "2f6785e9-97d7-58f7-ad84-9f3acc2988de", "account_id": "61d172d3-9b8a-5f75-b00e-5d99b5e08dd1", "spent_cents": 0, "assigned_cents": 0, "reserved_cents": 0, "legacy_reserved_cents": 0, "available_cents": 600000}], "reservations": []}}
E           assert {'as_of': '20...e': True, ...} == {'simulation'...e': True, ...}
E             
E             Omitting 8 identical items, use -vv to show
E             Differing items:
E             {'as_of': '2026-10-04T01:00:00+00:00'} != {'as_of': '2026-10-04T01:00:00Z'}
E             Use -v to get more diff

apps\api\app\tests\test_full_dynamic_goal_execution_integration.py:75: AssertionError
---------------------------- Captured stderr call -----------------------------
{"event": "http_request", "request_id": "253ae4f0-07bd-4f65-b4ea-4a634e2f1b96", "method": "POST", "status": 200, "duration_ms": 62.0}
{"event": "http_request", "request_id": "ec6db3f6-e0d7-4da3-85de-217fa30bad5a", "method": "POST", "status": 200, "duration_ms": 422.0}
{"event": "http_request", "request_id": "706c01a3-e76a-450c-b72a-cfaff2d26814", "method": "POST", "status": 200, "duration_ms": 687.0}
{"event": "http_request", "request_id": "02e92554-8a34-491c-a8da-56ee3ff7de6b", "method": "POST", "status": 200, "duration_ms": 344.0}
{"event": "http_request", "request_id": "081cd8a7-1940-4104-8e42-d1d50e1c846a", "method": "POST", "status": 200, "duration_ms": 265.0}
{"event": "http_request", "request_id": "0b1b5268-2563-4346-8caf-025f941f7e79", "method": "GET", "status": 200, "duration_ms": 16.0}
------------------------------ Captured log call ------------------------------
INFO     bounded_funds.http:main.py:109 {"event": "http_request", "request_id": "253ae4f0-07bd-4f65-b4ea-4a634e2f1b96", "method": "POST", "status": 200, "duration_ms": 62.0}
INFO     bounded_funds.http:main.py:109 {"event": "http_request", "request_id": "ec6db3f6-e0d7-4da3-85de-217fa30bad5a", "method": "POST", "status": 200, "duration_ms": 422.0}
INFO     bounded_funds.http:main.py:109 {"event": "http_request", "request_id": "706c01a3-e76a-450c-b72a-cfaff2d26814", "method": "POST", "status": 200, "duration_ms": 687.0}
INFO     bounded_funds.http:main.py:109 {"event": "http_request", "request_id": "02e92554-8a34-491c-a8da-56ee3ff7de6b", "method": "POST", "status": 200, "duration_ms": 344.0}
INFO     bounded_funds.http:main.py:109 {"event": "http_request", "request_id": "081cd8a7-1940-4104-8e42-d1d50e1c846a", "method": "POST", "status": 200, "duration_ms": 265.0}
INFO     bounded_funds.http:main.py:109 {"event": "http_request", "request_id": "0b1b5268-2563-4346-8caf-025f941f7e79", "method": "GET", "status": 200, "duration_ms": 16.0}
============================== warnings summary ===============================
.venv\Lib\site-packages\fastapi\testclient.py:1
  F:\学校活动\工行杯\钱途有界\bounded-funds\.venv\Lib\site-packages\fastapi\testclient.py:1: StarletteDeprecationWarning: Using `httpx` with `starlette.testclient` is deprecated; install `httpx2` instead.
    from starlette.testclient import TestClient as TestClient  # noqa

-- Docs: https://docs.pytest.org/en/stable/how-to/capture-warnings.html
=========================== short test summary info ===========================
FAILED apps/api/app/tests/test_full_dynamic_goal_execution_integration.py::test_actual_dynamic_above_nominal_original_income_and_response_loss_key_recovery
!!!!!!!!!!!!!!!!!!!!!!!!!! stopping after 1 failures !!!!!!!!!!!!!!!!!!!!!!!!!!
1 failed, 1 warning in 13.49s
