F                                                                        [100%]
================================== FAILURES ===================================
_ test_actual_main_mounts_current_and_dependency_enters_repeatable_read_read_only _

monkeypatch = <_pytest.monkeypatch.MonkeyPatch object at 0x000001CA2106F800>

    def test_actual_main_mounts_current_and_dependency_enters_repeatable_read_read_only(
        monkeypatch: pytest.MonkeyPatch,
    ) -> None:
        path = "/api/v1/boundary/registered-action-set/current"
        schema = create_app().openapi()
        assert schema["paths"][path]["get"]["operationId"] == ("read_current_registered_action_set_v5")
        session = MagicMock(spec=Session)
        engine = cast(Engine, MagicMock(spec=Engine))
    
        @contextmanager
        def original_session(target: Engine) -> Iterator[Session]:
            assert target is engine
            yield cast(Session, session)
    
        monkeypatch.setattr(dependencies, "database_session", original_session)
        request = Request({"type": "http", "method": "GET", "path": path})
        yielded = dependencies.get_session(request, engine)
>       assert next(yielded) is session
               ^^^^^^^^^^^^^

apps\api\app\tests\test_full_action_set_boundary_registered_api.py:98: 
_ _ _ _ _ _ _ _ _ _ _ _ _ _ _ _ _ _ _ _ _ _ _ _ _ _ _ _ _ _ _ _ _ _ _ _ _ _ _ _
apps\api\app\api\dependencies.py:29: in get_session
    audit_read = request.url.path.startswith("/api/v1/audit/")
                 ^^^^^^^^^^^
.venv\Lib\site-packages\starlette\requests.py:112: in url
    self._url = URL(scope=self.scope)
                ^^^^^^^^^^^^^^^^^^^^^
_ _ _ _ _ _ _ _ _ _ _ _ _ _ _ _ _ _ _ _ _ _ _ _ _ _ _ _ _ _ _ _ _ _ _ _ _ _ _ _

self = <[AttributeError("'URL' object has no attribute '_url'") raised in repr()] URL object at 0x1ca23db2e70>
url = ''
scope = {'type': 'http', 'method': 'GET', 'path': '/api/v1/boundary/registered-action-set/current'}
components = {}

    def __init__(
        self,
        url: str = "",
        scope: Scope | None = None,
        **components: Any,
    ) -> None:
        if scope is not None:
            assert not url, 'Cannot set both "url" and "scope".'
            assert not components, 'Cannot set both "scope" and "**components".'
            scheme = scope.get("scheme", "http")
            server = scope.get("server", None)
            path = scope["path"]
            query_string = scope.get("query_string", b"")
    
            host_header = None
>           for key, value in scope["headers"]:
                              ^^^^^^^^^^^^^^^^
E           KeyError: 'headers'

.venv\Lib\site-packages\starlette\datastructures.py:41: KeyError
============================== warnings summary ===============================
.venv\Lib\site-packages\fastapi\testclient.py:1
  F:\学校活动\工行杯\钱途有界\bounded-funds\.venv\Lib\site-packages\fastapi\testclient.py:1: StarletteDeprecationWarning: Using `httpx` with `starlette.testclient` is deprecated; install `httpx2` instead.
    from starlette.testclient import TestClient as TestClient  # noqa

-- Docs: https://docs.pytest.org/en/stable/how-to/capture-warnings.html
=========================== short test summary info ===========================
FAILED apps/api/app/tests/test_full_action_set_boundary_registered_api.py::test_actual_main_mounts_current_and_dependency_enters_repeatable_read_read_only
1 failed, 1 warning in 15.11s
