..................F...................                                   [100%]
================================== FAILURES ===================================
_____ test_router_uses_trusted_server_identity_clock_and_separate_engine ______

client = <starlette.testclient.TestClient object at 0x000001C2F8E7C710>
monkeypatch = <_pytest.monkeypatch.MonkeyPatch object at 0x000001C2F8E7CB90>

    def test_router_uses_trusted_server_identity_clock_and_separate_engine(
        client: TestClient, monkeypatch: pytest.MonkeyPatch
    ) -> None:
        calls: list[tuple[Any, ...]] = []
    
        def capture(*args: Any) -> QuestionWorkflowResponse:
            calls.append(args)
            return response()
    
        monkeypatch.setattr(api, "start_question_session", capture)
        monkeypatch.setattr(api, "answer_question_session", capture)
        monkeypatch.setattr(api, "read_question_session", capture)
>       assert client.post("/api/v1/finite-planning/sessions", json=start_body()).status_code == 200
E       AssertionError: assert 422 == 200
E        +  where 422 = <Response [422 Unprocessable Entity]>.status_code
E        +    where <Response [422 Unprocessable Entity]> = post('/api/v1/finite-planning/sessions', json={'base_action_id': '00000000-0000-0000-0000-0000000002be', 'variables': [{'variable_id': 'amount', 'field': 'TRANSFER_...s': 'COMPLETE', ...}], 'expected_epoch_id': '00000000-0000-0000-0000-0000000002bd', 'idempotency_key': 'session-start'})
E        +      where post = <starlette.testclient.TestClient object at 0x000001C2F8E7C710>.post
E        +      and   {'base_action_id': '00000000-0000-0000-0000-0000000002be', 'variables': [{'variable_id': 'amount', 'field': 'TRANSFER_...s': 'COMPLETE', ...}], 'expected_epoch_id': '00000000-0000-0000-0000-0000000002bd', 'idempotency_key': 'session-start'} = start_body()

apps\api\app\tests\test_question_workflow_contract.py:74: AssertionError
============================== warnings summary ===============================
.venv\Lib\site-packages\fastapi\testclient.py:1
  F:\学校活动\工行杯\钱途有界\bounded-funds\.venv\Lib\site-packages\fastapi\testclient.py:1: StarletteDeprecationWarning: Using `httpx` with `starlette.testclient` is deprecated; install `httpx2` instead.
    from starlette.testclient import TestClient as TestClient  # noqa

-- Docs: https://docs.pytest.org/en/stable/how-to/capture-warnings.html
=========================== short test summary info ===========================
FAILED apps/api/app/tests/test_question_workflow_contract.py::test_router_uses_trusted_server_identity_clock_and_separate_engine
1 failed, 37 passed, 1 warning in 13.54s
