F
================================== FAILURES ===================================
_ test_actual_joint_different_amount_signed_whole_consent_fixed_key_unknown_no_advance _

goal_client = (<starlette.testclient.TestClient object at 0x000001E5FD433E00>, Engine(postgresql+psycopg://bounded:***@127.0.0.1:54329/bf_test_b1e7020a2df04dd0a4add49562e93219))
monkeypatch = <_pytest.monkeypatch.MonkeyPatch object at 0x000001E5FD455100>

    def test_actual_joint_different_amount_signed_whole_consent_fixed_key_unknown_no_advance(
        goal_client: tuple[TestClient, Engine], monkeypatch: pytest.MonkeyPatch
    ) -> None:
        client, engine = goal_client
        require_original_joint_pipeline_hooks()
        with Session(engine) as read:
            epoch = current_audit_epoch(read, DEMO_USER_ID)
            goal_account = read.scalar(select(Account).where(Account.account_type == "GOAL"))
            cash = read.scalar(
                select(Account).where(Account.account_type == "CASH").order_by(Account.id)
            )
            assert epoch is not None and goal_account is not None and cash is not None
            epoch_id, account_id, cash_id = epoch.id, goal_account.id, cash.id
        goals = [_actual_goal(client, engine, epoch_id, number, account_id) for number in (1, 2)]
        income = ingest_external_fact(
            engine,
            DEMO_USER_ID,
            ExternalFactRequest(
                user_id=DEMO_USER_ID,
                account_id=cash_id,
                kind="INCOME",
                amount_cents=600000,
                occurred_at=NOW,
                external_ref="joint-actual-new-income",
                idempotency_key="joint-actual-new-income",
                counterparty_ref="payroll",
            ),
            NOW,
        )
        assert income.bank_status == "SETTLED" and income.projection_status == "PROJECTED"
        config: dict[str, Any] = {
            "type": "goal_allocation",
            "goal_ids": goals,
            "max_single_allocation_cents": 30000,
        }
        scope = client.post(
            "/api/v1/full-policies/confirm",
            json={
                "template_name": "GoalAllocationPolicy",
                "configuration": config,
                "reviewed_hash": configuration_hash(
                    canonical_candidate("GoalAllocationPolicy", config)
                ),
                "accepted": True,
                "reason": "完整两目标联合上限三万元分的明确规划范围",
                "idempotency_key": "joint-actual-scope",
            },
        )
        assert scope.status_code == 200, scope.text
        original = scope.json()
        body = {
            "full_policy_id": original["policy_id"],
            "expected_full_policy_version_id": original["version_id"],
            "expected_epoch_id": str(epoch_id),
            "idempotency_key": "joint-actual-parent",
        }
        before = physical_snapshot(engine)
        preview = client.post(URL + "/preview", json=body)
        assert preview.status_code == 200, preview.text
        value = preview.json()
>       assert value["status"] == "READY_TO_REVIEW", preview.text
E       AssertionError: {"simulation":true,"bank_authority":false,"grants_authority":false,"preview_only":true,"user_id":"271a9827-f82a-5be6-9e0a-50f721029fb0","epoch_id":"c3065291-f465-4c04-be7b-17340275dc2b","as_of":"2026-10-04T01:00:00Z","request":{"full_policy_id":"a6b3a07e-7b09-51a7-b431-998db5569c89","expected_full_policy_version_id":"9f55f153-618d-42f5-bbcf-d6f269a3c383","expected_epoch_id":"c3065291-f465-4c04-be7b-17340275dc2b","idempotency_key":"joint-actual-parent"},"status":"UNKNOWN","registered_goal_ids":["1ab8b7b2-daa3-5cb8-ba3c-7227fa0cb38f","34eec5da-78f6-5c65-b528-717b61ffc3be"],"unresolved_original_action_ids":[],"plan":null,"input_hash":"acacfdd7295902bc5eac1e16c4e755044426143969bc9ca088b0f460d7575c26","reasons":["JOINT_CAPTURE_INCOMPLETE_OR_CAPACITY_EXCEEDED"],"limitations":["Requires durable identities and original typed hooks; preview performs no writes.","Complete monthly scope of 2-8 goals; weekly and multi-period execution unavailable.","Bank accepts only revalidated fixed amounts/sources; UNKNOWN stops the next child."]}
E       assert 'UNKNOWN' == 'READY_TO_REVIEW'
E         
E         - READY_TO_REVIEW
E         + UNKNOWN

apps\api\app\tests\test_full_joint_goal_execution_integration.py:168: AssertionError
---------------------------- Captured stderr call -----------------------------
{"event": "http_request", "request_id": "9c678547-1289-40b5-9326-4b7decb90d22", "method": "POST", "status": 200, "duration_ms": 1234.0}
{"event": "http_request", "request_id": "c5d111d9-4542-456e-85df-bd3ac314bd1b", "method": "POST", "status": 200, "duration_ms": 188.0}
{"event": "http_request", "request_id": "3bccc25b-70a7-4d07-a452-713feb576b00", "method": "POST", "status": 200, "duration_ms": 750.0}
{"event": "http_request", "request_id": "10387025-6c38-4528-a470-bca63666c2fa", "method": "POST", "status": 200, "duration_ms": 406.0}
{"event": "http_request", "request_id": "b311f230-a4bc-4eb8-8a8b-7d6c71d3d7e2", "method": "POST", "status": 200, "duration_ms": 125.0}
{"event": "http_request", "request_id": "763aa364-6786-49a6-8842-26a324f7f5c1", "method": "POST", "status": 200, "duration_ms": 16.0}
{"event": "http_request", "request_id": "88d1db1f-bb30-4213-a25c-f78312efb4ec", "method": "POST", "status": 200, "duration_ms": 78.0}
{"event": "http_request", "request_id": "484972a2-7e77-4328-b7b3-ac71a34b29a0", "method": "POST", "status": 200, "duration_ms": 453.0}
{"event": "http_request", "request_id": "dcef058e-1de1-42c8-827f-b87ebe8c78bc", "method": "POST", "status": 200, "duration_ms": 422.0}
{"event": "http_request", "request_id": "76159069-23aa-4bd3-a872-f84d315e2d41", "method": "POST", "status": 200, "duration_ms": 187.0}
{"event": "http_request", "request_id": "824b6f5d-cac6-4369-9afc-89e81ef8f205", "method": "POST", "status": 200, "duration_ms": 31.0}
{"event": "http_request", "request_id": "9e19feb1-2feb-48a2-b37b-d27dc8455b1e", "method": "POST", "status": 200, "duration_ms": 35953.0}
------------------------------ Captured log call ------------------------------
INFO     bounded_funds.http:main.py:134 {"event": "http_request", "request_id": "9c678547-1289-40b5-9326-4b7decb90d22", "method": "POST", "status": 200, "duration_ms": 1234.0}
INFO     bounded_funds.http:main.py:134 {"event": "http_request", "request_id": "c5d111d9-4542-456e-85df-bd3ac314bd1b", "method": "POST", "status": 200, "duration_ms": 188.0}
INFO     bounded_funds.http:main.py:134 {"event": "http_request", "request_id": "3bccc25b-70a7-4d07-a452-713feb576b00", "method": "POST", "status": 200, "duration_ms": 750.0}
INFO     bounded_funds.http:main.py:134 {"event": "http_request", "request_id": "10387025-6c38-4528-a470-bca63666c2fa", "method": "POST", "status": 200, "duration_ms": 406.0}
INFO     bounded_funds.http:main.py:134 {"event": "http_request", "request_id": "b311f230-a4bc-4eb8-8a8b-7d6c71d3d7e2", "method": "POST", "status": 200, "duration_ms": 125.0}
INFO     bounded_funds.http:main.py:134 {"event": "http_request", "request_id": "763aa364-6786-49a6-8842-26a324f7f5c1", "method": "POST", "status": 200, "duration_ms": 16.0}
INFO     bounded_funds.http:main.py:134 {"event": "http_request", "request_id": "88d1db1f-bb30-4213-a25c-f78312efb4ec", "method": "POST", "status": 200, "duration_ms": 78.0}
INFO     bounded_funds.http:main.py:134 {"event": "http_request", "request_id": "484972a2-7e77-4328-b7b3-ac71a34b29a0", "method": "POST", "status": 200, "duration_ms": 453.0}
INFO     bounded_funds.http:main.py:134 {"event": "http_request", "request_id": "dcef058e-1de1-42c8-827f-b87ebe8c78bc", "method": "POST", "status": 200, "duration_ms": 422.0}
INFO     bounded_funds.http:main.py:134 {"event": "http_request", "request_id": "76159069-23aa-4bd3-a872-f84d315e2d41", "method": "POST", "status": 200, "duration_ms": 187.0}
INFO     bounded_funds.http:main.py:134 {"event": "http_request", "request_id": "824b6f5d-cac6-4369-9afc-89e81ef8f205", "method": "POST", "status": 200, "duration_ms": 31.0}
INFO     bounded_funds.http:main.py:134 {"event": "http_request", "request_id": "9e19feb1-2feb-48a2-b37b-d27dc8455b1e", "method": "POST", "status": 200, "duration_ms": 35953.0}
============================== warnings summary ===============================
.venv\Lib\site-packages\fastapi\testclient.py:1
  F:\学校活动\工行杯\钱途有界\bounded-funds\.venv\Lib\site-packages\fastapi\testclient.py:1: StarletteDeprecationWarning: Using `httpx` with `starlette.testclient` is deprecated; install `httpx2` instead.
    from starlette.testclient import TestClient as TestClient  # noqa

-- Docs: https://docs.pytest.org/en/stable/how-to/capture-warnings.html
=========================== short test summary info ===========================
FAILED apps/api/app/tests/test_full_joint_goal_execution_integration.py::test_actual_joint_different_amount_signed_whole_consent_fixed_key_unknown_no_advance
!!!!!!!!!!!!!!!!!!!!!!!!!! stopping after 1 failures !!!!!!!!!!!!!!!!!!!!!!!!!!
1 failed, 1 warning in 52.95s
