.........FFFFFF                                                          [100%]
================================== FAILURES ===================================
_ test_hand_worked_release_preserves_cash_and_1098_protection_points_without_grant _
apps\api\app\tests\test_full_action_set_release_producers.py:710: in test_hand_worked_release_preserves_cash_and_1098_protection_points_without_grant
    data, item = protection_fixture()
                 ^^^^^^^^^^^^^^^^^^^^
apps\api\app\tests\test_full_action_set_release_producers.py:653: in protection_fixture
    assert before.full_annual_projection is not None and after.full_annual_projection is not None
E   AssertionError: assert (None is not None)
E    +  where None = FullProtectionProjectionResult(algorithm_version='registered-full-protection-v1', planning_only=True, bank_authority=F...NAL_OR_HISTORICAL_COVERAGE_NOT_PROVEN'], input_hash='89659cf172e90ad01833f28c42fdd56c48533446763329c4f7f9ddc3bfa3abd5').full_annual_projection
_ test_private_protection_check_rejects_changed_real_basis_or_fake_verified_label[cash] _
apps\api\app\tests\test_full_action_set_release_producers.py:720: in test_private_protection_check_rejects_changed_real_basis_or_fake_verified_label
    data, item = protection_fixture()
                 ^^^^^^^^^^^^^^^^^^^^
apps\api\app\tests\test_full_action_set_release_producers.py:653: in protection_fixture
    assert before.full_annual_projection is not None and after.full_annual_projection is not None
E   AssertionError: assert (None is not None)
E    +  where None = FullProtectionProjectionResult(algorithm_version='registered-full-protection-v1', planning_only=True, bank_authority=F...NAL_OR_HISTORICAL_COVERAGE_NOT_PROVEN'], input_hash='89659cf172e90ad01833f28c42fdd56c48533446763329c4f7f9ddc3bfa3abd5').full_annual_projection
_ test_private_protection_check_rejects_changed_real_basis_or_fake_verified_label[clock] _
apps\api\app\tests\test_full_action_set_release_producers.py:720: in test_private_protection_check_rejects_changed_real_basis_or_fake_verified_label
    data, item = protection_fixture()
                 ^^^^^^^^^^^^^^^^^^^^
apps\api\app\tests\test_full_action_set_release_producers.py:653: in protection_fixture
    assert before.full_annual_projection is not None and after.full_annual_projection is not None
E   AssertionError: assert (None is not None)
E    +  where None = FullProtectionProjectionResult(algorithm_version='registered-full-protection-v1', planning_only=True, bank_authority=F...NAL_OR_HISTORICAL_COVERAGE_NOT_PROVEN'], input_hash='89659cf172e90ad01833f28c42fdd56c48533446763329c4f7f9ddc3bfa3abd5').full_annual_projection
_ test_private_protection_check_rejects_changed_real_basis_or_fake_verified_label[hash] _
apps\api\app\tests\test_full_action_set_release_producers.py:720: in test_private_protection_check_rejects_changed_real_basis_or_fake_verified_label
    data, item = protection_fixture()
                 ^^^^^^^^^^^^^^^^^^^^
apps\api\app\tests\test_full_action_set_release_producers.py:653: in protection_fixture
    assert before.full_annual_projection is not None and after.full_annual_projection is not None
E   AssertionError: assert (None is not None)
E    +  where None = FullProtectionProjectionResult(algorithm_version='registered-full-protection-v1', planning_only=True, bank_authority=F...NAL_OR_HISTORICAL_COVERAGE_NOT_PROVEN'], input_hash='89659cf172e90ad01833f28c42fdd56c48533446763329c4f7f9ddc3bfa3abd5').full_annual_projection
_ test_private_protection_check_rejects_changed_real_basis_or_fake_verified_label[denominator] _
apps\api\app\tests\test_full_action_set_release_producers.py:720: in test_private_protection_check_rejects_changed_real_basis_or_fake_verified_label
    data, item = protection_fixture()
                 ^^^^^^^^^^^^^^^^^^^^
apps\api\app\tests\test_full_action_set_release_producers.py:653: in protection_fixture
    assert before.full_annual_projection is not None and after.full_annual_projection is not None
E   AssertionError: assert (None is not None)
E    +  where None = FullProtectionProjectionResult(algorithm_version='registered-full-protection-v1', planning_only=True, bank_authority=F...NAL_OR_HISTORICAL_COVERAGE_NOT_PROVEN'], input_hash='89659cf172e90ad01833f28c42fdd56c48533446763329c4f7f9ddc3bfa3abd5').full_annual_projection
_ test_private_protection_check_rejects_changed_real_basis_or_fake_verified_label[amount] _
apps\api\app\tests\test_full_action_set_release_producers.py:720: in test_private_protection_check_rejects_changed_real_basis_or_fake_verified_label
    data, item = protection_fixture()
                 ^^^^^^^^^^^^^^^^^^^^
apps\api\app\tests\test_full_action_set_release_producers.py:653: in protection_fixture
    assert before.full_annual_projection is not None and after.full_annual_projection is not None
E   AssertionError: assert (None is not None)
E    +  where None = FullProtectionProjectionResult(algorithm_version='registered-full-protection-v1', planning_only=True, bank_authority=F...NAL_OR_HISTORICAL_COVERAGE_NOT_PROVEN'], input_hash='89659cf172e90ad01833f28c42fdd56c48533446763329c4f7f9ddc3bfa3abd5').full_annual_projection
============================== warnings summary ===============================
.venv\Lib\site-packages\fastapi\testclient.py:1
  F:\学校活动\工行杯\钱途有界\bounded-funds\.venv\Lib\site-packages\fastapi\testclient.py:1: StarletteDeprecationWarning: Using `httpx` with `starlette.testclient` is deprecated; install `httpx2` instead.
    from starlette.testclient import TestClient as TestClient  # noqa

.venv\Lib\site-packages\_pytest\cacheprovider.py:469
  F:\学校活动\工行杯\钱途有界\bounded-funds\.venv\Lib\site-packages\_pytest\cacheprovider.py:469: PytestCacheWarning: could not create cache path F:\学校活动\工行杯\钱途有界\bounded-funds\.pytest_cache\v\cache\nodeids: [WinError 5] 拒绝访问。: 'F:\\学校活动\\工行杯\\钱途有界\\bounded-funds\\.pytest_cache\\v\\cache'
    config.cache.set("cache/nodeids", sorted(self.cached_nodeids))

.venv\Lib\site-packages\_pytest\cacheprovider.py:423
  F:\学校活动\工行杯\钱途有界\bounded-funds\.venv\Lib\site-packages\_pytest\cacheprovider.py:423: PytestCacheWarning: could not create cache path F:\学校活动\工行杯\钱途有界\bounded-funds\.pytest_cache\v\cache\lastfailed: [WinError 5] 拒绝访问。: 'F:\\学校活动\\工行杯\\钱途有界\\bounded-funds\\.pytest_cache\\v\\cache'
    config.cache.set("cache/lastfailed", self.lastfailed)

-- Docs: https://docs.pytest.org/en/stable/how-to/capture-warnings.html
=========================== short test summary info ===========================
FAILED apps/api/app/tests/test_full_action_set_release_producers.py::test_hand_worked_release_preserves_cash_and_1098_protection_points_without_grant
FAILED apps/api/app/tests/test_full_action_set_release_producers.py::test_private_protection_check_rejects_changed_real_basis_or_fake_verified_label[cash]
FAILED apps/api/app/tests/test_full_action_set_release_producers.py::test_private_protection_check_rejects_changed_real_basis_or_fake_verified_label[clock]
FAILED apps/api/app/tests/test_full_action_set_release_producers.py::test_private_protection_check_rejects_changed_real_basis_or_fake_verified_label[hash]
FAILED apps/api/app/tests/test_full_action_set_release_producers.py::test_private_protection_check_rejects_changed_real_basis_or_fake_verified_label[denominator]
FAILED apps/api/app/tests/test_full_action_set_release_producers.py::test_private_protection_check_rejects_changed_real_basis_or_fake_verified_label[amount]
6 failed, 9 passed, 33 deselected, 3 warnings in 14.58s
