I001 [*] Import block is un-sorted or un-formatted
  --> apps\api\app\tests\test_full_asset_execution_integration.py:3:1
   |
 1 |   """One actual isolated bank consumer risk candidate; Root alone schedules PG."""
 2 |
 3 | / import json
 4 | | from datetime import UTC, datetime
 5 | | from typing import Any
 6 | | from uuid import UUID
 7 | |
 8 | | import pytest
 9 | | from app.api.v1 import full_asset_execution as execution_router
10 | | from app.api.dependencies import get_now
11 | | from app.db.models import Account, ActionPlan, BankOperation, EvidenceItem, PolicyVersion
12 | | from app.domain.execution_types import BankCommand
13 | | from app.domain.policy_configuration import configuration_hash
14 | | from app.services import execution as original_execution
15 | | from app.services.audit_chain import verify_audit_chain
16 | | from app.services.demo_seed import DEMO_USER_ID
17 | | from app.services.execution_bank import has_full_asset_batch_binding, process_operation
18 | | from app.services.full_asset_execution_dispatch import (
19 | |     enforce_full_asset_batch_acceptance,
20 | |     enforce_full_asset_batch_phase1,
21 | | )
22 | | from app.tests.test_asset_allocation_service import authorization
23 | | from app.tests.test_full_asset_allocation_api import actual_asset_declaration, actual_income
24 | | from app.tests.test_full_projection_api import annual_client as annual_client
25 | | from app.tests.test_full_projection_api import physical_snapshot
26 | | from fastapi.testclient import TestClient
27 | | from sqlalchemy import select
28 | | from sqlalchemy.engine import Engine
29 | | from sqlalchemy.orm import Session
   | |__________________________________^
30 |
31 |   pytestmark = pytest.mark.integration
   |
help: Organize imports
   |
8  | import pytest
9  + from app.api.dependencies import get_now
10 | from app.api.v1 import full_asset_execution as execution_router
   - from app.api.dependencies import get_now
11 | from app.db.models import Account, ActionPlan, BankOperation, EvidenceItem, PolicyVersion
   |

Found 1 error.
[*] 1 fixable with the `--fix` option.
