....................................FFF.                                 [100%]
================================== FAILURES ===================================
_ test_e1_zero_loss_recovery_checks_actor_consent_and_actual_projection[False-False-True] _
scripts\tests\test_mvp_financial_metrics.py:1012: in test_e1_zero_loss_recovery_checks_actor_consent_and_actual_projection
    assert metric["status"] == "MEASURED" and metric["value"] == int(automatic)
E   AssertionError: assert ('MISSING' == 'MEASURED'
E     
E     - MEASURED
E     + MISSING)
_ test_e1_zero_loss_recovery_checks_actor_consent_and_actual_projection[False-True-False] _
scripts\tests\test_mvp_financial_metrics.py:1012: in test_e1_zero_loss_recovery_checks_actor_consent_and_actual_projection
    assert metric["status"] == "MEASURED" and metric["value"] == int(automatic)
E   AssertionError: assert ('MISSING' == 'MEASURED'
E     
E     - MEASURED
E     + MISSING)
_ test_e1_zero_loss_recovery_checks_actor_consent_and_actual_projection[True-False-False] _
scripts\tests\test_mvp_financial_metrics.py:1012: in test_e1_zero_loss_recovery_checks_actor_consent_and_actual_projection
    assert metric["status"] == "MEASURED" and metric["value"] == int(automatic)
E   AssertionError: assert ('MISSING' == 'MEASURED'
E     
E     - MEASURED
E     + MISSING)
=========================== short test summary info ===========================
FAILED scripts/tests/test_mvp_financial_metrics.py::test_e1_zero_loss_recovery_checks_actor_consent_and_actual_projection[False-False-True]
FAILED scripts/tests/test_mvp_financial_metrics.py::test_e1_zero_loss_recovery_checks_actor_consent_and_actual_projection[False-True-False]
FAILED scripts/tests/test_mvp_financial_metrics.py::test_e1_zero_loss_recovery_checks_actor_consent_and_actual_projection[True-False-False]
3 failed, 37 passed in 15.61s
