F..........................F.                                            [100%]
================================== FAILURES ===================================
_ test_actual_sources_synthetic_whole_cap_can_differ_from_single_goal_without_changing_originals _
apps\api\app\tests\test_full_joint_goal_execution.py:415: in test_actual_sources_synthetic_whole_cap_can_differ_from_single_goal_without_changing_originals
    assert result.status == "READY_TO_REVIEW", result.reasons
E   AssertionError: ['DYNAMIC_ORIGINAL_OWNER_EPOCH_CLOCK_OR_OWN_CLAIM_DIFFERS']
E   assert 'UNKNOWN' == 'READY_TO_REVIEW'
E     
E     - READY_TO_REVIEW
E     + UNKNOWN
______ test_fixed_execute_response_loss_replay_never_advances_next_child ______
apps\api\app\tests\test_full_joint_goal_execution.py:538: in test_fixed_execute_response_loss_replay_never_advances_next_child
    assert preview.plan is not None, preview.reasons
E   AssertionError: ['DYNAMIC_ORIGINAL_OWNER_EPOCH_CLOCK_OR_OWN_CLAIM_DIFFERS']
E   assert None is not None
E    +  where None = FullJointGoalPreview(simulation=True, bank_authority=False, grants_authority=False, preview_only=True, user_id=UUID('0...execution.', 'Every bank acceptance revalidates the original fixed amount and sources; UNKNOWN stops the next child.']).plan
============================== warnings summary ===============================
.venv\Lib\site-packages\fastapi\testclient.py:1
  F:\学校活动\工行杯\钱途有界\bounded-funds\.venv\Lib\site-packages\fastapi\testclient.py:1: StarletteDeprecationWarning: Using `httpx` with `starlette.testclient` is deprecated; install `httpx2` instead.
    from starlette.testclient import TestClient as TestClient  # noqa

.venv\Lib\site-packages\_pytest\cacheprovider.py:469
  F:\学校活动\工行杯\钱途有界\bounded-funds\.venv\Lib\site-packages\_pytest\cacheprovider.py:469: PytestCacheWarning: could not create cache path F:\学校活动\工行杯\钱途有界\bounded-funds\.pytest_cache\v\cache\nodeids: [WinError 5] 拒绝访问。: 'F:\\学校活动\\工行杯\\钱途有界\\bounded-funds\\.pytest_cache\\v\\cache'
    config.cache.set("cache/nodeids", sorted(self.cached_nodeids))

.venv\Lib\site-packages\_pytest\cacheprovider.py:423
  F:\学校活动\工行杯\钱途有界\bounded-funds\.venv\Lib\site-packages\_pytest\cacheprovider.py:423: PytestCacheWarning: could not create cache path F:\学校活动\工行杯\钱途有界\bounded-funds\.pytest_cache\v\cache\lastfailed: [WinError 5] 拒绝访问。: 'F:\\学校活动\\工行杯\\钱途有界\\bounded-funds\\.pytest_cache\\v\\cache'
    config.cache.set("cache/lastfailed", self.lastfailed)

-- Docs: https://docs.pytest.org/en/stable/how-to/capture-warnings.html
=========================== short test summary info ===========================
FAILED apps/api/app/tests/test_full_joint_goal_execution.py::test_actual_sources_synthetic_whole_cap_can_differ_from_single_goal_without_changing_originals
FAILED apps/api/app/tests/test_full_joint_goal_execution.py::test_fixed_execute_response_loss_replay_never_advances_next_child
2 failed, 27 passed, 3 warnings in 64.30s (0:01:04)
