E501 Line too long (102 > 100)
  --> apps\api\app\tests\test_audit_request_read_scope.py:44:101
   |
42 |         session.execute(text("SET TRANSACTION READ ONLY"))
43 |         evidence = session.scalar(
44 |             select(EvidenceItem).where(EvidenceItem.user_id == DEMO_USER_ID).order_by(EvidenceItem.id)
   |                                                                                                     ^^
45 |         )
46 |         head = audit.get_audit_head(session, DEMO_USER_ID)
   |

E501 Line too long (103 > 100)
  --> apps\api\app\tests\test_audit_request_read_scope.py:55:101
   |
53 |             assert again.status == "VALID" and again.errors == [] and len(calls) == 1
54 |             checkpoint = domain.build_checkpoint(head, captured_at=SEED_AS_OF)
55 |             exact = audit.verify_audit_chain(session, DEMO_USER_ID, head.epoch_id, checkpoint, "EXACT")
   |                                                                                                     ^^^
56 |             assert exact.status == "VALID" and len(calls) == 2
57 |             assert audit.verify_audit_chain(
   |

Found 2 errors.
