
 RUN  v3.2.4 F:/学校活动/工行杯/钱途有界/bounded-funds/apps/web

 ❯ src/components/LocalActorSessionPanel.test.tsx (17 tests | 7 failed) 4800ms
   ✓ local actor session panel — synthetic HTTP, no browser authentication proof > has no automatic login or GET and preserves the explicit boundary 35ms
   ✓ local actor session panel — synthetic HTTP, no browser authentication proof > only a manual GET displays the actual server principal and never writes storage 83ms
   × local actor session panel — synthetic HTTP, no browser authentication proof > clears the input before POST resolves, then separately GETs actual cookie-backed state 18ms
     → expected "spy" to be called 1 times, but got 0 times
   × local actor session panel — synthetic HTTP, no browser authentication proof > successful login body followed by 401 does not show a logged-in principal 13ms
     → expect(element).toHaveTextContent()

Expected element to have text content:
  服务未配置
Received:
  结果未知或响应无法完整核对。显示身份已清空，请只读核对服务器会话；不会自动重发登录或注销。
   × local actor session panel — synthetic HTTP, no browser authentication proof > network ambiguity locks identity writes until a manual GET; no automatic rePOST 1036ms
     → expect(element).not.toBeDisabled()

Received element is disabled:
  <button
  disabled=""
  type="submit"
/>

Ignored nodes: comments, script, style
[36m<html>[39m
  [36m<head />[39m
  [36m<body>[39m
    [36m<div>[39m
      [36m<section[39m
        [33maria-labelledby[39m=[32m"«r4»"[39m
        [33mclass[39m=[32m"local-actor-session-panel"[39m
      [36m>[39m
        [36m<h2[39m
          [33mid[39m=[32m"«r4»"[39m
        [36m>[39m
          [0m本地模拟身份[0m
        [36m</h2>[39m
        [36m<p[39m
          [33mrole[39m=[32m"status"[39m
        [36m>[39m
          [0m当前身份未知[0m
        [36m</p>[39m
        [36m<p>[39m
          [0m身份仅用于展示。本地签名会话不是银行授权、金融确认或真人身份核验；每个新金融请求仍由服务器独立验真。[0m
        [36m</p>[39m
        [36m<p[39m
          [33mrole[39m=[32m"alert"[39m
        [36m>[39m
          [0m结果未知或响应无法完整核对。显示身份已清空，请只读核对服务器会话；不会自动重发登录或注销。[0m
        [36m</p>[39m
        [36m<button[39m
          [33mtype[39m=[32m"button"[39m
        [36m>[39m
          [0m只读读取当前身份[0m
        [36m</button>[39m
        [36m<form>[39m
          [36m<label>[39m
            [0m服务器固定用户名[0m
            [36m<input[39m
              [33mautocomplete[39m=[32m"username"[39m
              [33mname[39m=[32m"username"[39m
              [33mreadonly[39m=[32m""[39m
              [33mvalue[39m=[32m"bounded-user"[39m
            [36m/>[39m
          [36m</label>[39m
          [36m<label>[39m
            [0m本地凭证[0m
            [36m<input[39m
              [33mautocomplete[39m=[32m"off"[39m
              [33mdisabled[39m=[32m""[39m
              [33mmaxlength[39m=[32m"1024"[39m
              [33mname[39m=[32m"secret"[39m
              [33mtype[39m=[32m"password"[39m
            [36m/>[39m
          [36m</label>[39m
          [36m<button[39m
            [33mdisabled[39m=[32m""[39m
            [33mtype[39m=[32m"submit"[39m
          [36m>[39m
            [0m明确登录本地会话[0m
          [36m</button>[39m
        [36m</form>[39m
        [36m<button[39m
          [33mdisabled[39m=[32m""[39m
          [33mtype[39m=[32m"button"[39m
        [36m>[39m
          [0m明确注销本地会话[0m
        [36m</button>[39m
        [36m<p>[39m
          [0m上次身份写入结果尚需核对。仅可读取服务器当前状态，不自动登录、注销或替换身份。[0m
        [36m</p>[39m
        [36m<p>[39m
          [0m凭证提交即清空，不写入浏览器存储或返回正文。15分钟 HttpOnly / SameSite=Strict Cookie 的实际行为须由服务器与浏览器验收证明。[0m
        [36m</p>[39m
      [36m</section>[39m
    [36m</div>[39m
  [36m</body>[39m
[36m</html>[39m
   ✓ local actor session panel — synthetic HTTP, no browser authentication proof > does not render a server error that echoes the submitted secret 37ms
   ✓ local actor session panel — synthetic HTTP, no browser authentication proof > unknown GET or 401 clears any previous principal 62ms
   × local actor session panel — synthetic HTTP, no browser authentication proof > explicit logout checks absence with a separate GET and does not reset finance 1029ms
     → Unable to find an element with the text: /注销后服务器未返回当前有效会话/. This could be because the text is broken up by multiple elements. In this case, you can provide a function for your text matcher to make your matcher more flexible.

Ignored nodes: comments, script, style
[36m<body>[39m
  [36m<div>[39m
    [36m<section[39m
      [33maria-labelledby[39m=[32m"«r7»"[39m
      [33mclass[39m=[32m"local-actor-session-panel"[39m
    [36m>[39m
      [36m<h2[39m
        [33mid[39m=[32m"«r7»"[39m
      [36m>[39m
        [0m本地模拟身份[0m
      [36m</h2>[39m
      [36m<p[39m
        [33mrole[39m=[32m"status"[39m
      [36m>[39m
        [0m当前身份未知[0m
      [36m</p>[39m
      [36m<p>[39m
        [0m身份仅用于展示。本地签名会话不是银行授权、金融确认或真人身份核验；每个新金融请求仍由服务器独立验真。[0m
      [36m</p>[39m
      [36m<p[39m
        [33mrole[39m=[32m"alert"[39m
      [36m>[39m
        [0m结果未知或响应无法完整核对。显示身份已清空，请只读核对服务器会话；不会自动重发登录或注销。[0m
      [36m</p>[39m
      [36m<button[39m
        [33mtype[39m=[32m"button"[39m
      [36m>[39m
        [0m只读读取当前身份[0m
      [36m</button>[39m
      [36m<form>[39m
        [36m<label>[39m
          [0m服务器固定用户名[0m
          [36m<input[39m
            [33mautocomplete[39m=[32m"username"[39m
            [33mname[39m=[32m"username"[39m
            [33mreadonly[39m=[32m""[39m
            [33mvalue[39m=[32m"bounded-user"[39m
          [36m/>[39m
        [36m</label>[39m
        [36m<label>[39m
          [0m本地凭证[0m
          [36m<input[39m
            [33mautocomplete[39m=[32m"off"[39m
            [33mdisabled[39m=[32m""[39m
            [33mmaxlength[39m=[32m"1024"[39m
            [33mname[39m=[32m"secret"[39m
            [33mtype[39m=[32m"password"[39m
          [36m/>[39m
        [36m</label>[39m
        [36m<button[39m
          [33mdisabled[39m=[32m""[39m
          [33mtype[39m=[32m"submit"[39m
        [36m>[39m
          [0m明确登录本地会话[0m
        [36m</button>[39m
      [36m</form>[39m
      [36m<button[39m
        [33mdisabled[39m=[32m""[39m
        [33mtype[39m=[32m"button"[39m
      [36m>[39m
        [0m明确注销本地会话[0m
      [36m</button>[39m
      [36m<p>[39m
        [0m上次身份写入结果尚需核对。仅可读取服务器当前状态，不自动登录、注销或替换身份。[0m
      [36m</p>[39m
      [36m<p>[39m
        [0m凭证提交即清空，不写入浏览器存储或返回正文。15分钟 HttpOnly / SameSite=Strict Cookie 的实际行为须由服务器与浏览器验收证明。[0m
      [36m</p>[39m
    [36m</section>[39m
  [36m</div>[39m
[36m</body>[39m

Ignored nodes: comments, script, style
[36m<body>[39m
  [36m<div>[39m
    [36m<section[39m
      [33maria-labelledby[39m=[32m"«r7»"[39m
      [33mclass[39m=[32m"local-actor-session-panel"[39m
    [36m>[39m
      [36m<h2[39m
        [33mid[39m=[32m"«r7»"[39m
      [36m>[39m
        [0m本地模拟身份[0m
      [36m</h2>[39m
      [36m<p[39m
        [33mrole[39m=[32m"status"[39m
      [36m>[39m
        [0m当前身份未知[0m
      [36m</p>[39m
      [36m<p>[39m
        [0m身份仅用于展示。本地签名会话不是银行授权、金融确认或真人身份核验；每个新金融请求仍由服务器独立验真。[0m
      [36m</p>[39m
      [36m<p[39m
        [33mrole[39m=[32m"alert"[39m
      [36m>[39m
        [0m结果未知或响应无法完整核对。显示身份已清空，请只读核对服务器会话；不会自动重发登录或注销。[0m
      [36m</p>[39m
      [36m<button[39m
        [33mtype[39m=[32m"button"[39m
      [36m>[39m
        [0m只读读取当前身份[0m
      [36m</button>[39m
      [36m<form>[39m
        [36m<label>[39m
          [0m服务器固定用户名[0m
          [36m<input[39m
            [33mautocomplete[39m=[32m"username"[39m
            [33mname[39m=[32m"username"[39m
            [33mreadonly[39m=[32m""[39m
            [33mvalue[39m=[32m"bounded-user"[39m
          [36m/>[39m
        [36m</label>[39m
        [36m<label>[39m
          [0m本地凭证[0m
          [36m<input[39m
            [33mautocomplete[39m=[32m"off"[39m
            [33mdisabled[39m=[32m""[39m
            [33mmaxlength[39m=[32m"1024"[39m
            [33mname[39m=[32m"secret"[39m
            [33mtype[39m=[32m"password"[39m
          [36m/>[39m
        [36m</label>[39m
        [36m<button[39m
          [33mdisabled[39m=[32m""[39m
          [33mtype[39m=[32m"submit"[39m
        [36m>[39m
          [0m明确登录本地会话[0m
        [36m</button>[39m
      [36m</form>[39m
      [36m<button[39m
        [33mdisabled[39m=[32m""[39m
        [33mtype[39m=[32m"button"[39m
      [36m>[39m
        [0m明确注销本地会话[0m
      [36m</button>[39m
      [36m<p>[39m
        [0m上次身份写入结果尚需核对。仅可读取服务器当前状态，不自动登录、注销或替换身份。[0m
      [36m</p>[39m
      [36m<p>[39m
        [0m凭证提交即清空，不写入浏览器存储或返回正文。15分钟 HttpOnly / SameSite=Strict Cookie 的实际行为须由服务器与浏览器验收证明。[0m
      [36m</p>[39m
    [36m</section>[39m
  [36m</div>[39m
[36m</body>[39m
   × local actor session panel — synthetic HTTP, no browser authentication proof > logout success text cannot overcome a still-active GET 28ms
     → expect(element).toHaveTextContent()

Expected element to have text content:
  不能证明已注销
Received:
  结果未知或响应无法完整核对。显示身份已清空，请只读核对服务器会话；不会自动重发登录或注销。
   ✓ local actor session panel — synthetic HTTP, no browser authentication proof > other-family mutation block still permits its own read-only GET 31ms
   ✓ local actor session panel — synthetic HTTP, no browser authentication proof > clears an expired display without silently querying or renewing the session 33ms
   × local actor session panel — synthetic HTTP, no browser authentication proof > same-user renewal requires manual original identity GET before bypassing a financial pending gate 1073ms
     → Unable to find an element with the text: /服务器读取时的身份/. This could be because the text is broken up by multiple elements. In this case, you can provide a function for your text matcher to make your matcher more flexible.

Ignored nodes: comments, script, style
[36m<body>[39m
  [36m<div>[39m
    [36m<section[39m
      [33maria-labelledby[39m=[32m"«rb»"[39m
      [33mclass[39m=[32m"local-actor-session-panel"[39m
    [36m>[39m
      [36m<h2[39m
        [33mid[39m=[32m"«rb»"[39m
      [36m>[39m
        [0m本地模拟身份[0m
      [36m</h2>[39m
      [36m<p[39m
        [33mrole[39m=[32m"status"[39m
      [36m>[39m
        [0m当前身份未知[0m
      [36m</p>[39m
      [36m<p>[39m
        [0m身份仅用于展示。本地签名会话不是银行授权、金融确认或真人身份核验；每个新金融请求仍由服务器独立验真。[0m
      [36m</p>[39m
      [36m<p[39m
        [33mrole[39m=[32m"alert"[39m
      [36m>[39m
        [0m结果未知或响应无法完整核对。显示身份已清空，请只读核对服务器会话；不会自动重发登录或注销。[0m
      [36m</p>[39m
      [36m<button[39m
        [33mtype[39m=[32m"button"[39m
      [36m>[39m
        [0m只读读取当前身份[0m
      [36m</button>[39m
      [36m<form>[39m
        [36m<label>[39m
          [0m服务器固定用户名[0m
          [36m<input[39m
            [33mautocomplete[39m=[32m"username"[39m
            [33mname[39m=[32m"username"[39m
            [33mreadonly[39m=[32m""[39m
            [33mvalue[39m=[32m"bounded-user"[39m
          [36m/>[39m
        [36m</label>[39m
        [36m<label>[39m
          [0m本地凭证[0m
          [36m<input[39m
            [33mautocomplete[39m=[32m"off"[39m
            [33mdisabled[39m=[32m""[39m
            [33mmaxlength[39m=[32m"1024"[39m
            [33mname[39m=[32m"secret"[39m
            [33mtype[39m=[32m"password"[39m
          [36m/>[39m
        [36m</label>[39m
        [36m<button[39m
          [33mdisabled[39m=[32m""[39m
          [33mtype[39m=[32m"submit"[39m
        [36m>[39m
          [0m明确登录本地会话[0m
        [36m</button>[39m
      [36m</form>[39m
      [36m<button[39m
        [33mdisabled[39m=[32m""[39m
        [33mtype[39m=[32m"button"[39m
      [36m>[39m
        [0m明确注销本地会话[0m
      [36m</button>[39m
      [36m<p>[39m
        [0m金融原请求仍保留。先只读核对身份后，可手动续登录服务器固定的同一 USER；不能切换用户、注销、确认金融结果或重发付款。[0m
      [36m</p>[39m
      [36m<p>[39m
        [0m上次身份写入结果尚需核对。仅可读取服务器当前状态，不自动登录、注销或替换身份。[0m
      [36m</p>[39m
      [36m<p>[39m
        [0m凭证提交即清空，不写入浏览器存储或返回正文。15分钟 HttpOnly / SameSite=Strict Cookie 的实际行为须由服务器与浏览器验收证明。[0m
      [36m</p>[39m
    [36m</section>[39m
  [36m</div>[39m
[36m</body>[39m

Ignored nodes: comments, script, style
[36m<body>[39m
  [36m<div>[39m
    [36m<section[39m
      [33maria-labelledby[39m=[32m"«rb»"[39m
      [33mclass[39m=[32m"local-actor-session-panel"[39m
    [36m>[39m
      [36m<h2[39m
        [33mid[39m=[32m"«rb»"[39m
      [36m>[39m
        [0m本地模拟身份[0m
      [36m</h2>[39m
      [36m<p[39m
        [33mrole[39m=[32m"status"[39m
      [36m>[39m
        [0m当前身份未知[0m
      [36m</p>[39m
      [36m<p>[39m
        [0m身份仅用于展示。本地签名会话不是银行授权、金融确认或真人身份核验；每个新金融请求仍由服务器独立验真。[0m
      [36m</p>[39m
      [36m<p[39m
        [33mrole[39m=[32m"alert"[39m
      [36m>[39m
        [0m结果未知或响应无法完整核对。显示身份已清空，请只读核对服务器会话；不会自动重发登录或注销。[0m
      [36m</p>[39m
      [36m<button[39m
        [33mtype[39m=[32m"button"[39m
      [36m>[39m
        [0m只读读取当前身份[0m
      [36m</button>[39m
      [36m<form>[39m
        [36m<label>[39m
          [0m服务器固定用户名[0m
          [36m<input[39m
            [33mautocomplete[39m=[32m"username"[39m
            [33mname[39m=[32m"username"[39m
            [33mreadonly[39m=[32m""[39m
            [33mvalue[39m=[32m"bounded-user"[39m
          [36m/>[39m
        [36m</label>[39m
        [36m<label>[39m
          [0m本地凭证[0m
          [36m<input[39m
            [33mautocomplete[39m=[32m"off"[39m
            [33mdisabled[39m=[32m""[39m
            [33mmaxlength[39m=[32m"1024"[39m
            [33mname[39m=[32m"secret"[39m
            [33mtype[39m=[32m"password"[39m
          [36m/>[39m
        [36m</label>[39m
        [36m<button[39m
          [33mdisabled[39m=[32m""[39m
          [33mtype[39m=[32m"submit"[39m
        [36m>[39m
          [0m明确登录本地会话[0m
        [36m</button>[39m
      [36m</form>[39m
      [36m<button[39m
        [33mdisabled[39m=[32m""[39m
        [33mtype[39m=[32m"button"[39m
      [36m>[39m
        [0m明确注销本地会话[0m
      [36m</button>[39m
      [36m<p>[39m
        [0m金融原请求仍保留。先只读核对身份后，可手动续登录服务器固定的同一 USER；不能切换用户、注销、确认金融结果或重发付款。[0m
      [36m</p>[39m
      [36m<p>[39m
        [0m上次身份写入结果尚需核对。仅可读取服务器当前状态，不自动登录、注销或替换身份。[0m
      [36m</p>[39m
      [36m<p>[39m
        [0m凭证提交即清空，不写入浏览器存储或返回正文。15分钟 HttpOnly / SameSite=Strict Cookie 的实际行为须由服务器与浏览器验收证明。[0m
      [36m</p>[39m
    [36m</section>[39m
  [36m</div>[39m
[36m</body>[39m
   × local actor session panel — synthetic HTTP, no browser authentication proof > an ambiguous renewal still needs a new GET and never automatically replaces identity 1106ms
     → expect(element).not.toBeDisabled()

Received element is disabled:
  <button
  disabled=""
  type="submit"
/>

Ignored nodes: comments, script, style
[36m<html>[39m
  [36m<head />[39m
  [36m<body>[39m
    [36m<div>[39m
      [36m<section[39m
        [33maria-labelledby[39m=[32m"«rc»"[39m
        [33mclass[39m=[32m"local-actor-session-panel"[39m
      [36m>[39m
        [36m<h2[39m
          [33mid[39m=[32m"«rc»"[39m
        [36m>[39m
          [0m本地模拟身份[0m
        [36m</h2>[39m
        [36m<p[39m
          [33mrole[39m=[32m"status"[39m
        [36m>[39m
          [0m当前身份未知[0m
        [36m</p>[39m
        [36m<p>[39m
          [0m身份仅用于展示。本地签名会话不是银行授权、金融确认或真人身份核验；每个新金融请求仍由服务器独立验真。[0m
        [36m</p>[39m
        [36m<p[39m
          [33mrole[39m=[32m"alert"[39m
        [36m>[39m
          [0m结果未知或响应无法完整核对。显示身份已清空，请只读核对服务器会话；不会自动重发登录或注销。[0m
        [36m</p>[39m
        [36m<button[39m
          [33mtype[39m=[32m"button"[39m
        [36m>[39m
          [0m只读读取当前身份[0m
        [36m</button>[39m
        [36m<form>[39m
          [36m<label>[39m
            [0m服务器固定用户名[0m
            [36m<input[39m
              [33mautocomplete[39m=[32m"username"[39m
              [33mname[39m=[32m"username"[39m
              [33mreadonly[39m=[32m""[39m
              [33mvalue[39m=[32m"bounded-user"[39m
            [36m/>[39m
          [36m</label>[39m
          [36m<label>[39m
            [0m本地凭证[0m
            [36m<input[39m
              [33mautocomplete[39m=[32m"off"[39m
              [33mdisabled[39m=[32m""[39m
              [33mmaxlength[39m=[32m"1024"[39m
              [33mname[39m=[32m"secret"[39m
              [33mtype[39m=[32m"password"[39m
            [36m/>[39m
          [36m</label>[39m
          [36m<button[39m
            [33mdisabled[39m=[32m""[39m
            [33mtype[39m=[32m"submit"[39m
          [36m>[39m
            [0m明确登录本地会话[0m
          [36m</button>[39m
        [36m</form>[39m
        [36m<button[39m
          [33mdisabled[39m=[32m""[39m
          [33mtype[39m=[32m"button"[39m
        [36m>[39m
          [0m明确注销本地会话[0m
        [36m</button>[39m
        [36m<p>[39m
          [0m金融原请求仍保留。先只读核对身份后，可手动续登录服务器固定的同一 USER；不能切换用户、注销、确认金融结果或重发付款。[0m
        [36m</p>[39m
        [36m<p>[39m
          [0m上次身份写入结果尚需核对。仅可读取服务器当前状态，不自动登录、注销或替换身份。[0m
        [36m</p>[39m
        [36m<p>[39m
          [0m凭证提交即清空，不写入浏览器存储或返回正文。15分钟 HttpOnly / SameSite=Strict Cookie 的实际行为须由服务器与浏览器验收证明。[0m
        [36m</p>[39m
      [36m</section>[39m
    [36m</div>[39m
  [36m</body>[39m
[36m</html>[39m
   ✓ local actor session panel — synthetic HTTP, no browser authentication proof > an UNKNOWN read and a current non-USER principal cannot use the renewal escape 72ms
   ✓ local actor session panel — synthetic HTTP, no browser authentication proof > a financial gate remains closed after known absence when renewal is not explicitly enabled 38ms
   ✓ local actor session panel — synthetic HTTP, no browser authentication proof > renewal cannot overtake an actual financial write flight; own GET remains available 68ms
   ✓ local actor session panel — synthetic HTTP, no browser authentication proof > a manually read USER may renew while finance remains pending but logout stays blocked 37ms

⎯⎯⎯⎯⎯⎯⎯ Failed Tests 7 ⎯⎯⎯⎯⎯⎯⎯

 FAIL  src/components/LocalActorSessionPanel.test.tsx > local actor session panel — synthetic HTTP, no browser authentication proof > clears the input before POST resolves, then separately GETs actual cookie-backed state
AssertionError: expected "spy" to be called 1 times, but got 0 times
 ❯ src/components/LocalActorSessionPanel.test.tsx:38:21
     36|     fireEvent.click(screen.getByRole('button', { name: '明确登录本地会话' }));
     37|     expect(screen.getByLabelText('本地凭证')).toHaveValue('');
     38|     expect(fetcher).toHaveBeenCalledTimes(1); expect(screen.queryByTex…
       |                     ^
     39|     await act(async () => { resolve(http(localActorFixture())); });
     40|     await waitFor(() => expect(fetcher).toHaveBeenCalledTimes(2));

⎯⎯⎯⎯⎯⎯⎯⎯⎯⎯⎯⎯⎯⎯⎯⎯⎯⎯⎯⎯⎯⎯⎯⎯[1/7]⎯

 FAIL  src/components/LocalActorSessionPanel.test.tsx > local actor session panel — synthetic HTTP, no browser authentication proof > successful login body followed by 401 does not show a logged-in principal
Error: expect(element).toHaveTextContent()

Expected element to have text content:
  服务未配置
Received:
  结果未知或响应无法完整核对。显示身份已清空，请只读核对服务器会话；不会自动重发登录或注销。
 ❯ src/components/LocalActorSessionPanel.test.tsx:48:46
     46|     render(<LocalActorSessionPanel />); credential();
     47|     fireEvent.click(screen.getByRole('button', { name: '明确登录本地会话' }));
     48|     expect(await screen.findByRole('alert')).toHaveTextContent('服务未配置'…
       |                                              ^
     49|     expect(screen.queryByText(localActorFixture().principal.user_id)).…
     50|     expect(screen.getByRole('button', { name: '明确登录本地会话' })).toBeDisab…

⎯⎯⎯⎯⎯⎯⎯⎯⎯⎯⎯⎯⎯⎯⎯⎯⎯⎯⎯⎯⎯⎯⎯⎯[2/7]⎯

 FAIL  src/components/LocalActorSessionPanel.test.tsx > local actor session panel — synthetic HTTP, no browser authentication proof > network ambiguity locks identity writes until a manual GET; no automatic rePOST
Error: expect(element).not.toBeDisabled()

Received element is disabled:
  <button
  disabled=""
  type="submit"
/>

Ignored nodes: comments, script, style
[36m<html>[39m
  [36m<head />[39m
  [36m<body>[39m
    [36m<div>[39m
      [36m<section[39m
        [33maria-labelledby[39m=[32m"«r4»"[39m
        [33mclass[39m=[32m"local-actor-session-panel"[39m
      [36m>[39m
        [36m<h2[39m
          [33mid[39m=[32m"«r4»"[39m
        [36m>[39m
          [0m本地模拟身份[0m
        [36m</h2>[39m
        [36m<p[39m
          [33mrole[39m=[32m"status"[39m
        [36m>[39m
          [0m当前身份未知[0m
        [36m</p>[39m
        [36m<p>[39m
          [0m身份仅用于展示。本地签名会话不是银行授权、金融确认或真人身份核验；每个新金融请求仍由服务器独立验真。[0m
        [36m</p>[39m
        [36m<p[39m
          [33mrole[39m=[32m"alert"[39m
        [36m>[39m
          [0m结果未知或响应无法完整核对。显示身份已清空，请只读核对服务器会话；不会自动重发登录或注销。[0m
        [36m</p>[39m
        [36m<button[39m
          [33mtype[39m=[32m"button"[39m
        [36m>[39m
          [0m只读读取当前身份[0m
        [36m</button>[39m
        [36m<form>[39m
          [36m<label>[39m
            [0m服务器固定用户名[0m
            [36m<input[39m
              [33mautocomplete[39m=[32m"username"[39m
              [33mname[39m=[32m"username"[39m
              [33mreadonly[39m=[32m""[39m
              [33mvalue[39m=[32m"bounded-user"[39m
            [36m/>[39m
          [36m</label>[39m
          [36m<label>[39m
            [0m本地凭证[0m
            [36m<input[39m
              [33mautocomplete[39m=[32m"off"[39m
              [33mdisabled[39m=[32m""[39m
              [33mmaxlength[39m=[32m"1024"[39m
              [33mname[39m=[32m"secret"[39m
              [33mtype[39m=[32m"password"[39m
            [36m/>[39m
          [36m</label>[39m
          [36m<button[39m
            [33mdisabled[39m=[32m""[39m
            [33mtype[39m=[32m"submit"[39m
          [36m>[39m
            [0m明确登录本地会话[0m
          [36m</button>[39m
        [36m</form>[39m
        [36m<button[39m
          [33mdisabled[39m=[32m""[39m
          [33mtype[39m=[32m"button"[39m
        [36m>[39m
          [0m明确注销本地会话[0m
        [36m</button>[39m
        [36m<p>[39m
          [0m上次身份写入结果尚需核对。仅可读取服务器当前状态，不自动登录、注销或替换身份。[0m
        [36m</p>[39m
        [36m<p>[39m
          [0m凭证提交即清空，不写入浏览器存储或返回正文。15分钟 HttpOnly / SameSite=Strict Cookie 的实际行为须由服务器与浏览器验收证明。[0m
        [36m</p>[39m
      [36m</section>[39m
    [36m</div>[39m
  [36m</body>[39m
[36m</html>[39m
 ❯ src/components/LocalActorSessionPanel.test.tsx:61:86
     59|     expect(document.body.textContent).not.toContain('synthetic-ui-secr…
     60|     fireEvent.click(screen.getByRole('button', { name: '只读读取当前身份' }));
     61|     await waitFor(() => expect(screen.getByRole('button', { name: '明确登…
       |                                                                                      ^
     62|     expect(fetcher.mock.calls.filter((row) => row[1]?.method === 'POST…
     63|   });
 ❯ runWithExpensiveErrorDiagnosticsDisabled ../../node_modules/.pnpm/@testing-library+dom@10.4.2/node_modules/@testing-library/dom/dist/config.js:47:12
 ❯ checkCallback ../../node_modules/.pnpm/@testing-library+dom@10.4.2/node_modules/@testing-library/dom/dist/wait-for.js:124:77
 ❯ Timeout.checkRealTimersCallback ../../node_modules/.pnpm/@testing-library+dom@10.4.2/node_modules/@testing-library/dom/dist/wait-for.js:118:16

⎯⎯⎯⎯⎯⎯⎯⎯⎯⎯⎯⎯⎯⎯⎯⎯⎯⎯⎯⎯⎯⎯⎯⎯[3/7]⎯

 FAIL  src/components/LocalActorSessionPanel.test.tsx > local actor session panel — synthetic HTTP, no browser authentication proof > explicit logout checks absence with a separate GET and does not reset finance
TestingLibraryElementError: Unable to find an element with the text: /注销后服务器未返回当前有效会话/. This could be because the text is broken up by multiple elements. In this case, you can provide a function for your text matcher to make your matcher more flexible.

Ignored nodes: comments, script, style
[36m<body>[39m
  [36m<div>[39m
    [36m<section[39m
      [33maria-labelledby[39m=[32m"«r7»"[39m
      [33mclass[39m=[32m"local-actor-session-panel"[39m
    [36m>[39m
      [36m<h2[39m
        [33mid[39m=[32m"«r7»"[39m
      [36m>[39m
        [0m本地模拟身份[0m
      [36m</h2>[39m
      [36m<p[39m
        [33mrole[39m=[32m"status"[39m
      [36m>[39m
        [0m当前身份未知[0m
      [36m</p>[39m
      [36m<p>[39m
        [0m身份仅用于展示。本地签名会话不是银行授权、金融确认或真人身份核验；每个新金融请求仍由服务器独立验真。[0m
      [36m</p>[39m
      [36m<p[39m
        [33mrole[39m=[32m"alert"[39m
      [36m>[39m
        [0m结果未知或响应无法完整核对。显示身份已清空，请只读核对服务器会话；不会自动重发登录或注销。[0m
      [36m</p>[39m
      [36m<button[39m
        [33mtype[39m=[32m"button"[39m
      [36m>[39m
        [0m只读读取当前身份[0m
      [36m</button>[39m
      [36m<form>[39m
        [36m<label>[39m
          [0m服务器固定用户名[0m
          [36m<input[39m
            [33mautocomplete[39m=[32m"username"[39m
            [33mname[39m=[32m"username"[39m
            [33mreadonly[39m=[32m""[39m
            [33mvalue[39m=[32m"bounded-user"[39m
          [36m/>[39m
        [36m</label>[39m
        [36m<label>[39m
          [0m本地凭证[0m
          [36m<input[39m
            [33mautocomplete[39m=[32m"off"[39m
            [33mdisabled[39m=[32m""[39m
            [33mmaxlength[39m=[32m"1024"[39m
            [33mname[39m=[32m"secret"[39m
            [33mtype[39m=[32m"password"[39m
          [36m/>[39m
        [36m</label>[39m
        [36m<button[39m
          [33mdisabled[39m=[32m""[39m
          [33mtype[39m=[32m"submit"[39m
        [36m>[39m
          [0m明确登录本地会话[0m
        [36m</button>[39m
      [36m</form>[39m
      [36m<button[39m
        [33mdisabled[39m=[32m""[39m
        [33mtype[39m=[32m"button"[39m
      [36m>[39m
        [0m明确注销本地会话[0m
      [36m</button>[39m
      [36m<p>[39m
        [0m上次身份写入结果尚需核对。仅可读取服务器当前状态，不自动登录、注销或替换身份。[0m
      [36m</p>[39m
      [36m<p>[39m
        [0m凭证提交即清空，不写入浏览器存储或返回正文。15分钟 HttpOnly / SameSite=Strict Cookie 的实际行为须由服务器与浏览器验收证明。[0m
      [36m</p>[39m
    [36m</section>[39m
  [36m</div>[39m
[36m</body>[39m

Ignored nodes: comments, script, style
[36m<body>[39m
  [36m<div>[39m
    [36m<section[39m
      [33maria-labelledby[39m=[32m"«r7»"[39m
      [33mclass[39m=[32m"local-actor-session-panel"[39m
    [36m>[39m
      [36m<h2[39m
        [33mid[39m=[32m"«r7»"[39m
      [36m>[39m
        [0m本地模拟身份[0m
      [36m</h2>[39m
      [36m<p[39m
        [33mrole[39m=[32m"status"[39m
      [36m>[39m
        [0m当前身份未知[0m
      [36m</p>[39m
      [36m<p>[39m
        [0m身份仅用于展示。本地签名会话不是银行授权、金融确认或真人身份核验；每个新金融请求仍由服务器独立验真。[0m
      [36m</p>[39m
      [36m<p[39m
        [33mrole[39m=[32m"alert"[39m
      [36m>[39m
        [0m结果未知或响应无法完整核对。显示身份已清空，请只读核对服务器会话；不会自动重发登录或注销。[0m
      [36m</p>[39m
      [36m<button[39m
        [33mtype[39m=[32m"button"[39m
      [36m>[39m
        [0m只读读取当前身份[0m
      [36m</button>[39m
      [36m<form>[39m
        [36m<label>[39m
          [0m服务器固定用户名[0m
          [36m<input[39m
            [33mautocomplete[39m=[32m"username"[39m
            [33mname[39m=[32m"username"[39m
            [33mreadonly[39m=[32m""[39m
            [33mvalue[39m=[32m"bounded-user"[39m
          [36m/>[39m
        [36m</label>[39m
        [36m<label>[39m
          [0m本地凭证[0m
          [36m<input[39m
            [33mautocomplete[39m=[32m"off"[39m
            [33mdisabled[39m=[32m""[39m
            [33mmaxlength[39m=[32m"1024"[39m
            [33mname[39m=[32m"secret"[39m
            [33mtype[39m=[32m"password"[39m
          [36m/>[39m
        [36m</label>[39m
        [36m<button[39m
          [33mdisabled[39m=[32m""[39m
          [33mtype[39m=[32m"submit"[39m
        [36m>[39m
          [0m明确登录本地会话[0m
        [36m</button>[39m
      [36m</form>[39m
      [36m<button[39m
        [33mdisabled[39m=[32m""[39m
        [33mtype[39m=[32m"button"[39m
      [36m>[39m
        [0m明确注销本地会话[0m
      [36m</button>[39m
      [36m<p>[39m
        [0m上次身份写入结果尚需核对。仅可读取服务器当前状态，不自动登录、注销或替换身份。[0m
      [36m</p>[39m
      [36m<p>[39m
        [0m凭证提交即清空，不写入浏览器存储或返回正文。15分钟 HttpOnly / SameSite=Strict Cookie 的实际行为须由服务器与浏览器验收证明。[0m
      [36m</p>[39m
    [36m</section>[39m
  [36m</div>[39m
[36m</body>[39m
 ❯ waitForWrapper ../../node_modules/.pnpm/@testing-library+dom@10.4.2/node_modules/@testing-library/dom/dist/wait-for.js:163:27
 ❯ ../../node_modules/.pnpm/@testing-library+dom@10.4.2/node_modules/@testing-library/dom/dist/query-helpers.js:86:33
 ❯ src/components/LocalActorSessionPanel.test.tsx:86:25
     84|     render(<LocalActorSessionPanel />);
     85|     fireEvent.click(screen.getByRole('button', { name: '明确注销本地会话' }));
     86|     expect(await screen.findByText(/注销后服务器未返回当前有效会话/)).toBeInTheDocume…
       |                         ^
     87|     expect(fetcher).toHaveBeenCalledTimes(2);
     88|     expect(fetcher.mock.calls.every((row) => String(row[0]).includes('…

⎯⎯⎯⎯⎯⎯⎯⎯⎯⎯⎯⎯⎯⎯⎯⎯⎯⎯⎯⎯⎯⎯⎯⎯[4/7]⎯

 FAIL  src/components/LocalActorSessionPanel.test.tsx > local actor session panel — synthetic HTTP, no browser authentication proof > logout success text cannot overcome a still-active GET
Error: expect(element).toHaveTextContent()

Expected element to have text content:
  不能证明已注销
Received:
  结果未知或响应无法完整核对。显示身份已清空，请只读核对服务器会话；不会自动重发登录或注销。
 ❯ src/components/LocalActorSessionPanel.test.tsx:94:46
     92|     render(<LocalActorSessionPanel />);
     93|     fireEvent.click(screen.getByRole('button', { name: '明确注销本地会话' }));
     94|     expect(await screen.findByRole('alert')).toHaveTextContent('不能证明已注…
       |                                              ^
     95|     expect(screen.queryByText(localActorFixture().principal.user_id)).…
     96|     expect(screen.getByRole('button', { name: '明确登录本地会话' })).toBeDisab…

⎯⎯⎯⎯⎯⎯⎯⎯⎯⎯⎯⎯⎯⎯⎯⎯⎯⎯⎯⎯⎯⎯⎯⎯[5/7]⎯

 FAIL  src/components/LocalActorSessionPanel.test.tsx > local actor session panel — synthetic HTTP, no browser authentication proof > same-user renewal requires manual original identity GET before bypassing a financial pending gate
TestingLibraryElementError: Unable to find an element with the text: /服务器读取时的身份/. This could be because the text is broken up by multiple elements. In this case, you can provide a function for your text matcher to make your matcher more flexible.

Ignored nodes: comments, script, style
[36m<body>[39m
  [36m<div>[39m
    [36m<section[39m
      [33maria-labelledby[39m=[32m"«rb»"[39m
      [33mclass[39m=[32m"local-actor-session-panel"[39m
    [36m>[39m
      [36m<h2[39m
        [33mid[39m=[32m"«rb»"[39m
      [36m>[39m
        [0m本地模拟身份[0m
      [36m</h2>[39m
      [36m<p[39m
        [33mrole[39m=[32m"status"[39m
      [36m>[39m
        [0m当前身份未知[0m
      [36m</p>[39m
      [36m<p>[39m
        [0m身份仅用于展示。本地签名会话不是银行授权、金融确认或真人身份核验；每个新金融请求仍由服务器独立验真。[0m
      [36m</p>[39m
      [36m<p[39m
        [33mrole[39m=[32m"alert"[39m
      [36m>[39m
        [0m结果未知或响应无法完整核对。显示身份已清空，请只读核对服务器会话；不会自动重发登录或注销。[0m
      [36m</p>[39m
      [36m<button[39m
        [33mtype[39m=[32m"button"[39m
      [36m>[39m
        [0m只读读取当前身份[0m
      [36m</button>[39m
      [36m<form>[39m
        [36m<label>[39m
          [0m服务器固定用户名[0m
          [36m<input[39m
            [33mautocomplete[39m=[32m"username"[39m
            [33mname[39m=[32m"username"[39m
            [33mreadonly[39m=[32m""[39m
            [33mvalue[39m=[32m"bounded-user"[39m
          [36m/>[39m
        [36m</label>[39m
        [36m<label>[39m
          [0m本地凭证[0m
          [36m<input[39m
            [33mautocomplete[39m=[32m"off"[39m
            [33mdisabled[39m=[32m""[39m
            [33mmaxlength[39m=[32m"1024"[39m
            [33mname[39m=[32m"secret"[39m
            [33mtype[39m=[32m"password"[39m
          [36m/>[39m
        [36m</label>[39m
        [36m<button[39m
          [33mdisabled[39m=[32m""[39m
          [33mtype[39m=[32m"submit"[39m
        [36m>[39m
          [0m明确登录本地会话[0m
        [36m</button>[39m
      [36m</form>[39m
      [36m<button[39m
        [33mdisabled[39m=[32m""[39m
        [33mtype[39m=[32m"button"[39m
      [36m>[39m
        [0m明确注销本地会话[0m
      [36m</button>[39m
      [36m<p>[39m
        [0m金融原请求仍保留。先只读核对身份后，可手动续登录服务器固定的同一 USER；不能切换用户、注销、确认金融结果或重发付款。[0m
      [36m</p>[39m
      [36m<p>[39m
        [0m上次身份写入结果尚需核对。仅可读取服务器当前状态，不自动登录、注销或替换身份。[0m
      [36m</p>[39m
      [36m<p>[39m
        [0m凭证提交即清空，不写入浏览器存储或返回正文。15分钟 HttpOnly / SameSite=Strict Cookie 的实际行为须由服务器与浏览器验收证明。[0m
      [36m</p>[39m
    [36m</section>[39m
  [36m</div>[39m
[36m</body>[39m

Ignored nodes: comments, script, style
[36m<body>[39m
  [36m<div>[39m
    [36m<section[39m
      [33maria-labelledby[39m=[32m"«rb»"[39m
      [33mclass[39m=[32m"local-actor-session-panel"[39m
    [36m>[39m
      [36m<h2[39m
        [33mid[39m=[32m"«rb»"[39m
      [36m>[39m
        [0m本地模拟身份[0m
      [36m</h2>[39m
      [36m<p[39m
        [33mrole[39m=[32m"status"[39m
      [36m>[39m
        [0m当前身份未知[0m
      [36m</p>[39m
      [36m<p>[39m
        [0m身份仅用于展示。本地签名会话不是银行授权、金融确认或真人身份核验；每个新金融请求仍由服务器独立验真。[0m
      [36m</p>[39m
      [36m<p[39m
        [33mrole[39m=[32m"alert"[39m
      [36m>[39m
        [0m结果未知或响应无法完整核对。显示身份已清空，请只读核对服务器会话；不会自动重发登录或注销。[0m
      [36m</p>[39m
      [36m<button[39m
        [33mtype[39m=[32m"button"[39m
      [36m>[39m
        [0m只读读取当前身份[0m
      [36m</button>[39m
      [36m<form>[39m
        [36m<label>[39m
          [0m服务器固定用户名[0m
          [36m<input[39m
            [33mautocomplete[39m=[32m"username"[39m
            [33mname[39m=[32m"username"[39m
            [33mreadonly[39m=[32m""[39m
            [33mvalue[39m=[32m"bounded-user"[39m
          [36m/>[39m
        [36m</label>[39m
        [36m<label>[39m
          [0m本地凭证[0m
          [36m<input[39m
            [33mautocomplete[39m=[32m"off"[39m
            [33mdisabled[39m=[32m""[39m
            [33mmaxlength[39m=[32m"1024"[39m
            [33mname[39m=[32m"secret"[39m
            [33mtype[39m=[32m"password"[39m
          [36m/>[39m
        [36m</label>[39m
        [36m<button[39m
          [33mdisabled[39m=[32m""[39m
          [33mtype[39m=[32m"submit"[39m
        [36m>[39m
          [0m明确登录本地会话[0m
        [36m</button>[39m
      [36m</form>[39m
      [36m<button[39m
        [33mdisabled[39m=[32m""[39m
        [33mtype[39m=[32m"button"[39m
      [36m>[39m
        [0m明确注销本地会话[0m
      [36m</button>[39m
      [36m<p>[39m
        [0m金融原请求仍保留。先只读核对身份后，可手动续登录服务器固定的同一 USER；不能切换用户、注销、确认金融结果或重发付款。[0m
      [36m</p>[39m
      [36m<p>[39m
        [0m上次身份写入结果尚需核对。仅可读取服务器当前状态，不自动登录、注销或替换身份。[0m
      [36m</p>[39m
      [36m<p>[39m
        [0m凭证提交即清空，不写入浏览器存储或返回正文。15分钟 HttpOnly / SameSite=Strict Cookie 的实际行为须由服务器与浏览器验收证明。[0m
      [36m</p>[39m
    [36m</section>[39m
  [36m</div>[39m
[36m</body>[39m
 ❯ waitForWrapper ../../node_modules/.pnpm/@testing-library+dom@10.4.2/node_modules/@testing-library/dom/dist/wait-for.js:163:27
 ❯ ../../node_modules/.pnpm/@testing-library+dom@10.4.2/node_modules/@testing-library/dom/dist/query-helpers.js:86:33
 ❯ src/components/LocalActorSessionPanel.test.tsx:128:18
    126|     await waitFor(() => expect(screen.getByRole('button', { name: '明确登…
    127|     credential(); fireEvent.click(screen.getByRole('button', { name: '…
    128|     await screen.findByText(/服务器读取时的身份/);
       |                  ^
    129|     expect(fetcher).toHaveBeenCalledTimes(3);
    130|     expect(JSON.parse(fetcher.mock.calls[1][1].body)).toEqual({ userna…

⎯⎯⎯⎯⎯⎯⎯⎯⎯⎯⎯⎯⎯⎯⎯⎯⎯⎯⎯⎯⎯⎯⎯⎯[6/7]⎯

 FAIL  src/components/LocalActorSessionPanel.test.tsx > local actor session panel — synthetic HTTP, no browser authentication proof > an ambiguous renewal still needs a new GET and never automatically replaces identity
Error: expect(element).not.toBeDisabled()

Received element is disabled:
  <button
  disabled=""
  type="submit"
/>

Ignored nodes: comments, script, style
[36m<html>[39m
  [36m<head />[39m
  [36m<body>[39m
    [36m<div>[39m
      [36m<section[39m
        [33maria-labelledby[39m=[32m"«rc»"[39m
        [33mclass[39m=[32m"local-actor-session-panel"[39m
      [36m>[39m
        [36m<h2[39m
          [33mid[39m=[32m"«rc»"[39m
        [36m>[39m
          [0m本地模拟身份[0m
        [36m</h2>[39m
        [36m<p[39m
          [33mrole[39m=[32m"status"[39m
        [36m>[39m
          [0m当前身份未知[0m
        [36m</p>[39m
        [36m<p>[39m
          [0m身份仅用于展示。本地签名会话不是银行授权、金融确认或真人身份核验；每个新金融请求仍由服务器独立验真。[0m
        [36m</p>[39m
        [36m<p[39m
          [33mrole[39m=[32m"alert"[39m
        [36m>[39m
          [0m结果未知或响应无法完整核对。显示身份已清空，请只读核对服务器会话；不会自动重发登录或注销。[0m
        [36m</p>[39m
        [36m<button[39m
          [33mtype[39m=[32m"button"[39m
        [36m>[39m
          [0m只读读取当前身份[0m
        [36m</button>[39m
        [36m<form>[39m
          [36m<label>[39m
            [0m服务器固定用户名[0m
            [36m<input[39m
              [33mautocomplete[39m=[32m"username"[39m
              [33mname[39m=[32m"username"[39m
              [33mreadonly[39m=[32m""[39m
              [33mvalue[39m=[32m"bounded-user"[39m
            [36m/>[39m
          [36m</label>[39m
          [36m<label>[39m
            [0m本地凭证[0m
            [36m<input[39m
              [33mautocomplete[39m=[32m"off"[39m
              [33mdisabled[39m=[32m""[39m
              [33mmaxlength[39m=[32m"1024"[39m
              [33mname[39m=[32m"secret"[39m
              [33mtype[39m=[32m"password"[39m
            [36m/>[39m
          [36m</label>[39m
          [36m<button[39m
            [33mdisabled[39m=[32m""[39m
            [33mtype[39m=[32m"submit"[39m
          [36m>[39m
            [0m明确登录本地会话[0m
          [36m</button>[39m
        [36m</form>[39m
        [36m<button[39m
          [33mdisabled[39m=[32m""[39m
          [33mtype[39m=[32m"button"[39m
        [36m>[39m
          [0m明确注销本地会话[0m
        [36m</button>[39m
        [36m<p>[39m
          [0m金融原请求仍保留。先只读核对身份后，可手动续登录服务器固定的同一 USER；不能切换用户、注销、确认金融结果或重发付款。[0m
        [36m</p>[39m
        [36m<p>[39m
          [0m上次身份写入结果尚需核对。仅可读取服务器当前状态，不自动登录、注销或替换身份。[0m
        [36m</p>[39m
        [36m<p>[39m
          [0m凭证提交即清空，不写入浏览器存储或返回正文。15分钟 HttpOnly / SameSite=Strict Cookie 的实际行为须由服务器与浏览器验收证明。[0m
        [36m</p>[39m
      [36m</section>[39m
    [36m</div>[39m
  [36m</body>[39m
[36m</html>[39m
 ❯ src/components/LocalActorSessionPanel.test.tsx:145:86
    143|     expect(isWriteInFlight()).toBe(false);
    144|     fireEvent.click(screen.getByRole('button', { name: '只读读取当前身份' }));
    145|     await waitFor(() => expect(screen.getByRole('button', { name: '明确登…
       |                                                                                      ^
    146|     expect(fetcher.mock.calls.filter((row) => row[1]?.method === 'POST…
    147|   });
 ❯ runWithExpensiveErrorDiagnosticsDisabled ../../node_modules/.pnpm/@testing-library+dom@10.4.2/node_modules/@testing-library/dom/dist/config.js:47:12
 ❯ checkCallback ../../node_modules/.pnpm/@testing-library+dom@10.4.2/node_modules/@testing-library/dom/dist/wait-for.js:124:77
 ❯ Timeout.checkRealTimersCallback ../../node_modules/.pnpm/@testing-library+dom@10.4.2/node_modules/@testing-library/dom/dist/wait-for.js:118:16

⎯⎯⎯⎯⎯⎯⎯⎯⎯⎯⎯⎯⎯⎯⎯⎯⎯⎯⎯⎯⎯⎯⎯⎯[7/7]⎯


 Test Files  1 failed (1)
      Tests  7 failed | 10 passed (17)
   Start at  05:41:37
   Duration  7.01s (transform 130ms, setup 431ms, collect 154ms, tests 4.80s, environment 866ms, prepare 291ms)

