.................................................FFFF                    [100%]
================================== FAILURES ===================================
_______ test_common_frozen_projection_entry_reads_the_actual_new_helper _______

    def test_common_frozen_projection_entry_reads_the_actual_new_helper() -> None:
>       effect, operation, action, receipt, rows, originals = common_projection_originals()
                                                              ^^^^^^^^^^^^^^^^^^^^^^^^^^^^^

apps\api\app\tests\test_full_goal_release_projection_audit.py:264: 
_ _ _ _ _ _ _ _ _ _ _ _ _ _ _ _ _ _ _ _ _ _ _ _ _ _ _ _ _ _ _ _ _ _ _ _ _ _ _ _

    def common_projection_originals() -> tuple[
        GoalReleaseEffect,
        dict[str, Any],
        dict[str, Any],
        dict[str, Any],
        list[dict[str, Any]],
        Originals,
    ]:
        effect, operation, receipt, rows, originals = fixture()
>       action, _ = settled_originals()
        ^^^^^^^^^
E       ValueError: too many values to unpack (expected 2)

apps\api\app\tests\test_full_goal_release_projection_audit.py:248: ValueError
_ test_common_frozen_projection_rejects_relabelled_or_missing_originals[category] _

tamper = 'category'

    @pytest.mark.parametrize("tamper", ["category", "rehashed_role", "missing_second_transaction"])
    def test_common_frozen_projection_rejects_relabelled_or_missing_originals(tamper: str) -> None:
>       effect, operation, action, receipt, rows, originals = common_projection_originals()
                                                              ^^^^^^^^^^^^^^^^^^^^^^^^^^^^^

apps\api\app\tests\test_full_goal_release_projection_audit.py:289: 
_ _ _ _ _ _ _ _ _ _ _ _ _ _ _ _ _ _ _ _ _ _ _ _ _ _ _ _ _ _ _ _ _ _ _ _ _ _ _ _

    def common_projection_originals() -> tuple[
        GoalReleaseEffect,
        dict[str, Any],
        dict[str, Any],
        dict[str, Any],
        list[dict[str, Any]],
        Originals,
    ]:
        effect, operation, receipt, rows, originals = fixture()
>       action, _ = settled_originals()
        ^^^^^^^^^
E       ValueError: too many values to unpack (expected 2)

apps\api\app\tests\test_full_goal_release_projection_audit.py:248: ValueError
_ test_common_frozen_projection_rejects_relabelled_or_missing_originals[rehashed_role] _

tamper = 'rehashed_role'

    @pytest.mark.parametrize("tamper", ["category", "rehashed_role", "missing_second_transaction"])
    def test_common_frozen_projection_rejects_relabelled_or_missing_originals(tamper: str) -> None:
>       effect, operation, action, receipt, rows, originals = common_projection_originals()
                                                              ^^^^^^^^^^^^^^^^^^^^^^^^^^^^^

apps\api\app\tests\test_full_goal_release_projection_audit.py:289: 
_ _ _ _ _ _ _ _ _ _ _ _ _ _ _ _ _ _ _ _ _ _ _ _ _ _ _ _ _ _ _ _ _ _ _ _ _ _ _ _

    def common_projection_originals() -> tuple[
        GoalReleaseEffect,
        dict[str, Any],
        dict[str, Any],
        dict[str, Any],
        list[dict[str, Any]],
        Originals,
    ]:
        effect, operation, receipt, rows, originals = fixture()
>       action, _ = settled_originals()
        ^^^^^^^^^
E       ValueError: too many values to unpack (expected 2)

apps\api\app\tests\test_full_goal_release_projection_audit.py:248: ValueError
_ test_common_frozen_projection_rejects_relabelled_or_missing_originals[missing_second_transaction] _

tamper = 'missing_second_transaction'

    @pytest.mark.parametrize("tamper", ["category", "rehashed_role", "missing_second_transaction"])
    def test_common_frozen_projection_rejects_relabelled_or_missing_originals(tamper: str) -> None:
>       effect, operation, action, receipt, rows, originals = common_projection_originals()
                                                              ^^^^^^^^^^^^^^^^^^^^^^^^^^^^^

apps\api\app\tests\test_full_goal_release_projection_audit.py:289: 
_ _ _ _ _ _ _ _ _ _ _ _ _ _ _ _ _ _ _ _ _ _ _ _ _ _ _ _ _ _ _ _ _ _ _ _ _ _ _ _

    def common_projection_originals() -> tuple[
        GoalReleaseEffect,
        dict[str, Any],
        dict[str, Any],
        dict[str, Any],
        list[dict[str, Any]],
        Originals,
    ]:
        effect, operation, receipt, rows, originals = fixture()
>       action, _ = settled_originals()
        ^^^^^^^^^
E       ValueError: too many values to unpack (expected 2)

apps\api\app\tests\test_full_goal_release_projection_audit.py:248: ValueError
=========================== short test summary info ===========================
FAILED apps/api/app/tests/test_full_goal_release_projection_audit.py::test_common_frozen_projection_entry_reads_the_actual_new_helper
FAILED apps/api/app/tests/test_full_goal_release_projection_audit.py::test_common_frozen_projection_rejects_relabelled_or_missing_originals[category]
FAILED apps/api/app/tests/test_full_goal_release_projection_audit.py::test_common_frozen_projection_rejects_relabelled_or_missing_originals[rehashed_role]
FAILED apps/api/app/tests/test_full_goal_release_projection_audit.py::test_common_frozen_projection_rejects_relabelled_or_missing_originals[missing_second_transaction]
4 failed, 49 passed in 1.48s
