F
================================== FAILURES ===================================
_ test_actual_joint_different_amount_signed_whole_consent_fixed_key_unknown_no_advance _

goal_client = (<starlette.testclient.TestClient object at 0x0000029B84183D40>, Engine(postgresql+psycopg://bounded:***@127.0.0.1:54329/bf_test_8dc5f598ea184f07bdb075aea4b2da1e))
monkeypatch = <_pytest.monkeypatch.MonkeyPatch object at 0x0000029B84288110>

    def test_actual_joint_different_amount_signed_whole_consent_fixed_key_unknown_no_advance(
        goal_client: tuple[TestClient, Engine], monkeypatch: pytest.MonkeyPatch
    ) -> None:
        client, engine = goal_client
        require_original_joint_pipeline_hooks()
        with Session(engine) as read:
            epoch = current_audit_epoch(read, DEMO_USER_ID)
            goal_account = read.scalar(select(Account).where(Account.account_type == "GOAL"))
            cash = read.scalar(
                select(Account).where(Account.account_type == "CASH").order_by(Account.id)
            )
            assert epoch is not None and goal_account is not None and cash is not None
            epoch_id, account_id, cash_id = epoch.id, goal_account.id, cash.id
        goals = [_actual_goal(client, engine, epoch_id, number, account_id) for number in (1, 2)]
        income = ingest_external_fact(
            engine,
            DEMO_USER_ID,
            ExternalFactRequest(
                user_id=DEMO_USER_ID,
                account_id=cash_id,
                kind="INCOME",
                amount_cents=600000,
                occurred_at=NOW,
                external_ref="joint-actual-new-income",
                idempotency_key="joint-actual-new-income",
                counterparty_ref="payroll",
            ),
            NOW,
        )
        assert income.bank_status == "SETTLED" and income.projection_status == "PROJECTED"
        config: dict[str, Any] = {
            "type": "goal_allocation",
            "goal_ids": goals,
            "max_single_allocation_cents": 30000,
        }
        scope = client.post(
            "/api/v1/full-policies/confirm",
            json={
                "template_name": "GoalAllocationPolicy",
                "configuration": config,
                "reviewed_hash": configuration_hash(
                    canonical_candidate("GoalAllocationPolicy", config)
                ),
                "accepted": True,
                "reason": "完整两目标联合上限三万元分的明确规划范围",
                "idempotency_key": "joint-actual-scope",
            },
        )
        assert scope.status_code == 200, scope.text
        original = scope.json()
        body = {
            "full_policy_id": original["policy_id"],
            "expected_full_policy_version_id": original["version_id"],
            "expected_epoch_id": str(epoch_id),
            "idempotency_key": "joint-actual-parent",
        }
        before = physical_snapshot(engine)
        preview = client.post(URL + "/preview", json=body)
        assert preview.status_code == 200, preview.text
        value = preview.json()
>       assert value["status"] == "READY_TO_REVIEW", value
E       AssertionError: {'simulation': True, 'bank_authority': False, 'grants_authority': False, 'preview_only': True, ...}
E       assert 'UNKNOWN' == 'READY_TO_REVIEW'
E         
E         - READY_TO_REVIEW
E         + UNKNOWN

apps\api\app\tests\test_full_joint_goal_execution_integration.py:168: AssertionError
---------------------------- Captured stderr call -----------------------------
{"event": "http_request", "request_id": "2d8edf44-8fe7-4e94-ae2c-dd73baf1dbd4", "method": "POST", "status": 200, "duration_ms": 718.0}
{"event": "http_request", "request_id": "5bb03970-b3ea-4872-9015-210f492bf726", "method": "POST", "status": 200, "duration_ms": 125.0}
{"event": "http_request", "request_id": "863b6360-046b-494e-bc8f-7f3325a815dd", "method": "POST", "status": 200, "duration_ms": 610.0}
{"event": "http_request", "request_id": "9d050924-a726-4be2-aed5-fa71942ce3a9", "method": "POST", "status": 200, "duration_ms": 328.0}
{"event": "http_request", "request_id": "c386c503-8802-4905-be0f-e92a6131b4a5", "method": "POST", "status": 200, "duration_ms": 172.0}
{"event": "http_request", "request_id": "67ad3dad-1ca1-4171-a16a-d82a0e7ef3ed", "method": "POST", "status": 200, "duration_ms": 15.0}
{"event": "http_request", "request_id": "7905aff7-e6b9-41ca-ba1b-bdb304dcd82e", "method": "POST", "status": 200, "duration_ms": 94.0}
{"event": "http_request", "request_id": "7859fb05-7685-4968-bd19-ad30eafd83ed", "method": "POST", "status": 200, "duration_ms": 359.0}
{"event": "http_request", "request_id": "3290476f-7108-4553-98fd-ab9c8e7932d2", "method": "POST", "status": 200, "duration_ms": 360.0}
{"event": "http_request", "request_id": "2b737c86-63a0-4eed-8a8a-0d0eba872236", "method": "POST", "status": 200, "duration_ms": 156.0}
{"event": "http_request", "request_id": "b0ed3d8d-0b44-423f-85d4-30e71607f3cf", "method": "POST", "status": 200, "duration_ms": 63.0}
{"event": "http_request", "request_id": "02bbd9a4-5882-462e-bf6d-81d7b784ffe2", "method": "POST", "status": 200, "duration_ms": 37031.0}
------------------------------ Captured log call ------------------------------
INFO     bounded_funds.http:main.py:134 {"event": "http_request", "request_id": "2d8edf44-8fe7-4e94-ae2c-dd73baf1dbd4", "method": "POST", "status": 200, "duration_ms": 718.0}
INFO     bounded_funds.http:main.py:134 {"event": "http_request", "request_id": "5bb03970-b3ea-4872-9015-210f492bf726", "method": "POST", "status": 200, "duration_ms": 125.0}
INFO     bounded_funds.http:main.py:134 {"event": "http_request", "request_id": "863b6360-046b-494e-bc8f-7f3325a815dd", "method": "POST", "status": 200, "duration_ms": 610.0}
INFO     bounded_funds.http:main.py:134 {"event": "http_request", "request_id": "9d050924-a726-4be2-aed5-fa71942ce3a9", "method": "POST", "status": 200, "duration_ms": 328.0}
INFO     bounded_funds.http:main.py:134 {"event": "http_request", "request_id": "c386c503-8802-4905-be0f-e92a6131b4a5", "method": "POST", "status": 200, "duration_ms": 172.0}
INFO     bounded_funds.http:main.py:134 {"event": "http_request", "request_id": "67ad3dad-1ca1-4171-a16a-d82a0e7ef3ed", "method": "POST", "status": 200, "duration_ms": 15.0}
INFO     bounded_funds.http:main.py:134 {"event": "http_request", "request_id": "7905aff7-e6b9-41ca-ba1b-bdb304dcd82e", "method": "POST", "status": 200, "duration_ms": 94.0}
INFO     bounded_funds.http:main.py:134 {"event": "http_request", "request_id": "7859fb05-7685-4968-bd19-ad30eafd83ed", "method": "POST", "status": 200, "duration_ms": 359.0}
INFO     bounded_funds.http:main.py:134 {"event": "http_request", "request_id": "3290476f-7108-4553-98fd-ab9c8e7932d2", "method": "POST", "status": 200, "duration_ms": 360.0}
INFO     bounded_funds.http:main.py:134 {"event": "http_request", "request_id": "2b737c86-63a0-4eed-8a8a-0d0eba872236", "method": "POST", "status": 200, "duration_ms": 156.0}
INFO     bounded_funds.http:main.py:134 {"event": "http_request", "request_id": "b0ed3d8d-0b44-423f-85d4-30e71607f3cf", "method": "POST", "status": 200, "duration_ms": 63.0}
INFO     bounded_funds.http:main.py:134 {"event": "http_request", "request_id": "02bbd9a4-5882-462e-bf6d-81d7b784ffe2", "method": "POST", "status": 200, "duration_ms": 37031.0}
============================== warnings summary ===============================
.venv\Lib\site-packages\fastapi\testclient.py:1
  F:\学校活动\工行杯\钱途有界\bounded-funds\.venv\Lib\site-packages\fastapi\testclient.py:1: StarletteDeprecationWarning: Using `httpx` with `starlette.testclient` is deprecated; install `httpx2` instead.
    from starlette.testclient import TestClient as TestClient  # noqa

-- Docs: https://docs.pytest.org/en/stable/how-to/capture-warnings.html
=========================== short test summary info ===========================
FAILED apps/api/app/tests/test_full_joint_goal_execution_integration.py::test_actual_joint_different_amount_signed_whole_consent_fixed_key_unknown_no_advance
!!!!!!!!!!!!!!!!!!!!!!!!!! stopping after 1 failures !!!!!!!!!!!!!!!!!!!!!!!!!!
1 failed, 1 warning in 52.08s
