....................F.                                                   [100%]
================================== FAILURES ===================================
_____ test_incomplete_original_corpus_refuses_before_database_connection ______

self = <sqlalchemy.engine.base.Connection object at 0x000001F2AE283F50>
engine = Engine(postgresql+psycopg://bounded:***@127.0.0.1:54329/bf_test_92f8ce981949403dbe8ef5a08667f791)
connection = None, _has_events = None, _allow_revalidate = True
_allow_autobegin = True

    def __init__(
        self,
        engine: Engine,
        connection: Optional[PoolProxiedConnection] = None,
        _has_events: Optional[bool] = None,
        _allow_revalidate: bool = True,
        _allow_autobegin: bool = True,
    ):
        """Construct a new Connection."""
        self.engine = engine
        self.dialect = dialect = engine.dialect
    
        if connection is None:
            try:
>               self._dbapi_connection = engine.raw_connection()
                                         ^^^^^^^^^^^^^^^^^^^^^^^

.venv\Lib\site-packages\sqlalchemy\engine\base.py:149: 
_ _ _ _ _ _ _ _ _ _ _ _ _ _ _ _ _ _ _ _ _ _ _ _ _ _ _ _ _ _ _ _ _ _ _ _ _ _ _ _
.venv\Lib\site-packages\sqlalchemy\engine\base.py:3284: in raw_connection
    return self.pool.connect()
           ^^^^^^^^^^^^^^^^^^^
.venv\Lib\site-packages\sqlalchemy\pool\base.py:445: in connect
    return _ConnectionFairy._checkout(self)
           ^^^^^^^^^^^^^^^^^^^^^^^^^^^^^^^^
.venv\Lib\site-packages\sqlalchemy\pool\base.py:1303: in _checkout
    fairy = _ConnectionRecord.checkout(pool)
            ^^^^^^^^^^^^^^^^^^^^^^^^^^^^^^^^
.venv\Lib\site-packages\sqlalchemy\pool\base.py:709: in checkout
    rec = pool._do_get()
          ^^^^^^^^^^^^^^
.venv\Lib\site-packages\sqlalchemy\pool\impl.py:301: in _do_get
    return self._create_connection()
           ^^^^^^^^^^^^^^^^^^^^^^^^^
.venv\Lib\site-packages\sqlalchemy\pool\base.py:386: in _create_connection
    return _ConnectionRecord(self)
           ^^^^^^^^^^^^^^^^^^^^^^^
.venv\Lib\site-packages\sqlalchemy\pool\base.py:671: in __init__
    self.__connect()
.venv\Lib\site-packages\sqlalchemy\pool\base.py:906: in __connect
    with util.safe_reraise():
.venv\Lib\site-packages\sqlalchemy\util\langhelpers.py:166: in __exit__
    raise exc_value.with_traceback(exc_tb)
.venv\Lib\site-packages\sqlalchemy\pool\base.py:902: in __connect
    self.dbapi_connection = connection = pool._invoke_creator(self)
                                         ^^^^^^^^^^^^^^^^^^^^^^^^^^
.venv\Lib\site-packages\sqlalchemy\engine\create.py:645: in connect
    return dialect.connect(*cargs_tup, **cparams)
           ^^^^^^^^^^^^^^^^^^^^^^^^^^^^^^^^^^^^^^
.venv\Lib\site-packages\sqlalchemy\engine\default.py:869: in connect
    return self.loaded_dbapi.connect(*cargs, **cparams)  # type: ignore[no-any-return]  # NOQA: E501
           ^^^^^^^^^^^^^^^^^^^^^^^^^^^^^^^^^^^^^^^^^^^^
_ _ _ _ _ _ _ _ _ _ _ _ _ _ _ _ _ _ _ _ _ _ _ _ _ _ _ _ _ _ _ _ _ _ _ _ _ _ _ _

cls = <class 'psycopg.Connection'>
conninfo = "host=127.0.0.1 dbname=bf_test_92f8ce981949403dbe8ef5a08667f791 user=bounded password=TOOL_TEST_ONLY port=54329 options='-c timezone=UTC' hostaddr=127.0.0.1"
autocommit = False, prepare_threshold = 5
context = <psycopg.adapt.AdaptersMap object at 0x000001F2AE2D0170>
row_factory = None, cursor_factory = None
kwargs = {'host': '127.0.0.1', 'dbname': 'bf_test_92f8ce981949403dbe8ef5a08667f791', 'user': 'bounded', 'password': 'TOOL_TEST_ONLY', ...}

    @classmethod
    def connect(
        cls,
        conninfo: str = "",
        *,
        autocommit: bool = False,
        prepare_threshold: int | None = 5,
        context: AdaptContext | None = None,
        row_factory: RowFactory[Row] | None = None,
        cursor_factory: type[Cursor[Row]] | None = None,
        **kwargs: ConnParam,
    ) -> Self:
        """
        Connect to a database server and return a new `Connection` instance.
        """
    
        params = cls._get_connection_params(conninfo, **kwargs)
        timeout = timeout_from_conninfo(params)
        rv = None
        attempts = conninfo_attempts(params)
        conn_errors: list[tuple[e.Error, str]] = []
        for attempt in attempts:
            tdescr = (attempt.get("host"), attempt.get("port"), attempt.get("hostaddr"))
            descr = "host: %r, port: %r, hostaddr: %r" % tdescr
            logger.debug("connection attempt: %s", descr)
            try:
                conninfo = make_conninfo("", **attempt)
                gen = cls._connect_gen(conninfo)
                rv = waiting.wait_conn(gen, interval=_WAIT_INTERVAL, timeout=timeout)
            except e._WaitTimeout:
                tex = e.ConnectionTimeout("connection timeout expired")
                logger.debug("connection failed: %s: %s", descr, str(tex))
                conn_errors.append((tex, descr))
            except e.Error as ex:
                logger.debug("connection failed: %s: %s", descr, str(ex))
                conn_errors.append((ex, descr))
            except e._NO_TRACEBACK as ex:
                raise ex.with_traceback(None)
            else:
                logger.debug("connection succeeded: %s", descr)
                break
    
        if not rv:
            last_ex = conn_errors[-1][0]
            if len(conn_errors) == 1:
>               raise last_ex.with_traceback(None)
E               psycopg.OperationalError: connection failed: connection to server at "127.0.0.1", port 54329 failed: FATAL:  password authentication failed for user "bounded"

.venv\Lib\site-packages\psycopg\connection.py:126: OperationalError

The above exception was the direct cause of the following exception:

    def test_incomplete_original_corpus_refuses_before_database_connection() -> None:
        from uuid import UUID
    
        path, value = registration()
        engine = create_engine(
            "postgresql+psycopg://bounded:TOOL_TEST_ONLY@127.0.0.1:54329/" + value["database_name"]
        )
        attempts = []
    
        @event.listens_for(engine, "do_connect")
        def refused_connection(*args, **kwargs):
            attempts.append(True)
            pytest.fail("Missing frozen original must fail before any database call")
    
        output = runtime.ROOT / ".runtime/W1-frozen-case-run-output/TOOL_TEST_ONLY" / uuid4().hex
        with pytest.raises(runtime.FrozenRuntimeRefused, match="full corpus verification refused"):
>           runtime.run_registered_frozen_case(
                engine,
                UUID(value["user_id"]),
                UUID(value["isolated_db_epoch"]),
                path,
                digest(path),
                output,
            )

scripts\tests\test_mvp_frozen_runtime.py:115: 
_ _ _ _ _ _ _ _ _ _ _ _ _ _ _ _ _ _ _ _ _ _ _ _ _ _ _ _ _ _ _ _ _ _ _ _ _ _ _ _
scripts\mvp_frozen_runtime.py:217: in run_registered_frozen_case
    with audit_command_guard(engine, user_id):
C:\Users\starryzac\AppData\Local\Programs\Python\Python312\Lib\contextlib.py:137: in __enter__
    return next(self.gen)
           ^^^^^^^^^^^^^^
apps\api\app\db\audit_guard.py:52: in audit_command_guard
    with guard_engine.connect().execution_options(isolation_level="AUTOCOMMIT") as connection:
         ^^^^^^^^^^^^^^^^^^^^^^
.venv\Lib\site-packages\sqlalchemy\engine\base.py:3260: in connect
    return self._connection_cls(self)
           ^^^^^^^^^^^^^^^^^^^^^^^^^^
.venv\Lib\site-packages\sqlalchemy\engine\base.py:151: in __init__
    Connection._handle_dbapi_exception_noconnection(
.venv\Lib\site-packages\sqlalchemy\engine\base.py:2417: in _handle_dbapi_exception_noconnection
    raise sqlalchemy_exception.with_traceback(exc_info[2]) from e
.venv\Lib\site-packages\sqlalchemy\engine\base.py:149: in __init__
    self._dbapi_connection = engine.raw_connection()
                             ^^^^^^^^^^^^^^^^^^^^^^^
.venv\Lib\site-packages\sqlalchemy\engine\base.py:3284: in raw_connection
    return self.pool.connect()
           ^^^^^^^^^^^^^^^^^^^
.venv\Lib\site-packages\sqlalchemy\pool\base.py:445: in connect
    return _ConnectionFairy._checkout(self)
           ^^^^^^^^^^^^^^^^^^^^^^^^^^^^^^^^
.venv\Lib\site-packages\sqlalchemy\pool\base.py:1303: in _checkout
    fairy = _ConnectionRecord.checkout(pool)
            ^^^^^^^^^^^^^^^^^^^^^^^^^^^^^^^^
.venv\Lib\site-packages\sqlalchemy\pool\base.py:709: in checkout
    rec = pool._do_get()
          ^^^^^^^^^^^^^^
.venv\Lib\site-packages\sqlalchemy\pool\impl.py:301: in _do_get
    return self._create_connection()
           ^^^^^^^^^^^^^^^^^^^^^^^^^
.venv\Lib\site-packages\sqlalchemy\pool\base.py:386: in _create_connection
    return _ConnectionRecord(self)
           ^^^^^^^^^^^^^^^^^^^^^^^
.venv\Lib\site-packages\sqlalchemy\pool\base.py:671: in __init__
    self.__connect()
.venv\Lib\site-packages\sqlalchemy\pool\base.py:906: in __connect
    with util.safe_reraise():
.venv\Lib\site-packages\sqlalchemy\util\langhelpers.py:166: in __exit__
    raise exc_value.with_traceback(exc_tb)
.venv\Lib\site-packages\sqlalchemy\pool\base.py:902: in __connect
    self.dbapi_connection = connection = pool._invoke_creator(self)
                                         ^^^^^^^^^^^^^^^^^^^^^^^^^^
.venv\Lib\site-packages\sqlalchemy\engine\create.py:645: in connect
    return dialect.connect(*cargs_tup, **cparams)
           ^^^^^^^^^^^^^^^^^^^^^^^^^^^^^^^^^^^^^^
.venv\Lib\site-packages\sqlalchemy\engine\default.py:869: in connect
    return self.loaded_dbapi.connect(*cargs, **cparams)  # type: ignore[no-any-return]  # NOQA: E501
           ^^^^^^^^^^^^^^^^^^^^^^^^^^^^^^^^^^^^^^^^^^^^
_ _ _ _ _ _ _ _ _ _ _ _ _ _ _ _ _ _ _ _ _ _ _ _ _ _ _ _ _ _ _ _ _ _ _ _ _ _ _ _

cls = <class 'psycopg.Connection'>
conninfo = "host=127.0.0.1 dbname=bf_test_92f8ce981949403dbe8ef5a08667f791 user=bounded password=TOOL_TEST_ONLY port=54329 options='-c timezone=UTC' hostaddr=127.0.0.1"
autocommit = False, prepare_threshold = 5
context = <psycopg.adapt.AdaptersMap object at 0x000001F2AE2D0170>
row_factory = None, cursor_factory = None
kwargs = {'host': '127.0.0.1', 'dbname': 'bf_test_92f8ce981949403dbe8ef5a08667f791', 'user': 'bounded', 'password': 'TOOL_TEST_ONLY', ...}

    @classmethod
    def connect(
        cls,
        conninfo: str = "",
        *,
        autocommit: bool = False,
        prepare_threshold: int | None = 5,
        context: AdaptContext | None = None,
        row_factory: RowFactory[Row] | None = None,
        cursor_factory: type[Cursor[Row]] | None = None,
        **kwargs: ConnParam,
    ) -> Self:
        """
        Connect to a database server and return a new `Connection` instance.
        """
    
        params = cls._get_connection_params(conninfo, **kwargs)
        timeout = timeout_from_conninfo(params)
        rv = None
        attempts = conninfo_attempts(params)
        conn_errors: list[tuple[e.Error, str]] = []
        for attempt in attempts:
            tdescr = (attempt.get("host"), attempt.get("port"), attempt.get("hostaddr"))
            descr = "host: %r, port: %r, hostaddr: %r" % tdescr
            logger.debug("connection attempt: %s", descr)
            try:
                conninfo = make_conninfo("", **attempt)
                gen = cls._connect_gen(conninfo)
                rv = waiting.wait_conn(gen, interval=_WAIT_INTERVAL, timeout=timeout)
            except e._WaitTimeout:
                tex = e.ConnectionTimeout("connection timeout expired")
                logger.debug("connection failed: %s: %s", descr, str(tex))
                conn_errors.append((tex, descr))
            except e.Error as ex:
                logger.debug("connection failed: %s: %s", descr, str(ex))
                conn_errors.append((ex, descr))
            except e._NO_TRACEBACK as ex:
                raise ex.with_traceback(None)
            else:
                logger.debug("connection succeeded: %s", descr)
                break
    
        if not rv:
            last_ex = conn_errors[-1][0]
            if len(conn_errors) == 1:
>               raise last_ex.with_traceback(None)
E               sqlalchemy.exc.OperationalError: (psycopg.OperationalError) connection failed: connection to server at "127.0.0.1", port 54329 failed: FATAL:  password authentication failed for user "bounded"
E               (Background on this error at: https://sqlalche.me/e/21/e3q8)

.venv\Lib\site-packages\psycopg\connection.py:126: OperationalError
=========================== short test summary info ===========================
FAILED scripts/tests/test_mvp_frozen_runtime.py::test_incomplete_original_corpus_refuses_before_database_connection
1 failed, 21 passed in 2.62s
