
=================================== ERRORS ====================================
__ ERROR collecting apps/api/app/tests/test_full_seasonal_ended_consumers.py __
ImportError while importing test module 'F:\学校活动\工行杯\钱途有界\bounded-funds\apps\api\app\tests\test_full_seasonal_ended_consumers.py'.
Hint: make sure your test modules/packages have valid Python names.
Traceback:
C:\Users\starryzac\AppData\Local\Programs\Python\Python312\Lib\importlib\__init__.py:90: in import_module
    return _bootstrap._gcd_import(name[level:], package, level)
           ^^^^^^^^^^^^^^^^^^^^^^^^^^^^^^^^^^^^^^^^^^^^^^^^^^^^
apps\api\app\tests\test_full_seasonal_ended_consumers.py:7: in <module>
    from app.domain.execution import revalidate_execution
apps\api\app\domain\execution.py:19: in <module>
    from app.domain.full_dynamic_goal_execution import (
apps\api\app\domain\full_dynamic_goal_execution.py:22: in <module>
    from app.domain.full_protection_projection import (
apps\api\app\domain\full_protection_projection.py:27: in <module>
    from app.domain.full_seasonal_current_protection import (
apps\api\app\domain\full_seasonal_current_protection.py:12: in <module>
    from app.domain.full_seasonal_ended_adoption import (
apps\api\app\domain\full_seasonal_ended_adoption.py:13: in <module>
    from app.domain.full_protection_projection import FullProtectionPolicySource
E   ImportError: cannot import name 'FullProtectionPolicySource' from partially initialized module 'app.domain.full_protection_projection' (most likely due to a circular import) (F:\学校活动\工行杯\钱途有界\bounded-funds\apps\api\app\domain\full_protection_projection.py)
_ ERROR collecting apps/api/app/tests/test_full_seasonal_current_protection.py _
ImportError while importing test module 'F:\学校活动\工行杯\钱途有界\bounded-funds\apps\api\app\tests\test_full_seasonal_current_protection.py'.
Hint: make sure your test modules/packages have valid Python names.
Traceback:
C:\Users\starryzac\AppData\Local\Programs\Python\Python312\Lib\importlib\__init__.py:90: in import_module
    return _bootstrap._gcd_import(name[level:], package, level)
           ^^^^^^^^^^^^^^^^^^^^^^^^^^^^^^^^^^^^^^^^^^^^^^^^^^^^
apps\api\app\tests\test_full_seasonal_current_protection.py:8: in <module>
    from app.domain.full_seasonal_current_protection import derive_current_seasonal_protection_bindings
apps\api\app\domain\full_seasonal_current_protection.py:12: in <module>
    from app.domain.full_seasonal_ended_adoption import (
apps\api\app\domain\full_seasonal_ended_adoption.py:13: in <module>
    from app.domain.full_protection_projection import FullProtectionPolicySource
apps\api\app\domain\full_protection_projection.py:27: in <module>
    from app.domain.full_seasonal_current_protection import (
E   ImportError: cannot import name 'CurrentSeasonalProtectionBindings' from partially initialized module 'app.domain.full_seasonal_current_protection' (most likely due to a circular import) (F:\学校活动\工行杯\钱途有界\bounded-funds\apps\api\app\domain\full_seasonal_current_protection.py)
_ ERROR collecting apps/api/app/tests/test_full_seasonal_projection_consumers.py _
ImportError while importing test module 'F:\学校活动\工行杯\钱途有界\bounded-funds\apps\api\app\tests\test_full_seasonal_projection_consumers.py'.
Hint: make sure your test modules/packages have valid Python names.
Traceback:
C:\Users\starryzac\AppData\Local\Programs\Python\Python312\Lib\importlib\__init__.py:90: in import_module
    return _bootstrap._gcd_import(name[level:], package, level)
           ^^^^^^^^^^^^^^^^^^^^^^^^^^^^^^^^^^^^^^^^^^^^^^^^^^^^
apps\api\app\tests\test_full_seasonal_projection_consumers.py:8: in <module>
    from app.domain.execution import revalidate_execution
apps\api\app\domain\execution.py:19: in <module>
    from app.domain.full_dynamic_goal_execution import (
apps\api\app\domain\full_dynamic_goal_execution.py:22: in <module>
    from app.domain.full_protection_projection import (
apps\api\app\domain\full_protection_projection.py:27: in <module>
    from app.domain.full_seasonal_current_protection import (
apps\api\app\domain\full_seasonal_current_protection.py:12: in <module>
    from app.domain.full_seasonal_ended_adoption import (
apps\api\app\domain\full_seasonal_ended_adoption.py:13: in <module>
    from app.domain.full_protection_projection import FullProtectionPolicySource
E   ImportError: cannot import name 'FullProtectionPolicySource' from partially initialized module 'app.domain.full_protection_projection' (most likely due to a circular import) (F:\学校活动\工行杯\钱途有界\bounded-funds\apps\api\app\domain\full_protection_projection.py)
=========================== short test summary info ===========================
ERROR apps/api/app/tests/test_full_seasonal_ended_consumers.py
ERROR apps/api/app/tests/test_full_seasonal_current_protection.py
ERROR apps/api/app/tests/test_full_seasonal_projection_consumers.py
!!!!!!!!!!!!!!!!!!! Interrupted: 3 errors during collection !!!!!!!!!!!!!!!!!!!
3 errors in 1.91s
