F821 Undefined name `pytest`
   --> apps\api\app\tests\test_recovery_properties.py:409:2
    |
408 | @PROPERTY_SETTINGS
409 | @pytest.mark.property
    |  ^^^^^^
410 | @given(small_recovery_cases())
411 | def test_whole_position_sequence_matches_independent_pointwise_improvement_oracle(
    |

F821 Undefined name `pytest`
   --> apps\api\app\tests\test_recovery_properties.py:444:2
    |
443 | @PROPERTY_SETTINGS
444 | @pytest.mark.property
    |  ^^^^^^
445 | @given(cash=st.integers(0, 100), deficit=st.integers(1, 80), principal=st.integers(1, 120))
446 | def test_delayed_recovery_keeps_global_minimum_but_can_improve_future_deficit(
    |

F821 Undefined name `pytest`
   --> apps\api\app\tests\test_recovery_properties.py:478:2
    |
477 | @PROPERTY_SETTINGS
478 | @pytest.mark.property
    |  ^^^^^^
479 | @given(
480 |     cash=st.integers(0, 100),
    |

F821 Undefined name `pytest`
   --> apps\api\app\tests\test_recovery_properties.py:535:2
    |
534 | @PROPERTY_SETTINGS
535 | @pytest.mark.property
    |  ^^^^^^
536 | @given(
537 |     source_cash=st.integers(0, 100),
    |

Found 4 errors.
