
 RUN  v3.2.4 F:/学校活动/工行杯/钱途有界/bounded-funds/apps/web

 ✓ src/api/full-evidence-graph.test.ts (29 tests) 23ms
 ❯ src/components/FullEvidenceGraphPanel.test.tsx (8 tests | 2 failed) 847ms
   ✓ 只在用户查询后GET；35分母/原状态可读，双向导航不产生金融写入 187ms
   × 历史null保留具体缺口与知识时点，不显示当前余额填历史 68ms
     → expected [ <li></li>, <li></li>, …(1) ] to have a length of 2 but got 3
   ✓ PARTIAL显示原不足和未缩减的分母，不能给完成标签 61ms
   ✓ LIMITED显示原不足和未缩减的分母，不能给完成标签 42ms
   × BANK_UNKNOWN显示原不足和未缩减的分母，不能给完成标签 124ms
     → Found multiple elements with the text: /INDEPENDENT_INTEGRITY_NOT_FULLY_VERIFIED/

Here are the matching elements:

Ignored nodes: comments, script, style
[36m<li>[39m
  [0mINDEPENDENT_INTEGRITY_NOT_FULLY_VERIFIED[0m
  [0m · [0m
  [0mACCOUNT:93000000-0000-4000-8000-000000000002[0m
  [0m · [0m
  [0m原银行账本未完整验真[0m
[36m</li>[39m

Ignored nodes: comments, script, style
[36m<pre[39m
  [33mclass[39m=[32m"readonly-raw"[39m
[36m>[39m
  [0m{"protocol":"persisted-full-evidence-graph-v2","simulation":true,"read_only":true,"user_id":"93000000-0000-4000-8000-000000000001","as_of":"2026-10-05T12:00:00Z","known_at":"2026-10-05T12:00:00Z","root":"ACCOUNT:93000000-0000-4000-8000-000000000002","requested_root_kind":"ACCOUNT","complete_registered_inventory":true,"state":"UNKNOWN","inventory":[{"kind":"ACCOUNT","table":"accounts","owner_scope":"CURRENT_USER","actual_owned_count":1,"known_count":1,"captured_count":1,"complete":true,"captured_rows_hash":"aaaaaaaaaaaaaaaaaaaaaaaaaaaaaaaaaaaaaaaaaaaaaaaaaaaaaaaaaaaaaaaa"},{"kind":"TRANSACTION","table":"transactions","owner_scope":"CURRENT_USER","actual_owned_count":1,"known_count":1,"captured_count":1,"complete":true,"captured_rows_hash":"aaaaaaaaaaaaaaaaaaaaaaaaaaaaaaaaaaaaaaaaaaaaaaaaaaaaaaaaaaaaaaaa"},{"kind":"BILL","table":"credit_card_bills","owner_scope":"CURRENT_USER","actual_owned_count":0,"known_count":0,"captured_count":0,"complete":true,"captured_rows_hash":"aaaaaaaaaaaaaaaaaaaaaaaaaaaaaaaaaaaaaaaaaaaaaaaaaaaaaaaaaaaaaaaa"},{"kind":"GOAL","table":"goals","owner_scope":"CURRENT_USER","actual_owned_count":0,"known_count":0,"captured_count":0,"complete":true,"captured_rows_hash":"aaaaaaaaaaaaaaaaaaaaaaaaaaaaaaaaaaaaaaaaaaaaaaaaaaaaaaaaaaaaaaaa"},{"kind":"POSITION","table":"asset_positions","owner_scope":"CURRENT_USER","actual_owned_count":0,"known_count":0,"captured_count":0,"complete":true,"captured_rows_hash":"aaaaaaaaaaaaaaaaaaaaaaaaaaaaaaaaaaaaaaaaaaaaaaaaaaaaaaaaaaaaaaaa"},{"kind":"BANK_OPERATION","table":"bank_operations","owner_scope":"CURRENT_USER","actual_owned_count":0,"known_count":0,"captured_count":0,"complete":true,"captured_rows_hash":"aaaaaaaaaaaaaaaaaaaaaaaaaaaaaaaaaaaaaaaaaaaaaaaaaaaaaaaaaaaaaaaa"},{"kind":"BANK_REDEMPTION","table":"simulated_bank_redemptions","owner_scope":"CURRENT_USER","actual_owned_count":0,"known_count":0,"captured_count":0,"complete":true,"captured_rows_hash":"aaaaaaaaaaaaaaaaaaaaaaaaaaaaaaaaaaaaaaaaaaaaaaaaaaaaaaaaaaaaaaaa"},{"kind":"POSTING","table":"simulated_bank_postings","owner_scope":"CURRENT_USER","actual_owned_count":0,"known_count":0,"captured_count":0,"complete":true,"captured_rows_hash":"aaaaaaaaaaaaaaaaaaaaaaaaaaaaaaaaaaaaaaaaaaaaaaaaaaaaaaaaaaaaaaaa"},{"kind":"EXTERNAL_FACT","table":"external_bank_facts","owner_scope":"CURRENT_USER","actual_owned_count":0,"known_count":0,"captured_count":0,"complete":true,"captured_rows_hash":"aaaaaaaaaaaaaaaaaaaaaaaaaaaaaaaaaaaaaaaaaaaaaaaaaaaaaaaaaaaaaaaa"},{"kind":"AUDIT_EPOCH","table":"audit_epochs","owner_scope":"CURRENT_USER","actual_owned_count":0,"known_count":0,"captured_count":0,"complete":true,"captured_rows_hash":"aaaaaaaaaaaaaaaaaaaaaaaaaaaaaaaaaaaaaaaaaaaaaaaaaaaaaaaaaaaaaaaa"},{"kind":"AUDIT_EVENT","table":"audit_events","owner_scope":"CURRENT_USER","actual_owned_count":0,"known_count":0,"captured_count":0,"complete":true,"captured_rows_hash":"aaaaaaaaaaaaaaaaaaaaaaaaaaaaaaaaaaaaaaaaaaaaaaaaaaaaaaaaaaaaaaaa"},{"kind":"AUDIT_SNAPSHOT","table":"audit_subject_snapshots","owner_scope":"CURRENT_USER","actual_owned_count":0,"known_count":0,"captured_count":0,"complete":true,"captured_rows_hash":"aaaaaaaaaaaaaaaaaaaaaaaaaaaaaaaaaaaaaaaaaaaaaaaaaaaaaaaaaaaaaaaa"},{"kind":"FULL_POLICY","table":"full_policies","owner_scope":"CURRENT_USER","actual_owned_count":0,"known_count":0,"captured_count":0,"complete":true,"captured_rows_hash":"aaaaaaaaaaaaaaaaaaaaaaaaaaaaaaaaaaaaaaaaaaaaaaaaaaaaaaaaaaaaaaaa"},{"kind":"FULL_POLICY_VERSION","table":"full_policy_versions","owner_scope":"CURRENT_USER","actual_owned_count":0,"known_count":0,"captured_count":0,"complete":true,"captured_rows_hash":"aaaaaaaaaaaaaaaaaaaaaaaaaaaaaaaaaaaaaaaaaaaaaaaaaaaaaaaaaaaaaaaa"},{"kind":"FULL_POLICY_COMMAND","table":"full_policy_commands","owner_scope":"CURRENT_USER","actual_owned_count":0,"known_count":0,"captured_count":0,"complete":true,"captured_rows_hash":"aaaaaaaaaaaaaaaaaaaaaaaaaaaaaaaaaaaaaaaaaaaaaaaaaaaaaaaaaaaaaaaa"},{"kind":"EVIDENCE","table":"evidence_items","owner_scope":"CURRENT_USER","actual_owned_count":0,"known_count":0,"captured_count":0,"complete":true,"captured_rows_hash":"aaaaaaaaaaaaaaaaaaaaaaaaaaaaaaaaaaaaaaaaaaaaaaaaaaaaaaaaaaaaaaaa"},{"kind":"PROPOSAL","table":"policy_proposals","owner_scope":"CURRENT_USER","actual_owned_count":0,"known_count":0,"captured_count":0,"complete":true,"captured_rows_hash":"aaaaaaaaaaaaaaaaaaaaaaaaaaaaaaaaaaaaaaaaaaaaaaaaaaaaaaaaaaaaaaaa"},{"kind":"POLICY","table":"policies","owner_scope":"CURRENT_USER","actual_owned_count":0,"known_count":0,"captured_count":0,"complete":true,"captured_rows_hash":"aaaaaaaaaaaaaaaaaaaaaaaaaaaaaaaaaaaaaaaaaaaaaaaaaaaaaaaaaaaaaaaa"},{"kind":"POLICY_VERSION","table":"policy_versions","owner_scope":"CURRENT_USER","actual_owned_count":0,"known_count":0,"captured_count":0,"complete":true,"captured_rows_hash":"aaaaaaaaaaaaaaaaaaaaaaaaaaaaaaaaaaaaaaaaaaaaaaaaaaaaaaaaaaaaaaaa"},{"kind":"DECISION","table":"decision_runs","owner_scope":"CURRENT_USER","actual_owned_count":0,"known_count":0,"captured_count":0,"complete":true,"captured_rows_hash":"aaaaaaaaaaaaaaaaaaaaaaaaaaaaaaaaaaaaaaaaaaaaaaaaaaaaaaaaaaaaaaaa"},{"kind":"ACTION","table":"action_plans","owner_scope":"CURRENT_USER","actual_owned_count":0,"known_count":0,"captured_count":0,"complete":true,"captured_rows_hash":"aaaaaaaaaaaaaaaaaaaaaaaaaaaaaaaaaaaaaaaaaaaaaaaaaaaaaaaaaaaaaaaa"},{"kind":"RECEIPT","table":"action_receipts","owner_scope":"CURRENT_USER","actual_owned_count":0,"known_count":0,"captured_count":0,"complete":true,"captured_rows_hash":"aaaaaaaaaaaaaaaaaaaaaaaaaaaaaaaaaaaaaaaaaaaaaaaaaaaaaaaaaaaaaaaa"},{"kind":"PRODUCT","table":"asset_products","owner_scope":"SHARED_PRODUCT_CATALOGUE","actual_owned_count":0,"known_count":0,"captured_count":0,"complete":true,"captured_rows_hash":"aaaaaaaaaaaaaaaaaaaaaaaaaaaaaaaaaaaaaaaaaaaaaaaaaaaaaaaaaaaaaaaa"},{"kind":"PRODUCT_CATALOGUE","table":"product_catalog_versions","owner_scope":"SHARED_PRODUCT_CATALOGUE","actual_owned_count":0,"known_count":0,"captured_count":0,"complete":true,"captured_rows_hash":"aaaaaaaaaaaaaaaaaaaaaaaaaaaaaaaaaaaaaaaaaaaaaaaaaaaaaaaaaaaaaaaa"},{"kind":"USER","table":"users","owner_scope":"CURRENT_USER","actual_owned_count":0,"known_count":0,"captured_count":0,"complete":true,"captured_rows_hash":"aaaaaaaaaaaaaaaaaaaaaaaaaaaaaaaaaaaaaaaaaaaaaaaaaaaaaaaaaaaaaaaa"},{"kind":"CONSTRAINT","table":"decision_constraints","owner_scope":"CURRENT_USER","actual_owned_count":0,"known_count":0,"captured_count":0,"complete":true,"captured_rows_hash":"aaaaaaaaaaaaaaaaaaaaaaaaaaaaaaaaaaaaaaaaaaaaaaaaaaaaaaaaaaaaaaaa"},{"kind":"RESOURCE_CLAIM","table":"action_resource_reservations","owner_scope":"CURRENT_USER","actual_owned_count":0,"known_count":0,"captured_count":0,"complete":true,"captured_rows_hash":"aaaaaaaaaaaaaaaaaaaaaaaaaaaaaaaaaaaaaaaaaaaaaaaaaaaaaaaaaaaaaaaa"},{"kind":"COMMAND_OUTBOX","table":"command_outbox","owner_scope":"CURREN...

(If this is intentional, then use the `*AllBy*` variant of the query (like `queryAllByText`, `getAllByText`, or `findAllByText`)).

Ignored nodes: comments, script, style
[36m<body>[39m
  [36m<div>[39m
    [36m<section[39m
      [33maria-label[39m=[32m"完整证据图只读工作区"[39m
      [33mclass[39m=[32m"readonly-section"[39m
    [36m>[39m
      [36m<h2>[39m
        [0m完整证据图[0m
      [36m</h2>[39m
      [36m<p>[39m
        [0m从真实原件查双向引用。旧七类图与本视图各保留自己的协议和摘要。[0m
      [36m</p>[39m
      [36m<div[39m
        [33mclass[39m=[32m"readonly-query-grid"[39m
      [36m>[39m
        [36m<label[39m
          [33mclass[39m=[32m"field"[39m
        [36m>[39m
          [0m完整图根类型[0m
          [36m<select>[39m
            [36m<option>[39m
              [0mACCOUNT[0m
            [36m</option>[39m
            [36m<option>[39m
              [0mTRANSACTION[0m
            [36m</option>[39m
            [36m<option>[39m
              [0mBILL[0m
            [36m</option>[39m
            [36m<option>[39m
              [0mGOAL[0m
            [36m</option>[39m
            [36m<option>[39m
              [0mPOSITION[0m
            [36m</option>[39m
            [36m<option>[39m
              [0mBANK_OPERATION[0m
            [36m</option>[39m
            [36m<option>[39m
              [0mBANK_REDEMPTION[0m
            [36m</option>[39m
            [36m<option>[39m
              [0mPOSTING[0m
            [36m</option>[39m
            [36m<option>[39m
              [0mEXTERNAL_FACT[0m
            [36m</option>[39m
            [36m<option>[39m
              [0mAUDIT_EPOCH[0m
            [36m</option>[39m
            [36m<option>[39m
              [0mAUDIT_EVENT[0m
            [36m</option>[39m
            [36m<option>[39m
              [0mAUDIT_SNAPSHOT[0m
            [36m</option>[39m
            [36m<option>[39m
              [0mFULL_POLICY[0m
            [36m</option>[39m
            [36m<option>[39m
              [0mFULL_POLICY_VERSION[0m
            [36m</option>[39m
            [36m<option>[39m
              [0mFULL_POLICY_COMMAND[0m
            [36m</option>[39m
            [36m<option>[39m
              [0mEVIDENCE[0m
            [36m</option>[39m
            [36m<option>[39m
              [0mPROPOSAL[0m
            [36m</option>[39m
            [36m<option>[39m
              [0mPOLICY[0m
            [36m</option>[39m
            [36m<option>[39m
              [0mPOLICY_VERSION[0m
            [36m</option>[39m
            [36m<option>[39m
              [0mDECISION[0m
            [36m</option>[39m
            [36m<option>[39m
              [0mACTION[0m
            [36m</option>[39m
            [36m<option>[39m
              [0mRECEIPT[0m
            [36m</option>[39m
            [36m<option>[39m
              [0mPRODUCT[0m
            [36m</option>[39m
            [36m<option>[39m
              [0mPRODUCT_CATALOGUE[0m
            [36m</option>[39m
            [36m<option>[39m
              [0mUSER[0m
            [36m</option>[39m
            [36m<option>[39m
              [0mCONSTRAINT[0m
            [36m</option>[39m
            [36m<option>[39m
              [0mRESOURCE_CLAIM[0m
            [36m</option>[39m
            [36m<option>[39m
              [0mCOMMAND_OUTBOX[0m
            [36m</option>[39m
            [36m<option>[39m
              [0mCOMMAND_INBOX[0m
            [36m</option>[39m
            [36m<option>[39m
              [0mCOMMAND_ATTEMPT[0m
            [36m</option>[39m
            [36m<option>[39m
              [0mINTERVENTION_OUTBOX[0m
            [36m</option>[39m
            [36m<option>[39m
              [0mINTERVENTION_INBOX[0m
            [36m</option>[39m
            [36m<option>[39m
              [0mASSET_PORTFOLIO[0m
            [36m</option>[39m
            [36m<option>[39m
              [0mASSET_BATCH[0m
            [36m</option>[39m
            [36m<option>[39m
              [0mASSET_CONSENT[0m
            [36m</option>[39m
            [36m<option>[39m
              [0mFULL_GOAL_MODEL[0m
            [36m</option>[39m
          [36m</select>[39m
        [36m</label>[39m
        [36m<label[39m
          [33mclass[39m=[32m"field"[39m
        [36m>[39m
          [0m完整图根 UUID[0m
          [36m<input[39m
            [33mvalue[39m=[32m"93000000-0000-4000-8000-000000000002"[39m
          [36m/>[39m
        [36m</label>[39m
        [36m<label[39m
          [33mclass[39m=[32m"field"[39m
        [36m>[39m
          [0m完整图知识时点（可选，需含时区）[0m
          [36m<input[39m
            [33mplaceholder[39m=[32m"2026-10-05T12:00:00+08:00"[39m
            [33mvalue[39m=[32m""[39m
          [36m/>[39m
        [36m</label>[39m
        [36m<button[39m
          [33mtype[39m=[32m"button"[39m
        [36m>[39m
          [0m只读查询完整证据图[0m
        [36m</button>[39m
      [36m</div>[39m
      [36m<section[39m
        [33maria-label[39m=[32m"完整证据图结果"[39m
        [33mclass[39m=[32m"readonly-section"[39m
      [36m>[39m
        [36m<h3>[39m
          [0mUNKNOWN · 证据图未完整证明[0m
        [36m</h3>[39m
        [36m<p[39m
          [33mclass[39m=[32m"simulation-note"[39m
        [36m>[39m
          [0m只读模拟来源；不授予权限、不修账、不执行资金动作。[0m
        [36m</p>[39m
        [36m<dl[39m
          [33mclass[39m=[32m"readonly-fields"[39m
        [36m>[39m
          [36m<dt>[39m
            [0m原用户[0m
          [36m</dt>[39m
          [36m<dd>[39m
            [0m93000000-0000-4000-8000-000000000001[0m
          [36m</dd>[39m
          [36m<dt>[39m
            [0m本次读取时点[0m
          [36m</dt>[39m
          [36m<dd>[39m
            [0m2026-10-05T12:00:00Z[0m
          [36m</dd>[39m
          [36m<dt>[39m
            [0m知识时点[0m
          [36m</dt>[39m
          [36m<dd>[39m
            [0m2026-10-05T12:00:00Z[0m
          [36m</dd>[39m
          [36m<dt>[39m
            [0m实际节点分母 / 展示[0m
          [36m</dt>[39m
          [36m<dd>[39m
            [0m2[0m
            [0m / [0m
            [0m2[0m
          [36m</dd>[39m
          [36m<dt>[39m
            [0m实际边分母 / 展示[0m
          [36m</dt>[39m
          [36m<dd>[39m
            [0m1[0m
            [0m / [0m
            [0m1[0m
          [36m</dd>[39m
          [36m<dt>[39m
            [0m审计[0m
          [36m</dt>[39m
          [36m<dd>[39m
            [0m原服务报告 VERIFIED[0m
            [0m · [0m
            [0m合成客户端边界测试；没有实际金融证明[0m
          [36m</dd>[39m
          [36m<dt>[39m
            [0m银行[0m
          [36m</dt>[39m
          [36m<dd>[39m
            [0mUNKNOWN · 未证明[0m
            [0m · [0m
            [0m合成客户端边界测试；没有实际金融证明[0m
          [36m</dd>[39m
          [36m<dt>[39m
            [0m原输入摘要[0m
          [36m</dt>[39m
          [36m<dd>[39m
            [0maaaaaaaaaaaaaaaaaaaaaaaaaaaaaaaaaaaaaaaaaaaaaaaaaaaaaaaaaaaaaaaa[0m
          [36m</dd>[39m
        [36m</dl>[39m
        [36m<details>...
   ✓ 根字段变化立即清除旧结果；再次相同根只接受新GET，不沿用缓存成功 140ms
   ✓ 无效输入不联网，服务端404保原request_id且不自动重试 100ms
   ✓ 另一owner响应不能显示来源；原HTTP大整数只按原字符呈现 124ms

⎯⎯⎯⎯⎯⎯⎯ Failed Tests 2 ⎯⎯⎯⎯⎯⎯⎯

 FAIL  src/components/FullEvidenceGraphPanel.test.tsx > 历史null保留具体缺口与知识时点，不显示当前余额填历史
AssertionError: expected [ <li></li>, <li></li>, …(1) ] to have a length of 2 but got 3

- Expected
+ Received

- 2
+ 3

 ❯ src/components/FullEvidenceGraphPanel.test.tsx:23:130


⎯⎯⎯⎯⎯⎯⎯⎯⎯⎯⎯⎯⎯⎯⎯⎯⎯⎯⎯⎯⎯⎯⎯⎯[1/2]⎯

 FAIL  src/components/FullEvidenceGraphPanel.test.tsx > BANK_UNKNOWN显示原不足和未缩减的分母，不能给完成标签
TestingLibraryElementError: Found multiple elements with the text: /INDEPENDENT_INTEGRITY_NOT_FULLY_VERIFIED/

Here are the matching elements:

Ignored nodes: comments, script, style
[36m<li>[39m
  [0mINDEPENDENT_INTEGRITY_NOT_FULLY_VERIFIED[0m
  [0m · [0m
  [0mACCOUNT:93000000-0000-4000-8000-000000000002[0m
  [0m · [0m
  [0m原银行账本未完整验真[0m
[36m</li>[39m

Ignored nodes: comments, script, style
[36m<pre[39m
  [33mclass[39m=[32m"readonly-raw"[39m
[36m>[39m
  [0m{"protocol":"persisted-full-evidence-graph-v2","simulation":true,"read_only":true,"user_id":"93000000-0000-4000-8000-000000000001","as_of":"2026-10-05T12:00:00Z","known_at":"2026-10-05T12:00:00Z","root":"ACCOUNT:93000000-0000-4000-8000-000000000002","requested_root_kind":"ACCOUNT","complete_registered_inventory":true,"state":"UNKNOWN","inventory":[{"kind":"ACCOUNT","table":"accounts","owner_scope":"CURRENT_USER","actual_owned_count":1,"known_count":1,"captured_count":1,"complete":true,"captured_rows_hash":"aaaaaaaaaaaaaaaaaaaaaaaaaaaaaaaaaaaaaaaaaaaaaaaaaaaaaaaaaaaaaaaa"},{"kind":"TRANSACTION","table":"transactions","owner_scope":"CURRENT_USER","actual_owned_count":1,"known_count":1,"captured_count":1,"complete":true,"captured_rows_hash":"aaaaaaaaaaaaaaaaaaaaaaaaaaaaaaaaaaaaaaaaaaaaaaaaaaaaaaaaaaaaaaaa"},{"kind":"BILL","table":"credit_card_bills","owner_scope":"CURRENT_USER","actual_owned_count":0,"known_count":0,"captured_count":0,"complete":true,"captured_rows_hash":"aaaaaaaaaaaaaaaaaaaaaaaaaaaaaaaaaaaaaaaaaaaaaaaaaaaaaaaaaaaaaaaa"},{"kind":"GOAL","table":"goals","owner_scope":"CURRENT_USER","actual_owned_count":0,"known_count":0,"captured_count":0,"complete":true,"captured_rows_hash":"aaaaaaaaaaaaaaaaaaaaaaaaaaaaaaaaaaaaaaaaaaaaaaaaaaaaaaaaaaaaaaaa"},{"kind":"POSITION","table":"asset_positions","owner_scope":"CURRENT_USER","actual_owned_count":0,"known_count":0,"captured_count":0,"complete":true,"captured_rows_hash":"aaaaaaaaaaaaaaaaaaaaaaaaaaaaaaaaaaaaaaaaaaaaaaaaaaaaaaaaaaaaaaaa"},{"kind":"BANK_OPERATION","table":"bank_operations","owner_scope":"CURRENT_USER","actual_owned_count":0,"known_count":0,"captured_count":0,"complete":true,"captured_rows_hash":"aaaaaaaaaaaaaaaaaaaaaaaaaaaaaaaaaaaaaaaaaaaaaaaaaaaaaaaaaaaaaaaa"},{"kind":"BANK_REDEMPTION","table":"simulated_bank_redemptions","owner_scope":"CURRENT_USER","actual_owned_count":0,"known_count":0,"captured_count":0,"complete":true,"captured_rows_hash":"aaaaaaaaaaaaaaaaaaaaaaaaaaaaaaaaaaaaaaaaaaaaaaaaaaaaaaaaaaaaaaaa"},{"kind":"POSTING","table":"simulated_bank_postings","owner_scope":"CURRENT_USER","actual_owned_count":0,"known_count":0,"captured_count":0,"complete":true,"captured_rows_hash":"aaaaaaaaaaaaaaaaaaaaaaaaaaaaaaaaaaaaaaaaaaaaaaaaaaaaaaaaaaaaaaaa"},{"kind":"EXTERNAL_FACT","table":"external_bank_facts","owner_scope":"CURRENT_USER","actual_owned_count":0,"known_count":0,"captured_count":0,"complete":true,"captured_rows_hash":"aaaaaaaaaaaaaaaaaaaaaaaaaaaaaaaaaaaaaaaaaaaaaaaaaaaaaaaaaaaaaaaa"},{"kind":"AUDIT_EPOCH","table":"audit_epochs","owner_scope":"CURRENT_USER","actual_owned_count":0,"known_count":0,"captured_count":0,"complete":true,"captured_rows_hash":"aaaaaaaaaaaaaaaaaaaaaaaaaaaaaaaaaaaaaaaaaaaaaaaaaaaaaaaaaaaaaaaa"},{"kind":"AUDIT_EVENT","table":"audit_events","owner_scope":"CURRENT_USER","actual_owned_count":0,"known_count":0,"captured_count":0,"complete":true,"captured_rows_hash":"aaaaaaaaaaaaaaaaaaaaaaaaaaaaaaaaaaaaaaaaaaaaaaaaaaaaaaaaaaaaaaaa"},{"kind":"AUDIT_SNAPSHOT","table":"audit_subject_snapshots","owner_scope":"CURRENT_USER","actual_owned_count":0,"known_count":0,"captured_count":0,"complete":true,"captured_rows_hash":"aaaaaaaaaaaaaaaaaaaaaaaaaaaaaaaaaaaaaaaaaaaaaaaaaaaaaaaaaaaaaaaa"},{"kind":"FULL_POLICY","table":"full_policies","owner_scope":"CURRENT_USER","actual_owned_count":0,"known_count":0,"captured_count":0,"complete":true,"captured_rows_hash":"aaaaaaaaaaaaaaaaaaaaaaaaaaaaaaaaaaaaaaaaaaaaaaaaaaaaaaaaaaaaaaaa"},{"kind":"FULL_POLICY_VERSION","table":"full_policy_versions","owner_scope":"CURRENT_USER","actual_owned_count":0,"known_count":0,"captured_count":0,"complete":true,"captured_rows_hash":"aaaaaaaaaaaaaaaaaaaaaaaaaaaaaaaaaaaaaaaaaaaaaaaaaaaaaaaaaaaaaaaa"},{"kind":"FULL_POLICY_COMMAND","table":"full_policy_commands","owner_scope":"CURRENT_USER","actual_owned_count":0,"known_count":0,"captured_count":0,"complete":true,"captured_rows_hash":"aaaaaaaaaaaaaaaaaaaaaaaaaaaaaaaaaaaaaaaaaaaaaaaaaaaaaaaaaaaaaaaa"},{"kind":"EVIDENCE","table":"evidence_items","owner_scope":"CURRENT_USER","actual_owned_count":0,"known_count":0,"captured_count":0,"complete":true,"captured_rows_hash":"aaaaaaaaaaaaaaaaaaaaaaaaaaaaaaaaaaaaaaaaaaaaaaaaaaaaaaaaaaaaaaaa"},{"kind":"PROPOSAL","table":"policy_proposals","owner_scope":"CURRENT_USER","actual_owned_count":0,"known_count":0,"captured_count":0,"complete":true,"captured_rows_hash":"aaaaaaaaaaaaaaaaaaaaaaaaaaaaaaaaaaaaaaaaaaaaaaaaaaaaaaaaaaaaaaaa"},{"kind":"POLICY","table":"policies","owner_scope":"CURRENT_USER","actual_owned_count":0,"known_count":0,"captured_count":0,"complete":true,"captured_rows_hash":"aaaaaaaaaaaaaaaaaaaaaaaaaaaaaaaaaaaaaaaaaaaaaaaaaaaaaaaaaaaaaaaa"},{"kind":"POLICY_VERSION","table":"policy_versions","owner_scope":"CURRENT_USER","actual_owned_count":0,"known_count":0,"captured_count":0,"complete":true,"captured_rows_hash":"aaaaaaaaaaaaaaaaaaaaaaaaaaaaaaaaaaaaaaaaaaaaaaaaaaaaaaaaaaaaaaaa"},{"kind":"DECISION","table":"decision_runs","owner_scope":"CURRENT_USER","actual_owned_count":0,"known_count":0,"captured_count":0,"complete":true,"captured_rows_hash":"aaaaaaaaaaaaaaaaaaaaaaaaaaaaaaaaaaaaaaaaaaaaaaaaaaaaaaaaaaaaaaaa"},{"kind":"ACTION","table":"action_plans","owner_scope":"CURRENT_USER","actual_owned_count":0,"known_count":0,"captured_count":0,"complete":true,"captured_rows_hash":"aaaaaaaaaaaaaaaaaaaaaaaaaaaaaaaaaaaaaaaaaaaaaaaaaaaaaaaaaaaaaaaa"},{"kind":"RECEIPT","table":"action_receipts","owner_scope":"CURRENT_USER","actual_owned_count":0,"known_count":0,"captured_count":0,"complete":true,"captured_rows_hash":"aaaaaaaaaaaaaaaaaaaaaaaaaaaaaaaaaaaaaaaaaaaaaaaaaaaaaaaaaaaaaaaa"},{"kind":"PRODUCT","table":"asset_products","owner_scope":"SHARED_PRODUCT_CATALOGUE","actual_owned_count":0,"known_count":0,"captured_count":0,"complete":true,"captured_rows_hash":"aaaaaaaaaaaaaaaaaaaaaaaaaaaaaaaaaaaaaaaaaaaaaaaaaaaaaaaaaaaaaaaa"},{"kind":"PRODUCT_CATALOGUE","table":"product_catalog_versions","owner_scope":"SHARED_PRODUCT_CATALOGUE","actual_owned_count":0,"known_count":0,"captured_count":0,"complete":true,"captured_rows_hash":"aaaaaaaaaaaaaaaaaaaaaaaaaaaaaaaaaaaaaaaaaaaaaaaaaaaaaaaaaaaaaaaa"},{"kind":"USER","table":"users","owner_scope":"CURRENT_USER","actual_owned_count":0,"known_count":0,"captured_count":0,"complete":true,"captured_rows_hash":"aaaaaaaaaaaaaaaaaaaaaaaaaaaaaaaaaaaaaaaaaaaaaaaaaaaaaaaaaaaaaaaa"},{"kind":"CONSTRAINT","table":"decision_constraints","owner_scope":"CURRENT_USER","actual_owned_count":0,"known_count":0,"captured_count":0,"complete":true,"captured_rows_hash":"aaaaaaaaaaaaaaaaaaaaaaaaaaaaaaaaaaaaaaaaaaaaaaaaaaaaaaaaaaaaaaaa"},{"kind":"RESOURCE_CLAIM","table":"action_resource_reservations","owner_scope":"CURRENT_USER","actual_owned_count":0,"known_count":0,"captured_count":0,"complete":true,"captured_rows_hash":"aaaaaaaaaaaaaaaaaaaaaaaaaaaaaaaaaaaaaaaaaaaaaaaaaaaaaaaaaaaaaaaa"},{"kind":"COMMAND_OUTBOX","table":"command_outbox","owner_scope":"CURREN...

(If this is intentional, then use the `*AllBy*` variant of the query (like `queryAllByText`, `getAllByText`, or `findAllByText`)).

Ignored nodes: comments, script, style
[36m<body>[39m
  [36m<div>[39m
    [36m<section[39m
      [33maria-label[39m=[32m"完整证据图只读工作区"[39m
      [33mclass[39m=[32m"readonly-section"[39m
    [36m>[39m
      [36m<h2>[39m
        [0m完整证据图[0m
      [36m</h2>[39m
      [36m<p>[39m
        [0m从真实原件查双向引用。旧七类图与本视图各保留自己的协议和摘要。[0m
      [36m</p>[39m
      [36m<div[39m
        [33mclass[39m=[32m"readonly-query-grid"[39m
      [36m>[39m
        [36m<label[39m
          [33mclass[39m=[32m"field"[39m
        [36m>[39m
          [0m完整图根类型[0m
          [36m<select>[39m
            [36m<option>[39m
              [0mACCOUNT[0m
            [36m</option>[39m
            [36m<option>[39m
              [0mTRANSACTION[0m
            [36m</option>[39m
            [36m<option>[39m
              [0mBILL[0m
            [36m</option>[39m
            [36m<option>[39m
              [0mGOAL[0m
            [36m</option>[39m
            [36m<option>[39m
              [0mPOSITION[0m
            [36m</option>[39m
            [36m<option>[39m
              [0mBANK_OPERATION[0m
            [36m</option>[39m
            [36m<option>[39m
              [0mBANK_REDEMPTION[0m
            [36m</option>[39m
            [36m<option>[39m
              [0mPOSTING[0m
            [36m</option>[39m
            [36m<option>[39m
              [0mEXTERNAL_FACT[0m
            [36m</option>[39m
            [36m<option>[39m
              [0mAUDIT_EPOCH[0m
            [36m</option>[39m
            [36m<option>[39m
              [0mAUDIT_EVENT[0m
            [36m</option>[39m
            [36m<option>[39m
              [0mAUDIT_SNAPSHOT[0m
            [36m</option>[39m
            [36m<option>[39m
              [0mFULL_POLICY[0m
            [36m</option>[39m
            [36m<option>[39m
              [0mFULL_POLICY_VERSION[0m
            [36m</option>[39m
            [36m<option>[39m
              [0mFULL_POLICY_COMMAND[0m
            [36m</option>[39m
            [36m<option>[39m
              [0mEVIDENCE[0m
            [36m</option>[39m
            [36m<option>[39m
              [0mPROPOSAL[0m
            [36m</option>[39m
            [36m<option>[39m
              [0mPOLICY[0m
            [36m</option>[39m
            [36m<option>[39m
              [0mPOLICY_VERSION[0m
            [36m</option>[39m
            [36m<option>[39m
              [0mDECISION[0m
            [36m</option>[39m
            [36m<option>[39m
              [0mACTION[0m
            [36m</option>[39m
            [36m<option>[39m
              [0mRECEIPT[0m
            [36m</option>[39m
            [36m<option>[39m
              [0mPRODUCT[0m
            [36m</option>[39m
            [36m<option>[39m
              [0mPRODUCT_CATALOGUE[0m
            [36m</option>[39m
            [36m<option>[39m
              [0mUSER[0m
            [36m</option>[39m
            [36m<option>[39m
              [0mCONSTRAINT[0m
            [36m</option>[39m
            [36m<option>[39m
              [0mRESOURCE_CLAIM[0m
            [36m</option>[39m
            [36m<option>[39m
              [0mCOMMAND_OUTBOX[0m
            [36m</option>[39m
            [36m<option>[39m
              [0mCOMMAND_INBOX[0m
            [36m</option>[39m
            [36m<option>[39m
              [0mCOMMAND_ATTEMPT[0m
            [36m</option>[39m
            [36m<option>[39m
              [0mINTERVENTION_OUTBOX[0m
            [36m</option>[39m
            [36m<option>[39m
              [0mINTERVENTION_INBOX[0m
            [36m</option>[39m
            [36m<option>[39m
              [0mASSET_PORTFOLIO[0m
            [36m</option>[39m
            [36m<option>[39m
              [0mASSET_BATCH[0m
            [36m</option>[39m
            [36m<option>[39m
              [0mASSET_CONSENT[0m
            [36m</option>[39m
            [36m<option>[39m
              [0mFULL_GOAL_MODEL[0m
            [36m</option>[39m
          [36m</select>[39m
        [36m</label>[39m
        [36m<label[39m
          [33mclass[39m=[32m"field"[39m
        [36m>[39m
          [0m完整图根 UUID[0m
          [36m<input[39m
            [33mvalue[39m=[32m"93000000-0000-4000-8000-000000000002"[39m
          [36m/>[39m
        [36m</label>[39m
        [36m<label[39m
          [33mclass[39m=[32m"field"[39m
        [36m>[39m
          [0m完整图知识时点（可选，需含时区）[0m
          [36m<input[39m
            [33mplaceholder[39m=[32m"2026-10-05T12:00:00+08:00"[39m
            [33mvalue[39m=[32m""[39m
          [36m/>[39m
        [36m</label>[39m
        [36m<button[39m
          [33mtype[39m=[32m"button"[39m
        [36m>[39m
          [0m只读查询完整证据图[0m
        [36m</button>[39m
      [36m</div>[39m
      [36m<section[39m
        [33maria-label[39m=[32m"完整证据图结果"[39m
        [33mclass[39m=[32m"readonly-section"[39m
      [36m>[39m
        [36m<h3>[39m
          [0mUNKNOWN · 证据图未完整证明[0m
        [36m</h3>[39m
        [36m<p[39m
          [33mclass[39m=[32m"simulation-note"[39m
        [36m>[39m
          [0m只读模拟来源；不授予权限、不修账、不执行资金动作。[0m
        [36m</p>[39m
        [36m<dl[39m
          [33mclass[39m=[32m"readonly-fields"[39m
        [36m>[39m
          [36m<dt>[39m
            [0m原用户[0m
          [36m</dt>[39m
          [36m<dd>[39m
            [0m93000000-0000-4000-8000-000000000001[0m
          [36m</dd>[39m
          [36m<dt>[39m
            [0m本次读取时点[0m
          [36m</dt>[39m
          [36m<dd>[39m
            [0m2026-10-05T12:00:00Z[0m
          [36m</dd>[39m
          [36m<dt>[39m
            [0m知识时点[0m
          [36m</dt>[39m
          [36m<dd>[39m
            [0m2026-10-05T12:00:00Z[0m
          [36m</dd>[39m
          [36m<dt>[39m
            [0m实际节点分母 / 展示[0m
          [36m</dt>[39m
          [36m<dd>[39m
            [0m2[0m
            [0m / [0m
            [0m2[0m
          [36m</dd>[39m
          [36m<dt>[39m
            [0m实际边分母 / 展示[0m
          [36m</dt>[39m
          [36m<dd>[39m
            [0m1[0m
            [0m / [0m
            [0m1[0m
          [36m</dd>[39m
          [36m<dt>[39m
            [0m审计[0m
          [36m</dt>[39m
          [36m<dd>[39m
            [0m原服务报告 VERIFIED[0m
            [0m · [0m
            [0m合成客户端边界测试；没有实际金融证明[0m
          [36m</dd>[39m
          [36m<dt>[39m
            [0m银行[0m
          [36m</dt>[39m
          [36m<dd>[39m
            [0mUNKNOWN · 未证明[0m
            [0m · [0m
            [0m合成客户端边界测试；没有实际金融证明[0m
          [36m</dd>[39m
          [36m<dt>[39m
            [0m原输入摘要[0m
          [36m</dt>[39m
          [36m<dd>[39m
            [0maaaaaaaaaaaaaaaaaaaaaaaaaaaaaaaaaaaaaaaaaaaaaaaaaaaaaaaaaaaaaaaa[0m
          [36m</dd>[39m
        [36m</dl>[39m
        [36m<details>...
 ❯ Object.getElementError ../../node_modules/.pnpm/@testing-library+dom@10.4.2/node_modules/@testing-library/dom/dist/config.js:37:19
 ❯ getElementError ../../node_modules/.pnpm/@testing-library+dom@10.4.2/node_modules/@testing-library/dom/dist/query-helpers.js:20:35
 ❯ getMultipleElementsFoundError ../../node_modules/.pnpm/@testing-library+dom@10.4.2/node_modules/@testing-library/dom/dist/query-helpers.js:23:10
 ❯ ../../node_modules/.pnpm/@testing-library+dom@10.4.2/node_modules/@testing-library/dom/dist/query-helpers.js:55:13
 ❯ ../../node_modules/.pnpm/@testing-library+dom@10.4.2/node_modules/@testing-library/dom/dist/query-helpers.js:95:19
 ❯ src/components/FullEvidenceGraphPanel.test.tsx:29:46
     27|   if (mode === 'PARTIAL') { fireEvent.click(screen.getByText(/35 类来源完整…
     28|   if (mode === 'LIMITED') { expect(screen.getByText('2049 / 2')).toBeV…
     29|   if (mode === 'BANK_UNKNOWN') expect(screen.getByText(/INDEPENDENT_IN…
       |                                              ^
     30| });
     31| test('根字段变化立即清除旧结果；再次相同根只接受新GET，不沿用缓存成功', async () => {

⎯⎯⎯⎯⎯⎯⎯⎯⎯⎯⎯⎯⎯⎯⎯⎯⎯⎯⎯⎯⎯⎯⎯⎯[2/2]⎯


 Test Files  1 failed | 1 passed (2)
      Tests  2 failed | 35 passed (37)
   Start at  08:46:30
   Duration  3.61s (transform 279ms, setup 1.18s, collect 535ms, tests 870ms, environment 2.21s, prepare 615ms)

