
 RUN  v3.2.4 F:/学校活动/工行杯/钱途有界/bounded-funds/apps/web

 ❯ src/api/full-policy-dependencies.test.ts (17 tests | 1 failed) 65ms
   ✓ actual pure-domain source bytes preserve complete roots, exact declared cycles and no authority 11ms
   ✓ GET forwards exact selected identity with no query or financial mutation 11ms
   ✓ unknown root source preserves denominator and does not become an empty complete graph 2ms
   ✓ rehashed owner cannot manufacture a valid current graph 3ms
   ✓ rehashed epoch cannot manufacture a valid current graph 2ms
   ✓ rehashed denominator cannot manufacture a valid current graph 2ms
   ✓ rehashed missing-edge cannot manufacture a valid current graph 2ms
   ✓ rehashed extra-edge cannot manufacture a valid current graph 3ms
   ✓ rehashed bank cannot manufacture a valid current graph 2ms
   ✓ rehashed hash cannot manufacture a valid current graph 2ms
   ✓ rehashed configuration cannot manufacture a valid current graph 2ms
   ✓ rehashed cycle-drop cannot manufacture a valid current graph 2ms
   ✓ rehashed cycle-invent cannot manufacture a valid current graph 3ms
   ✓ rehashed review cannot manufacture a valid current graph 2ms
   × rehashed unsafe-money cannot manufacture a valid current graph 6ms
     → 摘要只接受精确整数、完整Unicode和原JSON字段
   ✓ different original body or expected current version is refused even with a valid response hash 3ms
   ✓ MVP derived expiry and cross-table same UUID retain raw ACTIVE and create no false full cycle 4ms
 ✓ src/components/FullPolicyDependencyPanel.test.tsx (3 tests) 371ms

⎯⎯⎯⎯⎯⎯⎯ Failed Tests 1 ⎯⎯⎯⎯⎯⎯⎯

 FAIL  src/api/full-policy-dependencies.test.ts > rehashed unsafe-money cannot manufacture a valid current graph
Error: 摘要只接受精确整数、完整Unicode和原JSON字段
 ❯ releaseCanonicalJson src/api/goal-release-authorizations.ts:37:9
     35|   if (typeof value === 'string') { check(!/[\uD800-\uDBFF](?![\uDC00-\…
     36|   if (value === null || typeof value === 'boolean' || Number.isSafeInt…
     37|   throw new Error('摘要只接受精确整数、完整Unicode和原JSON字段');
       |         ^
     38| }
     39| async function digestBytes(algorithm: 'SHA-256' | 'SHA-1', bytes: Uint…
 ❯ src/api/goal-release-authorizations.ts:34:98
 ❯ releaseCanonicalJson src/api/goal-release-authorizations.ts:34:59
 ❯ src/api/goal-release-authorizations.ts:34:98
 ❯ releaseCanonicalJson src/api/goal-release-authorizations.ts:34:59
 ❯ releaseCanonicalJson src/api/goal-release-authorizations.ts:33:46
 ❯ src/api/goal-release-authorizations.ts:34:98

⎯⎯⎯⎯⎯⎯⎯⎯⎯⎯⎯⎯⎯⎯⎯⎯⎯⎯⎯⎯⎯⎯⎯⎯[1/1]⎯


 Test Files  1 failed | 1 passed (2)
      Tests  1 failed | 19 passed (20)
   Start at  13:41:57
   Duration  3.49s (transform 502ms, setup 1.21s, collect 1.14s, tests 436ms, environment 2.26s, prepare 646ms)

