Traceback (most recent call last):
  File "F:\学校活动\工行杯\钱途有界\bounded-funds\.venv\Lib\site-packages\_pytest\config\__init__.py", line 913, in import_plugin
    mod = importlib.import_module(importspec)
          ^^^^^^^^^^^^^^^^^^^^^^^^^^^^^^^^^^^
  File "C:\Users\starryzac\AppData\Local\Programs\Python\Python312\Lib\importlib\__init__.py", line 90, in import_module
    return _bootstrap._gcd_import(name[level:], package, level)
           ^^^^^^^^^^^^^^^^^^^^^^^^^^^^^^^^^^^^^^^^^^^^^^^^^^^^
  File "<frozen importlib._bootstrap>", line 1387, in _gcd_import
  File "<frozen importlib._bootstrap>", line 1360, in _find_and_load
  File "<frozen importlib._bootstrap>", line 1310, in _find_and_load_unlocked
  File "<frozen importlib._bootstrap>", line 488, in _call_with_frames_removed
  File "<frozen importlib._bootstrap>", line 1387, in _gcd_import
  File "<frozen importlib._bootstrap>", line 1360, in _find_and_load
  File "<frozen importlib._bootstrap>", line 1324, in _find_and_load_unlocked
ModuleNotFoundError: No module named 'scripts'

The above exception was the direct cause of the following exception:

Traceback (most recent call last):
  File "<frozen runpy>", line 198, in _run_module_as_main
  File "<frozen runpy>", line 88, in _run_code
  File "F:\学校活动\工行杯\钱途有界\bounded-funds\.venv\Scripts\pytest.exe\__main__.py", line 10, in <module>
  File "F:\学校活动\工行杯\钱途有界\bounded-funds\.venv\Lib\site-packages\_pytest\config\__init__.py", line 253, in _console_main
    code = _main(prog=_get_prog_name(sys.argv))
           ^^^^^^^^^^^^^^^^^^^^^^^^^^^^^^^^^^^^
  File "F:\学校活动\工行杯\钱途有界\bounded-funds\.venv\Lib\site-packages\_pytest\config\__init__.py", line 223, in _main
    config = _prepareconfig(new_args, plugins, prog=prog)
             ^^^^^^^^^^^^^^^^^^^^^^^^^^^^^^^^^^^^^^^^^^^^
  File "F:\学校活动\工行杯\钱途有界\bounded-funds\.venv\Lib\site-packages\_pytest\config\__init__.py", line 410, in _prepareconfig
    config: Config = pluginmanager.hook.pytest_cmdline_parse(
                     ^^^^^^^^^^^^^^^^^^^^^^^^^^^^^^^^^^^^^^^^
  File "F:\学校活动\工行杯\钱途有界\bounded-funds\.venv\Lib\site-packages\pluggy\_hooks.py", line 512, in __call__
    return self._hookexec(self.name, self._hookimpls.copy(), kwargs, firstresult)
           ^^^^^^^^^^^^^^^^^^^^^^^^^^^^^^^^^^^^^^^^^^^^^^^^^^^^^^^^^^^^^^^^^^^^^^
  File "F:\学校活动\工行杯\钱途有界\bounded-funds\.venv\Lib\site-packages\pluggy\_manager.py", line 120, in _hookexec
    return self._inner_hookexec(hook_name, methods, kwargs, firstresult)
           ^^^^^^^^^^^^^^^^^^^^^^^^^^^^^^^^^^^^^^^^^^^^^^^^^^^^^^^^^^^^^
  File "F:\学校活动\工行杯\钱途有界\bounded-funds\.venv\Lib\site-packages\pluggy\_callers.py", line 167, in _multicall
    raise exception
  File "F:\学校活动\工行杯\钱途有界\bounded-funds\.venv\Lib\site-packages\pluggy\_callers.py", line 139, in _multicall
    teardown.throw(exception)
  File "F:\学校活动\工行杯\钱途有界\bounded-funds\.venv\Lib\site-packages\_pytest\helpconfig.py", line 124, in pytest_cmdline_parse
    config = yield
             ^^^^^
  File "F:\学校活动\工行杯\钱途有界\bounded-funds\.venv\Lib\site-packages\pluggy\_callers.py", line 121, in _multicall
    res = hook_impl.function(*args)
          ^^^^^^^^^^^^^^^^^^^^^^^^^
  File "F:\学校活动\工行杯\钱途有界\bounded-funds\.venv\Lib\site-packages\_pytest\config\__init__.py", line 1232, in pytest_cmdline_parse
    self.parse(args)
  File "F:\学校活动\工行杯\钱途有界\bounded-funds\.venv\Lib\site-packages\_pytest\config\__init__.py", line 1576, in parse
    self.pluginmanager.consider_preparse(args, exclude_only=False)
  File "F:\学校活动\工行杯\钱途有界\bounded-funds\.venv\Lib\site-packages\_pytest\config\__init__.py", line 835, in consider_preparse
    self.consider_pluginarg(parg)
  File "F:\学校活动\工行杯\钱途有界\bounded-funds\.venv\Lib\site-packages\_pytest\config\__init__.py", line 864, in consider_pluginarg
    self.import_plugin(arg, consider_entry_points=True)
  File "F:\学校活动\工行杯\钱途有界\bounded-funds\.venv\Lib\site-packages\_pytest\config\__init__.py", line 920, in import_plugin
    raise ImportError(
  File "F:\学校活动\工行杯\钱途有界\bounded-funds\.venv\Lib\site-packages\_pytest\config\__init__.py", line 913, in import_plugin
    mod = importlib.import_module(importspec)
          ^^^^^^^^^^^^^^^^^^^^^^^^^^^^^^^^^^^
  File "C:\Users\starryzac\AppData\Local\Programs\Python\Python312\Lib\importlib\__init__.py", line 90, in import_module
    return _bootstrap._gcd_import(name[level:], package, level)
           ^^^^^^^^^^^^^^^^^^^^^^^^^^^^^^^^^^^^^^^^^^^^^^^^^^^^
  File "<frozen importlib._bootstrap>", line 1387, in _gcd_import
  File "<frozen importlib._bootstrap>", line 1360, in _find_and_load
  File "<frozen importlib._bootstrap>", line 1310, in _find_and_load_unlocked
  File "<frozen importlib._bootstrap>", line 488, in _call_with_frames_removed
  File "<frozen importlib._bootstrap>", line 1387, in _gcd_import
  File "<frozen importlib._bootstrap>", line 1360, in _find_and_load
  File "<frozen importlib._bootstrap>", line 1324, in _find_and_load_unlocked
ImportError: Error importing plugin "scripts.mvp_hypothesis_counter": No module named 'scripts'
