F
================================== FAILURES ===================================
_ test_actual_dynamic_above_nominal_original_income_and_response_loss_key_recovery _

goal_client = (<starlette.testclient.TestClient object at 0x000001E579E246B0>, Engine(postgresql+psycopg://bounded:***@127.0.0.1:54329/bf_test_310b4f1de339416e9ac8c6466f6bb969))

    def test_actual_dynamic_above_nominal_original_income_and_response_loss_key_recovery(
        goal_client: tuple[TestClient, Engine],
    ) -> None:
        client, engine = goal_client
        goal_id, model_id = full_dynamic_goal(client, engine)
        with Session(engine) as session:
            cash = session.scalar(
                select(Account)
                .where(Account.user_id == DEMO_USER_ID, Account.account_type == "CASH")
                .order_by(Account.id)
            )
            assert cash is not None
            cash_id = cash.id
        income = ingest_external_fact(
            engine,
            DEMO_USER_ID,
            ExternalFactRequest(
                user_id=DEMO_USER_ID,
                account_id=cash_id,
                kind="INCOME",
                amount_cents=600000,
                external_ref="actual-dynamic-consumer-payroll",
                idempotency_key="actual-dynamic-consumer-payroll",
                counterparty_ref="payroll",
                occurred_at=NOW,
            ),
            NOW,
        )
        assert income.bank_status == "SETTLED" and income.projection_status == "PROJECTED"
        assert income.transaction_id is not None
        current = client.get(f"/api/v1/goals/{goal_id}/full-model")
        assert current.status_code == 200 and current.json()["status"] == "VERIFIED"
        model = current.json()
        assert model["evidence_id"] == model_id and model["bank_authority"] is False
        body = {
            "goal_id": goal_id,
            "expected_policy_version_id": model["base_policy_version_id"],
            "expected_model_evidence_id": model_id,
            "expected_model_evidence_hash": model["evidence_hash"],
            "expected_epoch_id": model["epoch_id"],
            "idempotency_key": "actual-dynamic-consumer-key",
        }
        before = physical_snapshot(engine)
        preview = client.post("/api/v1/dynamic-goal-actions/preview", json=body)
>       assert preview.status_code == 200, preview.text
E       AssertionError: {"error":{"code":"DYNAMIC_GOAL_V2_LEDGER_REQUIRED","message":"新消费者需要原生完整v2收入原件","request_id":"36979100-7ac9-4c90-ab58-5f774a6d2f1d"}}
E       assert 409 == 200
E        +  where 409 = <Response [409 Conflict]>.status_code

apps\api\app\tests\test_full_dynamic_goal_execution_integration.py:72: AssertionError
---------------------------- Captured stderr call -----------------------------
{"event": "http_request", "request_id": "f478df51-d548-4a53-b60f-31e885c591c7", "method": "POST", "status": 200, "duration_ms": 140.0}
{"event": "http_request", "request_id": "08517aa9-69c8-430b-b3ce-42e7fef5f561", "method": "POST", "status": 200, "duration_ms": 282.0}
{"event": "http_request", "request_id": "6a1c9772-dfcf-4338-a632-fcb4cf4baa7c", "method": "POST", "status": 200, "duration_ms": 390.0}
{"event": "http_request", "request_id": "1b5928f5-67bb-47cf-b79d-878155e42dfa", "method": "POST", "status": 200, "duration_ms": 360.0}
{"event": "http_request", "request_id": "19b4edc7-2aa7-4d70-a032-d89646338119", "method": "POST", "status": 200, "duration_ms": 203.0}
{"event": "http_request", "request_id": "a179adf0-f990-4386-9113-a4fdd7e4f218", "method": "GET", "status": 200, "duration_ms": 31.0}
{"event": "http_request", "request_id": "36979100-7ac9-4c90-ab58-5f774a6d2f1d", "method": "POST", "status": 409, "duration_ms": 781.0}
------------------------------ Captured log call ------------------------------
INFO     bounded_funds.http:main.py:109 {"event": "http_request", "request_id": "f478df51-d548-4a53-b60f-31e885c591c7", "method": "POST", "status": 200, "duration_ms": 140.0}
INFO     bounded_funds.http:main.py:109 {"event": "http_request", "request_id": "08517aa9-69c8-430b-b3ce-42e7fef5f561", "method": "POST", "status": 200, "duration_ms": 282.0}
INFO     bounded_funds.http:main.py:109 {"event": "http_request", "request_id": "6a1c9772-dfcf-4338-a632-fcb4cf4baa7c", "method": "POST", "status": 200, "duration_ms": 390.0}
INFO     bounded_funds.http:main.py:109 {"event": "http_request", "request_id": "1b5928f5-67bb-47cf-b79d-878155e42dfa", "method": "POST", "status": 200, "duration_ms": 360.0}
INFO     bounded_funds.http:main.py:109 {"event": "http_request", "request_id": "19b4edc7-2aa7-4d70-a032-d89646338119", "method": "POST", "status": 200, "duration_ms": 203.0}
INFO     bounded_funds.http:main.py:109 {"event": "http_request", "request_id": "a179adf0-f990-4386-9113-a4fdd7e4f218", "method": "GET", "status": 200, "duration_ms": 31.0}
INFO     bounded_funds.http:main.py:109 {"event": "http_request", "request_id": "36979100-7ac9-4c90-ab58-5f774a6d2f1d", "method": "POST", "status": 409, "duration_ms": 781.0}
============================== warnings summary ===============================
.venv\Lib\site-packages\fastapi\testclient.py:1
  F:\学校活动\工行杯\钱途有界\bounded-funds\.venv\Lib\site-packages\fastapi\testclient.py:1: StarletteDeprecationWarning: Using `httpx` with `starlette.testclient` is deprecated; install `httpx2` instead.
    from starlette.testclient import TestClient as TestClient  # noqa

-- Docs: https://docs.pytest.org/en/stable/how-to/capture-warnings.html
=========================== short test summary info ===========================
FAILED apps/api/app/tests/test_full_dynamic_goal_execution_integration.py::test_actual_dynamic_above_nominal_original_income_and_response_loss_key_recovery
!!!!!!!!!!!!!!!!!!!!!!!!!! stopping after 1 failures !!!!!!!!!!!!!!!!!!!!!!!!!!
1 failed, 1 warning in 12.91s
