EEEEEEEEEEE                                                              [100%]
=================================== ERRORS ====================================
____ ERROR at setup of test_recompute_tool_number_never_promotes_to_effect ____

    @pytest.fixture
    def claim() -> ExistingMvpClaim:
        # Retain fixtures under the repository inherited ACL; never touch real run records.
        root = ROOT / ".runtime" / "full-existing-claim-tool-fixtures" / uuid4().hex
        root.mkdir(parents=True)
        fixture = Fixture(root)
        result = observe(fixture.save())
        saved = root / "recorded-result.json"
        saved.write_text(json.dumps(result, sort_keys=True), encoding="utf-8")
>       return ExistingMvpClaim(
            claim_id="tool-count-original-only",
            experiment_run_id=RUN,
            case_id="tool-case-only",
            arm_id="B0",
            metric_id="E2",
            metric_field="denominator",
            value=1,
            unit="synthetic_actor_events_per_case",
            run_manifest=original(root / "run.json"),
            recorded_result=original(saved),
            calculator_source=original(ROOT / "scripts/mvp_observations.py"),
            metric_definition=original(ROOT / "docs/spec/mvp-metrics.json"),
        )
E       pydantic_core._pydantic_core.ValidationError: 1 validation error for ExistingMvpClaim
E       experiment_run_id
E         Input should be an instance of UUID [type=is_instance_of, input_value='11111111-1111-4111-8111-111111111111', input_type=str]
E           For further information visit https://errors.pydantic.dev/2.13/v/is_instance_of

scripts\tests\test_full_experiment_claims.py:34: ValidationError
_ ERROR at setup of test_claim_identity_number_unit_not_declarations[value-2] _

    @pytest.fixture
    def claim() -> ExistingMvpClaim:
        # Retain fixtures under the repository inherited ACL; never touch real run records.
        root = ROOT / ".runtime" / "full-existing-claim-tool-fixtures" / uuid4().hex
        root.mkdir(parents=True)
        fixture = Fixture(root)
        result = observe(fixture.save())
        saved = root / "recorded-result.json"
        saved.write_text(json.dumps(result, sort_keys=True), encoding="utf-8")
>       return ExistingMvpClaim(
            claim_id="tool-count-original-only",
            experiment_run_id=RUN,
            case_id="tool-case-only",
            arm_id="B0",
            metric_id="E2",
            metric_field="denominator",
            value=1,
            unit="synthetic_actor_events_per_case",
            run_manifest=original(root / "run.json"),
            recorded_result=original(saved),
            calculator_source=original(ROOT / "scripts/mvp_observations.py"),
            metric_definition=original(ROOT / "docs/spec/mvp-metrics.json"),
        )
E       pydantic_core._pydantic_core.ValidationError: 1 validation error for ExistingMvpClaim
E       experiment_run_id
E         Input should be an instance of UUID [type=is_instance_of, input_value='11111111-1111-4111-8111-111111111111', input_type=str]
E           For further information visit https://errors.pydantic.dev/2.13/v/is_instance_of

scripts\tests\test_full_experiment_claims.py:34: ValidationError
_ ERROR at setup of test_claim_identity_number_unit_not_declarations[unit-ratio] _

    @pytest.fixture
    def claim() -> ExistingMvpClaim:
        # Retain fixtures under the repository inherited ACL; never touch real run records.
        root = ROOT / ".runtime" / "full-existing-claim-tool-fixtures" / uuid4().hex
        root.mkdir(parents=True)
        fixture = Fixture(root)
        result = observe(fixture.save())
        saved = root / "recorded-result.json"
        saved.write_text(json.dumps(result, sort_keys=True), encoding="utf-8")
>       return ExistingMvpClaim(
            claim_id="tool-count-original-only",
            experiment_run_id=RUN,
            case_id="tool-case-only",
            arm_id="B0",
            metric_id="E2",
            metric_field="denominator",
            value=1,
            unit="synthetic_actor_events_per_case",
            run_manifest=original(root / "run.json"),
            recorded_result=original(saved),
            calculator_source=original(ROOT / "scripts/mvp_observations.py"),
            metric_definition=original(ROOT / "docs/spec/mvp-metrics.json"),
        )
E       pydantic_core._pydantic_core.ValidationError: 1 validation error for ExistingMvpClaim
E       experiment_run_id
E         Input should be an instance of UUID [type=is_instance_of, input_value='11111111-1111-4111-8111-111111111111', input_type=str]
E           For further information visit https://errors.pydantic.dev/2.13/v/is_instance_of

scripts\tests\test_full_experiment_claims.py:34: ValidationError
_ ERROR at setup of test_claim_identity_number_unit_not_declarations[case_id-another] _

    @pytest.fixture
    def claim() -> ExistingMvpClaim:
        # Retain fixtures under the repository inherited ACL; never touch real run records.
        root = ROOT / ".runtime" / "full-existing-claim-tool-fixtures" / uuid4().hex
        root.mkdir(parents=True)
        fixture = Fixture(root)
        result = observe(fixture.save())
        saved = root / "recorded-result.json"
        saved.write_text(json.dumps(result, sort_keys=True), encoding="utf-8")
>       return ExistingMvpClaim(
            claim_id="tool-count-original-only",
            experiment_run_id=RUN,
            case_id="tool-case-only",
            arm_id="B0",
            metric_id="E2",
            metric_field="denominator",
            value=1,
            unit="synthetic_actor_events_per_case",
            run_manifest=original(root / "run.json"),
            recorded_result=original(saved),
            calculator_source=original(ROOT / "scripts/mvp_observations.py"),
            metric_definition=original(ROOT / "docs/spec/mvp-metrics.json"),
        )
E       pydantic_core._pydantic_core.ValidationError: 1 validation error for ExistingMvpClaim
E       experiment_run_id
E         Input should be an instance of UUID [type=is_instance_of, input_value='11111111-1111-4111-8111-111111111111', input_type=str]
E           For further information visit https://errors.pydantic.dev/2.13/v/is_instance_of

scripts\tests\test_full_experiment_claims.py:34: ValidationError
_ ERROR at setup of test_rehashed_recorded_result_cannot_change_real_denominator _

    @pytest.fixture
    def claim() -> ExistingMvpClaim:
        # Retain fixtures under the repository inherited ACL; never touch real run records.
        root = ROOT / ".runtime" / "full-existing-claim-tool-fixtures" / uuid4().hex
        root.mkdir(parents=True)
        fixture = Fixture(root)
        result = observe(fixture.save())
        saved = root / "recorded-result.json"
        saved.write_text(json.dumps(result, sort_keys=True), encoding="utf-8")
>       return ExistingMvpClaim(
            claim_id="tool-count-original-only",
            experiment_run_id=RUN,
            case_id="tool-case-only",
            arm_id="B0",
            metric_id="E2",
            metric_field="denominator",
            value=1,
            unit="synthetic_actor_events_per_case",
            run_manifest=original(root / "run.json"),
            recorded_result=original(saved),
            calculator_source=original(ROOT / "scripts/mvp_observations.py"),
            metric_definition=original(ROOT / "docs/spec/mvp-metrics.json"),
        )
E       pydantic_core._pydantic_core.ValidationError: 1 validation error for ExistingMvpClaim
E       experiment_run_id
E         Input should be an instance of UUID [type=is_instance_of, input_value='11111111-1111-4111-8111-111111111111', input_type=str]
E           For further information visit https://errors.pydantic.dev/2.13/v/is_instance_of

scripts\tests\test_full_experiment_claims.py:34: ValidationError
_______ ERROR at setup of test_missing_scalar_metrics_cannot_be_claimed _______

    @pytest.fixture
    def claim() -> ExistingMvpClaim:
        # Retain fixtures under the repository inherited ACL; never touch real run records.
        root = ROOT / ".runtime" / "full-existing-claim-tool-fixtures" / uuid4().hex
        root.mkdir(parents=True)
        fixture = Fixture(root)
        result = observe(fixture.save())
        saved = root / "recorded-result.json"
        saved.write_text(json.dumps(result, sort_keys=True), encoding="utf-8")
>       return ExistingMvpClaim(
            claim_id="tool-count-original-only",
            experiment_run_id=RUN,
            case_id="tool-case-only",
            arm_id="B0",
            metric_id="E2",
            metric_field="denominator",
            value=1,
            unit="synthetic_actor_events_per_case",
            run_manifest=original(root / "run.json"),
            recorded_result=original(saved),
            calculator_source=original(ROOT / "scripts/mvp_observations.py"),
            metric_definition=original(ROOT / "docs/spec/mvp-metrics.json"),
        )
E       pydantic_core._pydantic_core.ValidationError: 1 validation error for ExistingMvpClaim
E       experiment_run_id
E         Input should be an instance of UUID [type=is_instance_of, input_value='11111111-1111-4111-8111-111111111111', input_type=str]
E           For further information visit https://errors.pydantic.dev/2.13/v/is_instance_of

scripts\tests\test_full_experiment_claims.py:34: ValidationError
__ ERROR at setup of test_source_substitution_cannot_choose_arbitrary_plugin __

    @pytest.fixture
    def claim() -> ExistingMvpClaim:
        # Retain fixtures under the repository inherited ACL; never touch real run records.
        root = ROOT / ".runtime" / "full-existing-claim-tool-fixtures" / uuid4().hex
        root.mkdir(parents=True)
        fixture = Fixture(root)
        result = observe(fixture.save())
        saved = root / "recorded-result.json"
        saved.write_text(json.dumps(result, sort_keys=True), encoding="utf-8")
>       return ExistingMvpClaim(
            claim_id="tool-count-original-only",
            experiment_run_id=RUN,
            case_id="tool-case-only",
            arm_id="B0",
            metric_id="E2",
            metric_field="denominator",
            value=1,
            unit="synthetic_actor_events_per_case",
            run_manifest=original(root / "run.json"),
            recorded_result=original(saved),
            calculator_source=original(ROOT / "scripts/mvp_observations.py"),
            metric_definition=original(ROOT / "docs/spec/mvp-metrics.json"),
        )
E       pydantic_core._pydantic_core.ValidationError: 1 validation error for ExistingMvpClaim
E       experiment_run_id
E         Input should be an instance of UUID [type=is_instance_of, input_value='11111111-1111-4111-8111-111111111111', input_type=str]
E           For further information visit https://errors.pydantic.dev/2.13/v/is_instance_of

scripts\tests\test_full_experiment_claims.py:34: ValidationError
__________ ERROR at setup of test_original_byte_drift_not_overlooked __________

    @pytest.fixture
    def claim() -> ExistingMvpClaim:
        # Retain fixtures under the repository inherited ACL; never touch real run records.
        root = ROOT / ".runtime" / "full-existing-claim-tool-fixtures" / uuid4().hex
        root.mkdir(parents=True)
        fixture = Fixture(root)
        result = observe(fixture.save())
        saved = root / "recorded-result.json"
        saved.write_text(json.dumps(result, sort_keys=True), encoding="utf-8")
>       return ExistingMvpClaim(
            claim_id="tool-count-original-only",
            experiment_run_id=RUN,
            case_id="tool-case-only",
            arm_id="B0",
            metric_id="E2",
            metric_field="denominator",
            value=1,
            unit="synthetic_actor_events_per_case",
            run_manifest=original(root / "run.json"),
            recorded_result=original(saved),
            calculator_source=original(ROOT / "scripts/mvp_observations.py"),
            metric_definition=original(ROOT / "docs/spec/mvp-metrics.json"),
        )
E       pydantic_core._pydantic_core.ValidationError: 1 validation error for ExistingMvpClaim
E       experiment_run_id
E         Input should be an instance of UUID [type=is_instance_of, input_value='11111111-1111-4111-8111-111111111111', input_type=str]
E           For further information visit https://errors.pydantic.dev/2.13/v/is_instance_of

scripts\tests\test_full_experiment_claims.py:34: ValidationError
____ ERROR at setup of test_upgraded_full_flag_and_boolean_number_rejected ____

    @pytest.fixture
    def claim() -> ExistingMvpClaim:
        # Retain fixtures under the repository inherited ACL; never touch real run records.
        root = ROOT / ".runtime" / "full-existing-claim-tool-fixtures" / uuid4().hex
        root.mkdir(parents=True)
        fixture = Fixture(root)
        result = observe(fixture.save())
        saved = root / "recorded-result.json"
        saved.write_text(json.dumps(result, sort_keys=True), encoding="utf-8")
>       return ExistingMvpClaim(
            claim_id="tool-count-original-only",
            experiment_run_id=RUN,
            case_id="tool-case-only",
            arm_id="B0",
            metric_id="E2",
            metric_field="denominator",
            value=1,
            unit="synthetic_actor_events_per_case",
            run_manifest=original(root / "run.json"),
            recorded_result=original(saved),
            calculator_source=original(ROOT / "scripts/mvp_observations.py"),
            metric_definition=original(ROOT / "docs/spec/mvp-metrics.json"),
        )
E       pydantic_core._pydantic_core.ValidationError: 1 validation error for ExistingMvpClaim
E       experiment_run_id
E         Input should be an instance of UUID [type=is_instance_of, input_value='11111111-1111-4111-8111-111111111111', input_type=str]
E           For further information visit https://errors.pydantic.dev/2.13/v/is_instance_of

scripts\tests\test_full_experiment_claims.py:34: ValidationError
_ ERROR at setup of test_relabelled_actual_mvp_fixture_does_not_prove_actual_run _

    @pytest.fixture
    def claim() -> ExistingMvpClaim:
        # Retain fixtures under the repository inherited ACL; never touch real run records.
        root = ROOT / ".runtime" / "full-existing-claim-tool-fixtures" / uuid4().hex
        root.mkdir(parents=True)
        fixture = Fixture(root)
        result = observe(fixture.save())
        saved = root / "recorded-result.json"
        saved.write_text(json.dumps(result, sort_keys=True), encoding="utf-8")
>       return ExistingMvpClaim(
            claim_id="tool-count-original-only",
            experiment_run_id=RUN,
            case_id="tool-case-only",
            arm_id="B0",
            metric_id="E2",
            metric_field="denominator",
            value=1,
            unit="synthetic_actor_events_per_case",
            run_manifest=original(root / "run.json"),
            recorded_result=original(saved),
            calculator_source=original(ROOT / "scripts/mvp_observations.py"),
            metric_definition=original(ROOT / "docs/spec/mvp-metrics.json"),
        )
E       pydantic_core._pydantic_core.ValidationError: 1 validation error for ExistingMvpClaim
E       experiment_run_id
E         Input should be an instance of UUID [type=is_instance_of, input_value='11111111-1111-4111-8111-111111111111', input_type=str]
E           For further information visit https://errors.pydantic.dev/2.13/v/is_instance_of

scripts\tests\test_full_experiment_claims.py:34: ValidationError
___________ ERROR at setup of test_original_json_duplicate_refusal ____________

    @pytest.fixture
    def claim() -> ExistingMvpClaim:
        # Retain fixtures under the repository inherited ACL; never touch real run records.
        root = ROOT / ".runtime" / "full-existing-claim-tool-fixtures" / uuid4().hex
        root.mkdir(parents=True)
        fixture = Fixture(root)
        result = observe(fixture.save())
        saved = root / "recorded-result.json"
        saved.write_text(json.dumps(result, sort_keys=True), encoding="utf-8")
>       return ExistingMvpClaim(
            claim_id="tool-count-original-only",
            experiment_run_id=RUN,
            case_id="tool-case-only",
            arm_id="B0",
            metric_id="E2",
            metric_field="denominator",
            value=1,
            unit="synthetic_actor_events_per_case",
            run_manifest=original(root / "run.json"),
            recorded_result=original(saved),
            calculator_source=original(ROOT / "scripts/mvp_observations.py"),
            metric_definition=original(ROOT / "docs/spec/mvp-metrics.json"),
        )
E       pydantic_core._pydantic_core.ValidationError: 1 validation error for ExistingMvpClaim
E       experiment_run_id
E         Input should be an instance of UUID [type=is_instance_of, input_value='11111111-1111-4111-8111-111111111111', input_type=str]
E           For further information visit https://errors.pydantic.dev/2.13/v/is_instance_of

scripts\tests\test_full_experiment_claims.py:34: ValidationError
=========================== short test summary info ===========================
ERROR scripts/tests/test_full_experiment_claims.py::test_recompute_tool_number_never_promotes_to_effect
ERROR scripts/tests/test_full_experiment_claims.py::test_claim_identity_number_unit_not_declarations[value-2]
ERROR scripts/tests/test_full_experiment_claims.py::test_claim_identity_number_unit_not_declarations[unit-ratio]
ERROR scripts/tests/test_full_experiment_claims.py::test_claim_identity_number_unit_not_declarations[case_id-another]
ERROR scripts/tests/test_full_experiment_claims.py::test_rehashed_recorded_result_cannot_change_real_denominator
ERROR scripts/tests/test_full_experiment_claims.py::test_missing_scalar_metrics_cannot_be_claimed
ERROR scripts/tests/test_full_experiment_claims.py::test_source_substitution_cannot_choose_arbitrary_plugin
ERROR scripts/tests/test_full_experiment_claims.py::test_original_byte_drift_not_overlooked
ERROR scripts/tests/test_full_experiment_claims.py::test_upgraded_full_flag_and_boolean_number_rejected
ERROR scripts/tests/test_full_experiment_claims.py::test_relabelled_actual_mvp_fixture_does_not_prove_actual_run
ERROR scripts/tests/test_full_experiment_claims.py::test_original_json_duplicate_refusal
11 errors in 1.55s
