F                                                                        [100%]
================================== FAILURES ===================================
__ test_original_completed_recovery_remains_completed_after_new_real_expense __

demo_engine = Engine(postgresql+psycopg://bounded:***@127.0.0.1:54329/bf_test_9396cec9635e4fa694100c186ba05df1)

    def test_original_completed_recovery_remains_completed_after_new_real_expense(
        demo_engine: Engine,
    ) -> None:
        seed_demo(demo_engine)
        epoch, clock = _epoch_id(demo_engine), [datetime.now(UTC)]
        with _client(demo_engine, clock) as client:
            for kind in ("CAR_GOAL", "LIQUID_ASSET", "FIXED_ASSET"):
                _confirm_template(client, clock, epoch, kind)
            events = {}
            for kind in ("CREATE_CAR_GOAL", "SALARY_RECEIVED", "LARGE_CONSUMPTION", "AUTO_REDEEM"):
                clock[0] += timedelta(seconds=1)
                response = client.post(
                    "/api/v1/demo/events",
                    json={"event_kind": kind, "expected_epoch_id": str(epoch)},
                )
                assert response.status_code == 200, response.text
                events[kind] = response.json()
                assert events[kind]["status"] == "COMPLETED", events[kind]
            original = events["AUTO_REDEEM"]
            assert original["recovery"]["status"] == "RECOVERED"
            assert original["recovery"]["actions"]
            assert all(
                a["bank_status"] == "SETTLED" and a["receipt_id"]
                for a in original["recovery"]["actions"]
            )
            with Session(demo_engine) as session:
                old_events = {r.id: r.canonical_text for r in session.scalars(select(AuditEvent))}
            # The original preset purchases an actual fixed asset, then ingests its disclosed
            # ordinary expense through the independent bank. No balance/result is injected.
            clock[0] += timedelta(seconds=1)
            fixed = client.post(
                "/api/v1/demo/events",
                json={"event_kind": "FIXED_EARLY_WITHDRAWAL", "expected_epoch_id": str(epoch)},
            )
            assert fixed.status_code == 200, fixed.text
            assert fixed.json()["status"] == "WAITING_ACTION_CONFIRMATION", fixed.text
            assert fixed.json()["fact"]["bank_status"] == "SETTLED"
            before = database_snapshot(demo_engine)
            reread = client.get(f"/api/v1/demo/commands/{original['command_id']}")
            assert reread.status_code == 200, reread.text
            actual = reread.json()
            assert actual["recovery"]["status"] == "PARTIAL_RECOVERY"
            assert actual["recovery"]["actual_boundary"]["status"] == "LIQUIDITY_RISK"
            assert actual["recovery"]["actions"] == original["recovery"]["actions"]
            assert actual["status"] == "COMPLETED", actual
            state = client.get("/api/v1/demo/state")
            assert state.status_code == 200, state.text
            assert (
                next(c for c in state.json()["commands"] if c["command_id"] == original["command_id"])[
                    "status"
                ]
                == "COMPLETED"
            )
            replay = client.post(
                "/api/v1/demo/events",
                json={"event_kind": "AUTO_REDEEM", "expected_epoch_id": str(epoch)},
            )
            assert replay.status_code == 200 and replay.json()["status"] == "COMPLETED", replay.text
            assert database_snapshot(demo_engine) == before
            with Session(demo_engine) as session:
                assert all(
                    session.get(AuditEvent, key).canonical_text == value
                    for key, value in old_events.items()
                )
            # A successful historical command must still verify its original settlement.
            for field, replacement in (("executed_cents", -1), ("fee_cents", 1), ("loss_cents", 1)):
                with Session(demo_engine) as session, session.no_autoflush:
                    session.connection(execution_options={"isolation_level": "REPEATABLE READ"})
                    session.execute(text("SET TRANSACTION READ ONLY"))
                    receipt = session.get(
                        ActionReceipt, UUID(original["recovery"]["actions"][0]["receipt_id"])
                    )
                    assert receipt is not None
                    setattr(receipt, field, replacement)
>                   with pytest.raises(PolicyLifecycleError, match="original recovery receipt"):
E                   AssertionError: Regex pattern did not match.
E                     Expected regex: 'original recovery receipt'
E                     Actual message: 'Recovery receipt amount, complete posting set or observation times disagree'

apps\api\app\tests\test_demo_recovery_history.py:96: AssertionError
---------------------------- Captured stderr call -----------------------------
{"event": "http_request", "request_id": "89e18192-4941-4199-b70a-aa0e4ae6d0dc", "method": "POST", "status": 200, "duration_ms": 328.0}
{"event": "http_request", "request_id": "2ceee23d-4e5b-4626-a589-0a49a460dd4a", "method": "POST", "status": 200, "duration_ms": 140.0}
{"event": "http_request", "request_id": "cacd9699-7400-4709-9aeb-3ec3238e7d88", "method": "POST", "status": 200, "duration_ms": 78.0}
{"event": "http_request", "request_id": "bd3a2937-8bd2-49e9-9a63-8c8648a6555b", "method": "POST", "status": 200, "duration_ms": 94.0}
{"event": "http_request", "request_id": "3e70bcf3-9f93-4d13-bd8b-416b3d5727e6", "method": "POST", "status": 200, "duration_ms": 78.0}
{"event": "http_request", "request_id": "09e4d2eb-1043-4f51-93b6-189e17252a37", "method": "POST", "status": 200, "duration_ms": 78.0}
{"event": "http_request", "request_id": "f5ffabe9-2f2a-401a-86da-063ee59554b7", "method": "POST", "status": 200, "duration_ms": 688.0}
{"event": "http_request", "request_id": "5ae84258-8bb9-476e-9a96-8ea865da2961", "method": "POST", "status": 200, "duration_ms": 43141.0}
{"event": "http_request", "request_id": "5c010ec1-d521-4ed8-8bed-50681915f010", "method": "POST", "status": 200, "duration_ms": 2844.0}
{"event": "http_request", "request_id": "2be3eff6-b010-4436-8a3d-c5eae7beecf8", "method": "POST", "status": 200, "duration_ms": 11687.0}
{"event": "http_request", "request_id": "8428ddb8-6a64-4a53-9e37-5964c199c8a6", "method": "POST", "status": 200, "duration_ms": 31938.0}
{"event": "http_request", "request_id": "25da9dc9-ddc2-45b0-87be-f0b8236a472a", "method": "GET", "status": 200, "duration_ms": 750.0}
{"event": "http_request", "request_id": "f2049431-009c-475e-81f1-7ef754031f54", "method": "GET", "status": 200, "duration_ms": 3203.0}
{"event": "http_request", "request_id": "cb521960-31f2-47a2-90c5-ef5ccf9f9f47", "method": "POST", "status": 200, "duration_ms": 1078.0}
------------------------------ Captured log call ------------------------------
INFO     bounded_funds.http:main.py:65 {"event": "http_request", "request_id": "89e18192-4941-4199-b70a-aa0e4ae6d0dc", "method": "POST", "status": 200, "duration_ms": 328.0}
INFO     bounded_funds.http:main.py:65 {"event": "http_request", "request_id": "2ceee23d-4e5b-4626-a589-0a49a460dd4a", "method": "POST", "status": 200, "duration_ms": 140.0}
INFO     bounded_funds.http:main.py:65 {"event": "http_request", "request_id": "cacd9699-7400-4709-9aeb-3ec3238e7d88", "method": "POST", "status": 200, "duration_ms": 78.0}
INFO     bounded_funds.http:main.py:65 {"event": "http_request", "request_id": "bd3a2937-8bd2-49e9-9a63-8c8648a6555b", "method": "POST", "status": 200, "duration_ms": 94.0}
INFO     bounded_funds.http:main.py:65 {"event": "http_request", "request_id": "3e70bcf3-9f93-4d13-bd8b-416b3d5727e6", "method": "POST", "status": 200, "duration_ms": 78.0}
INFO     bounded_funds.http:main.py:65 {"event": "http_request", "request_id": "09e4d2eb-1043-4f51-93b6-189e17252a37", "method": "POST", "status": 200, "duration_ms": 78.0}
INFO     bounded_funds.http:main.py:65 {"event": "http_request", "request_id": "f5ffabe9-2f2a-401a-86da-063ee59554b7", "method": "POST", "status": 200, "duration_ms": 688.0}
INFO     bounded_funds.http:main.py:65 {"event": "http_request", "request_id": "5ae84258-8bb9-476e-9a96-8ea865da2961", "method": "POST", "status": 200, "duration_ms": 43141.0}
INFO     bounded_funds.http:main.py:65 {"event": "http_request", "request_id": "5c010ec1-d521-4ed8-8bed-50681915f010", "method": "POST", "status": 200, "duration_ms": 2844.0}
INFO     bounded_funds.http:main.py:65 {"event": "http_request", "request_id": "2be3eff6-b010-4436-8a3d-c5eae7beecf8", "method": "POST", "status": 200, "duration_ms": 11687.0}
INFO     bounded_funds.http:main.py:65 {"event": "http_request", "request_id": "8428ddb8-6a64-4a53-9e37-5964c199c8a6", "method": "POST", "status": 200, "duration_ms": 31938.0}
INFO     bounded_funds.http:main.py:65 {"event": "http_request", "request_id": "25da9dc9-ddc2-45b0-87be-f0b8236a472a", "method": "GET", "status": 200, "duration_ms": 750.0}
INFO     bounded_funds.http:main.py:65 {"event": "http_request", "request_id": "f2049431-009c-475e-81f1-7ef754031f54", "method": "GET", "status": 200, "duration_ms": 3203.0}
INFO     bounded_funds.http:main.py:65 {"event": "http_request", "request_id": "cb521960-31f2-47a2-90c5-ef5ccf9f9f47", "method": "POST", "status": 200, "duration_ms": 1078.0}
============================== warnings summary ===============================
.venv\Lib\site-packages\fastapi\testclient.py:1
  F:\学校活动\工行杯\钱途有界\bounded-funds\.venv\Lib\site-packages\fastapi\testclient.py:1: StarletteDeprecationWarning: Using `httpx` with `starlette.testclient` is deprecated; install `httpx2` instead.
    from starlette.testclient import TestClient as TestClient  # noqa

-- Docs: https://docs.pytest.org/en/stable/how-to/capture-warnings.html
=========================== short test summary info ===========================
FAILED apps/api/app/tests/test_demo_recovery_history.py::test_original_completed_recovery_remains_completed_after_new_real_expense
1 failed, 1 warning in 109.70s (0:01:49)
