F
================================== FAILURES ===================================
_ test_actual_whole_asset_portfolio_keeps_order_and_recovers_original_unknown_once _

self = <sqlalchemy.engine.base.Connection object at 0x0000024B20E151C0>
dialect = <sqlalchemy.dialects.postgresql.psycopg.PGDialect_psycopg object at 0x0000024B1F422840>
context = <sqlalchemy.dialects.postgresql.psycopg.PGExecutionContext_psycopg object at 0x0000024B2121DF10>
statement = <sqlalchemy.dialects.postgresql.psycopg.PGCompiler_psycopg object at 0x0000024B2121E0C0>
parameters = [{'epoch_id': UUID('d5fe4dcb-cbb4-4e5f-a582-c77e2c221746'), 'idempotency_key': 'whole-real-original:1', 'request': Jso...d78f-8670-5 ... (463 chars)), 'request_hash': 'f0952ee8ae38242fb8c8b6bac8b08be13f2db13f21a59bb21a4ebfa59a808581', ...}]

    def _exec_single_context(
        self,
        dialect: Dialect,
        context: ExecutionContext,
        statement: Union[str, Compiled],
        parameters: Optional[_AnyMultiExecuteParams],
    ) -> CursorResult[Unpack[TupleAny]]:
        """continue the _execute_context() method for a single DBAPI
        cursor.execute() or cursor.executemany() call.
    
        """
        if dialect.bind_typing is BindTyping.SETINPUTSIZES:
            generic_setinputsizes = context._prepare_set_input_sizes()
    
            if generic_setinputsizes:
                try:
                    dialect.do_set_input_sizes(
                        context.cursor, generic_setinputsizes, context
                    )
                except BaseException as e:
                    self._handle_dbapi_exception(
                        e, str(statement), parameters, None, context
                    )
    
        cursor, str_statement, parameters = (
            context.cursor,
            context.statement,
            context.parameters,
        )
    
        effective_parameters: Optional[_AnyExecuteParams]
    
        if not context.executemany:
            effective_parameters = parameters[0]
        else:
            effective_parameters = parameters
    
        evt_handled: bool = False
        try:
            if self._has_events or self.engine._has_events:
                for fn in self.dispatch.before_cursor_execute:
                    str_statement, effective_parameters = fn(
                        self,
                        cursor,
                        str_statement,
                        effective_parameters,
                        context,
                        context.executemany,
                    )
    
            if self._echo:
                self._log_info(str_statement)
    
                stats = context._get_cache_stats()
    
                if not self.engine.hide_parameters:
                    self._log_info(
                        "[%s] %r",
                        stats,
                        sql_util._repr_params(
                            effective_parameters,
                            batches=10,
                            ismulti=context.executemany,
                        ),
                    )
                else:
                    self._log_info(
                        "[%s] [SQL parameters hidden due to "
                        "hide_parameters=True]",
                        stats,
                    )
            if context.execute_style is ExecuteStyle.EXECUTEMANY:
                effective_parameters = cast(
                    "_CoreMultiExecuteParams", effective_parameters
                )
                if self.dialect._has_events:
                    for fn in self.dialect.dispatch.do_executemany:
                        if fn(
                            cursor,
                            str_statement,
                            effective_parameters,
                            context,
                        ):
                            evt_handled = True
                            break
                if not evt_handled:
                    self.dialect.do_executemany(
                        cursor,
                        str_statement,
                        effective_parameters,
                        context,
                    )
            elif not effective_parameters and context.no_parameters:
                if self.dialect._has_events:
                    for fn in self.dialect.dispatch.do_execute_no_params:
                        if fn(cursor, str_statement, context):
                            evt_handled = True
                            break
                if not evt_handled:
                    self.dialect.do_execute_no_params(
                        cursor, str_statement, context
                    )
            else:
                effective_parameters = cast(
                    "_CoreSingleExecuteParams", effective_parameters
                )
                if self.dialect._has_events:
                    for fn in self.dialect.dispatch.do_execute:
                        if fn(
                            cursor,
                            str_statement,
                            effective_parameters,
                            context,
                        ):
                            evt_handled = True
                            break
                if not evt_handled:
>                   self.dialect.do_execute(
                        cursor, str_statement, effective_parameters, context
                    )

.venv\Lib\site-packages\sqlalchemy\engine\base.py:1943: 
_ _ _ _ _ _ _ _ _ _ _ _ _ _ _ _ _ _ _ _ _ _ _ _ _ _ _ _ _ _ _ _ _ _ _ _ _ _ _ _
.venv\Lib\site-packages\sqlalchemy\engine\default.py:1192: in do_execute
    cursor.execute(statement, parameters)
_ _ _ _ _ _ _ _ _ _ _ _ _ _ _ _ _ _ _ _ _ _ _ _ _ _ _ _ _ _ _ _ _ _ _ _ _ _ _ _

self = <psycopg.Cursor [closed] [IDLE] (host=127.0.0.1 port=54329 user=bounded database=bf_test_8cc2dd5a308549b49f7ac250fe128c4f) at 0x24b20cac050>
query = 'INSERT INTO full_asset_execution_portfolios (epoch_id, idempotency_key, request, request_hash, portfolio, portfolio_h..., %(expires_at)s::TIMESTAMP WITH TIME ZONE, %(user_id)s::UUID, %(id)s::UUID, %(created_at)s::TIMESTAMP WITH TIME ZONE)'
params = {'epoch_id': UUID('d5fe4dcb-cbb4-4e5f-a582-c77e2c221746'), 'idempotency_key': 'whole-real-original:1', 'request': Json...4d78f-8670-5 ... (463 chars)), 'request_hash': 'f0952ee8ae38242fb8c8b6bac8b08be13f2db13f21a59bb21a4ebfa59a808581', ...}
prepare = None, binary = None

    def execute(
        self,
        query: Query,
        params: Params | None = None,
        *,
        prepare: bool | None = None,
        binary: bool | None = None,
    ) -> Self:
        """
        Execute a query or command to the database.
        """
        try:
            with self._conn.lock:
                self._conn.wait(
                    self._execute_gen(query, params, prepare=prepare, binary=binary)
                )
        except e._NO_TRACEBACK as ex:
>           raise ex.with_traceback(None)
E           psycopg.errors.RaiseException: new asset execution metadata requires its actual open owner epoch
E           CONTEXT:  PL/pgSQL function guard_full_asset_execution_insert() line 6 at RAISE

.venv\Lib\site-packages\psycopg\cursor.py:117: RaiseException

The above exception was the direct cause of the following exception:

annual_client = (<starlette.testclient.TestClient object at 0x0000024B20747C80>, Engine(postgresql+psycopg://bounded:***@127.0.0.1:54329/bf_test_8cc2dd5a308549b49f7ac250fe128c4f))
monkeypatch = <_pytest.monkeypatch.MonkeyPatch object at 0x0000024B208169F0>

    def test_actual_whole_asset_portfolio_keeps_order_and_recovers_original_unknown_once(
        annual_client: tuple[TestClient, Engine],
        monkeypatch: pytest.MonkeyPatch,
    ) -> None:
        client, engine = annual_client
        # The public error middleware returns INTERNAL_ERROR even when TestClient's
        # raise_server_exceptions is True. Retain the original exception for this
        # real service diagnostic; the wrapper never changes financial behavior.
        original_prepare = execution_router.prepare_full_asset_execution
        prepare_errors: list[Exception] = []
    
        def diagnose_prepare(*args: Any, **kwargs: Any) -> Any:
            try:
                return original_prepare(*args, **kwargs)
            except Exception as cause:
                prepare_errors.append(cause)
                raise
    
        monkeypatch.setattr(execution_router, "prepare_full_asset_execution", diagnose_prepare)
        actual_income(engine)
        full_id = actual_asset_declaration(client, engine)
        epoch_id = client.get("/api/v1/demo/state").json()["epoch_id"]
        candidate = client.post(
            "/api/v1/policy-declarations",
            json={
                "configuration": authorization(max_auto_managed_cents=2000000),
                "idempotency_key": "whole-asset-original-MVP-permission",
                "expected_epoch_id": epoch_id,
                "source_proposal_id": None,
            },
        )
        assert candidate.status_code == 200, candidate.text
        declared = candidate.json()
        confirmed = client.post(
            f"/api/v1/policy-proposals/{declared['proposal_id']}/confirm",
            json={"accepted": True, "reviewed_hash": declared["configuration_hash"]},
        )
        assert confirmed.status_code == 200, confirmed.text
        mvp_id = confirmed.json()["policy_id"]
        with Session(engine) as session:
            version = session.scalar(
                select(PolicyVersion)
                .where(PolicyVersion.policy_id == UUID(mvp_id))
                .order_by(PolicyVersion.version_number.desc())
            )
            assert version is not None
            mvp_version = str(version.id)
            cash_before = {a.id: a.balance_cents for a in session.scalars(select(Account))}
        full_view = client.get(f"/api/v1/full-policies/{full_id}").json()
        request: dict[str, Any] = {
            "full_policy_id": full_id,
            "expected_full_policy_version_id": full_view["current_version"]["version_id"],
            "mvp_asset_policy_id": mvp_id,
            "expected_mvp_policy_version_id": mvp_version,
            "goal_id": None,
            "expected_goal_policy_version_id": None,
            "expected_epoch_id": epoch_id,
            "idempotency_key": "whole-real-original:1",
            "planning_mode": "PORTFOLIO",
        }
        base = "/api/v1/full-asset-executions"
        untouched = physical_snapshot(engine)
        preview = client.post(base + "/preview", json=request)
        assert preview.status_code == 200, preview.text
        assert preview.json()["state"] == "READY_TO_REVIEW", preview.text
        assert physical_snapshot(engine) == untouched
        prepared = client.post(base + "/prepare", json=request)
        if prepare_errors:
>           raise prepare_errors[0]

apps\api\app\tests\test_full_asset_execution_integration.py:101: 
_ _ _ _ _ _ _ _ _ _ _ _ _ _ _ _ _ _ _ _ _ _ _ _ _ _ _ _ _ _ _ _ _ _ _ _ _ _ _ _
apps\api\app\main.py:100: in request_tracking
    response = await call_next(request)
               ^^^^^^^^^^^^^^^^^^^^^^^^
.venv\Lib\site-packages\starlette\middleware\base.py:173: in call_next
    raise app_exc from app_exc.__cause__ or app_exc.__context__
.venv\Lib\site-packages\starlette\middleware\base.py:149: in coro
    await self.app(scope, receive_or_disconnect, send_no_error)
.venv\Lib\site-packages\starlette\middleware\exceptions.py:63: in __call__
    await wrap_app_handling_exceptions(self.app, conn)(scope, receive, send)
.venv\Lib\site-packages\starlette\_exception_handler.py:53: in wrapped_app
    raise exc
.venv\Lib\site-packages\starlette\_exception_handler.py:42: in wrapped_app
    await app(scope, receive, sender)
.venv\Lib\site-packages\fastapi\middleware\asyncexitstack.py:18: in __call__
    await self.app(scope, receive, send)
.venv\Lib\site-packages\starlette\routing.py:676: in __call__
    await self.middleware_stack(scope, receive, send)
.venv\Lib\site-packages\fastapi\routing.py:2786: in app
    await route.handle(scope, receive, send)
.venv\Lib\site-packages\fastapi\routing.py:1817: in handle
    await self.original_router.handle(scope, receive, send)
.venv\Lib\site-packages\fastapi\routing.py:2869: in handle
    await included_router._handle_selected(scope, receive, send)
.venv\Lib\site-packages\fastapi\routing.py:1843: in _handle_selected
    await original_route.handle(scope, receive, send)
.venv\Lib\site-packages\fastapi\routing.py:1308: in handle
    await effective_context.app(scope, receive, send)
.venv\Lib\site-packages\fastapi\routing.py:165: in app
    await wrap_app_handling_exceptions(app, request)(scope, receive, send)
.venv\Lib\site-packages\starlette\_exception_handler.py:53: in wrapped_app
    raise exc
.venv\Lib\site-packages\starlette\_exception_handler.py:42: in wrapped_app
    await app(scope, receive, sender)
.venv\Lib\site-packages\fastapi\routing.py:151: in app
    response = await f(request)
               ^^^^^^^^^^^^^^^^
.venv\Lib\site-packages\fastapi\routing.py:727: in app
    raw_response = await run_endpoint_function(
.venv\Lib\site-packages\fastapi\routing.py:362: in run_endpoint_function
    return await run_in_threadpool(
.venv\Lib\site-packages\starlette\concurrency.py:34: in run_in_threadpool
    return await anyio.to_thread.run_sync(func)
           ^^^^^^^^^^^^^^^^^^^^^^^^^^^^^^^^^^^^
.venv\Lib\site-packages\anyio\to_thread.py:65: in run_sync
    return await get_async_backend().run_sync_in_worker_thread(
.venv\Lib\site-packages\anyio\_backends\_asyncio.py:2706: in run_sync_in_worker_thread
    return await future
           ^^^^^^^^^^^^
.venv\Lib\site-packages\anyio\_backends\_asyncio.py:1100: in run
    result = context.run(func, *args)
             ^^^^^^^^^^^^^^^^^^^^^^^^
.venv\Lib\site-packages\fastapi\telemetry\_api.py:240: in _run_sync_endpoint
    return function(**arguments)
           ^^^^^^^^^^^^^^^^^^^^^
apps\api\app\api\v1\full_asset_execution.py:62: in prepare
    return prepare_full_asset_execution(engine, user.id, body, now)
           ^^^^^^^^^^^^^^^^^^^^^^^^^^^^^^^^^^^^^^^^^^^^^^^^^^^^^^^^
apps\api\app\tests\test_full_asset_execution_integration.py:46: in diagnose_prepare
    return original_prepare(*args, **kwargs)
           ^^^^^^^^^^^^^^^^^^^^^^^^^^^^^^^^^
apps\api\app\services\full_asset_execution_dispatch.py:296: in prepare_full_asset_execution
    session.flush()
.venv\Lib\site-packages\sqlalchemy\orm\session.py:4536: in flush
    self._flush(objects)
<sqlalchemy generated warned() wrapper for sqlalchemy.orm.session.Session._flush>:2: in _flush
    return target(fn, self, objects=objects)
           ^^^^^^^^^^^^^^^^^^^^^^^^^^^^^^^^^
.venv\Lib\site-packages\sqlalchemy\util\deprecations.py:281: in warned
    return fn(*args, **kwargs)  # type: ignore[no-any-return]
           ^^^^^^^^^^^^^^^^^^^
.venv\Lib\site-packages\sqlalchemy\orm\session.py:4679: in _flush
    with util.safe_reraise():
.venv\Lib\site-packages\sqlalchemy\util\langhelpers.py:166: in __exit__
    raise exc_value.with_traceback(exc_tb)
.venv\Lib\site-packages\sqlalchemy\orm\session.py:4640: in _flush
    flush_context.execute()
.venv\Lib\site-packages\sqlalchemy\orm\unitofwork.py:467: in execute
    rec.execute(self)
.venv\Lib\site-packages\sqlalchemy\orm\unitofwork.py:643: in execute
    util.preloaded.orm_persistence._save_obj(
.venv\Lib\site-packages\sqlalchemy\orm\persistence.py:92: in _save_obj
    _emit_insert_statements(
.venv\Lib\site-packages\sqlalchemy\orm\persistence.py:1052: in _emit_insert_statements
    result = connection.execute(
.venv\Lib\site-packages\sqlalchemy\engine\base.py:1448: in execute
    return meth(
.venv\Lib\site-packages\sqlalchemy\sql\elements.py:533: in _execute_on_connection
    return connection._execute_clauseelement(
.venv\Lib\site-packages\sqlalchemy\engine\base.py:1668: in _execute_clauseelement
    ret = self._execute_context(
.venv\Lib\site-packages\sqlalchemy\engine\base.py:1822: in _execute_context
    return self._exec_single_context(
.venv\Lib\site-packages\sqlalchemy\engine\base.py:1962: in _exec_single_context
    self._handle_dbapi_exception(
.venv\Lib\site-packages\sqlalchemy\engine\base.py:2332: in _handle_dbapi_exception
    raise sqlalchemy_exception.with_traceback(exc_info[2]) from e
.venv\Lib\site-packages\sqlalchemy\engine\base.py:1943: in _exec_single_context
    self.dialect.do_execute(
.venv\Lib\site-packages\sqlalchemy\engine\default.py:1192: in do_execute
    cursor.execute(statement, parameters)
_ _ _ _ _ _ _ _ _ _ _ _ _ _ _ _ _ _ _ _ _ _ _ _ _ _ _ _ _ _ _ _ _ _ _ _ _ _ _ _

self = <psycopg.Cursor [closed] [IDLE] (host=127.0.0.1 port=54329 user=bounded database=bf_test_8cc2dd5a308549b49f7ac250fe128c4f) at 0x24b20cac050>
query = 'INSERT INTO full_asset_execution_portfolios (epoch_id, idempotency_key, request, request_hash, portfolio, portfolio_h..., %(expires_at)s::TIMESTAMP WITH TIME ZONE, %(user_id)s::UUID, %(id)s::UUID, %(created_at)s::TIMESTAMP WITH TIME ZONE)'
params = {'epoch_id': UUID('d5fe4dcb-cbb4-4e5f-a582-c77e2c221746'), 'idempotency_key': 'whole-real-original:1', 'request': Json...4d78f-8670-5 ... (463 chars)), 'request_hash': 'f0952ee8ae38242fb8c8b6bac8b08be13f2db13f21a59bb21a4ebfa59a808581', ...}
prepare = None, binary = None

    def execute(
        self,
        query: Query,
        params: Params | None = None,
        *,
        prepare: bool | None = None,
        binary: bool | None = None,
    ) -> Self:
        """
        Execute a query or command to the database.
        """
        try:
            with self._conn.lock:
                self._conn.wait(
                    self._execute_gen(query, params, prepare=prepare, binary=binary)
                )
        except e._NO_TRACEBACK as ex:
>           raise ex.with_traceback(None)
E           sqlalchemy.exc.ProgrammingError: (psycopg.errors.RaiseException) new asset execution metadata requires its actual open owner epoch
E           CONTEXT:  PL/pgSQL function guard_full_asset_execution_insert() line 6 at RAISE
E           [SQL: INSERT INTO full_asset_execution_portfolios (epoch_id, idempotency_key, request, request_hash, portfolio, portfolio_hash, expires_at, user_id, id, created_at) VALUES (%(epoch_id)s::UUID, %(idempotency_key)s::VARCHAR, %(request)s::JSONB, %(request_hash)s::VARCHAR, %(portfolio)s::JSONB, %(portfolio_hash)s::VARCHAR, %(expires_at)s::TIMESTAMP WITH TIME ZONE, %(user_id)s::UUID, %(id)s::UUID, %(created_at)s::TIMESTAMP WITH TIME ZONE)]
E           [parameters: {'epoch_id': UUID('d5fe4dcb-cbb4-4e5f-a582-c77e2c221746'), 'idempotency_key': 'whole-real-original:1', 'request': Jsonb({'full_policy_id': '0974d78f-8670-5 ... (463 chars)), 'request_hash': 'f0952ee8ae38242fb8c8b6bac8b08be13f2db13f21a59bb21a4ebfa59a808581', 'portfolio': Jsonb({'protocol': 'full-asset-execution- ... (332460 chars)), 'portfolio_hash': 'c6a0aee23e71eb821d4978b3ceddcba0645cd7e645f7282fe5524dff94ecda98', 'expires_at': datetime.datetime(2026, 10, 4, 20, 15, tzinfo=datetime.timezone.utc), 'user_id': UUID('271a9827-f82a-5be6-9e0a-50f721029fb0'), 'id': UUID('70b8db3c-5254-5be2-90a1-bb50c436b950'), 'created_at': datetime.datetime(2026, 10, 4, 20, 0, tzinfo=datetime.timezone.utc)}]
E           (Background on this error at: https://sqlalche.me/e/21/f405)

.venv\Lib\site-packages\psycopg\cursor.py:117: ProgrammingError
---------------------------- Captured stderr call -----------------------------
{"event": "http_request", "request_id": "b1cb108e-09f9-47a1-8e27-f4a2d4834a76", "method": "POST", "status": 200, "duration_ms": 610.0}
{"event": "http_request", "request_id": "cdb2cd42-d893-4620-bf39-6a09bab5f379", "method": "GET", "status": 200, "duration_ms": 203.0}
{"event": "http_request", "request_id": "00068019-c164-4d2d-b7f2-8e33b9b9200f", "method": "POST", "status": 200, "duration_ms": 31.0}
{"event": "http_request", "request_id": "d518d875-8631-41fb-aca5-d25392352d75", "method": "POST", "status": 200, "duration_ms": 109.0}
{"event": "http_request", "request_id": "a7654d5e-18cb-40a2-b53c-2f62181bf25a", "method": "GET", "status": 200, "duration_ms": 32.0}
{"event": "http_request", "request_id": "32f71ed2-8ec4-4caf-9ba8-2bf0e374f77d", "method": "POST", "status": 200, "duration_ms": 10969.0}
{"event": "http_request", "request_id": "441b8c53-0081-4b6d-84f1-690dd790b9ec", "method": "POST", "status": 500, "duration_ms": 12641.0}
------------------------------ Captured log call ------------------------------
INFO     bounded_funds.http:main.py:104 {"event": "http_request", "request_id": "b1cb108e-09f9-47a1-8e27-f4a2d4834a76", "method": "POST", "status": 200, "duration_ms": 610.0}
INFO     bounded_funds.http:main.py:104 {"event": "http_request", "request_id": "cdb2cd42-d893-4620-bf39-6a09bab5f379", "method": "GET", "status": 200, "duration_ms": 203.0}
INFO     bounded_funds.http:main.py:104 {"event": "http_request", "request_id": "00068019-c164-4d2d-b7f2-8e33b9b9200f", "method": "POST", "status": 200, "duration_ms": 31.0}
INFO     bounded_funds.http:main.py:104 {"event": "http_request", "request_id": "d518d875-8631-41fb-aca5-d25392352d75", "method": "POST", "status": 200, "duration_ms": 109.0}
INFO     bounded_funds.http:main.py:104 {"event": "http_request", "request_id": "a7654d5e-18cb-40a2-b53c-2f62181bf25a", "method": "GET", "status": 200, "duration_ms": 32.0}
INFO     bounded_funds.http:main.py:104 {"event": "http_request", "request_id": "32f71ed2-8ec4-4caf-9ba8-2bf0e374f77d", "method": "POST", "status": 200, "duration_ms": 10969.0}
INFO     bounded_funds.http:main.py:104 {"event": "http_request", "request_id": "441b8c53-0081-4b6d-84f1-690dd790b9ec", "method": "POST", "status": 500, "duration_ms": 12641.0}
============================== warnings summary ===============================
.venv\Lib\site-packages\fastapi\testclient.py:1
  F:\学校活动\工行杯\钱途有界\bounded-funds\.venv\Lib\site-packages\fastapi\testclient.py:1: StarletteDeprecationWarning: Using `httpx` with `starlette.testclient` is deprecated; install `httpx2` instead.
    from starlette.testclient import TestClient as TestClient  # noqa

-- Docs: https://docs.pytest.org/en/stable/how-to/capture-warnings.html
=========================== short test summary info ===========================
FAILED apps/api/app/tests/test_full_asset_execution_integration.py::test_actual_whole_asset_portfolio_keeps_order_and_recovers_original_unknown_once
!!!!!!!!!!!!!!!!!!!!!!!!!! stopping after 1 failures !!!!!!!!!!!!!!!!!!!!!!!!!!
1 failed, 1 warning in 36.75s
