..F
================================== FAILURES ===================================
_ test_actual_whole_asset_portfolio_keeps_order_and_recovers_original_unknown_once _

annual_client = (<starlette.testclient.TestClient object at 0x000001E69CD76810>, Engine(postgresql+psycopg://bounded:***@127.0.0.1:54329/bf_test_02e03bb9458a4e5ba8d409e2acc94f9a))
monkeypatch = <_pytest.monkeypatch.MonkeyPatch object at 0x000001E69CD13EC0>

    def test_actual_whole_asset_portfolio_keeps_order_and_recovers_original_unknown_once(
        annual_client: tuple[TestClient, Engine],
        monkeypatch: pytest.MonkeyPatch,
    ) -> None:
        client, engine = annual_client
        actual_income(engine)
        full_id = actual_asset_declaration(client, engine)
        epoch_id = client.get("/api/v1/demo/state").json()["epoch_id"]
        candidate = client.post(
            "/api/v1/policy-declarations",
            json={
                "configuration": authorization(max_auto_managed_cents=2000000),
                "idempotency_key": "whole-asset-original-MVP-permission",
                "expected_epoch_id": epoch_id,
                "source_proposal_id": None,
            },
        )
        assert candidate.status_code == 200, candidate.text
        declared = candidate.json()
        confirmed = client.post(
            f"/api/v1/policy-proposals/{declared['proposal_id']}/confirm",
            json={"accepted": True, "reviewed_hash": declared["configuration_hash"]},
        )
        assert confirmed.status_code == 200, confirmed.text
        mvp_id = confirmed.json()["policy_id"]
        with Session(engine) as session:
            version = session.scalar(
                select(PolicyVersion)
                .where(PolicyVersion.policy_id == UUID(mvp_id))
                .order_by(PolicyVersion.version_number.desc())
            )
            assert version is not None
            mvp_version = str(version.id)
            cash_before = {a.id: a.balance_cents for a in session.scalars(select(Account))}
        full_view = client.get(f"/api/v1/full-policies/{full_id}").json()
        request: dict[str, Any] = {
            "full_policy_id": full_id,
            "expected_full_policy_version_id": full_view["current_version"]["version_id"],
            "mvp_asset_policy_id": mvp_id,
            "expected_mvp_policy_version_id": mvp_version,
            "goal_id": None,
            "expected_goal_policy_version_id": None,
            "expected_epoch_id": epoch_id,
            "idempotency_key": "whole-real-original:1",
            "planning_mode": "PORTFOLIO",
        }
        base = "/api/v1/full-asset-executions"
        untouched = physical_snapshot(engine)
        preview = client.post(base + "/preview", json=request)
        assert preview.status_code == 200, preview.text
        assert preview.json()["state"] == "READY_TO_REVIEW", preview.text
        assert physical_snapshot(engine) == untouched
        prepared = client.post(base + "/prepare", json=request)
>       assert prepared.status_code == 200, prepared.text
E       AssertionError: {"error":{"code":"INTERNAL_ERROR","message":"服务暂时不可用","request_id":"96739eb6-07e2-4826-833b-10089eb7b1fd"}}
E       assert 500 == 200
E        +  where 500 = <Response [500 Internal Server Error]>.status_code

apps\api\app\tests\test_full_asset_execution_integration.py:85: AssertionError
---------------------------- Captured stderr call -----------------------------
{"event": "http_request", "request_id": "6663e8dc-4ccc-4aa8-ab26-93c61baadb03", "method": "POST", "status": 200, "duration_ms": 953.0}
{"event": "http_request", "request_id": "fb7b8901-b6e4-44ae-8759-457e9c4d0084", "method": "GET", "status": 200, "duration_ms": 282.0}
{"event": "http_request", "request_id": "3e897c56-53c4-4509-b038-7a2c65459074", "method": "POST", "status": 200, "duration_ms": 31.0}
{"event": "http_request", "request_id": "f05ac13e-16d7-4455-b5b7-fa57b8f3c07b", "method": "POST", "status": 200, "duration_ms": 141.0}
{"event": "http_request", "request_id": "6ab704cd-b485-409e-a34e-8ce57621b8b5", "method": "GET", "status": 200, "duration_ms": 31.0}
{"event": "http_request", "request_id": "1de85522-72d6-411b-8f24-dd23c6774bdb", "method": "POST", "status": 200, "duration_ms": 12610.0}
{"event": "http_request", "request_id": "96739eb6-07e2-4826-833b-10089eb7b1fd", "method": "POST", "status": 500, "duration_ms": 14344.0}
------------------------------ Captured log call ------------------------------
INFO     bounded_funds.http:main.py:104 {"event": "http_request", "request_id": "6663e8dc-4ccc-4aa8-ab26-93c61baadb03", "method": "POST", "status": 200, "duration_ms": 953.0}
INFO     bounded_funds.http:main.py:104 {"event": "http_request", "request_id": "fb7b8901-b6e4-44ae-8759-457e9c4d0084", "method": "GET", "status": 200, "duration_ms": 282.0}
INFO     bounded_funds.http:main.py:104 {"event": "http_request", "request_id": "3e897c56-53c4-4509-b038-7a2c65459074", "method": "POST", "status": 200, "duration_ms": 31.0}
INFO     bounded_funds.http:main.py:104 {"event": "http_request", "request_id": "f05ac13e-16d7-4455-b5b7-fa57b8f3c07b", "method": "POST", "status": 200, "duration_ms": 141.0}
INFO     bounded_funds.http:main.py:104 {"event": "http_request", "request_id": "6ab704cd-b485-409e-a34e-8ce57621b8b5", "method": "GET", "status": 200, "duration_ms": 31.0}
INFO     bounded_funds.http:main.py:104 {"event": "http_request", "request_id": "1de85522-72d6-411b-8f24-dd23c6774bdb", "method": "POST", "status": 200, "duration_ms": 12610.0}
INFO     bounded_funds.http:main.py:104 {"event": "http_request", "request_id": "96739eb6-07e2-4826-833b-10089eb7b1fd", "method": "POST", "status": 500, "duration_ms": 14344.0}
============================== warnings summary ===============================
.venv\Lib\site-packages\fastapi\testclient.py:1
  F:\学校活动\工行杯\钱途有界\bounded-funds\.venv\Lib\site-packages\fastapi\testclient.py:1: StarletteDeprecationWarning: Using `httpx` with `starlette.testclient` is deprecated; install `httpx2` instead.
    from starlette.testclient import TestClient as TestClient  # noqa

-- Docs: https://docs.pytest.org/en/stable/how-to/capture-warnings.html
=========================== short test summary info ===========================
FAILED apps/api/app/tests/test_full_asset_execution_integration.py::test_actual_whole_asset_portfolio_keeps_order_and_recovers_original_unknown_once
!!!!!!!!!!!!!!!!!!!!!!!!!! stopping after 1 failures !!!!!!!!!!!!!!!!!!!!!!!!!!
1 failed, 2 passed, 1 warning in 58.60s
