...............F..                                                       [100%]
================================== FAILURES ===================================
_ test_signed_user_is_required_and_legal_uuid_json_reaches_only_server_principal _

client = (<starlette.testclient.TestClient object at 0x000001D0561BA9F0>, [])

    def test_signed_user_is_required_and_legal_uuid_json_reaches_only_server_principal(
        client: tuple[TestClient, list[tuple[Any, ...]]],
    ) -> None:
        test, calls = client
        body = original_fixture().original_request.model_dump(mode="json")
        path = f"/api/v1/seasonal-reserve-adoptions/{POLICY}/confirm"
        assert test.post(path, json=body).status_code == 401 and not calls
>       assert (
            test.post(
                "/api/v1/local-actor/login",
                json={"username": "bounded-user", "secret": "SYNTHETIC_ROLE_ONLY"},
            ).status_code
            == 200
        )
E       AssertionError: assert 401 == 200
E        +  where 401 = <Response [401 Unauthorized]>.status_code
E        +    where <Response [401 Unauthorized]> = post('/api/v1/local-actor/login', json={'username': 'bounded-user', 'secret': 'SYNTHETIC_ROLE_ONLY'})
E        +      where post = <starlette.testclient.TestClient object at 0x000001D0561BA9F0>.post

apps\api\app\tests\test_full_seasonal_adoption_api.py:60: AssertionError
============================== warnings summary ===============================
.venv\Lib\site-packages\fastapi\testclient.py:1
  F:\学校活动\工行杯\钱途有界\bounded-funds\.venv\Lib\site-packages\fastapi\testclient.py:1: StarletteDeprecationWarning: Using `httpx` with `starlette.testclient` is deprecated; install `httpx2` instead.
    from starlette.testclient import TestClient as TestClient  # noqa

.venv\Lib\site-packages\_pytest\cacheprovider.py:469
  F:\学校活动\工行杯\钱途有界\bounded-funds\.venv\Lib\site-packages\_pytest\cacheprovider.py:469: PytestCacheWarning: could not create cache path F:\学校活动\工行杯\钱途有界\bounded-funds\.pytest_cache\v\cache\nodeids: [WinError 5] 拒绝访问。: 'F:\\学校活动\\工行杯\\钱途有界\\bounded-funds\\.pytest_cache\\v\\cache'
    config.cache.set("cache/nodeids", sorted(self.cached_nodeids))

.venv\Lib\site-packages\_pytest\cacheprovider.py:423
  F:\学校活动\工行杯\钱途有界\bounded-funds\.venv\Lib\site-packages\_pytest\cacheprovider.py:423: PytestCacheWarning: could not create cache path F:\学校活动\工行杯\钱途有界\bounded-funds\.pytest_cache\v\cache\lastfailed: [WinError 5] 拒绝访问。: 'F:\\学校活动\\工行杯\\钱途有界\\bounded-funds\\.pytest_cache\\v\\cache'
    config.cache.set("cache/lastfailed", self.lastfailed)

-- Docs: https://docs.pytest.org/en/stable/how-to/capture-warnings.html
=========================== short test summary info ===========================
FAILED apps/api/app/tests/test_full_seasonal_adoption_api.py::test_signed_user_is_required_and_legal_uuid_json_reaches_only_server_principal
1 failed, 17 passed, 3 warnings in 5.53s
