
 RUN  v3.2.4 F:/学校活动/工行杯/钱途有界/bounded-funds/apps/web

 ❯ src/api/full-dynamic-goal-execution.test.ts (17 tests | 1 failed) 97ms
   ✓ 身份-only完整六字段，拒绝客户端金额、当前clock、Proof和授权 8ms
   ✓ 真实compact proof原hash与原模型/epoch身份一致；NULL保持UNKNOWN 8ms
   ✓ 拒绝预览epoch篡改，不将字符串或成功flag视为证明 2ms
   ✓ 拒绝预览modelHash篡改，不将字符串或成功flag视为证明 1ms
   ✓ 拒绝预览authority篡改，不将字符串或成功flag视为证明 1ms
   ✓ 拒绝预览digest篡改，不将字符串或成功flag视为证明 8ms
   × 拒绝预览unsafeMoney篡改，不将字符串或成功flag视为证明 14ms
     → 原分类请求含无法精确表示的 JSON
   ✓ 拒绝预览futureIncome篡改，不将字符串或成功flag视为证明 1ms
   ✓ 拒绝预览outOfRange篡改，不将字符串或成功flag视为证明 1ms
   ✓ 固定原Action与服务器effect hash、完整来源金额对齐；银行SETTLED且无回执仍UNKNOWN 5ms
   ✓ 原服务receipt必须固定Action/金额/原银行操作，不拿另一成功动作替代 2ms
   ✓ lookup全原六字段+双request hash+marker/proof+固定Action，NOT_FOUND非终局 7ms
   ✓ AUTHORIZED缺原Evidence仍MISSING；原确认不能被body/hash/latest状态代替 13ms
   ✓ 全Action.request原hash拒绝marker被改；前端不重造审计/source权限引擎 2ms
   ✓ 原确认过期可以历史回读，falsecurrentauthority不可升级；SEALED不冒当前 4ms
   ✓ actual路径/body一次发送，不输入金额；独立GET原键/无query，保原响应bytes 15ms
   ✓ 只读preview真实POST且同六字段；它没有Action/receipt或执行请求 2ms
 ✓ src/components/FullDynamicGoalExecutionPanel.test.tsx (8 tests) 4317ms
   ✓ 手动读取真实模型+serverpreview，金额无输入，原sourceHash/模型/evidence/365明确且不自动执行  1493ms
   ✓ 准备→独立GET→原明确确认→独立GET→固定执行→原GET回执完整UI路径，POST不清门  834ms
   ✓ UNKNOWN与nullable金额不显示0，不提供prepare放行  322ms
   ✓ BLOCKED与nullable金额不显示0，不提供prepare放行  311ms
   ✓ 缺MODEL显示UNKNOWN，没有预览、默认金额或自动创建新模型  304ms
   ✓ 准备响应500保原key/body，独立GET可以跨自身/他族mutationBlocked；不自动重发  365ms
   ✓ AUTHORIZED但原确认MISSING保confirm请求，不能执行或把原状态当同意  431ms
 ✓ src/features/full-dynamic-goal-operation.test.ts (16 tests) 4440ms
   ✓ POST前存完整原body/key/hash；POST成功及4xx/失联均不清，只有独立原GET  1168ms

⎯⎯⎯⎯⎯⎯⎯ Failed Tests 1 ⎯⎯⎯⎯⎯⎯⎯

 FAIL  src/api/full-dynamic-goal-execution.test.ts > 拒绝预览unsafeMoney篡改，不将字符串或成功flag视为证明
Error: 原分类请求含无法精确表示的 JSON
 ❯ spendingCanonicalJson src/api/spending-evidence.ts:36:9
     34|   if (object(value)) return `{${Object.keys(value).sort().map((key) =>…
     35|   if (value === null || typeof value === 'string' || typeof value === …
     36|   throw new Error('原分类请求含无法精确表示的 JSON');
       |         ^
     37| }
     38| export async function spendingHash(value: unknown): Promise<string> {
 ❯ src/api/spending-evidence.ts:34:98
 ❯ spendingCanonicalJson src/api/spending-evidence.ts:34:59
 ❯ dynamicFixtureHash src/tests/full-dynamic-goal-execution-fixture.ts:14:83
 ❯ src/api/full-dynamic-goal-execution.test.ts:27:121

⎯⎯⎯⎯⎯⎯⎯⎯⎯⎯⎯⎯⎯⎯⎯⎯⎯⎯⎯⎯⎯⎯⎯⎯[1/1]⎯


 Test Files  1 failed | 2 passed (3)
      Tests  1 failed | 40 passed (41)
   Start at  06:56:58
   Duration  7.48s (transform 1.37s, setup 1.51s, collect 2.90s, tests 8.85s, environment 3.32s, prepare 1.05s)

