I001 [*] Import block is un-sorted or un-formatted
  --> scripts\tests\test_full_experiment_claims.py:3:1
   |
 1 |   """Narrow original-number admission risks. All examples are TOOL_TEST_ONLY."""
 2 |
 3 | / import copy
 4 | | import hashlib
 5 | | import json
 6 | | from pathlib import Path
 7 | | from uuid import uuid4
 8 | |
 9 | | import pytest
10 | | from pydantic import ValidationError
11 | | from scripts.full_experiment_claims import (
12 | |     ROOT,
13 | |     ExistingMvpClaim,
14 | |     OriginalFile,
15 | |     admit_existing_mvp_claim,
16 | | )
17 | | from scripts.mvp_observations import observe
18 | | from scripts.tests.test_mvp_observations import RUN, Fixture
   | |____________________________________________________________^
help: Organize imports
   |
10 | from pydantic import ValidationError
11 +
12 | from scripts.full_experiment_claims import (
   |

Found 1 error.
[*] 1 fixable with the `--fix` option.
