
 RUN  v3.2.4 F:/学校活动/工行杯/钱途有界/bounded-funds/apps/web

 ❯ src/components/FullPoliciesPanel.payment-host.test.tsx (2 tests | 2 failed) 2139ms
   × 当前周期策略详情加载实际用户周期与原MVP权限，其他族门限制金融提交 1110ms
     → Unable to find role="button" and name `/合成Full周期关系.*PeriodicTransferPolicy/`

Ignored nodes: comments, script, style
[36m<body>[39m
  [36m<div>[39m
    [36m<section[39m
      [33maria-label[39m=[32m"完整版策略生命周期"[39m
      [33mclass[39m=[32m"full-policies-panel readonly-section"[39m
    [36m>[39m
      [36m<h3>[39m
        [0m完整版策略 · 原配置与命令生命周期[0m
      [36m</h3>[39m
      [36m<p>[39m
        [0m8类独立FULL策略已接原服务，12类目录保留既存确认入口。策略回执本身不提供银行权限；固定收款与资产组合另需原权限、明确确认和当前资金重验。[0m
      [36m</p>[39m
      [36m<p[39m
        [33mclass[39m=[32m"notice"[39m
      [36m>[39m
        [0m其他族原请求正在处理或待核对，禁止新的策略写入；本族只读原命令查询仍可用。[0m
      [36m</p>[39m
      [36m<div[39m
        [33mclass[39m=[32m"full-policy-actions"[39m
      [36m>[39m
        [36m<button[39m
          [33mtype[39m=[32m"button"[39m
        [36m>[39m
          [0m只读刷新完整版策略[0m
        [36m</button>[39m
        [36m<button[39m
          [33mdisabled[39m=[32m""[39m
          [33mtype[39m=[32m"button"[39m
        [36m>[39m
          [0m准备新完整版策略[0m
        [36m</button>[39m
      [36m</div>[39m
      [36m<p[39m
        [33mrole[39m=[32m"alert"[39m
      [36m>[39m
        [0m完整策略响应未通过原确认、身份或无银行授权校验[0m
      [36m</p>[39m
    [36m</section>[39m
  [36m</div>[39m
[36m</body>[39m

Ignored nodes: comments, script, style
[36m<body>[39m
  [36m<div>[39m
    [36m<section[39m
      [33maria-label[39m=[32m"完整版策略生命周期"[39m
      [33mclass[39m=[32m"full-policies-panel readonly-section"[39m
    [36m>[39m
      [36m<h3>[39m
        [0m完整版策略 · 原配置与命令生命周期[0m
      [36m</h3>[39m
      [36m<p>[39m
        [0m8类独立FULL策略已接原服务，12类目录保留既存确认入口。策略回执本身不提供银行权限；固定收款与资产组合另需原权限、明确确认和当前资金重验。[0m
      [36m</p>[39m
      [36m<p[39m
        [33mclass[39m=[32m"notice"[39m
      [36m>[39m
        [0m其他族原请求正在处理或待核对，禁止新的策略写入；本族只读原命令查询仍可用。[0m
      [36m</p>[39m
      [36m<div[39m
        [33mclass[39m=[32m"full-policy-actions"[39m
      [36m>[39m
        [36m<button[39m
          [33mtype[39m=[32m"button"[39m
        [36m>[39m
          [0m只读刷新完整版策略[0m
        [36m</button>[39m
        [36m<button[39m
          [33mdisabled[39m=[32m""[39m
          [33mtype[39m=[32m"button"[39m
        [36m>[39m
          [0m准备新完整版策略[0m
        [36m</button>[39m
      [36m</div>[39m
      [36m<p[39m
        [33mrole[39m=[32m"alert"[39m
      [36m>[39m
        [0m完整策略响应未通过原确认、身份或无银行授权校验[0m
      [36m</p>[39m
    [36m</section>[39m
  [36m</div>[39m
[36m</body>[39m
   × 账户用户来源失败时不挂付款表单，保留当前源GET刷新和策略详情 1027ms
     → Unable to find role="button" and name `/合成Full周期关系.*PeriodicTransferPolicy/`

Ignored nodes: comments, script, style
[36m<body>[39m
  [36m<div>[39m
    [36m<section[39m
      [33maria-label[39m=[32m"完整版策略生命周期"[39m
      [33mclass[39m=[32m"full-policies-panel readonly-section"[39m
    [36m>[39m
      [36m<h3>[39m
        [0m完整版策略 · 原配置与命令生命周期[0m
      [36m</h3>[39m
      [36m<p>[39m
        [0m8类独立FULL策略已接原服务，12类目录保留既存确认入口。策略回执本身不提供银行权限；固定收款与资产组合另需原权限、明确确认和当前资金重验。[0m
      [36m</p>[39m
      [36m<p[39m
        [33mclass[39m=[32m"notice"[39m
      [36m>[39m
        [0m其他族原请求正在处理或待核对，禁止新的策略写入；本族只读原命令查询仍可用。[0m
      [36m</p>[39m
      [36m<div[39m
        [33mclass[39m=[32m"full-policy-actions"[39m
      [36m>[39m
        [36m<button[39m
          [33mtype[39m=[32m"button"[39m
        [36m>[39m
          [0m只读刷新完整版策略[0m
        [36m</button>[39m
        [36m<button[39m
          [33mdisabled[39m=[32m""[39m
          [33mtype[39m=[32m"button"[39m
        [36m>[39m
          [0m准备新完整版策略[0m
        [36m</button>[39m
      [36m</div>[39m
      [36m<p[39m
        [33mrole[39m=[32m"alert"[39m
      [36m>[39m
        [0m完整策略响应未通过原确认、身份或无银行授权校验[0m
      [36m</p>[39m
    [36m</section>[39m
  [36m</div>[39m
[36m</body>[39m

Ignored nodes: comments, script, style
[36m<body>[39m
  [36m<div>[39m
    [36m<section[39m
      [33maria-label[39m=[32m"完整版策略生命周期"[39m
      [33mclass[39m=[32m"full-policies-panel readonly-section"[39m
    [36m>[39m
      [36m<h3>[39m
        [0m完整版策略 · 原配置与命令生命周期[0m
      [36m</h3>[39m
      [36m<p>[39m
        [0m8类独立FULL策略已接原服务，12类目录保留既存确认入口。策略回执本身不提供银行权限；固定收款与资产组合另需原权限、明确确认和当前资金重验。[0m
      [36m</p>[39m
      [36m<p[39m
        [33mclass[39m=[32m"notice"[39m
      [36m>[39m
        [0m其他族原请求正在处理或待核对，禁止新的策略写入；本族只读原命令查询仍可用。[0m
      [36m</p>[39m
      [36m<div[39m
        [33mclass[39m=[32m"full-policy-actions"[39m
      [36m>[39m
        [36m<button[39m
          [33mtype[39m=[32m"button"[39m
        [36m>[39m
          [0m只读刷新完整版策略[0m
        [36m</button>[39m
        [36m<button[39m
          [33mdisabled[39m=[32m""[39m
          [33mtype[39m=[32m"button"[39m
        [36m>[39m
          [0m准备新完整版策略[0m
        [36m</button>[39m
      [36m</div>[39m
      [36m<p[39m
        [33mrole[39m=[32m"alert"[39m
      [36m>[39m
        [0m完整策略响应未通过原确认、身份或无银行授权校验[0m
      [36m</p>[39m
    [36m</section>[39m
  [36m</div>[39m
[36m</body>[39m

⎯⎯⎯⎯⎯⎯⎯ Failed Tests 2 ⎯⎯⎯⎯⎯⎯⎯

 FAIL  src/components/FullPoliciesPanel.payment-host.test.tsx > 当前周期策略详情加载实际用户周期与原MVP权限，其他族门限制金融提交
TestingLibraryElementError: Unable to find role="button" and name `/合成Full周期关系.*PeriodicTransferPolicy/`

Ignored nodes: comments, script, style
[36m<body>[39m
  [36m<div>[39m
    [36m<section[39m
      [33maria-label[39m=[32m"完整版策略生命周期"[39m
      [33mclass[39m=[32m"full-policies-panel readonly-section"[39m
    [36m>[39m
      [36m<h3>[39m
        [0m完整版策略 · 原配置与命令生命周期[0m
      [36m</h3>[39m
      [36m<p>[39m
        [0m8类独立FULL策略已接原服务，12类目录保留既存确认入口。策略回执本身不提供银行权限；固定收款与资产组合另需原权限、明确确认和当前资金重验。[0m
      [36m</p>[39m
      [36m<p[39m
        [33mclass[39m=[32m"notice"[39m
      [36m>[39m
        [0m其他族原请求正在处理或待核对，禁止新的策略写入；本族只读原命令查询仍可用。[0m
      [36m</p>[39m
      [36m<div[39m
        [33mclass[39m=[32m"full-policy-actions"[39m
      [36m>[39m
        [36m<button[39m
          [33mtype[39m=[32m"button"[39m
        [36m>[39m
          [0m只读刷新完整版策略[0m
        [36m</button>[39m
        [36m<button[39m
          [33mdisabled[39m=[32m""[39m
          [33mtype[39m=[32m"button"[39m
        [36m>[39m
          [0m准备新完整版策略[0m
        [36m</button>[39m
      [36m</div>[39m
      [36m<p[39m
        [33mrole[39m=[32m"alert"[39m
      [36m>[39m
        [0m完整策略响应未通过原确认、身份或无银行授权校验[0m
      [36m</p>[39m
    [36m</section>[39m
  [36m</div>[39m
[36m</body>[39m

Ignored nodes: comments, script, style
[36m<body>[39m
  [36m<div>[39m
    [36m<section[39m
      [33maria-label[39m=[32m"完整版策略生命周期"[39m
      [33mclass[39m=[32m"full-policies-panel readonly-section"[39m
    [36m>[39m
      [36m<h3>[39m
        [0m完整版策略 · 原配置与命令生命周期[0m
      [36m</h3>[39m
      [36m<p>[39m
        [0m8类独立FULL策略已接原服务，12类目录保留既存确认入口。策略回执本身不提供银行权限；固定收款与资产组合另需原权限、明确确认和当前资金重验。[0m
      [36m</p>[39m
      [36m<p[39m
        [33mclass[39m=[32m"notice"[39m
      [36m>[39m
        [0m其他族原请求正在处理或待核对，禁止新的策略写入；本族只读原命令查询仍可用。[0m
      [36m</p>[39m
      [36m<div[39m
        [33mclass[39m=[32m"full-policy-actions"[39m
      [36m>[39m
        [36m<button[39m
          [33mtype[39m=[32m"button"[39m
        [36m>[39m
          [0m只读刷新完整版策略[0m
        [36m</button>[39m
        [36m<button[39m
          [33mdisabled[39m=[32m""[39m
          [33mtype[39m=[32m"button"[39m
        [36m>[39m
          [0m准备新完整版策略[0m
        [36m</button>[39m
      [36m</div>[39m
      [36m<p[39m
        [33mrole[39m=[32m"alert"[39m
      [36m>[39m
        [0m完整策略响应未通过原确认、身份或无银行授权校验[0m
      [36m</p>[39m
    [36m</section>[39m
  [36m</div>[39m
[36m</body>[39m
 ❯ waitForWrapper ../../node_modules/.pnpm/@testing-library+dom@10.4.2/node_modules/@testing-library/dom/dist/wait-for.js:163:27
 ❯ ../../node_modules/.pnpm/@testing-library+dom@10.4.2/node_modules/@testing-library/dom/dist/query-helpers.js:86:33
 ❯ src/components/FullPoliciesPanel.payment-host.test.tsx:27:41
     25|     return { simulation: true, items: [] };
     26|   });
     27|   mount(); fireEvent.click(await screen.findByRole('button', { name: /…
       |                                         ^
     28|   expect(await screen.findByRole('region', { name: `固定收款关系 ${fixture.f…
     29|   expect(await screen.findByRole('option', { name: /合成原周期关系/ })).toBeI…

⎯⎯⎯⎯⎯⎯⎯⎯⎯⎯⎯⎯⎯⎯⎯⎯⎯⎯⎯⎯⎯⎯⎯⎯[1/2]⎯

 FAIL  src/components/FullPoliciesPanel.payment-host.test.tsx > 账户用户来源失败时不挂付款表单，保留当前源GET刷新和策略详情
TestingLibraryElementError: Unable to find role="button" and name `/合成Full周期关系.*PeriodicTransferPolicy/`

Ignored nodes: comments, script, style
[36m<body>[39m
  [36m<div>[39m
    [36m<section[39m
      [33maria-label[39m=[32m"完整版策略生命周期"[39m
      [33mclass[39m=[32m"full-policies-panel readonly-section"[39m
    [36m>[39m
      [36m<h3>[39m
        [0m完整版策略 · 原配置与命令生命周期[0m
      [36m</h3>[39m
      [36m<p>[39m
        [0m8类独立FULL策略已接原服务，12类目录保留既存确认入口。策略回执本身不提供银行权限；固定收款与资产组合另需原权限、明确确认和当前资金重验。[0m
      [36m</p>[39m
      [36m<p[39m
        [33mclass[39m=[32m"notice"[39m
      [36m>[39m
        [0m其他族原请求正在处理或待核对，禁止新的策略写入；本族只读原命令查询仍可用。[0m
      [36m</p>[39m
      [36m<div[39m
        [33mclass[39m=[32m"full-policy-actions"[39m
      [36m>[39m
        [36m<button[39m
          [33mtype[39m=[32m"button"[39m
        [36m>[39m
          [0m只读刷新完整版策略[0m
        [36m</button>[39m
        [36m<button[39m
          [33mdisabled[39m=[32m""[39m
          [33mtype[39m=[32m"button"[39m
        [36m>[39m
          [0m准备新完整版策略[0m
        [36m</button>[39m
      [36m</div>[39m
      [36m<p[39m
        [33mrole[39m=[32m"alert"[39m
      [36m>[39m
        [0m完整策略响应未通过原确认、身份或无银行授权校验[0m
      [36m</p>[39m
    [36m</section>[39m
  [36m</div>[39m
[36m</body>[39m

Ignored nodes: comments, script, style
[36m<body>[39m
  [36m<div>[39m
    [36m<section[39m
      [33maria-label[39m=[32m"完整版策略生命周期"[39m
      [33mclass[39m=[32m"full-policies-panel readonly-section"[39m
    [36m>[39m
      [36m<h3>[39m
        [0m完整版策略 · 原配置与命令生命周期[0m
      [36m</h3>[39m
      [36m<p>[39m
        [0m8类独立FULL策略已接原服务，12类目录保留既存确认入口。策略回执本身不提供银行权限；固定收款与资产组合另需原权限、明确确认和当前资金重验。[0m
      [36m</p>[39m
      [36m<p[39m
        [33mclass[39m=[32m"notice"[39m
      [36m>[39m
        [0m其他族原请求正在处理或待核对，禁止新的策略写入；本族只读原命令查询仍可用。[0m
      [36m</p>[39m
      [36m<div[39m
        [33mclass[39m=[32m"full-policy-actions"[39m
      [36m>[39m
        [36m<button[39m
          [33mtype[39m=[32m"button"[39m
        [36m>[39m
          [0m只读刷新完整版策略[0m
        [36m</button>[39m
        [36m<button[39m
          [33mdisabled[39m=[32m""[39m
          [33mtype[39m=[32m"button"[39m
        [36m>[39m
          [0m准备新完整版策略[0m
        [36m</button>[39m
      [36m</div>[39m
      [36m<p[39m
        [33mrole[39m=[32m"alert"[39m
      [36m>[39m
        [0m完整策略响应未通过原确认、身份或无银行授权校验[0m
      [36m</p>[39m
    [36m</section>[39m
  [36m</div>[39m
[36m</body>[39m
 ❯ waitForWrapper ../../node_modules/.pnpm/@testing-library+dom@10.4.2/node_modules/@testing-library/dom/dist/wait-for.js:163:27
 ❯ ../../node_modules/.pnpm/@testing-library+dom@10.4.2/node_modules/@testing-library/dom/dist/query-helpers.js:86:33
 ❯ src/components/FullPoliciesPanel.payment-host.test.tsx:45:41
     43|     return { simulation: true, items: [] };
     44|   });
     45|   mount(); fireEvent.click(await screen.findByRole('button', { name: /…
       |                                         ^
     46|   await waitFor(() => expect(screen.getByText(/当前用户或周期未证明/)).toBeVisib…
     47|   expect(screen.queryByRole('region', { name: `固定收款关系 ${fixture.full.p…

⎯⎯⎯⎯⎯⎯⎯⎯⎯⎯⎯⎯⎯⎯⎯⎯⎯⎯⎯⎯⎯⎯⎯⎯[2/2]⎯


 Test Files  1 failed (1)
      Tests  2 failed (2)
   Start at  05:45:57
   Duration  6.27s (transform 1.50s, setup 430ms, collect 2.09s, tests 2.14s, environment 821ms, prepare 294ms)

