 Network bf-demo-f3f9703e75684a62888f73804e02d1db_demo_frontend Creating 
 Network bf-demo-f3f9703e75684a62888f73804e02d1db_demo_frontend Created 
 Network bf-demo-f3f9703e75684a62888f73804e02d1db_demo_internal Creating 
 Network bf-demo-f3f9703e75684a62888f73804e02d1db_demo_internal Created 
 Volume bf-demo-f3f9703e75684a62888f73804e02d1db_demo_pgdata Creating 
 Volume bf-demo-f3f9703e75684a62888f73804e02d1db_demo_pgdata Created 
 Container bf-demo-f3f9703e75684a62888f73804e02d1db-db-1 Creating 
 Container bf-demo-f3f9703e75684a62888f73804e02d1db-db-1 Created 
 Container bf-demo-f3f9703e75684a62888f73804e02d1db-init-1 Creating 
 Container bf-demo-f3f9703e75684a62888f73804e02d1db-init-1 Created 
 Container bf-demo-f3f9703e75684a62888f73804e02d1db-api-1 Creating 
 Container bf-demo-f3f9703e75684a62888f73804e02d1db-api-1 Created 
 Container bf-demo-f3f9703e75684a62888f73804e02d1db-web-1 Creating 
 Container bf-demo-f3f9703e75684a62888f73804e02d1db-web-1 Created 
 Container bf-demo-f3f9703e75684a62888f73804e02d1db-db-1 Starting 
 Container bf-demo-f3f9703e75684a62888f73804e02d1db-db-1 Started 
 Container bf-demo-f3f9703e75684a62888f73804e02d1db-db-1 Waiting 
 Container bf-demo-f3f9703e75684a62888f73804e02d1db-db-1 Healthy 
 Container bf-demo-f3f9703e75684a62888f73804e02d1db-init-1 Starting 
 Container bf-demo-f3f9703e75684a62888f73804e02d1db-init-1 Started 
 Container bf-demo-f3f9703e75684a62888f73804e02d1db-init-1 Waiting 
 Container bf-demo-f3f9703e75684a62888f73804e02d1db-db-1 Waiting 
 Container bf-demo-f3f9703e75684a62888f73804e02d1db-db-1 Healthy 
 Container bf-demo-f3f9703e75684a62888f73804e02d1db-init-1 Exited 
 Container bf-demo-f3f9703e75684a62888f73804e02d1db-api-1 Starting 
 Container bf-demo-f3f9703e75684a62888f73804e02d1db-api-1 Started 
 Container bf-demo-f3f9703e75684a62888f73804e02d1db-api-1 Waiting 
 Container bf-demo-f3f9703e75684a62888f73804e02d1db-api-1 Healthy 
 Container bf-demo-f3f9703e75684a62888f73804e02d1db-web-1 Starting 
 Container bf-demo-f3f9703e75684a62888f73804e02d1db-web-1 Started 
 Container bf-demo-f3f9703e75684a62888f73804e02d1db-api-1 Waiting 
 Container bf-demo-f3f9703e75684a62888f73804e02d1db-web-1 Waiting 
 Container bf-demo-f3f9703e75684a62888f73804e02d1db-db-1 Waiting 
 Container bf-demo-f3f9703e75684a62888f73804e02d1db-init-1 Waiting 
 Container bf-demo-f3f9703e75684a62888f73804e02d1db-api-1 Healthy 
 Container bf-demo-f3f9703e75684a62888f73804e02d1db-init-1 Exited 
 Container bf-demo-f3f9703e75684a62888f73804e02d1db-db-1 Healthy 
 Container bf-demo-f3f9703e75684a62888f73804e02d1db-web-1 Healthy 
