
 RUN  v3.2.4 F:/学校活动/工行杯/钱途有界/bounded-funds/apps/web

 ✓ src/api/goal-reallocation.test.ts (50 tests) 25ms

⎯⎯⎯⎯⎯⎯ Failed Suites 1 ⎯⎯⎯⎯⎯⎯⎯

 FAIL  src/components/GoalReallocationPanel.test.tsx [ src/components/GoalReallocationPanel.test.tsx ]
Error: Transform failed with 1 error:
F:/学校活动/工行杯/钱途有界/bounded-funds/apps/web/src/components/GoalReallocationPanel.test.tsx:9:767: ERROR: Expected ")" but found "累计剩余"
  Plugin: vite:esbuild
  File: F:/学校活动/工行杯/钱途有界/bounded-funds/apps/web/src/components/GoalReallocationPanel.test.tsx:9:767
  
  Expected ")" but found "累计剩余"
  7  |  function open(epoch: string | null = repairBinding.epochId) { render(<QueryClientProvider client={new QueryClient({ d...
  8  |  function handler(mode: Parameters<typeof repairFixture>[0] = 'UNKNOWN_USAGE') { const policy = repairPolicyFixture(mo...
  9  |  ...回拨|修复资金|创建回拨/ })).not.toBeInTheDocument(); expect(calls[1]!.path).toBe('/api/v1/goal-reallocation/preview'); expec...
     |                                                                 ^
  10 |  test('默认关闭原规则显示0原caps与BLOCKED但不把数学下界当可执行额', async () => { handler('DISABLED'); open(); fireEvent.change(await screen....
  11 |  test('UNKNOWN数学null不补0，模型缺失不捏造最低保障', async () => { handler('UNKNOWN_MATH'); open(); fireEvent.change(await screen.fin...
  
 ❯ failureErrorWithLog ../../node_modules/.pnpm/esbuild@0.28.2/node_modules/esbuild/lib/main.js:1752:15
 ❯ ../../node_modules/.pnpm/esbuild@0.28.2/node_modules/esbuild/lib/main.js:1019:50
 ❯ responseCallbacks.<computed> ../../node_modules/.pnpm/esbuild@0.28.2/node_modules/esbuild/lib/main.js:886:9
 ❯ handleIncomingPacket ../../node_modules/.pnpm/esbuild@0.28.2/node_modules/esbuild/lib/main.js:941:12
 ❯ Socket.readFromStdout ../../node_modules/.pnpm/esbuild@0.28.2/node_modules/esbuild/lib/main.js:864:7

⎯⎯⎯⎯⎯⎯⎯⎯⎯⎯⎯⎯⎯⎯⎯⎯⎯⎯⎯⎯⎯⎯⎯⎯[1/1]⎯


 Test Files  1 failed | 1 passed (2)
      Tests  50 passed (50)
   Start at  02:46:38
   Duration  2.96s (transform 361ms, setup 1.13s, collect 503ms, tests 25ms, environment 2.15s, prepare 639ms)

undefined
F:\学校活动\工行杯\钱途有界\bounded-funds\apps\web:
[ERR_PNPM_RECURSIVE_EXEC_FIRST_FAIL] Command failed with exit code 1: vitest run src/api/goal-reallocation.test.ts src/components/GoalReallocationPanel.test.tsx
