
 RUN  v3.2.4 F:/学校活动/工行杯/钱途有界/bounded-funds/apps/web

 ✓ src/api/decision-search.test.ts (21 tests) 13ms
 ❯ src/components/DecisionSearchPanel.test.tsx (5 tests | 1 failed) 1274ms
   ✓ explicit exact search only GET, original trace link and raw response remain available 123ms
   ✓ partial source preserves unknown and unverified denominator 21ms
   ✓ editing filters hides old response and does not automatically requery 38ms
   × missing current owner refuses lookup without networking 1024ms
     → Unable to find role="alert"

Ignored nodes: comments, script, style
[36m<body>[39m
  [36m<div>[39m
    [36m<section[39m
      [33maria-label[39m=[32m"动作与版本搜索"[39m
      [33mclass[39m=[32m"card"[39m
    [36m>[39m
      [36m<h3>[39m
        [0m按原动作与策略版本检索[0m
      [36m</h3>[39m
      [36m<p>[39m
        [0m只读检索当前保存记录。精确原键、UUID和版本可相交；未找到不能证明没有发生动作，记录完整也不代表资金已执行。[0m
      [36m</p>[39m
      [36m<label>[39m
        [0m动作查询方式[0m
        [36m<select>[39m
          [36m<option[39m
            [33mvalue[39m=[32m"action_id"[39m
          [36m>[39m
            [0m动作 UUID[0m
          [36m</option>[39m
          [36m<option[39m
            [33mvalue[39m=[32m"action_key"[39m
          [36m>[39m
            [0m原动作键[0m
          [36m</option>[39m
        [36m</select>[39m
      [36m</label>[39m
      [36m<label>[39m
        [0m动作 UUID（可选）[0m
        [36m<input[39m
          [33mvalue[39m=[32m"00000000-0000-0000-0000-000000000003"[39m
        [36m/>[39m
      [36m</label>[39m
      [36m<label>[39m
        [0m策略版本 UUID（可选）[0m
        [36m<input[39m
          [33mvalue[39m=[32m""[39m
        [36m/>[39m
      [36m</label>[39m
      [36m<label>[39m
        [0m审计轮次 UUID（可选）[0m
        [36m<input[39m
          [33mvalue[39m=[32m""[39m
        [36m/>[39m
      [36m</label>[39m
      [36m<button>[39m
        [0m只读搜索原记录[0m
      [36m</button>[39m
      [36m<div[39m
        [33maria-label[39m=[32m"审计搜索结果"[39m
        [33mrole[39m=[32m"region"[39m
      [36m>[39m
        [36m<h4>[39m
          [0m当前限定来源已检索 · 无资金授权[0m
        [36m</h4>[39m
        [36m<p>[39m
          [0m读取 [0m
          [0m2026-10-04T08:00:00+00:00[0m
          [0m；业务知悉时点 [0m
          [0m2026-10-04T08:00:00+00:00[0m
          [0m；仅当前持久记录，归档与完整审计链未在搜索中验证。[0m
        [36m</p>[39m
        [36m<dl>[39m
          [36m<dt>[39m
            [0m拥有者全部原决策[0m
          [36m</dt>[39m
          [36m<dd>[39m
            [0m2[0m
          [36m</dd>[39m
          [36m<dt>[39m
            [0m本时点可见[0m
          [36m</dt>[39m
          [36m<dd>[39m
            [0m1[0m
          [36m</dd>[39m
          [36m<dt>[39m
            [0m本查询来源已捕获 / 应有[0m
          [36m</dt>[39m
          [36m<dd>[39m
            [0m1[0m
            [0m / [0m
            [0m1[0m
          [36m</dd>[39m
          [36m<dt>[39m
            [0m类型化已核 / 未核[0m
          [36m</dt>[39m
          [36m<dd>[39m
            [0m1[0m
            [0m / [0m
            [0m0[0m
          [36m</dd>[39m
          [36m<dt>[39m
            [0m已核匹配 / 全部匹配[0m
          [36m</dt>[39m
          [36m<dd>[39m
            [0m1[0m
            [0m / [0m
            [0m1[0m
          [36m</dd>[39m
        [36m</dl>[39m
        [36m<div[39m
          [33mrole[39m=[32m"note"[39m
        [36m>[39m
          [36m<p>[39m
            [0m具体未覆盖项[0m
          [36m</p>[39m
          [36m<p>[39m
            [0mFULL_POLICY_VERSION_SPECIALIZED_PROOF_FILTER[0m
          [36m</p>[39m
          [36m<p>[39m
            [0mSEALED_ARCHIVE_DECISION_SEARCH[0m
          [36m</p>[39m
          [36m<p>[39m
            [0mFREE_TEXT_OR_INFERRED_UUID_REFERENCES[0m
          [36m</p>[39m
        [36m</div>[39m
        [36m<article[39m
          [33mclass[39m=[32m"trace-item"[39m
        [36m>[39m
          [36m<h4>[39m
            [0mPREPARE[0m
            [0m · [0m
            [0mMATCHED[0m
          [36m</h4>[39m
          [36m<p>[39m
            [0m2026-10-04T08:00:00+00:00[0m
            [0m · 原记录状态 [0m
            [0mSUCCEEDED[0m
            [0m · [0m
            [0mCOMPLETE[0m
          [36m</p>[39m
          [36m<a[39m
            [33mhref[39m=[32m"#decisions/00000000-0000-0000-0000-000000000002"[39m
          [36m>[39m
            [0m查看原决策 [0m
            [0m00000000-0000-0000-0000-000000000002[0m
          [36m</a>[39m
          [36m<p>[39m
            [0m原动作 [0m
            [0m00000000-0000-0000-0000-000000000003[0m
          [36m</p>[39m
          [36m<details>[39m
            [36m<summary>[39m
              [0m原关联指针与摘要[0m
            [36m</summary>[39m
            [36m<p>[39m
              [0m快照 [0m
              [0mbbbbbbbbbbbbbbbbbbbbbbbbbbbbbbbbbbbbbbbbbbbbbbbbbbbbbbbbbbbbbbbb[0m
            [36m</p>[39m
            [36m<p>[39m
              [0m轨迹 [0m
              [0mcccccccccccccccccccccccccccccccccccccccccccccccccccccccccccccccc[0m
            [36m</p>[39m
            [36m<p>[39m
              [0mACTION[0m
              [0m [0m
              [0m00000000-0000-0000-0000-000000000003[0m
              [0m · [0m
              [0m/subject_action_plan_id[0m
              [0m · [0m
              [0mPERSISTED_FOREIGN_KEY[0m
            [36m</p>[39m
          [36m</details>[39m
        [36m</article>[39m
        [36m<details>[39m
          [36m<summary>[39m
            [0m完整原响应文本[0m
          [36m</summary>[39m
          [36m<pre>[39m
            [0m{"schema_version":"full-decision-search-v1","simulation":true,"user_id":"00000000-0000-0000-0000-000000000001","read_at":"2026-10-04T08:00:00+00:00","business_known_at":"2026-10-04T08:00:00+00:00","query":{"action_id":"00000000-0000-0000-0000-000000000003","action_key":null,"policy_version_id":null,"epoch_id":null,"limit":20,"offset":0},"resolved_action_id":"00000000-0000-0000-0000-000000000003","version_family":"NONE","state":"SEARCHED","scope":"CURRENT_PERSISTED_DECISION_ROWS","inventory":{"actual_owned_decision_count":2,"known_decision_count":1,"selected_scope_count":1,"captured_scope_count":1,"source_bytes":1234,"action_link_count":1,"captured_action_link_count":1,"audit_link_count":0,"captured_audit_link_count":0,"verified_typed_count":1,"unverifiable_count":0,"returned_count":1,"row_limit":1024,"byte_limit":67108864},"source_hash":"aaaaaaaaaaaaaaaaaaaaaaaaaaaaaaaaaaaaaaaaaaaaaaaaaaaaaaaaaaaaaaaa","verified_match_count":1,"total_match_count":1,"next_offset":null,"items":[{"run_id":"00000000-0000-0000-0000-000000000002","as_of":"2026-10-04T08:00:00+00:00","trigger_type":"SYNTHETIC_TEST_ONLY","record_status":"SUCCEEDED","action_ids":["00000000-0000-0000-0000-000000000003"],"epoch_ids":[],"phase":"PREPARE","snapshot_hash":"bbbbbbbbbbbbbbbbbbbbbbbbbbbbbbbbbbbbbbbbbbbbbbbbbbbbbbbbbbbbbbbb","trace_hash":"cccccccccccccccccccccccccccccccccccccccccccccccccccccccccccccccc","completeness":"COMPLETE","match_state":"MATCHED","references":[{"kind":"ACTION","identity":"00000000-0000-0000-0000-000000000003","pointer":"/subject_action_plan_id","relation":"PERSISTED_FOREIGN_KEY"}],"issues":[],"grants_authority":false,"financial_success_inferred":false}],"issues":[],"unsupported_families":["FULL_POLICY_VERSION_SPECIALIZED_PROOF_FILTER","SEALED_ARCHIVE_DECISION_SEARCH","FREE_TEXT_OR_INFERRED_UUID_REFERENCES"],"absence_is_final":false,"grants_authority":false,"financial_success_inferred":false,"archived_records_searched":false,"audit_chain_verified":false}[0m
          [36m</pre>[39m
        [36m</details>[39m
      [36m</div>[39m
    [36m</section>[39m
  [36m</div>[39m
[36m</body>[39m

Ignored nodes: comments, script, style
[36m<body>[39m
  [36m<div>[39m
    [36m<section[39m
      [33maria-label[39m=[32m"动作与版本搜索"[39m
      [33mclass[39m=[32m"card"[39m
    [36m>[39m
      [36m<h3>[39m
        [0m按原动作与策略版本检索[0m
      [36m</h3>[39m
      [36m<p>[39m
        [0m只读检索当前保存记录。精确原键、UUID和版本可相交；未找到不能证明没有发生动作，记录完整也不代表资金已执行。[0m
      [36m</p>[39m
      [36m<label>[39m
        [0m动作查询方式[0m
        [36m<select>[39m
          [36m<option[39m
            [33mvalue[39m=[32m"action_id"[39m
          [36m>[39m
            [0m动作 UUID[0m
          [36m</option>[39m
          [36m<option[39m
            [33mvalue[39m=[32m"action_key"[39m
          [36m>[39m
            [0m原动作键[0m
          [36m</option>[39m
        [36m</select>[39m
      [36m</label>[39m
      [36m<label>[39m
        [0m动作 UUID（可选）[0m
        [36m<input[39m
          [33mvalue[39m=[32m"00000000-0000-0000-0000-000000000003"[39m
        [36m/>[39m
      [36m</label>[39m
      [36m<label>[39m
        [0m策略版本 UUID（可选）[0m
        [36m<input[39m
          [33mvalue[39m=[32m""[39m
        [36m/>[39m
      [36m</label>[39m
      [36m<label>[39m
        [0m审计轮次 UUID（可选）[0m
        [36m<input[39m
          [33mvalue[39m=[32m""[39m
        [36m/>[39m
      [36m</label>[39m
      [36m<button>[39m
        [0m只读搜索原记录[0m
      [36m</button>[39m
      [36m<div[39m
        [33maria-label[39m=[32m"审计搜索结果"[39m
        [33mrole[39m=[32m"region"[39m
      [36m>[39m
        [36m<h4>[39m
          [0m当前限定来源已检索 · 无资金授权[0m
        [36m</h4>[39m
        [36m<p>[39m
          [0m读取 [0m
          [0m2026-10-04T08:00:00+00:00[0m
          [0m；业务知悉时点 [0m
          [0m2026-10-04T08:00:00+00:00[0m
          [0m；仅当前持久记录，归档与完整审计链未在搜索中验证。[0m
        [36m</p>[39m
        [36m<dl>[39m
          [36m<dt>[39m
            [0m拥有者全部原决策[0m
          [36m</dt>[39m
          [36m<dd>[39m
            [0m2[0m
          [36m</dd>[39m
          [36m<dt>[39m
            [0m本时点可见[0m
          [36m</dt>[39m
          [36m<dd>[39m
            [0m1[0m
          [36m</dd>[39m
          [36m<dt>[39m
            [0m本查询来源已捕获 / 应有[0m
          [36m</dt>[39m
          [36m<dd>[39m
            [0m1[0m
            [0m / [0m
            [0m1[0m
          [36m</dd>[39m
          [36m<dt>[39m
            [0m类型化已核 / 未核[0m
          [36m</dt>[39m
          [36m<dd>[39m
            [0m1[0m
            [0m / [0m
            [0m0[0m
          [36m</dd>[39m
          [36m<dt>[39m
            [0m已核匹配 / 全部匹配[0m
          [36m</dt>[39m
          [36m<dd>[39m
            [0m1[0m
            [0m / [0m
            [0m1[0m
          [36m</dd>[39m
        [36m</dl>[39m
        [36m<div[39m
          [33mrole[39m=[32m"note"[39m
        [36m>[39m
          [36m<p>[39m
            [0m具体未覆盖项[0m
          [36m</p>[39m
          [36m<p>[39m
            [0mFULL_POLICY_VERSION_SPECIALIZED_PROOF_FILTER[0m
          [36m</p>[39m
          [36m<p>[39m
            [0mSEALED_ARCHIVE_DECISION_SEARCH[0m
          [36m</p>[39m
          [36m<p>[39m
            [0mFREE_TEXT_OR_INFERRED_UUID_REFERENCES[0m
          [36m</p>[39m
        [36m</div>[39m
        [36m<article[39m
          [33mclass[39m=[32m"trace-item"[39m
        [36m>[39m
          [36m<h4>[39m
            [0mPREPARE[0m
            [0m · [0m
            [0mMATCHED[0m
          [36m</h4>[39m
          [36m<p>[39m
            [0m2026-10-04T08:00:00+00:00[0m
            [0m · 原记录状态 [0m
            [0mSUCCEEDED[0m
            [0m · [0m
            [0mCOMPLETE[0m
          [36m</p>[39m
          [36m<a[39m
            [33mhref[39m=[32m"#decisions/00000000-0000-0000-0000-000000000002"[39m
          [36m>[39m
            [0m查看原决策 [0m
            [0m00000000-0000-0000-0000-000000000002[0m
          [36m</a>[39m
          [36m<p>[39m
            [0m原动作 [0m
            [0m00000000-0000-0000-0000-000000000003[0m
          [36m</p>[39m
          [36m<details>[39m
            [36m<summary>[39m
              [0m原关联指针与摘要[0m
            [36m</summary>[39m
            [36m<p>[39m
              [0m快照 [0m
              [0mbbbbbbbbbbbbbbbbbbbbbbbbbbbbbbbbbbbbbbbbbbbbbbbbbbbbbbbbbbbbbbbb[0m
            [36m</p>[39m
            [36m<p>[39m
              [0m轨迹 [0m
              [0mcccccccccccccccccccccccccccccccccccccccccccccccccccccccccccccccc[0m
            [36m</p>[39m
            [36m<p>[39m
              [0mACTION[0m
              [0m [0m
              [0m00000000-0000-0000-0000-000000000003[0m
              [0m · [0m
              [0m/subject_action_plan_id[0m
              [0m · [0m
              [0mPERSISTED_FOREIGN_KEY[0m
            [36m</p>[39m
          [36m</details>[39m
        [36m</article>[39m
        [36m<details>[39m
          [36m<summary>[39m
            [0m完整原响应文本[0m
          [36m</summary>[39m
          [36m<pre>[39m
            [0m{"schema_version":"full-decision-search-v1","simulation":true,"user_id":"00000000-0000-0000-0000-000000000001","read_at":"2026-10-04T08:00:00+00:00","business_known_at":"2026-10-04T08:00:00+00:00","query":{"action_id":"00000000-0000-0000-0000-000000000003","action_key":null,"policy_version_id":null,"epoch_id":null,"limit":20,"offset":0},"resolved_action_id":"00000000-0000-0000-0000-000000000003","version_family":"NONE","state":"SEARCHED","scope":"CURRENT_PERSISTED_DECISION_ROWS","inventory":{"actual_owned_decision_count":2,"known_decision_count":1,"selected_scope_count":1,"captured_scope_count":1,"source_bytes":1234,"action_link_count":1,"captured_action_link_count":1,"audit_link_count":0,"captured_audit_link_count":0,"verified_typed_count":1,"unverifiable_count":0,"returned_count":1,"row_limit":1024,"byte_limit":67108864},"source_hash":"aaaaaaaaaaaaaaaaaaaaaaaaaaaaaaaaaaaaaaaaaaaaaaaaaaaaaaaaaaaaaaaa","verified_match_count":1,"total_match_count":1,"next_offset":null,"items":[{"run_id":"00000000-0000-0000-0000-000000000002","as_of":"2026-10-04T08:00:00+00:00","trigger_type":"SYNTHETIC_TEST_ONLY","record_status":"SUCCEEDED","action_ids":["00000000-0000-0000-0000-000000000003"],"epoch_ids":[],"phase":"PREPARE","snapshot_hash":"bbbbbbbbbbbbbbbbbbbbbbbbbbbbbbbbbbbbbbbbbbbbbbbbbbbbbbbbbbbbbbbb","trace_hash":"cccccccccccccccccccccccccccccccccccccccccccccccccccccccccccccccc","completeness":"COMPLETE","match_state":"MATCHED","references":[{"kind":"ACTION","identity":"00000000-0000-0000-0000-000000000003","pointer":"/subject_action_plan_id","relation":"PERSISTED_FOREIGN_KEY"}],"issues":[],"grants_authority":false,"financial_success_inferred":false}],"issues":[],"unsupported_families":["FULL_POLICY_VERSION_SPECIALIZED_PROOF_FILTER","SEALED_ARCHIVE_DECISION_SEARCH","FREE_TEXT_OR_INFERRED_UUID_REFERENCES"],"absence_is_final":false,"grants_authority":false,"financial_success_inferred":false,"archived_records_searched":false,"audit_chain_verified":false}[0m
          [36m</pre>[39m
        [36m</details>[39m
      [36m</div>[39m
    [36m</section>[39m
  [36m</div>[39m
[36m</body>[39m
   ✓ response loss hides previous source and keeps error without retry 67ms

⎯⎯⎯⎯⎯⎯⎯ Failed Tests 1 ⎯⎯⎯⎯⎯⎯⎯

 FAIL  src/components/DecisionSearchPanel.test.tsx > missing current owner refuses lookup without networking
TestingLibraryElementError: Unable to find role="alert"

Ignored nodes: comments, script, style
[36m<body>[39m
  [36m<div>[39m
    [36m<section[39m
      [33maria-label[39m=[32m"动作与版本搜索"[39m
      [33mclass[39m=[32m"card"[39m
    [36m>[39m
      [36m<h3>[39m
        [0m按原动作与策略版本检索[0m
      [36m</h3>[39m
      [36m<p>[39m
        [0m只读检索当前保存记录。精确原键、UUID和版本可相交；未找到不能证明没有发生动作，记录完整也不代表资金已执行。[0m
      [36m</p>[39m
      [36m<label>[39m
        [0m动作查询方式[0m
        [36m<select>[39m
          [36m<option[39m
            [33mvalue[39m=[32m"action_id"[39m
          [36m>[39m
            [0m动作 UUID[0m
          [36m</option>[39m
          [36m<option[39m
            [33mvalue[39m=[32m"action_key"[39m
          [36m>[39m
            [0m原动作键[0m
          [36m</option>[39m
        [36m</select>[39m
      [36m</label>[39m
      [36m<label>[39m
        [0m动作 UUID（可选）[0m
        [36m<input[39m
          [33mvalue[39m=[32m"00000000-0000-0000-0000-000000000003"[39m
        [36m/>[39m
      [36m</label>[39m
      [36m<label>[39m
        [0m策略版本 UUID（可选）[0m
        [36m<input[39m
          [33mvalue[39m=[32m""[39m
        [36m/>[39m
      [36m</label>[39m
      [36m<label>[39m
        [0m审计轮次 UUID（可选）[0m
        [36m<input[39m
          [33mvalue[39m=[32m""[39m
        [36m/>[39m
      [36m</label>[39m
      [36m<button>[39m
        [0m只读搜索原记录[0m
      [36m</button>[39m
      [36m<div[39m
        [33maria-label[39m=[32m"审计搜索结果"[39m
        [33mrole[39m=[32m"region"[39m
      [36m>[39m
        [36m<h4>[39m
          [0m当前限定来源已检索 · 无资金授权[0m
        [36m</h4>[39m
        [36m<p>[39m
          [0m读取 [0m
          [0m2026-10-04T08:00:00+00:00[0m
          [0m；业务知悉时点 [0m
          [0m2026-10-04T08:00:00+00:00[0m
          [0m；仅当前持久记录，归档与完整审计链未在搜索中验证。[0m
        [36m</p>[39m
        [36m<dl>[39m
          [36m<dt>[39m
            [0m拥有者全部原决策[0m
          [36m</dt>[39m
          [36m<dd>[39m
            [0m2[0m
          [36m</dd>[39m
          [36m<dt>[39m
            [0m本时点可见[0m
          [36m</dt>[39m
          [36m<dd>[39m
            [0m1[0m
          [36m</dd>[39m
          [36m<dt>[39m
            [0m本查询来源已捕获 / 应有[0m
          [36m</dt>[39m
          [36m<dd>[39m
            [0m1[0m
            [0m / [0m
            [0m1[0m
          [36m</dd>[39m
          [36m<dt>[39m
            [0m类型化已核 / 未核[0m
          [36m</dt>[39m
          [36m<dd>[39m
            [0m1[0m
            [0m / [0m
            [0m0[0m
          [36m</dd>[39m
          [36m<dt>[39m
            [0m已核匹配 / 全部匹配[0m
          [36m</dt>[39m
          [36m<dd>[39m
            [0m1[0m
            [0m / [0m
            [0m1[0m
          [36m</dd>[39m
        [36m</dl>[39m
        [36m<div[39m
          [33mrole[39m=[32m"note"[39m
        [36m>[39m
          [36m<p>[39m
            [0m具体未覆盖项[0m
          [36m</p>[39m
          [36m<p>[39m
            [0mFULL_POLICY_VERSION_SPECIALIZED_PROOF_FILTER[0m
          [36m</p>[39m
          [36m<p>[39m
            [0mSEALED_ARCHIVE_DECISION_SEARCH[0m
          [36m</p>[39m
          [36m<p>[39m
            [0mFREE_TEXT_OR_INFERRED_UUID_REFERENCES[0m
          [36m</p>[39m
        [36m</div>[39m
        [36m<article[39m
          [33mclass[39m=[32m"trace-item"[39m
        [36m>[39m
          [36m<h4>[39m
            [0mPREPARE[0m
            [0m · [0m
            [0mMATCHED[0m
          [36m</h4>[39m
          [36m<p>[39m
            [0m2026-10-04T08:00:00+00:00[0m
            [0m · 原记录状态 [0m
            [0mSUCCEEDED[0m
            [0m · [0m
            [0mCOMPLETE[0m
          [36m</p>[39m
          [36m<a[39m
            [33mhref[39m=[32m"#decisions/00000000-0000-0000-0000-000000000002"[39m
          [36m>[39m
            [0m查看原决策 [0m
            [0m00000000-0000-0000-0000-000000000002[0m
          [36m</a>[39m
          [36m<p>[39m
            [0m原动作 [0m
            [0m00000000-0000-0000-0000-000000000003[0m
          [36m</p>[39m
          [36m<details>[39m
            [36m<summary>[39m
              [0m原关联指针与摘要[0m
            [36m</summary>[39m
            [36m<p>[39m
              [0m快照 [0m
              [0mbbbbbbbbbbbbbbbbbbbbbbbbbbbbbbbbbbbbbbbbbbbbbbbbbbbbbbbbbbbbbbbb[0m
            [36m</p>[39m
            [36m<p>[39m
              [0m轨迹 [0m
              [0mcccccccccccccccccccccccccccccccccccccccccccccccccccccccccccccccc[0m
            [36m</p>[39m
            [36m<p>[39m
              [0mACTION[0m
              [0m [0m
              [0m00000000-0000-0000-0000-000000000003[0m
              [0m · [0m
              [0m/subject_action_plan_id[0m
              [0m · [0m
              [0mPERSISTED_FOREIGN_KEY[0m
            [36m</p>[39m
          [36m</details>[39m
        [36m</article>[39m
        [36m<details>[39m
          [36m<summary>[39m
            [0m完整原响应文本[0m
          [36m</summary>[39m
          [36m<pre>[39m
            [0m{"schema_version":"full-decision-search-v1","simulation":true,"user_id":"00000000-0000-0000-0000-000000000001","read_at":"2026-10-04T08:00:00+00:00","business_known_at":"2026-10-04T08:00:00+00:00","query":{"action_id":"00000000-0000-0000-0000-000000000003","action_key":null,"policy_version_id":null,"epoch_id":null,"limit":20,"offset":0},"resolved_action_id":"00000000-0000-0000-0000-000000000003","version_family":"NONE","state":"SEARCHED","scope":"CURRENT_PERSISTED_DECISION_ROWS","inventory":{"actual_owned_decision_count":2,"known_decision_count":1,"selected_scope_count":1,"captured_scope_count":1,"source_bytes":1234,"action_link_count":1,"captured_action_link_count":1,"audit_link_count":0,"captured_audit_link_count":0,"verified_typed_count":1,"unverifiable_count":0,"returned_count":1,"row_limit":1024,"byte_limit":67108864},"source_hash":"aaaaaaaaaaaaaaaaaaaaaaaaaaaaaaaaaaaaaaaaaaaaaaaaaaaaaaaaaaaaaaaa","verified_match_count":1,"total_match_count":1,"next_offset":null,"items":[{"run_id":"00000000-0000-0000-0000-000000000002","as_of":"2026-10-04T08:00:00+00:00","trigger_type":"SYNTHETIC_TEST_ONLY","record_status":"SUCCEEDED","action_ids":["00000000-0000-0000-0000-000000000003"],"epoch_ids":[],"phase":"PREPARE","snapshot_hash":"bbbbbbbbbbbbbbbbbbbbbbbbbbbbbbbbbbbbbbbbbbbbbbbbbbbbbbbbbbbbbbbb","trace_hash":"cccccccccccccccccccccccccccccccccccccccccccccccccccccccccccccccc","completeness":"COMPLETE","match_state":"MATCHED","references":[{"kind":"ACTION","identity":"00000000-0000-0000-0000-000000000003","pointer":"/subject_action_plan_id","relation":"PERSISTED_FOREIGN_KEY"}],"issues":[],"grants_authority":false,"financial_success_inferred":false}],"issues":[],"unsupported_families":["FULL_POLICY_VERSION_SPECIALIZED_PROOF_FILTER","SEALED_ARCHIVE_DECISION_SEARCH","FREE_TEXT_OR_INFERRED_UUID_REFERENCES"],"absence_is_final":false,"grants_authority":false,"financial_success_inferred":false,"archived_records_searched":false,"audit_chain_verified":false}[0m
          [36m</pre>[39m
        [36m</details>[39m
      [36m</div>[39m
    [36m</section>[39m
  [36m</div>[39m
[36m</body>[39m

Ignored nodes: comments, script, style
[36m<body>[39m
  [36m<div>[39m
    [36m<section[39m
      [33maria-label[39m=[32m"动作与版本搜索"[39m
      [33mclass[39m=[32m"card"[39m
    [36m>[39m
      [36m<h3>[39m
        [0m按原动作与策略版本检索[0m
      [36m</h3>[39m
      [36m<p>[39m
        [0m只读检索当前保存记录。精确原键、UUID和版本可相交；未找到不能证明没有发生动作，记录完整也不代表资金已执行。[0m
      [36m</p>[39m
      [36m<label>[39m
        [0m动作查询方式[0m
        [36m<select>[39m
          [36m<option[39m
            [33mvalue[39m=[32m"action_id"[39m
          [36m>[39m
            [0m动作 UUID[0m
          [36m</option>[39m
          [36m<option[39m
            [33mvalue[39m=[32m"action_key"[39m
          [36m>[39m
            [0m原动作键[0m
          [36m</option>[39m
        [36m</select>[39m
      [36m</label>[39m
      [36m<label>[39m
        [0m动作 UUID（可选）[0m
        [36m<input[39m
          [33mvalue[39m=[32m"00000000-0000-0000-0000-000000000003"[39m
        [36m/>[39m
      [36m</label>[39m
      [36m<label>[39m
        [0m策略版本 UUID（可选）[0m
        [36m<input[39m
          [33mvalue[39m=[32m""[39m
        [36m/>[39m
      [36m</label>[39m
      [36m<label>[39m
        [0m审计轮次 UUID（可选）[0m
        [36m<input[39m
          [33mvalue[39m=[32m""[39m
        [36m/>[39m
      [36m</label>[39m
      [36m<button>[39m
        [0m只读搜索原记录[0m
      [36m</button>[39m
      [36m<div[39m
        [33maria-label[39m=[32m"审计搜索结果"[39m
        [33mrole[39m=[32m"region"[39m
      [36m>[39m
        [36m<h4>[39m
          [0m当前限定来源已检索 · 无资金授权[0m
        [36m</h4>[39m
        [36m<p>[39m
          [0m读取 [0m
          [0m2026-10-04T08:00:00+00:00[0m
          [0m；业务知悉时点 [0m
          [0m2026-10-04T08:00:00+00:00[0m
          [0m；仅当前持久记录，归档与完整审计链未在搜索中验证。[0m
        [36m</p>[39m
        [36m<dl>[39m
          [36m<dt>[39m
            [0m拥有者全部原决策[0m
          [36m</dt>[39m
          [36m<dd>[39m
            [0m2[0m
          [36m</dd>[39m
          [36m<dt>[39m
            [0m本时点可见[0m
          [36m</dt>[39m
          [36m<dd>[39m
            [0m1[0m
          [36m</dd>[39m
          [36m<dt>[39m
            [0m本查询来源已捕获 / 应有[0m
          [36m</dt>[39m
          [36m<dd>[39m
            [0m1[0m
            [0m / [0m
            [0m1[0m
          [36m</dd>[39m
          [36m<dt>[39m
            [0m类型化已核 / 未核[0m
          [36m</dt>[39m
          [36m<dd>[39m
            [0m1[0m
            [0m / [0m
            [0m0[0m
          [36m</dd>[39m
          [36m<dt>[39m
            [0m已核匹配 / 全部匹配[0m
          [36m</dt>[39m
          [36m<dd>[39m
            [0m1[0m
            [0m / [0m
            [0m1[0m
          [36m</dd>[39m
        [36m</dl>[39m
        [36m<div[39m
          [33mrole[39m=[32m"note"[39m
        [36m>[39m
          [36m<p>[39m
            [0m具体未覆盖项[0m
          [36m</p>[39m
          [36m<p>[39m
            [0mFULL_POLICY_VERSION_SPECIALIZED_PROOF_FILTER[0m
          [36m</p>[39m
          [36m<p>[39m
            [0mSEALED_ARCHIVE_DECISION_SEARCH[0m
          [36m</p>[39m
          [36m<p>[39m
            [0mFREE_TEXT_OR_INFERRED_UUID_REFERENCES[0m
          [36m</p>[39m
        [36m</div>[39m
        [36m<article[39m
          [33mclass[39m=[32m"trace-item"[39m
        [36m>[39m
          [36m<h4>[39m
            [0mPREPARE[0m
            [0m · [0m
            [0mMATCHED[0m
          [36m</h4>[39m
          [36m<p>[39m
            [0m2026-10-04T08:00:00+00:00[0m
            [0m · 原记录状态 [0m
            [0mSUCCEEDED[0m
            [0m · [0m
            [0mCOMPLETE[0m
          [36m</p>[39m
          [36m<a[39m
            [33mhref[39m=[32m"#decisions/00000000-0000-0000-0000-000000000002"[39m
          [36m>[39m
            [0m查看原决策 [0m
            [0m00000000-0000-0000-0000-000000000002[0m
          [36m</a>[39m
          [36m<p>[39m
            [0m原动作 [0m
            [0m00000000-0000-0000-0000-000000000003[0m
          [36m</p>[39m
          [36m<details>[39m
            [36m<summary>[39m
              [0m原关联指针与摘要[0m
            [36m</summary>[39m
            [36m<p>[39m
              [0m快照 [0m
              [0mbbbbbbbbbbbbbbbbbbbbbbbbbbbbbbbbbbbbbbbbbbbbbbbbbbbbbbbbbbbbbbbb[0m
            [36m</p>[39m
            [36m<p>[39m
              [0m轨迹 [0m
              [0mcccccccccccccccccccccccccccccccccccccccccccccccccccccccccccccccc[0m
            [36m</p>[39m
            [36m<p>[39m
              [0mACTION[0m
              [0m [0m
              [0m00000000-0000-0000-0000-000000000003[0m
              [0m · [0m
              [0m/subject_action_plan_id[0m
              [0m · [0m
              [0mPERSISTED_FOREIGN_KEY[0m
            [36m</p>[39m
          [36m</details>[39m
        [36m</article>[39m
        [36m<details>[39m
          [36m<summary>[39m
            [0m完整原响应文本[0m
          [36m</summary>[39m
          [36m<pre>[39m
            [0m{"schema_version":"full-decision-search-v1","simulation":true,"user_id":"00000000-0000-0000-0000-000000000001","read_at":"2026-10-04T08:00:00+00:00","business_known_at":"2026-10-04T08:00:00+00:00","query":{"action_id":"00000000-0000-0000-0000-000000000003","action_key":null,"policy_version_id":null,"epoch_id":null,"limit":20,"offset":0},"resolved_action_id":"00000000-0000-0000-0000-000000000003","version_family":"NONE","state":"SEARCHED","scope":"CURRENT_PERSISTED_DECISION_ROWS","inventory":{"actual_owned_decision_count":2,"known_decision_count":1,"selected_scope_count":1,"captured_scope_count":1,"source_bytes":1234,"action_link_count":1,"captured_action_link_count":1,"audit_link_count":0,"captured_audit_link_count":0,"verified_typed_count":1,"unverifiable_count":0,"returned_count":1,"row_limit":1024,"byte_limit":67108864},"source_hash":"aaaaaaaaaaaaaaaaaaaaaaaaaaaaaaaaaaaaaaaaaaaaaaaaaaaaaaaaaaaaaaaa","verified_match_count":1,"total_match_count":1,"next_offset":null,"items":[{"run_id":"00000000-0000-0000-0000-000000000002","as_of":"2026-10-04T08:00:00+00:00","trigger_type":"SYNTHETIC_TEST_ONLY","record_status":"SUCCEEDED","action_ids":["00000000-0000-0000-0000-000000000003"],"epoch_ids":[],"phase":"PREPARE","snapshot_hash":"bbbbbbbbbbbbbbbbbbbbbbbbbbbbbbbbbbbbbbbbbbbbbbbbbbbbbbbbbbbbbbbb","trace_hash":"cccccccccccccccccccccccccccccccccccccccccccccccccccccccccccccccc","completeness":"COMPLETE","match_state":"MATCHED","references":[{"kind":"ACTION","identity":"00000000-0000-0000-0000-000000000003","pointer":"/subject_action_plan_id","relation":"PERSISTED_FOREIGN_KEY"}],"issues":[],"grants_authority":false,"financial_success_inferred":false}],"issues":[],"unsupported_families":["FULL_POLICY_VERSION_SPECIALIZED_PROOF_FILTER","SEALED_ARCHIVE_DECISION_SEARCH","FREE_TEXT_OR_INFERRED_UUID_REFERENCES"],"absence_is_final":false,"grants_authority":false,"financial_success_inferred":false,"archived_records_searched":false,"audit_chain_verified":false}[0m
          [36m</pre>[39m
        [36m</details>[39m
      [36m</div>[39m
    [36m</section>[39m
  [36m</div>[39m
[36m</body>[39m
 ❯ waitForWrapper ../../node_modules/.pnpm/@testing-library+dom@10.4.2/node_modules/@testing-library/dom/dist/wait-for.js:163:27
 ❯ ../../node_modules/.pnpm/@testing-library+dom@10.4.2/node_modules/@testing-library/dom/dist/query-helpers.js:86:33
 ❯ src/components/DecisionSearchPanel.test.tsx:27:77
     25| });
     26| test('missing current owner refuses lookup without networking', async …
     27|   const fetch = transport(); open(undefined); search(); expect(await s…
       |                                                                             ^
     28| });
     29| test('response loss hides previous source and keeps error without retr…

⎯⎯⎯⎯⎯⎯⎯⎯⎯⎯⎯⎯⎯⎯⎯⎯⎯⎯⎯⎯⎯⎯⎯⎯[1/1]⎯


 Test Files  1 failed | 1 passed (2)
      Tests  1 failed | 25 passed (26)
   Start at  09:17:38
   Duration  4.04s (transform 312ms, setup 1.10s, collect 621ms, tests 1.29s, environment 2.19s, prepare 654ms)

