#1 [internal] load local bake definitions
#1 reading from stdin 2.33kB 0.0s done
#1 DONE 0.0s

#2 [web internal] load build definition from web.Dockerfile
#2 transferring dockerfile: 1.60kB done
#2 WARN: InvalidDefaultArgInFrom: Default value for ARG ${NODE_BASE_IMAGE} results in empty or invalid base image name (line 3)
#2 WARN: InvalidDefaultArgInFrom: Default value for ARG ${NGINX_BASE_IMAGE} results in empty or invalid base image name (line 19)
#2 DONE 0.0s

#3 [api internal] load build definition from api.Dockerfile
#3 transferring dockerfile: 2.16kB done
#3 WARN: InvalidDefaultArgInFrom: Default value for ARG ${UV_BINARY_IMAGE} results in empty or invalid base image name (line 4)
#3 WARN: InvalidDefaultArgInFrom: Default value for ARG ${PYTHON_BASE_IMAGE} results in empty or invalid base image name (line 5)
#3 WARN: InvalidDefaultArgInFrom: Default value for ARG ${PYTHON_BASE_IMAGE} results in empty or invalid base image name (line 20)
#3 DONE 0.0s

#4 [api internal] load metadata for docker.io/library/python@sha256:54c85f3c47607a77f32adec749d3c81d1348bf25833671f512b26a9b6d778cb3
#4 ...

#5 [api internal] load metadata for ghcr.io/astral-sh/uv@sha256:8b940d3a9d65bed080436972241af2e21c84b5e8c9193f7014ed71479ee795ff
#5 DONE 3.6s

#6 [web internal] load metadata for docker.io/library/nginx@sha256:df221db836e1754089190208cee7eeda94f233197056426eda74a43ab1abeac2
#6 ...

#4 [api internal] load metadata for docker.io/library/python@sha256:54c85f3c47607a77f32adec749d3c81d1348bf25833671f512b26a9b6d778cb3
#4 DONE 3.8s

#7 [web internal] load metadata for docker.io/library/node@sha256:0e0ff40c39bc087845bfb27465a0df4ea419520094bc35842ff83dd8cbe6f9b6
#7 DONE 3.8s

#8 [api internal] load .dockerignore
#8 transferring context: 454B 0.0s done
#8 DONE 0.0s

#9 [api dependencies 1/7] FROM docker.io/library/python@sha256:54c85f3c47607a77f32adec749d3c81d1348bf25833671f512b26a9b6d778cb3
#9 resolve docker.io/library/python@sha256:54c85f3c47607a77f32adec749d3c81d1348bf25833671f512b26a9b6d778cb3 0.0s done
#9 DONE 0.0s

#10 [api uv_binary 1/1] FROM ghcr.io/astral-sh/uv@sha256:8b940d3a9d65bed080436972241af2e21c84b5e8c9193f7014ed71479ee795ff
#10 resolve ghcr.io/astral-sh/uv@sha256:8b940d3a9d65bed080436972241af2e21c84b5e8c9193f7014ed71479ee795ff 0.0s done
#10 DONE 0.0s

#6 [web internal] load metadata for docker.io/library/nginx@sha256:df221db836e1754089190208cee7eeda94f233197056426eda74a43ab1abeac2
#6 DONE 4.0s

#11 [api internal] load build context
#11 ...

#8 [web internal] load .dockerignore
#8 transferring context: 454B 0.0s done
#8 DONE 0.0s

#12 [web runtime 1/3] FROM docker.io/library/nginx@sha256:df221db836e1754089190208cee7eeda94f233197056426eda74a43ab1abeac2
#12 resolve docker.io/library/nginx@sha256:df221db836e1754089190208cee7eeda94f233197056426eda74a43ab1abeac2 0.0s done
#12 DONE 0.0s

#13 [web build 1/9] FROM docker.io/library/node@sha256:0e0ff40c39bc087845bfb27465a0df4ea419520094bc35842ff83dd8cbe6f9b6
#13 resolve docker.io/library/node@sha256:0e0ff40c39bc087845bfb27465a0df4ea419520094bc35842ff83dd8cbe6f9b6 0.0s done
#13 DONE 0.0s

#11 [api internal] load build context
#11 ...

#14 [web internal] load build context
#14 transferring context: 1.60MB 0.3s done
#14 DONE 0.3s

#15 [web build 2/9] WORKDIR /workspace
#15 CACHED

#16 [web build 3/9] RUN node -e "if(process.versions.node.split('.')[0]!=='24')throw Error('Node24 required')" && npm install --global pnpm@11.19.0 --ignore-scripts && test "$(pnpm --version)" = "11.19.0"
#16 CACHED

#11 [api internal] load build context
#11 ...

#17 [web build 4/9] COPY package.json pnpm-lock.yaml pnpm-workspace.yaml ./
#17 CACHED

#18 [web build 5/9] COPY apps/web/ ./apps/web/
#18 DONE 0.0s

#19 [web build 6/9] COPY packages/contracts/ ./packages/contracts/
#19 DONE 0.0s

#11 [api internal] load build context
#11 transferring context: 7.38MB 0.6s done
#11 DONE 0.6s

#20 [api dependencies 6/7] RUN uv --version && uv sync --frozen --no-dev --no-install-project --no-editable --python /usr/local/bin/python
#20 CACHED

#21 [api dependencies 2/7] COPY --from=uv_binary /uv /usr/local/bin/uv
#21 CACHED

#22 [api dependencies 4/7] COPY pyproject.toml uv.lock ./
#22 CACHED

#23 [api runtime 3/8] COPY --from=dependencies /opt/bf-venv /opt/bf-venv
#23 CACHED

#24 [api dependencies 3/7] WORKDIR /workspace
#24 CACHED

#25 [api runtime 2/8] WORKDIR /workspace
#25 CACHED

#26 [api dependencies 5/7] RUN python -c "import hashlib,pathlib,sys; assert sys.version_info[:2]==(3,12); assert hashlib.sha256(pathlib.Path('uv.lock').read_bytes()).hexdigest()==sys.argv[1]" "b3b1dae5cf20edd6ef96609427aeaf8f7d0108ba3c075158a00d102383e36e4c"
#26 CACHED

#27 [api dependencies 7/7] RUN /opt/bf-venv/bin/python -c "import fastapi,uvicorn,pydantic,sqlalchemy,alembic,psycopg; from zoneinfo import ZoneInfo; assert ZoneInfo('Asia/Shanghai').key=='Asia/Shanghai'"
#27 CACHED

#28 [api runtime 4/8] COPY pyproject.toml uv.lock alembic.ini ./
#28 CACHED

#29 [api runtime 6/8] COPY scripts/scenario_runner_rpc.py scripts/seed_demo.py ./scripts/
#29 CACHED

#30 [api runtime 5/8] COPY apps/api/ ./apps/api/
#30 CACHED

#31 [api runtime 7/8] COPY deploy/initialize_demo.py ./deploy/initialize_demo.py
#31 CACHED

#32 [web build 7/9] RUN node -e "const fs=require('node:fs'),crypto=require('node:crypto');if(crypto.createHash('sha256').update(fs.readFileSync('pnpm-lock.yaml')).digest('hex')!==process.argv[1])throw Error('Original lock SHA differs')" "abca500080e1846e41d159c176d8a95902bcce239e3dca94651b40e68a8efc83"
#32 DONE 0.3s

#33 [api runtime 8/8] RUN python -c "import re,sys; assert re.fullmatch('[0-9a-f]{40}',sys.argv[1]); assert re.fullmatch('[0-9a-f]{64}',sys.argv[2]); from zoneinfo import ZoneInfo; ZoneInfo('Asia/Shanghai')" "4ccf84e973978482a1098d18c69fbfc9f011fac6" "409984d976ec0a1bf0e8698a72dd3337775f40d3d88173cb44eea75f705bb0f5"
#33 DONE 0.4s

#34 [web build 8/9] RUN pnpm install --frozen-lockfile
#34 ...

#35 [api] exporting to image
#35 exporting layers 0.0s done
#35 exporting manifest sha256:acee8c8c965fc55fe8a5df068a1425d053717bd8524f21657bf55079729a92da done
#35 exporting config sha256:48d5091c733fedef35401409deb6d4368acf46d76d7da3b067fdc02992b32507 done
#35 exporting attestation manifest sha256:57a2ddd8ca607e0e823ab3ec1be9d86915a8e1933a978653b9ee5e346205d9ce 0.0s done
#35 exporting manifest list sha256:8e39d848cacf1e1e2b22798a25044a6508e4da0f96127fdaab1a6e640c8320bb done
#35 naming to docker.io/library/bounded-funds-api:demo-7970d1487f8f4fa29ad09e0ad4a37149 done
#35 unpacking to docker.io/library/bounded-funds-api:demo-7970d1487f8f4fa29ad09e0ad4a37149 0.0s done
#35 DONE 0.1s

#36 [api] resolving provenance for metadata file
#36 DONE 0.0s

#34 [web build 8/9] RUN pnpm install --frozen-lockfile
#34 0.799 Scope: all 2 workspace projects
#34 0.866 ? Verifying lockfile against supply-chain policies (429 entries)...
#34 0.875 Lockfile is up to date, resolution step is skipped
#34 0.964 Progress: resolved 1, reused 0, downloaded 0, added 0
#34 1.007 Packages: +358
#34 1.007 ++++++++++++++++++++++++++++++++++++++++++++++++++++++++++++++++++++++++++++++++
#34 1.965 Progress: resolved 358, reused 0, downloaded 0, added 0
#34 3.238 Progress: resolved 358, reused 0, downloaded 1, added 0
#34 3.243 Packages are hard linked from the content-addressable store to the virtual store.
#34 3.243   Content-addressable store is at: /workspace/.pnpm-store/v11
#34 3.243   Virtual store is at:             node_modules/.pnpm
#34 4.122 
#34 4.122    ╭─────────────────────────────────────────╮
#34 4.122    │                                         │
#34 4.122    │   Update available! 11.19.0 → 12.9.1.   │
#34 4.122    │   Changelog: https://pnpm.io/v/12.9.1   │
#34 4.122    │    To update, run: pnpm add -g pnpm     │
#34 4.122    │                                         │
#34 4.122    ╰─────────────────────────────────────────╯
#34 4.122 
#34 4.238 Progress: resolved 358, reused 0, downloaded 75, added 75
#34 5.239 Progress: resolved 358, reused 0, downloaded 123, added 123
#34 6.240 Progress: resolved 358, reused 0, downloaded 167, added 167
#34 7.241 Progress: resolved 358, reused 0, downloaded 218, added 218
#34 8.240 Progress: resolved 358, reused 0, downloaded 282, added 282
#34 9.240 Progress: resolved 358, reused 0, downloaded 324, added 324
#34 10.24 Progress: resolved 358, reused 0, downloaded 355, added 355
#34 11.24 Progress: resolved 358, reused 0, downloaded 357, added 357
#34 12.70 Progress: resolved 358, reused 0, downloaded 358, added 357
#34 12.70 Progress: resolved 358, reused 0, downloaded 358, added 358, done
#34 13.88 ✓ Lockfile passes supply-chain policies (429 entries in 13s)
#34 13.88 .../node_modules/@tailwindcss/oxide postinstall$ node ./scripts/install.js
#34 13.91 .../esbuild@0.28.2/node_modules/esbuild postinstall$ node install.js
#34 13.96 .../node_modules/@tailwindcss/oxide postinstall: Done
#34 13.97 .../esbuild@0.28.2/node_modules/esbuild postinstall: Done
#34 14.07 
#34 14.07 devDependencies:
#34 14.07 + openapi-typescript 7.13.0
#34 14.07 
#34 14.11 Done in 13.7s using pnpm v11.19.0
#34 DONE 14.4s

#37 [web build 9/9] RUN pnpm --dir apps/web build
#37 0.678 $ tsc --noEmit && vite build
#37 3.951 vite v7.3.6 building client environment for production...
#37 4.017 transforming...
#37 4.885 ✓ 93 modules transformed.
#37 5.026 rendering chunks...
#37 5.034 computing gzip size...
#37 5.046 dist/index.html                   0.48 kB │ gzip:   0.34 kB
#37 5.046 dist/assets/index-BLUVy2UY.css   23.29 kB │ gzip:   5.92 kB
#37 5.046 dist/assets/index-aXn8EMN7.js   354.23 kB │ gzip: 108.48 kB
#37 5.046 ✓ built in 1.06s
#37 DONE 5.1s

#38 [web runtime 2/3] COPY deploy/nginx.conf /etc/nginx/conf.d/default.conf
#38 CACHED

#39 [web runtime 3/3] COPY --from=build /workspace/apps/web/dist/ /usr/share/nginx/html/
#39 DONE 0.0s

#40 [web] exporting to image
#40 exporting layers
#40 exporting layers 0.1s done
#40 exporting manifest sha256:3c5927b5a79932ebb6a397927ffbb9725304b78804d0787f2012ef291e9e1707 done
#40 exporting config sha256:316e4b43d28c2c6595642c2223fdec152860ef1796b2ee87686f14a187eb8f65 done
#40 exporting attestation manifest sha256:44a82c7f89376d1a4fa10214ace0b343c6bad81698cd8247a0765c051e52d50c 0.0s done
#40 exporting manifest list sha256:397a614b499f4130b2fc95ddc1a1ac949b019f28bf6b3524e7608c63893374d2
#40 exporting manifest list sha256:397a614b499f4130b2fc95ddc1a1ac949b019f28bf6b3524e7608c63893374d2 done
#40 naming to docker.io/library/bounded-funds-web:demo-7970d1487f8f4fa29ad09e0ad4a37149 done
#40 unpacking to docker.io/library/bounded-funds-web:demo-7970d1487f8f4fa29ad09e0ad4a37149 0.0s done
#40 DONE 0.2s

#41 [web] resolving provenance for metadata file
#41 DONE 0.0s
 Image bounded-funds-api:demo-7970d1487f8f4fa29ad09e0ad4a37149 Building 
 Image bounded-funds-web:demo-7970d1487f8f4fa29ad09e0ad4a37149 Building 
 Image bounded-funds-api:demo-7970d1487f8f4fa29ad09e0ad4a37149 Built 
 Image bounded-funds-web:demo-7970d1487f8f4fa29ad09e0ad4a37149 Built 
