I001 [*] Import block is un-sorted or un-formatted
  --> apps\api\app\tests\test_recovery_properties.py:3:1
   |
 1 |   """Independent whole-position cash ledger for MVP-205 recovery planning."""
 2 |
 3 | / from dataclasses import dataclass, replace
 4 | | from datetime import UTC, datetime, timedelta
 5 | | from typing import Any
 6 | | from uuid import UUID
 7 | |
 8 | | from app.domain.asset_allocation_types import AssetProductTerms
 9 | | from app.domain.boundary_types import (
10 | |     BoundaryPolicyVersion,
11 | |     BoundaryPosition,
12 | |     BoundaryResult,
13 | |     BoundarySnapshot,
14 | |     CashFact,
15 | |     GoalMonthFact,
16 | |     GoalOwnership,
17 | | )
18 | | from app.domain.policy_configuration import configuration_hash, validate_configuration
19 | | from app.domain.recovery import (
20 | |     RecoveryAuthorization,
21 | |     RecoveryPlan,
22 | |     RecoveryPosition,
23 | |     RecoveryQuote,
24 | |     plan_recovery,
25 | | )
26 | | import pytest
27 | | from hypothesis import given, settings
28 | | from hypothesis import strategies as st
   | |_______________________________________^
29 |
30 |   NOW = datetime(2026, 10, 3, 16, tzinfo=UTC)
   |
help: Organize imports
   |
7  |
8  + import pytest
9  | from app.domain.asset_allocation_types import AssetProductTerms
--------------------------------------------------------------------------------
26 | )
   - import pytest
27 | from hypothesis import given, settings
   |

B009 [*] Do not call `getattr` with a constant attribute value. It is not any safer than normal property access.
   --> scripts\tasks.py:220:21
    |
218 |                     subprocess.run(["taskkill", "/PID", str(process.pid), "/T", "/F"], check=False)
219 |                 else:
220 |                     getattr(os, "killpg")(process.pid, signal.SIGTERM)
    |                     ^^^^^^^^^^^^^^^^^^^^^
221 |                 try:
222 |                     process.wait(timeout=5)
    |
help: Replace `getattr` with attribute access
    |
219 |                 else:
    -                     getattr(os, "killpg")(process.pid, signal.SIGTERM)
220 +                     os.killpg(process.pid, signal.SIGTERM)
221 |                 try:
    |

B009 [*] Do not call `getattr` with a constant attribute value. It is not any safer than normal property access.
   --> scripts\tasks.py:225:25
    |
223 |                 except subprocess.TimeoutExpired:
224 |                     if os.name != "nt":
225 |                         getattr(os, "killpg")(process.pid, getattr(signal, "SIGKILL"))
    |                         ^^^^^^^^^^^^^^^^^^^^^
226 |                     process.wait(timeout=5)
    |
help: Replace `getattr` with attribute access
    |
224 |                     if os.name != "nt":
    -                         getattr(os, "killpg")(process.pid, getattr(signal, "SIGKILL"))
225 +                         os.killpg(process.pid, getattr(signal, "SIGKILL"))
226 |                     process.wait(timeout=5)
    |

B009 [*] Do not call `getattr` with a constant attribute value. It is not any safer than normal property access.
   --> scripts\tasks.py:225:60
    |
223 |                 except subprocess.TimeoutExpired:
224 |                     if os.name != "nt":
225 |                         getattr(os, "killpg")(process.pid, getattr(signal, "SIGKILL"))
    |                                                            ^^^^^^^^^^^^^^^^^^^^^^^^^^
226 |                     process.wait(timeout=5)
    |
help: Replace `getattr` with attribute access
    |
224 |                     if os.name != "nt":
    -                         getattr(os, "killpg")(process.pid, getattr(signal, "SIGKILL"))
225 +                         getattr(os, "killpg")(process.pid, signal.SIGKILL)
226 |                     process.wait(timeout=5)
    |

Found 4 errors.
[*] 4 fixable with the `--fix` option.
