..F.......................                                               [100%]
================================== FAILURES ===================================
_ test_t1_is_selected_only_when_original_future_bill_deadline_proves_arrival __

    def test_t1_is_selected_only_when_original_future_bill_deadline_proves_arrival() -> None:
        data = inputs([holding(delay=1)])
        card_id = UUID(int=985)
        actual_snapshot = data.snapshot.model_copy(
            update={
                "cash_accounts": [
                    *data.snapshot.cash_accounts,
                    CashFact(
                        account_id=card_id,
                        account_type="CREDIT_CARD",
                        balance_cents=0,
                        observed_at=NOW,
                        evidence_ids=[UUID(int=6)],
                    ),
                ],
                "bills": [
>                   BillFact(
                        bill_id=UUID(int=986),
                        account_id=card_id,
                        statement_date=(NOW - timedelta(days=1)).date(),
                        due_date=(NOW + timedelta(days=2)).date(),
                        total_cents=50000,
                        paid_cents=0,
                        status="UNPAID",
                        observed_at=NOW,
                        evidence_ids=[UUID(int=6)],
                    )
                ],
            }
        )
E       pydantic_core._pydantic_core.ValidationError: 1 validation error for BillFact
E       observed_at
E         Extra inputs are not permitted [type=extra_forbidden, input_value=datetime.datetime(2026, 1...o=datetime.timezone.utc), input_type=datetime]
E           For further information visit https://errors.pydantic.dev/2.13/v/extra_forbidden

apps\api\app\tests\test_full_recovery_next.py:204: ValidationError
============================== warnings summary ===============================
.venv\Lib\site-packages\fastapi\testclient.py:1
  F:\学校活动\工行杯\钱途有界\bounded-funds\.venv\Lib\site-packages\fastapi\testclient.py:1: StarletteDeprecationWarning: Using `httpx` with `starlette.testclient` is deprecated; install `httpx2` instead.
    from starlette.testclient import TestClient as TestClient  # noqa

-- Docs: https://docs.pytest.org/en/stable/how-to/capture-warnings.html
=========================== short test summary info ===========================
FAILED apps/api/app/tests/test_full_recovery_next.py::test_t1_is_selected_only_when_original_future_bill_deadline_proves_arrival
1 failed, 25 passed, 1 warning in 9.32s
