.......F                                                                 [100%]
================================== FAILURES ===================================
__ test_bad_current_maturity_record_handoff_cannot_persist_success[consent] ___

monkeypatch = <_pytest.monkeypatch.MonkeyPatch object at 0x00000138CA2CBE90>
change = 'consent'

    @pytest.mark.parametrize(
        "change", ["missing", "identity", "time", "owner", "contract", "proof", "consent"]
    )
    def test_bad_current_maturity_record_handoff_cannot_persist_success(
        monkeypatch: pytest.MonkeyPatch,
        change: str,
    ) -> None:
        original = history_fixture("BANK_ACCEPT")
        proof = copy.deepcopy(original.inputs["validation_inputs"]["full_maturity_validation"])
        action = ActionPlan(
            id=original.action_id,
            user_id=original.user_id,
            decision_run_id=original.parent_run_id,
            autonomy_level="ASK_ONCE",
            request=original.inputs["action_request"],
            policy_version_id=UUID(int=1),
            idempotency_key="maturity:user:synthetic-bank-record",
        )
        contract, now = change != "contract", original.as_of
        if change == "identity":
            proof["action_id"] = str(UUID(int=2))
        elif change == "time":
            now += timedelta(seconds=1)
        elif change == "owner":
            action.user_id = UUID(int=2)
        elif change == "proof":
            proof["proof"]["proof_hash"] = "0" * 64
        elif change == "consent":
            proof["consent_source"]["content"]["reviewed_command_hash"] = "0" * 64
        double = MagicMock(spec=Session)
        double.info = {} if change == "missing" else {VALIDATION_INFO_KEY: proof}
        session = cast(Session, double)
        monkeypatch.setattr(recording, "capture_versions", lambda *_: None)
        monkeypatch.setattr(recording, "capture_boundary", lambda *_: None)
        monkeypatch.setattr(boundary, "load_boundary_context", lambda *_: None)
        write = MagicMock()
        monkeypatch.setattr(recording, "record_trace", write)
        with pytest.raises(PolicyLifecycleError):
>           recording.record_recovery_bank_acceptance(session, action, now, {}, contract=contract)

apps\api\app\tests\test_full_maturity_bank_recording.py:97: 
_ _ _ _ _ _ _ _ _ _ _ _ _ _ _ _ _ _ _ _ _ _ _ _ _ _ _ _ _ _ _ _ _ _ _ _ _ _ _ _
apps\api\app\services\decision_recording.py:407: in record_recovery_bank_acceptance
    trace = build_trace(
_ _ _ _ _ _ _ _ _ _ _ _ _ _ _ _ _ _ _ _ _ _ _ _ _ _ _ _ _ _ _ _ _ _ _ _ _ _ _ _

fields = {'run_id': UUID('4f11df20-c098-5ead-9264-70047ed81a48'), 'user_id': UUID('00000000-0000-0000-0000-000000000001'), 'action_id': UUID('e46ad8b9-f09e-5fa9-8c38-05ad6359cfdb'), 'parent_run_id': UUID('45b63728-e310-5d7a-8e1b-3bd44de6017d'), ...}

    def build_trace(**fields: Any) -> DecisionTrace:
        """Freeze exact supplied facts/results; caller-provided hash fields are rejected."""
>       content = _TraceContent.model_validate(fields)
                  ^^^^^^^^^^^^^^^^^^^^^^^^^^^^^^^^^^^^
E       pydantic_core._pydantic_core.ValidationError: 1 validation error for _TraceContent
E         Value error, Trace captured evidence hash does not match its saved copy [type=value_error, input_value={'run_id': UUID('4f11df20...tion': 'NOT_EVALUATED'}}, input_type=dict]
E           For further information visit https://errors.pydantic.dev/2.13/v/value_error

apps\api\app\domain\decision_trace.py:134: ValidationError
=========================== short test summary info ===========================
FAILED apps/api/app/tests/test_full_maturity_bank_recording.py::test_bad_current_maturity_record_handoff_cannot_persist_success[consent]
1 failed, 7 passed in 5.39s
