F                                                                        [100%]
================================== FAILURES ===================================
_ test_fresh_second_cash_has_original_zero_bank_scope_and_actual_conserved_transfer _

demo_engine = Engine(postgresql+psycopg://bounded:***@127.0.0.1:54329/bf_test_7d1e234d5ce24a7a89b7319d80353b3a)

    @pytest.mark.integration
    def test_fresh_second_cash_has_original_zero_bank_scope_and_actual_conserved_transfer(
        demo_engine: Engine,
    ) -> None:
        summary = seed.seed_demo(
            demo_engine, _experiment_seed_extension="MVP503_SECOND_CASH_INITIAL_FACT_V1"
        )
        assert summary.seed_version == "mvp-301-v6" and summary.summary_version == "seed-summary-v3"
        assert summary.counts["accounts"] == 6 and summary.counts["policies"] == 0
        assert summary.counts["action_plans"] == summary.counts["action_receipts"] == 0
        # Current seed includes ten immutable income openings as well as cash/positions.
        assert summary.counts["simulated_bank_postings"] == 18
        assert summary.cash_balance_cents == 3462400  # Added opening is exactly zero.
        clock = seed.SEED_AS_OF + timedelta(seconds=1)
        with Session(demo_engine) as session:
            source = session.scalar(
                select(Account).where(Account.external_ref == seed.SEED_VERSION + ":account:cash")
            )
            target = session.scalar(
                select(Account).where(Account.external_ref == seed.SECOND_CASH_EXTERNAL_REF)
            )
            assert source is not None and target is not None
            source_id, target_id, source_balance = source.id, target.id, source.balance_cents
            assert target.account_type == "CASH" and target.currency == "CNY"
            assert target.user_id == seed.DEMO_USER_ID and target.balance_cents == 0
            opening = session.scalar(
                select(SimulatedBankPosting).where(
                    SimulatedBankPosting.account_id == target.id,
                    SimulatedBankPosting.entry_kind == "OPENING",
                )
            )
            assert opening is not None and opening.delta_cents == opening.balance_after_cents == 0
            assert opening.operation_id is None and opening.redemption_id is None
            extension = session.scalar(
                select(EvidenceItem).where(
                    EvidenceItem.source_type == "SIMULATED_SEED_INITIAL_EXTENSION"
                )
            )
            assert extension is not None and extension.content["creates_authority"] is False
            assert extension.content["account_id"] == str(target.id)
            coverage = session.scalar(
                select(EvidenceItem).where(EvidenceItem.source_type == COVERAGE_SOURCE_TYPE)
            )
            assert coverage is not None and str(target.id) in str(coverage.content)
            initial = read_income_state(session, seed.DEMO_USER_ID, clock)
            assert set(initial.ledger.scope_account_ids) == {source.id, target.id}
            assert {origin.origin_account_id for origin in initial.ledger.origins} == {source.id}
            assert {fragment.account_id for fragment in initial.ledger.fragments} == {source.id}
            initial_ledger = initial.ledger
            epoch = current_audit_epoch(session, seed.DEMO_USER_ID)
            assert epoch is not None and epoch.status == "OPEN"
            assert verify_audit_chain(session, seed.DEMO_USER_ID).status == "VALID"
        before = original_rows(demo_engine)
        assert len(before) == 24
        planned = prepare_action(
            demo_engine,
            seed.DEMO_USER_ID,
            PrepareActionRequest(
                idempotency_key="DEVELOPMENT_second_cash_legitimate_transfer",
                intent=TransferIntent(
                    kind="transfer_internal",
                    source_account_id=source_id,
                    destination_account_id=target_id,
                    amount_cents=47143,
                ),
            ),
            clock,
        )
        assert planned.autonomy_level == "ASK_ONCE" and planned.receipt is None
        assert planned.prepared_validation.status == "CONFIRMATION_REQUIRED"
        confirmed = confirm_action(
            demo_engine,
            seed.DEMO_USER_ID,
            planned.action_id,
            ConfirmActionRequest(effect_hash=planned.effect_hash, accepted=True),
            clock + timedelta(seconds=1),
        )
        assert confirmed.effect_hash == planned.effect_hash
        actual = execute_action(
            demo_engine, seed.DEMO_USER_ID, planned.action_id, clock + timedelta(seconds=2)
        )
        assert actual.status == "SUCCEEDED" and actual.bank_status == "SETTLED"
        assert actual.receipt is not None and actual.receipt.executed_cents == 47143
        assert actual.receipt.fee_cents == actual.receipt.loss_cents == 0
        with Session(demo_engine) as session:
            source = session.get(Account, source_id)
            target = session.get(Account, target_id)
            assert source is not None and target is not None
            assert source.balance_cents == source_balance - 47143 and target.balance_cents == 47143
            legs = list(
                session.scalars(
                    select(SimulatedBankPosting).where(
                        SimulatedBankPosting.operation_id == actual.receipt.bank_operation_id
                    )
                )
            )
            cash_legs = [leg for leg in legs if leg.account_id in {source_id, target_id}]
            assert len(cash_legs) == 2 and sum(leg.delta_cents for leg in cash_legs) == 0
            assert sorted(leg.delta_cents for leg in cash_legs) == [-47143, 47143]
            resulting = read_income_state(session, seed.DEMO_USER_ID, clock + timedelta(seconds=3))
            assert resulting.ledger.origins == initial_ledger.origins
>           assert (
                sum(
                    fragment.available_cents
                    for fragment in resulting.ledger.fragments
                    if fragment.account_id == target_id
                )
                == 47143
            )
E           assert 0 == 47143
E            +  where 0 = sum(<generator object test_fresh_second_cash_has_original_zero_bank_scope_and_actual_conserved_transfer.<locals>.<genexpr> at 0x0000015FECF945F0>)

apps\api\app\tests\test_demo_seed_second_cash.py:156: AssertionError
=========================== short test summary info ===========================
FAILED apps/api/app/tests/test_demo_seed_second_cash.py::test_fresh_second_cash_has_original_zero_bank_scope_and_actual_conserved_transfer
1 failed in 27.31s
