============================= test session starts =============================
platform win32 -- Python 3.12.5, pytest-9.1.1, pluggy-1.6.0 -- F:\学校活动\工行杯\钱途有界\bounded-funds\.venv\Scripts\python.exe
hypothesis profile 'default'
rootdir: F:\学校活动\工行杯\钱途有界\bounded-funds
configfile: pyproject.toml
plugins: anyio-4.15.1, hypothesis-6.168.3, cov-7.1.0
collecting ... collected 1 item

apps/api/app/tests/test_historical_read.py::test_in_place_nonhead_metadata_mutation_invalidates_same_request_ledger_result FAILED [100%]

================================== FAILURES ===================================
_ test_in_place_nonhead_metadata_mutation_invalidates_same_request_ledger_result _

goal_client = (<starlette.testclient.TestClient object at 0x000002C69169D250>, Engine(postgresql+psycopg://bounded:***@127.0.0.1:54329/bf_test_e9f99223b3394d88a1f5287e238f8e94))

    def test_in_place_nonhead_metadata_mutation_invalidates_same_request_ledger_result(
        goal_client: tuple[TestClient, Engine],
    ) -> None:
        client, engine = goal_client
        prepared = prepared_transfer(client, engine)
        action_id = prepared["action_id"]
        confirmed = client.post(
            f"/api/v1/actions/{action_id}/confirm",
            json={"effect_hash": prepared["effect_hash"], "accepted": True},
        )
        assert confirmed.status_code == 200, confirmed.text
        completed = client.post(f"/api/v1/actions/{action_id}/execute", json={})
        assert completed.status_code == 200, completed.text
        assert completed.json()["status"] == "SUCCEEDED"
        before = all_tables(engine)
        with Session(engine, autoflush=False) as session:
            readonly_transaction(session)
            heads = simulated_bank.ledger_heads(session, DEMO_USER_ID)
            source_key = "CASH:" + prepared["effect"]["cash_uses"][0]["account_id"]
            head = heads[source_key]
            assert head.previous_posting_id is not None
            predecessor = session.get(SimulatedBankPosting, head.previous_posting_id)
            assert predecessor is not None and predecessor.ledger_metadata == head.ledger_metadata
            with historical_ledger_scope(session):
                verify_twice(session)
                # SQLAlchemy's plain JSONB mapping does not mark nested/in-place edits dirty.
                predecessor.ledger_metadata["in_place_original_tampering"] = True
                assert not (session.new or session.dirty or session.deleted)
>               with pytest.raises(PolicyLifecycleError, match="economic chain is inconsistent"):
E               Failed: DID NOT RAISE PolicyLifecycleError

apps\api\app\tests\test_historical_read.py:274: Failed
---------------------------- Captured stderr call -----------------------------
{"event": "http_request", "request_id": "9a6e51a4-fc54-4cb1-a031-64912f180226", "method": "POST", "status": 200, "duration_ms": 5079.0}
{"event": "http_request", "request_id": "728e3bb8-bc8c-4d4c-9fae-6052ffb1e90b", "method": "POST", "status": 200, "duration_ms": 4922.0}
{"event": "http_request", "request_id": "fd53019f-6695-42f4-9999-18dff724e515", "method": "POST", "status": 200, "duration_ms": 15297.0}
------------------------------ Captured log call ------------------------------
INFO     bounded_funds.http:main.py:65 {"event": "http_request", "request_id": "9a6e51a4-fc54-4cb1-a031-64912f180226", "method": "POST", "status": 200, "duration_ms": 5079.0}
INFO     bounded_funds.http:main.py:65 {"event": "http_request", "request_id": "728e3bb8-bc8c-4d4c-9fae-6052ffb1e90b", "method": "POST", "status": 200, "duration_ms": 4922.0}
INFO     bounded_funds.http:main.py:65 {"event": "http_request", "request_id": "fd53019f-6695-42f4-9999-18dff724e515", "method": "POST", "status": 200, "duration_ms": 15297.0}
============================== warnings summary ===============================
.venv\Lib\site-packages\fastapi\testclient.py:1
  F:\学校活动\工行杯\钱途有界\bounded-funds\.venv\Lib\site-packages\fastapi\testclient.py:1: StarletteDeprecationWarning: Using `httpx` with `starlette.testclient` is deprecated; install `httpx2` instead.
    from starlette.testclient import TestClient as TestClient  # noqa

-- Docs: https://docs.pytest.org/en/stable/how-to/capture-warnings.html
=========================== short test summary info ===========================
FAILED apps/api/app/tests/test_historical_read.py::test_in_place_nonhead_metadata_mutation_invalidates_same_request_ledger_result - Failed: DID NOT RAISE PolicyLifecycleError
!!!!!!!!!!!!!!!!!!!!!!!!!! stopping after 1 failures !!!!!!!!!!!!!!!!!!!!!!!!!!
======================== 1 failed, 1 warning in 33.20s ========================
