F                                                                        [100%]
================================== FAILURES ===================================
_ test_completed_salary_reset_archives_actual_actions_and_retains_original_events _

demo_engine = Engine(postgresql+psycopg://bounded:***@127.0.0.1:54329/bf_test_c729bb3f43d149cbb65e1eacf68432a6)

    def test_completed_salary_reset_archives_actual_actions_and_retains_original_events(
        demo_engine: Engine,
    ) -> None:
        """Regression of the real Edge second-case reset, through original services."""
        seed_demo(demo_engine)
        first_epoch = _epoch_id(demo_engine)
        clock = [datetime.now(UTC)]
        first = demo_console.reset_demo(
            demo_engine,
            DEMO_USER_ID,
            DemoResetRequest(
                reset_key="salary-reset-initial", expected_epoch_id=first_epoch, accepted=True
            ),
            clock[0],
        )
        epoch = first.epoch_id
        with _client(demo_engine, clock) as client:
            for kind in ["CAR_GOAL", "LIQUID_ASSET", "FIXED_ASSET"]:
                _confirm_template(client, clock, epoch, kind)
            goal = client.post(
                "/api/v1/demo/events",
                json={"event_kind": "CREATE_CAR_GOAL", "expected_epoch_id": str(epoch)},
            )
            assert goal.status_code == 200 and goal.json()["status"] == "COMPLETED", goal.text
            clock[0] += timedelta(seconds=1)
            salary = client.post(
                "/api/v1/demo/events",
                json={"event_kind": "SALARY_RECEIVED", "expected_epoch_id": str(epoch)},
            )
            assert salary.status_code == 200 and salary.json()["status"] == "COMPLETED", salary.text
            assert len(salary.json()["actions"]) == 2
            assert all(action["receipt"] for action in salary.json()["actions"])
        with Session(demo_engine) as session:
            originals = {row.id: row.canonical_text for row in session.scalars(select(AuditEvent))}
            assert verify_audit_chain(session, DEMO_USER_ID, epoch).status == "VALID"
        # Call the same original reset service directly, preserving an actual stack on error.
>       reset = demo_console.reset_demo(
            demo_engine,
            DEMO_USER_ID,
            DemoResetRequest(
                reset_key="salary-reset-after-completion", expected_epoch_id=epoch, accepted=True
            ),
            clock[0] + timedelta(seconds=1),
        )

apps\api\app\tests\test_demo_console.py:105: 
_ _ _ _ _ _ _ _ _ _ _ _ _ _ _ _ _ _ _ _ _ _ _ _ _ _ _ _ _ _ _ _ _ _ _ _ _ _ _ _
apps\api\app\services\demo_console.py:1090: in reset_demo
    summary = seed_demo(
apps\api\app\services\demo_seed.py:965: in seed_demo
    reset_archive_epoch(session, previous, key, reason, principal)
apps\api\app\services\audit_chain.py:307: in reset_archive_epoch
    b"bounded-funds/audit-archive-v1\0" + domain.canonical_bytes(manifest)
                                          ^^^^^^^^^^^^^^^^^^^^^^^^^^^^^^^^
_ _ _ _ _ _ _ _ _ _ _ _ _ _ _ _ _ _ _ _ _ _ _ _ _ _ _ _ _ _ _ _ _ _ _ _ _ _ _ _

value = {'counts': {'GOAL': 2, 'USER': 1, 'POLICY': 3, 'ACCOUNT': 9, ...}, 'entries': [{'id': '4eb14153-fdd3-5778-bd0c-7b8b82d...e08dd1', 'kind': 'ACCOUNT', 'snapshot_hash': 'db2f65e2ca40d2b45f36372839a42d20aa4d99482cd7ed55a3270e0b01d64ccd'}, ...]}
raw = False

    def canonical_bytes(value: dict[str, Any], *, raw: bool = False) -> bytes:
        """Versioned UTF-8 bytes; raw originals preserve finite JSON numeric types."""
        if type(value) is not dict:
            raise AuditContractError("Audit canonical value must be an object")
        nodes = 0
    
        def convert(child: Any, depth: int) -> Any:
            nonlocal nodes
            nodes += 1
            if depth > (64 if raw else 32) or nodes > (1000000 if raw else 250000):
                raise AuditContractError("Audit JSON exceeds depth or node limit")
            if child is None or type(child) in (str, bool):
                return child
            if type(child) is int:
                if not raw and not -(2**63) <= child <= 2**63 - 1:
                    raise AuditContractError("Audit integer is outside signed64")
                return child
            if type(child) is float:
                if not raw or not math.isfinite(child):
                    raise AuditContractError("Audit numbers must be allowed finite JSON numbers")
                return child
            if isinstance(child, UUID):
                return str(child)
            if isinstance(child, datetime):
                if child.tzinfo is None or child.utcoffset() is None:
                    raise AuditContractError("Audit datetime must be timezone-aware")
                return child.astimezone(UTC).isoformat(timespec="microseconds").replace("+00:00", "Z")
            if isinstance(child, date):
                return child.isoformat()
            if type(child) is dict:
                result = {}
                for key, item in child.items():
                    if type(key) is not str:
                        raise AuditContractError("Audit JSON keys must be strings")
                    if not raw and key.endswith("_cents") and item is not None:
                        if type(item) is not int or not -(2**63) <= item <= 2**63 - 1:
                            raise AuditContractError("Audit money must be signed integer cents")
                    result[key] = convert(item, depth + 1)
                return result
            if type(child) is list:
                return [convert(item, depth + 1) for item in child]
            raise AuditContractError("Audit value is not a permitted JSON scalar or container")
    
        try:
            encoded = json.dumps(
                convert(value, 0),
                ensure_ascii=False,
                sort_keys=True,
                separators=(",", ":"),
                allow_nan=False,
            ).encode("utf-8")
        except (TypeError, ValueError, UnicodeError, RecursionError) as error:
            raise AuditContractError("Audit value cannot be canonically encoded") from error
        if len(encoded) > (MAX_SUBJECT_BYTES if raw else MAX_EVENT_BYTES):
>           raise AuditContractError("Audit JSON exceeds byte limit")
E           app.domain.audit_chain.AuditContractError: Audit JSON exceeds byte limit

apps\api\app\domain\audit_chain.py:100: AuditContractError
---------------------------- Captured stderr call -----------------------------
{"event": "http_request", "request_id": "36d5fae8-14db-4999-a4f3-07d9c8effed6", "method": "POST", "status": 200, "duration_ms": 344.0}
{"event": "http_request", "request_id": "44f30a9c-00c6-4c2e-b0d0-7e1f13b4c173", "method": "POST", "status": 200, "duration_ms": 125.0}
{"event": "http_request", "request_id": "be475181-449e-4f6d-b7f2-8102fff0c67a", "method": "POST", "status": 200, "duration_ms": 109.0}
{"event": "http_request", "request_id": "a9b86011-5ad9-4b23-90d9-11d05355aee7", "method": "POST", "status": 200, "duration_ms": 141.0}
{"event": "http_request", "request_id": "66c670ce-8175-4be9-bc87-98fa1ddda2b4", "method": "POST", "status": 200, "duration_ms": 94.0}
{"event": "http_request", "request_id": "44f6091a-c720-4321-92db-e090621a8f32", "method": "POST", "status": 200, "duration_ms": 109.0}
{"event": "http_request", "request_id": "7bed2016-2d3b-4757-b4cf-9f99ee3e3fc4", "method": "POST", "status": 200, "duration_ms": 953.0}
{"event": "http_request", "request_id": "aa81e8c1-1c4b-4c8c-b331-bf79fd2ac397", "method": "POST", "status": 200, "duration_ms": 42391.0}
------------------------------ Captured log call ------------------------------
INFO     bounded_funds.http:main.py:65 {"event": "http_request", "request_id": "36d5fae8-14db-4999-a4f3-07d9c8effed6", "method": "POST", "status": 200, "duration_ms": 344.0}
INFO     bounded_funds.http:main.py:65 {"event": "http_request", "request_id": "44f30a9c-00c6-4c2e-b0d0-7e1f13b4c173", "method": "POST", "status": 200, "duration_ms": 125.0}
INFO     bounded_funds.http:main.py:65 {"event": "http_request", "request_id": "be475181-449e-4f6d-b7f2-8102fff0c67a", "method": "POST", "status": 200, "duration_ms": 109.0}
INFO     bounded_funds.http:main.py:65 {"event": "http_request", "request_id": "a9b86011-5ad9-4b23-90d9-11d05355aee7", "method": "POST", "status": 200, "duration_ms": 141.0}
INFO     bounded_funds.http:main.py:65 {"event": "http_request", "request_id": "66c670ce-8175-4be9-bc87-98fa1ddda2b4", "method": "POST", "status": 200, "duration_ms": 94.0}
INFO     bounded_funds.http:main.py:65 {"event": "http_request", "request_id": "44f6091a-c720-4321-92db-e090621a8f32", "method": "POST", "status": 200, "duration_ms": 109.0}
INFO     bounded_funds.http:main.py:65 {"event": "http_request", "request_id": "7bed2016-2d3b-4757-b4cf-9f99ee3e3fc4", "method": "POST", "status": 200, "duration_ms": 953.0}
INFO     bounded_funds.http:main.py:65 {"event": "http_request", "request_id": "aa81e8c1-1c4b-4c8c-b331-bf79fd2ac397", "method": "POST", "status": 200, "duration_ms": 42391.0}
============================== warnings summary ===============================
.venv\Lib\site-packages\fastapi\testclient.py:1
  F:\学校活动\工行杯\钱途有界\bounded-funds\.venv\Lib\site-packages\fastapi\testclient.py:1: StarletteDeprecationWarning: Using `httpx` with `starlette.testclient` is deprecated; install `httpx2` instead.
    from starlette.testclient import TestClient as TestClient  # noqa

-- Docs: https://docs.pytest.org/en/stable/how-to/capture-warnings.html
=========================== short test summary info ===========================
FAILED apps/api/app/tests/test_demo_console.py::test_completed_salary_reset_archives_actual_actions_and_retains_original_events
1 failed, 1 warning in 222.69s (0:03:42)
