
=================================== ERRORS ====================================
_ ERROR collecting apps/api/app/tests/test_full_action_set_recovery_producers_integration.py _
ImportError while importing test module 'F:\学校活动\工行杯\钱途有界\bounded-funds\apps\api\app\tests\test_full_action_set_recovery_producers_integration.py'.
Hint: make sure your test modules/packages have valid Python names.
Traceback:
C:\Users\starryzac\AppData\Local\Programs\Python\Python312\Lib\importlib\__init__.py:90: in import_module
    return _bootstrap._gcd_import(name[level:], package, level)
           ^^^^^^^^^^^^^^^^^^^^^^^^^^^^^^^^^^^^^^^^^^^^^^^^^^^^
apps\api\app\tests\test_full_action_set_recovery_producers_integration.py:6: in <module>
    from app.domain.full_action_set_recovery_producers import (
apps\api\app\domain\full_action_set_recovery_producers.py:13: in <module>
    from app.domain.execution import execution_effect_hash, revalidate_execution
apps\api\app\domain\execution.py:19: in <module>
    from app.domain.full_dynamic_goal_execution import (
apps\api\app\domain\full_dynamic_goal_execution.py:22: in <module>
    from app.domain.full_protection_projection import (
apps\api\app\domain\full_protection_projection.py:27: in <module>
    from app.domain.full_seasonal_current_protection import (
apps\api\app\domain\full_seasonal_current_protection.py:12: in <module>
    from app.domain.full_seasonal_ended_adoption import (
apps\api\app\domain\full_seasonal_ended_adoption.py:13: in <module>
    from app.domain.full_protection_projection import FullProtectionPolicySource
E   ImportError: cannot import name 'FullProtectionPolicySource' from partially initialized module 'app.domain.full_protection_projection' (most likely due to a circular import) (F:\学校活动\工行杯\钱途有界\bounded-funds\apps\api\app\domain\full_protection_projection.py)
============================== warnings summary ===============================
.venv\Lib\site-packages\_pytest\cacheprovider.py:423
  F:\学校活动\工行杯\钱途有界\bounded-funds\.venv\Lib\site-packages\_pytest\cacheprovider.py:423: PytestCacheWarning: could not create cache path F:\学校活动\工行杯\钱途有界\bounded-funds\.pytest_cache\v\cache\lastfailed: [WinError 5] 拒绝访问。: 'F:\\学校活动\\工行杯\\钱途有界\\bounded-funds\\.pytest_cache\\v\\cache'
    config.cache.set("cache/lastfailed", self.lastfailed)

-- Docs: https://docs.pytest.org/en/stable/how-to/capture-warnings.html
=========================== short test summary info ===========================
ERROR apps/api/app/tests/test_full_action_set_recovery_producers_integration.py
!!!!!!!!!!!!!!!!!!! Interrupted: 1 error during collection !!!!!!!!!!!!!!!!!!!!
no tests collected, 1 error in 1.10s
