F
================================== FAILURES ===================================
_ test_actual_signed_user_relation_uses_real_monthly_bank_payment_and_original_key_recovery[True] _

annual_client = (<starlette.testclient.TestClient object at 0x000001855E2DB4D0>, Engine(postgresql+psycopg://bounded:***@127.0.0.1:54329/bf_test_e97bcf8f1af4403a965564f644dcd245))
monkeypatch = <_pytest.monkeypatch.MonkeyPatch object at 0x000001855E226720>
auto_execute = True

    @pytest.mark.parametrize("auto_execute", [True, False])
    def test_actual_signed_user_relation_uses_real_monthly_bank_payment_and_original_key_recovery(
        annual_client: tuple[TestClient, Engine],
        monkeypatch: pytest.MonkeyPatch,
        auto_execute: bool,
    ) -> None:
        client, engine = annual_client
        secret = "SYNTHETIC_LOCAL_SESSION_RISK_ONLY_606"
        monkeypatch.setenv("BF_LOCAL_USER_SECRET", secret)
        monkeypatch.setenv("BF_LOCAL_SIGNING_KEY", "cd" * 32)
        local = NOW.astimezone(ZoneInfo("Asia/Shanghai"))
        common = {
            "payee_id": "synthetic-landlord-001",
            "amount_rule": {"kind": "exact", "amount_cents": 100},
            "due_day": local.day,
            "auto_execute": auto_execute,
            "prepare_days_before": 0,
        }
        with Session(engine) as session, session.begin():
            account = session.scalar(
                select(Account)
                .where(Account.user_id == DEMO_USER_ID, Account.account_type == "CASH")
                .order_by(Account.id)
            )
            assert account is not None
            source_id = account.id
            original_id, original_version = confirmed_policy(
                session, common | {"type": "recurring_obligation"}, NOW
            )
        # Trusted isolated observer reads actual absence for this newly declared policy;
        # this is an explicit simulation fact seam, not a guessed zero liability.
        runner = ScenarioRunner(engine, DEMO_USER_ID)
        period = local.strftime("%Y-%m")
        observation = runner.observe_recurring_payment(original_id, period, NOW)
        assert observation["observation"]["paid_cents"] == 0
        assert observation["observation"]["observation_protocol"] == "scenario-empty-bank-payment-v1"
        config = common | {
            "type": "periodic_transfer",
            "name": "606真实隔离固定关系",
            "source_account_id": str(source_id),
            "single_action_cap_cents": 100,
            "valid_until": (local.date() + timedelta(days=60)).isoformat(),
        }
        created = client.post(
            "/api/v1/full-policies/confirm",
            json={
                "template_name": "PeriodicTransferPolicy",
                "configuration": config,
                "reviewed_hash": configuration_hash(
                    canonical_candidate("PeriodicTransferPolicy", config)
                ),
                "accepted": True,
                "reason": "明确模拟周期与原MVP范围相同",
                "idempotency_key": "606-full-model",
            },
        )
        assert created.status_code == 200, created.text
        full = created.json()
        assert full["bank_authority"] is False
        full_id, full_version = (
            full["policy_id"],
            full["version_id"],
        )
        epoch = full["epoch_id"]
        body = {
            "expected_epoch_id": epoch,
            "full_policy_id": full_id,
            "expected_full_version_id": full_version,
            "original_policy_id": str(original_id),
            "expected_original_version_id": str(original_version),
            "idempotency_key": "606-user-start",
        }
        assert client.post("/api/v1/full-payment-relations/start", json=body).status_code == 401
        logged = client.post(
            "/api/v1/local-actor/login", json={"username": "bounded-user", "secret": secret}
        )
        assert logged.status_code == 200, logged.text
        assert logged.json()["principal"]["human_identity_verified"] is False
        started = client.post("/api/v1/full-payment-relations/start", json=body)
        assert started.status_code == 200, started.text
        start = started.json()["original"]
        confirmed = client.post(
            f"/api/v1/full-payment-relations/starts/{start['command_id']}/confirm",
            json={
                "expected_epoch_id": epoch,
                "reviewed_scope_hash": start["scope_hash"],
                "accepted": True,
                "reason": "服务端已验证的模拟USER明确复核原身份范围",
                "idempotency_key": "606-user-confirm",
            },
        )
        assert confirmed.status_code == 200, confirmed.text
        authorization = confirmed.json()["original"]["command_id"]
        before_reads = physical_snapshot(engine)
        lookup = client.get(f"/api/v1/full-payment-relations/commands/{epoch}/by-key/606-user-confirm")
        assert (
            lookup.status_code == 200
            and lookup.json()["original"]["original"] == confirmed.json()["original"]
        ), lookup.text
        assert lookup.json()["original"]["current_scope_status"] == "CURRENT"
        assert physical_snapshot(engine) == before_reads
        prepare_body = {
            "expected_epoch_id": epoch,
            "period": period,
            "idempotency_key": "606-original-payment",
        }
        prepared = client.post(
            f"/api/v1/full-payment-relations/authorizations/{authorization}/prepare", json=prepare_body
        )
        assert prepared.status_code == 200, prepared.text
        action = prepared.json()
        assert (
            action["effect"]["amount_cents"] == 100
            and action["effect"]["payee_id"] == common["payee_id"]
        )
        assert action["effect"]["policy_version_id"] == str(original_version)
        assert action["effect"]["cash_uses"] == [{"account_id": str(source_id), "amount_cents": 100}]
        if not auto_execute:
            # Old DemoUser-only confirmation cannot satisfy the new signed USER proof.
            old_consent = client.post(
                f"/api/v1/actions/{action['action_id']}/confirm",
                json={"effect_hash": action["effect_hash"], "accepted": True},
            )
            assert old_consent.status_code == 200, old_consent.text
            blocked = client.post(
                f"/api/v1/full-payment-relations/actions/{action['action_id']}/execute",
                json={"expected_epoch_id": epoch},
            )
            assert blocked.status_code == 409, blocked.text
            assert blocked.json()["error"]["code"] == "PAYMENT_USER_ACTION_CONSENT_REQUIRED"
            user_consent = client.post(
                f"/api/v1/full-payment-relations/actions/{action['action_id']}/confirm",
                json={
                    "expected_epoch_id": epoch,
                    "reviewed_effect_hash": action["effect_hash"],
                    "accepted": True,
                },
            )
            assert user_consent.status_code == 200, user_consent.text
            consent_lookup = client.get(
                f"/api/v1/full-payment-relations/actions/{action['action_id']}/user-consent"
            )
            assert consent_lookup.status_code == 200 and consent_lookup.json()["status"] == "RECORDED"
            assert consent_lookup.json()["original"]["principal_at_confirmation"]["role"] == "USER"
        else:
            assert action["autonomy_level"] == "AUTO_EXECUTE"
        executed = client.post(
            f"/api/v1/full-payment-relations/actions/{action['action_id']}/execute",
            json={"expected_epoch_id": epoch},
        )
        assert executed.status_code == 200, executed.text
        result = executed.json()
        assert result["status"] == "SUCCEEDED" and result["bank_status"] == "SETTLED"
>       assert result["receipt"]["executed_cents"] == 100 and len(result["receipt"]["posting_ids"]) == 3
E       AssertionError: assert (100 == 100 and 4 == 3)
E        +  where 4 = len(['190e9c87-1560-564f-a2b5-d9d354f4141f', '39560776-975f-5726-bc82-c7380fd022ad', 'b363406e-3379-51bd-a122-d586dd0ef352', 'bfd1b5c4-340b-5e4a-8fed-e8642b8bddf2'])

apps\api\app\tests\test_full_payment_permissions_integration.py:182: AssertionError
---------------------------- Captured stderr call -----------------------------
{"event": "http_request", "request_id": "1369a5d2-53ce-4d6e-8a00-62b9f6021327", "method": "POST", "status": 200, "duration_ms": 359.0}
{"event": "http_request", "request_id": "e8f0777d-0d34-4052-9a99-ce20f836a7a9", "method": "POST", "status": 401, "duration_ms": 109.0}
{"event": "http_request", "request_id": "8ca5b947-9c14-4682-98d4-ac05fcef0412", "method": "POST", "status": 200, "duration_ms": 63.0}
{"event": "http_request", "request_id": "2de94c84-c4c3-42bd-a53c-e972f09fe723", "method": "POST", "status": 200, "duration_ms": 953.0}
{"event": "http_request", "request_id": "3178e39f-bfe8-4108-9165-0d47871a19a4", "method": "POST", "status": 200, "duration_ms": 1234.0}
{"event": "http_request", "request_id": "1a7d742b-c458-4992-b992-1076097775b2", "method": "GET", "status": 200, "duration_ms": 610.0}
{"event": "http_request", "request_id": "964ca478-b6ff-48c4-bed1-4951165305ea", "method": "POST", "status": 200, "duration_ms": 25657.0}
{"event": "http_request", "request_id": "efe8bc4f-b97f-4dc3-a2d8-482ebaae2001", "method": "POST", "status": 200, "duration_ms": 112563.0}
------------------------------ Captured log call ------------------------------
INFO     bounded_funds.http:main.py:106 {"event": "http_request", "request_id": "1369a5d2-53ce-4d6e-8a00-62b9f6021327", "method": "POST", "status": 200, "duration_ms": 359.0}
INFO     bounded_funds.http:main.py:106 {"event": "http_request", "request_id": "e8f0777d-0d34-4052-9a99-ce20f836a7a9", "method": "POST", "status": 401, "duration_ms": 109.0}
INFO     bounded_funds.http:main.py:106 {"event": "http_request", "request_id": "8ca5b947-9c14-4682-98d4-ac05fcef0412", "method": "POST", "status": 200, "duration_ms": 63.0}
INFO     bounded_funds.http:main.py:106 {"event": "http_request", "request_id": "2de94c84-c4c3-42bd-a53c-e972f09fe723", "method": "POST", "status": 200, "duration_ms": 953.0}
INFO     bounded_funds.http:main.py:106 {"event": "http_request", "request_id": "3178e39f-bfe8-4108-9165-0d47871a19a4", "method": "POST", "status": 200, "duration_ms": 1234.0}
INFO     bounded_funds.http:main.py:106 {"event": "http_request", "request_id": "1a7d742b-c458-4992-b992-1076097775b2", "method": "GET", "status": 200, "duration_ms": 610.0}
INFO     bounded_funds.http:main.py:106 {"event": "http_request", "request_id": "964ca478-b6ff-48c4-bed1-4951165305ea", "method": "POST", "status": 200, "duration_ms": 25657.0}
INFO     bounded_funds.http:main.py:106 {"event": "http_request", "request_id": "efe8bc4f-b97f-4dc3-a2d8-482ebaae2001", "method": "POST", "status": 200, "duration_ms": 112563.0}
============================== warnings summary ===============================
.venv\Lib\site-packages\fastapi\testclient.py:1
  F:\学校活动\工行杯\钱途有界\bounded-funds\.venv\Lib\site-packages\fastapi\testclient.py:1: StarletteDeprecationWarning: Using `httpx` with `starlette.testclient` is deprecated; install `httpx2` instead.
    from starlette.testclient import TestClient as TestClient  # noqa

-- Docs: https://docs.pytest.org/en/stable/how-to/capture-warnings.html
=========================== short test summary info ===========================
FAILED apps/api/app/tests/test_full_payment_permissions_integration.py::test_actual_signed_user_relation_uses_real_monthly_bank_payment_and_original_key_recovery[True]
!!!!!!!!!!!!!!!!!!!!!!!!!! stopping after 1 failures !!!!!!!!!!!!!!!!!!!!!!!!!!
1 failed, 1 warning in 151.57s (0:02:31)
