F
================================== FAILURES ===================================
_ test_native_goal_income_prepared_action_dashboard_is_complete_and_read_only _

demo_engine = Engine(postgresql+psycopg://bounded:***@127.0.0.1:54329/bf_test_669dd1d5eedd41d9b1b916eff112fe74)

    def test_native_goal_income_prepared_action_dashboard_is_complete_and_read_only(
        demo_engine: Engine,
    ) -> None:
        seed_demo(demo_engine)
        with Session(demo_engine) as session, session.begin():
            policy, version = confirmed_policy(
                session,
                {
                    "type": "goal_saving",
                    "name": "Native new car goal",
                    "target_cents": 3_000_000,
                    "deadline": "2027-10-01",
                    "monthly_contribution": {
                        "min_cents": 180_001,
                        "target_cents": 200_000,
                        "max_cents": 250_000,
                    },
                },
                NOW,
            )
            account = session.scalars(
                select(Account).where(Account.user_id == DEMO_USER_ID, Account.account_type == "GOAL")
            ).one()
            goal = create_goal_projection(session, DEMO_USER_ID, policy, version, account.id, NOW)
            goal_id = goal.goal.id
            epoch = current_audit_epoch(session, DEMO_USER_ID)
            assert epoch is not None
            epoch_id = epoch.id
        runner = ScenarioRunner(demo_engine, DEMO_USER_ID)
        income = runner.rpc(
            ScenarioRPC(
                scenario_id="native-goal-dashboard",
                purpose="DEVELOPMENT",
                operation="ingest_goal_income",
                expected_epoch_id=epoch_id,
                goal_id=goal_id,
            ),
            NOW + timedelta(seconds=1),
        )
        assert income["result"]["bank_status"] == "SETTLED"
        assert income["result"]["projection_status"] == "PROJECTED"
        prepared = prepare_action(
            demo_engine,
            DEMO_USER_ID,
            PrepareActionRequest(
                idempotency_key=str(uuid4()), intent=GoalIntent(kind="allocate_goal", goal_id=goal_id)
            ),
            NOW + timedelta(seconds=2),
        )
        assert prepared.status == "PLANNED" and prepared.effect.amount_cents == 200_000
        assert prepared.receipt is None
        action_id = prepared.action_id
        before = database_snapshot(demo_engine)
        with Session(demo_engine) as session, session.begin():
            session.connection(execution_options={"isolation_level": "REPEATABLE READ"})
            session.execute(text("SET TRANSACTION READ ONLY"))
            dashboard = get_dashboard(session, DEMO_USER_ID, NOW + timedelta(seconds=3))
            assert dashboard.pending_actions.total == 1
            assert dashboard.pending_actions.list_complete
            item = dashboard.pending_actions.items[0]
            assert item.action_id == action_id
            assert item.amount_cents == 200_000 and item.receipt_id is None
>           assert item.current_decision is not None and item.current_decision.level == "AUTO_EXECUTE"
E           AssertionError: assert (AutonomyDecision(algorithm_version='evidence-bound-autonomy-v1', simulation=True, evaluation_only=True, level='BLOCKED...'b075db8f44c7271d454438f3c7891c327c14055eda9a55295c11639b552f2186', uncertainty_status='NONE', candidate_signatures={}) is not None and 'BLOCKED' == 'AUTO_EXECUTE'
E            +  where AutonomyDecision(algorithm_version='evidence-bound-autonomy-v1', simulation=True, evaluation_only=True, level='BLOCKED...'b075db8f44c7271d454438f3c7891c327c14055eda9a55295c11639b552f2186', uncertainty_status='NONE', candidate_signatures={}) = PendingActionItem(action_id=UUID('b665f86b-c3f2-4bdd-9923-18261ada9020'), decision_run_id=UUID('a40688f8-f4a9-57a3-af3...state_proven=True, receipt_id=None, receipt_status=None, receipt_verified=False, audit_status='VALID', reason_codes=[]).current_decision
E             
E             - AUTO_EXECUTE
E             + BLOCKED)

apps\api\app\tests\test_dashboard_goal_income.py:90: AssertionError
============================== warnings summary ===============================
.venv\Lib\site-packages\fastapi\testclient.py:1
  F:\学校活动\工行杯\钱途有界\bounded-funds\.venv\Lib\site-packages\fastapi\testclient.py:1: StarletteDeprecationWarning: Using `httpx` with `starlette.testclient` is deprecated; install `httpx2` instead.
    from starlette.testclient import TestClient as TestClient  # noqa

-- Docs: https://docs.pytest.org/en/stable/how-to/capture-warnings.html
=========================== short test summary info ===========================
FAILED apps/api/app/tests/test_dashboard_goal_income.py::test_native_goal_income_prepared_action_dashboard_is_complete_and_read_only
!!!!!!!!!!!!!!!!!!!!!!!!!! stopping after 1 failures !!!!!!!!!!!!!!!!!!!!!!!!!!
1 failed, 1 warning in 27.52s
