E
=================================== ERRORS ====================================
_ ERROR at setup of test_actual_global_kind_upgrade_preserves_all_rows_and_downgrade_retention _

self = <sqlalchemy.engine.base.Connection object at 0x00000219F941EC30>
dialect = <sqlalchemy.dialects.postgresql.psycopg.PGDialect_psycopg object at 0x00000219F941EBA0>
context = <sqlalchemy.dialects.postgresql.psycopg.PGExecutionContext_psycopg object at 0x00000219F94EA900>
statement = <sqlalchemy.dialects.postgresql.base.PGDDLCompiler object at 0x00000219F94EA6F0>
parameters = [immutabledict({})]

    def _exec_single_context(
        self,
        dialect: Dialect,
        context: ExecutionContext,
        statement: Union[str, Compiled],
        parameters: Optional[_AnyMultiExecuteParams],
    ) -> CursorResult[Unpack[TupleAny]]:
        """continue the _execute_context() method for a single DBAPI
        cursor.execute() or cursor.executemany() call.
    
        """
        if dialect.bind_typing is BindTyping.SETINPUTSIZES:
            generic_setinputsizes = context._prepare_set_input_sizes()
    
            if generic_setinputsizes:
                try:
                    dialect.do_set_input_sizes(
                        context.cursor, generic_setinputsizes, context
                    )
                except BaseException as e:
                    self._handle_dbapi_exception(
                        e, str(statement), parameters, None, context
                    )
    
        cursor, str_statement, parameters = (
            context.cursor,
            context.statement,
            context.parameters,
        )
    
        effective_parameters: Optional[_AnyExecuteParams]
    
        if not context.executemany:
            effective_parameters = parameters[0]
        else:
            effective_parameters = parameters
    
        evt_handled: bool = False
        try:
            if self._has_events or self.engine._has_events:
                for fn in self.dispatch.before_cursor_execute:
                    str_statement, effective_parameters = fn(
                        self,
                        cursor,
                        str_statement,
                        effective_parameters,
                        context,
                        context.executemany,
                    )
    
            if self._echo:
                self._log_info(str_statement)
    
                stats = context._get_cache_stats()
    
                if not self.engine.hide_parameters:
                    self._log_info(
                        "[%s] %r",
                        stats,
                        sql_util._repr_params(
                            effective_parameters,
                            batches=10,
                            ismulti=context.executemany,
                        ),
                    )
                else:
                    self._log_info(
                        "[%s] [SQL parameters hidden due to "
                        "hide_parameters=True]",
                        stats,
                    )
            if context.execute_style is ExecuteStyle.EXECUTEMANY:
                effective_parameters = cast(
                    "_CoreMultiExecuteParams", effective_parameters
                )
                if self.dialect._has_events:
                    for fn in self.dialect.dispatch.do_executemany:
                        if fn(
                            cursor,
                            str_statement,
                            effective_parameters,
                            context,
                        ):
                            evt_handled = True
                            break
                if not evt_handled:
                    self.dialect.do_executemany(
                        cursor,
                        str_statement,
                        effective_parameters,
                        context,
                    )
            elif not effective_parameters and context.no_parameters:
                if self.dialect._has_events:
                    for fn in self.dialect.dispatch.do_execute_no_params:
                        if fn(cursor, str_statement, context):
                            evt_handled = True
                            break
                if not evt_handled:
                    self.dialect.do_execute_no_params(
                        cursor, str_statement, context
                    )
            else:
                effective_parameters = cast(
                    "_CoreSingleExecuteParams", effective_parameters
                )
                if self.dialect._has_events:
                    for fn in self.dialect.dispatch.do_execute:
                        if fn(
                            cursor,
                            str_statement,
                            effective_parameters,
                            context,
                        ):
                            evt_handled = True
                            break
                if not evt_handled:
>                   self.dialect.do_execute(
                        cursor, str_statement, effective_parameters, context
                    )

.venv\Lib\site-packages\sqlalchemy\engine\base.py:1943: 
_ _ _ _ _ _ _ _ _ _ _ _ _ _ _ _ _ _ _ _ _ _ _ _ _ _ _ _ _ _ _ _ _ _ _ _ _ _ _ _
.venv\Lib\site-packages\sqlalchemy\engine\default.py:1192: in do_execute
    cursor.execute(statement, parameters)
_ _ _ _ _ _ _ _ _ _ _ _ _ _ _ _ _ _ _ _ _ _ _ _ _ _ _ _ _ _ _ _ _ _ _ _ _ _ _ _

self = <psycopg.Cursor [closed] [BAD] at 0x219f944b710>
query = 'ALTER TABLE intervention_outbox DROP CONSTRAINT ck_intervention_outbox_ck_intervention_outbox_source'
params = immutabledict({}), prepare = None, binary = None

    def execute(
        self,
        query: Query,
        params: Params | None = None,
        *,
        prepare: bool | None = None,
        binary: bool | None = None,
    ) -> Self:
        """
        Execute a query or command to the database.
        """
        try:
            with self._conn.lock:
                self._conn.wait(
                    self._execute_gen(query, params, prepare=prepare, binary=binary)
                )
        except e._NO_TRACEBACK as ex:
>           raise ex.with_traceback(None)
E           psycopg.errors.UndefinedObject: constraint "ck_intervention_outbox_ck_intervention_outbox_source" of relation "intervention_outbox" does not exist

.venv\Lib\site-packages\psycopg\cursor.py:117: UndefinedObject

The above exception was the direct cause of the following exception:

    @pytest.fixture
    def migrated_database() -> Iterator[tuple[Engine, Config]]:
        with temporary_database() as url:
            config = migration_config(url)
>           command.upgrade(config, "head")

apps\api\app\tests\test_migrations.py:148: 
_ _ _ _ _ _ _ _ _ _ _ _ _ _ _ _ _ _ _ _ _ _ _ _ _ _ _ _ _ _ _ _ _ _ _ _ _ _ _ _
.venv\Lib\site-packages\alembic\command.py:487: in upgrade
    script.run_env()
.venv\Lib\site-packages\alembic\script\base.py:550: in run_env
    util.load_python_file(self.dir, "env.py")
.venv\Lib\site-packages\alembic\util\pyfiles.py:114: in load_python_file
    module = load_module_py(module_id, path)
             ^^^^^^^^^^^^^^^^^^^^^^^^^^^^^^^
.venv\Lib\site-packages\alembic\util\pyfiles.py:132: in load_module_py
    spec.loader.exec_module(module)  # type: ignore
    ^^^^^^^^^^^^^^^^^^^^^^^^^^^^^^^
apps\api\alembic\env.py:43: in <module>
    context.run_migrations()
.venv\Lib\site-packages\alembic\runtime\environment.py:970: in run_migrations
    self.get_context().run_migrations(**kw)
.venv\Lib\site-packages\alembic\runtime\migration.py:616: in run_migrations
    step.migration_fn(**kw)
apps\api\alembic\versions\0014_global_action_set_notifications.py:27: in upgrade
    op.drop_constraint("ck_intervention_outbox_source", "intervention_outbox", type_="check")
.venv\Lib\site-packages\alembic\operations\ops.py:227: in drop_constraint
    return operations.invoke(op)
           ^^^^^^^^^^^^^^^^^^^^^
.venv\Lib\site-packages\alembic\operations\base.py:448: in invoke
    return fn(self, operation)
           ^^^^^^^^^^^^^^^^^^^
.venv\Lib\site-packages\alembic\operations\toimpl.py:232: in drop_constraint
    operations.impl.drop_constraint(
.venv\Lib\site-packages\alembic\ddl\impl.py:418: in drop_constraint
    self._exec(schema.DropConstraint(const, **kw))
.venv\Lib\site-packages\alembic\ddl\impl.py:252: in _exec
    return conn.execute(construct, params)
           ^^^^^^^^^^^^^^^^^^^^^^^^^^^^^^^
.venv\Lib\site-packages\sqlalchemy\engine\base.py:1448: in execute
    return meth(
.venv\Lib\site-packages\sqlalchemy\sql\ddl.py:203: in _execute_on_connection
    return connection._execute_ddl(
.venv\Lib\site-packages\sqlalchemy\engine\base.py:1557: in _execute_ddl
    ret = self._execute_context(
.venv\Lib\site-packages\sqlalchemy\engine\base.py:1822: in _execute_context
    return self._exec_single_context(
.venv\Lib\site-packages\sqlalchemy\engine\base.py:1962: in _exec_single_context
    self._handle_dbapi_exception(
.venv\Lib\site-packages\sqlalchemy\engine\base.py:2332: in _handle_dbapi_exception
    raise sqlalchemy_exception.with_traceback(exc_info[2]) from e
.venv\Lib\site-packages\sqlalchemy\engine\base.py:1943: in _exec_single_context
    self.dialect.do_execute(
.venv\Lib\site-packages\sqlalchemy\engine\default.py:1192: in do_execute
    cursor.execute(statement, parameters)
_ _ _ _ _ _ _ _ _ _ _ _ _ _ _ _ _ _ _ _ _ _ _ _ _ _ _ _ _ _ _ _ _ _ _ _ _ _ _ _

self = <psycopg.Cursor [closed] [BAD] at 0x219f944b710>
query = 'ALTER TABLE intervention_outbox DROP CONSTRAINT ck_intervention_outbox_ck_intervention_outbox_source'
params = immutabledict({}), prepare = None, binary = None

    def execute(
        self,
        query: Query,
        params: Params | None = None,
        *,
        prepare: bool | None = None,
        binary: bool | None = None,
    ) -> Self:
        """
        Execute a query or command to the database.
        """
        try:
            with self._conn.lock:
                self._conn.wait(
                    self._execute_gen(query, params, prepare=prepare, binary=binary)
                )
        except e._NO_TRACEBACK as ex:
>           raise ex.with_traceback(None)
E           sqlalchemy.exc.ProgrammingError: (psycopg.errors.UndefinedObject) constraint "ck_intervention_outbox_ck_intervention_outbox_source" of relation "intervention_outbox" does not exist
E           [SQL: ALTER TABLE intervention_outbox DROP CONSTRAINT ck_intervention_outbox_ck_intervention_outbox_source]
E           (Background on this error at: https://sqlalche.me/e/21/f405)

.venv\Lib\site-packages\psycopg\cursor.py:117: ProgrammingError
============================== warnings summary ===============================
.venv\Lib\site-packages\fastapi\testclient.py:1
  F:\学校活动\工行杯\钱途有界\bounded-funds\.venv\Lib\site-packages\fastapi\testclient.py:1: StarletteDeprecationWarning: Using `httpx` with `starlette.testclient` is deprecated; install `httpx2` instead.
    from starlette.testclient import TestClient as TestClient  # noqa

-- Docs: https://docs.pytest.org/en/stable/how-to/capture-warnings.html
=========================== short test summary info ===========================
ERROR apps/api/app/tests/test_global_intervention_migration.py::test_actual_global_kind_upgrade_preserves_all_rows_and_downgrade_retention
!!!!!!!!!!!!!!!!!!!!!!!!!! stopping after 1 failures !!!!!!!!!!!!!!!!!!!!!!!!!!
1 warning, 1 error in 8.47s
