apps\api\app\domain\full_policy_change_multi.py:497: error: Argument 1 to "int" has incompatible type "int | None"; expected "str | Buffer | SupportsInt | SupportsIndex | SupportsTrunc"  [arg-type]
apps\api\app\domain\full_policy_change_multi.py:521: error: Incompatible types in assignment (expression has type "dict[UUID, tuple[int | None, list[str]]]", variable has type "BoundaryResult")  [assignment]
apps\api\app\domain\full_policy_change_multi.py:535: error: Value of type "BoundaryResult" is not indexable  [index]
apps\api\app\domain\full_policy_change_multi.py:537: error: Value of type "BoundaryResult" is not indexable  [index]
apps\api\app\domain\full_policy_change_multi.py:539: error: Value of type "BoundaryResult" is not indexable  [index]
apps\api\app\domain\full_policy_change_multi.py:540: error: Value of type "BoundaryResult" is not indexable  [index]
apps\api\app\domain\full_policy_change_multi.py:557: error: Incompatible types in assignment (expression has type "FullRecoveryPlanningInput", variable has type "FullAssetPlanningInput")  [assignment]
apps\api\app\domain\full_policy_change_multi.py:560: error: "FullAssetPlanningInput" has no attribute "user_id"  [attr-defined]
apps\api\app\domain\full_policy_change_multi.py:569: error: "FullAssetPlanningInput" has no attribute "linked_asset_policy"  [attr-defined]
apps\api\app\domain\full_policy_change_multi.py:575: error: "FullAssetPlanningInput" has no attribute "holdings"  [attr-defined]
apps\api\app\domain\full_policy_change_multi.py:581: error: "AssetAuthorizationPolicy" has no attribute "asset_policy_id"  [attr-defined]
apps\api\app\domain\full_policy_change_multi.py:585: error: Argument 1 to "_linked_configuration" has incompatible type "FullAssetPlanningInput"; expected "FullRecoveryPlanningInput"  [arg-type]
apps\api\app\domain\full_policy_change_multi.py:587: error: "FullAssetPlanningInput" has no attribute "goal_deadline_at"; maybe "goal_deadline"?  [attr-defined]
apps\api\app\domain\full_policy_change_multi.py:598: error: "FullAssetPlanningInput" has no attribute "holdings"  [attr-defined]
apps\api\app\domain\full_policy_change_multi.py:599: error: Incompatible types in assignment (expression has type "FullRecoveryCandidate", variable has type "dict[UUID, tuple[int | None, list[str]]]")  [assignment]
apps\api\app\domain\full_policy_change_multi.py:599: error: Argument 1 to "_candidate" has incompatible type "FullAssetPlanningInput"; expected "FullRecoveryPlanningInput"  [arg-type]
apps\api\app\domain\full_policy_change_multi.py:600: error: Incompatible types in assignment (expression has type "FullRecoveryCandidate", variable has type "BoundaryResult")  [assignment]
apps\api\app\domain\full_policy_change_multi.py:600: error: Argument 1 to "_candidate" has incompatible type "FullAssetPlanningInput"; expected "FullRecoveryPlanningInput"  [arg-type]
apps\api\app\domain\full_policy_change_multi.py:609: error: "BoundaryResult" has no attribute "reasons"  [attr-defined]
apps\api\app\domain\full_policy_change_multi.py:622: error: Argument 1 to "append" of "list" has incompatible type "RecoveryCandidateChange"; expected "ProductCapacityChange"  [arg-type]
apps\api\app\domain\full_policy_change_multi.py:624: error: "dict[UUID, tuple[int | None, list[str]]]" has no attribute "model_dump"  [attr-defined]
apps\api\app\domain\full_policy_change_multi.py:638: error: Argument "recovery_candidates" to "MultiTemplateFinancialImpact" has incompatible type "list[ProductCapacityChange]"; expected "list[RecoveryCandidateChange]"  [arg-type]
apps\api\app\domain\full_policy_change_multi.py:642: error: Incompatible types in assignment (expression has type "MultiGoalAllocationInput", variable has type "FullAssetPlanningInput")  [assignment]
apps\api\app\domain\full_policy_change_multi.py:644: error: "FullAssetPlanningInput" has no attribute "user_id"  [attr-defined]
apps\api\app\domain\full_policy_change_multi.py:645: error: "FullAssetPlanningInput" has no attribute "as_of"  [attr-defined]
apps\api\app\domain\full_policy_change_multi.py:646: error: "FullAssetPlanningInput" has no attribute "source_issues"  [attr-defined]
apps\api\app\domain\full_policy_change_multi.py:649: error: "FullAssetPlanningInput" has no attribute "hard_protection_points"  [attr-defined]
apps\api\app\domain\full_policy_change_multi.py:651: error: "FullAssetPlanningInput" has no attribute "hard_protection_points"  [attr-defined]
apps\api\app\domain\full_policy_change_multi.py:660: error: Incompatible types in assignment (expression has type "MultiGoalAllocationResult", variable has type "dict[UUID, tuple[int | None, list[str]]]")  [assignment]
apps\api\app\domain\full_policy_change_multi.py:661: error: Argument 1 to "_goal_variant" has incompatible type "FullAssetPlanningInput"; expected "MultiGoalAllocationInput"  [arg-type]
apps\api\app\domain\full_policy_change_multi.py:663: error: Incompatible types in assignment (expression has type "MultiGoalAllocationResult", variable has type "BoundaryResult")  [assignment]
apps\api\app\domain\full_policy_change_multi.py:663: error: Argument 1 to "_goal_variant" has incompatible type "FullAssetPlanningInput"; expected "MultiGoalAllocationInput"  [arg-type]
apps\api\app\domain\full_policy_change_multi.py:666: error: "dict[UUID, tuple[int | None, list[str]]]" has no attribute "status"  [attr-defined]
apps\api\app\domain\full_policy_change_multi.py:666: error: Non-overlapping equality check (left operand type: "Literal['READY', 'LIQUIDITY_RISK', 'INSUFFICIENT_EVIDENCE']", right operand type: "Literal['UNKNOWN']")  [comparison-overlap]
apps\api\app\domain\full_policy_change_multi.py:667: error: "dict[UUID, tuple[int | None, list[str]]]" has no attribute "reasons"  [attr-defined]
apps\api\app\domain\full_policy_change_multi.py:667: error: "BoundaryResult" has no attribute "reasons"  [attr-defined]
apps\api\app\domain\full_policy_change_multi.py:668: error: Incompatible types in assignment (expression has type "dict[Any, Any]", variable has type "int | None")  [assignment]
apps\api\app\domain\full_policy_change_multi.py:668: error: "dict[UUID, tuple[int | None, list[str]]]" has no attribute "goals"  [attr-defined]
apps\api\app\domain\full_policy_change_multi.py:670: error: Value of type "int | None" is not indexable  [index]
apps\api\app\domain\full_policy_change_multi.py:671: error: Value of type "int | None" is not indexable  [index]
apps\api\app\domain\full_policy_change_multi.py:673: error: "BoundaryResult" has no attribute "goals"  [attr-defined]
apps\api\app\domain\full_policy_change_multi.py:682: error: Argument "goal_allocation_before" to "MultiTemplateFinancialImpact" has incompatible type "dict[UUID, tuple[int | None, list[str]]]"; expected "MultiGoalAllocationResult | None"  [arg-type]
apps\api\app\domain\full_policy_change_multi.py:683: error: Argument "goal_allocation_after" to "MultiTemplateFinancialImpact" has incompatible type "BoundaryResult"; expected "MultiGoalAllocationResult | None"  [arg-type]
apps\api\app\tests\test_full_policy_change_multi.py:55: error: Argument "template_name" to "MultiTemplateChangeInput" has incompatible type "str"; expected "Literal['RecurringObligationPolicy', 'LivingReservePolicy', 'EmergencyBufferPolicy', 'DatedExpensePolicy', 'LongTermGoalPolicy', 'PeriodicTransferPolicy', 'AssetAuthorizationPolicy', 'RecoveryPolicy', 'GoalAllocationPolicy', 'CrossGoalReallocationPolicy', 'SeasonalReservePolicy', 'InterventionPolicy']"  [arg-type]
apps\api\app\tests\test_full_policy_change_multi.py:189: error: Item "None" of "BoundaryPolicyVersion | None" has no attribute "model_copy"  [union-attr]
apps\api\app\services\full_policy_change_multi.py:117: error: Need type annotation for "confirmations" (hint: "confirmations: list[<type>] = ...")  [var-annotated]
apps\api\app\services\full_policy_change_multi.py:333: error: "CatalogReadResponse" has no attribute "status"  [attr-defined]
Found 47 errors in 3 files (checked 5 source files)
