...F...............................                                      [100%]
================================== FAILURES ===================================
_ test_missing_or_changed_real_source_never_becomes_a_smaller_successful_joint[owner] _
apps\api\app\tests\test_full_action_set_joint_producers.py:415: in test_missing_or_changed_real_source_never_becomes_a_smaller_successful_joint
    result = derive_joint_producers(data)
             ^^^^^^^^^^^^^^^^^^^^^^^^^^^^
apps\api\app\domain\full_action_set_joint_producers.py:470: in derive_joint_producers
    data = JointActionSetInput.model_validate(supplied.model_dump())
           ^^^^^^^^^^^^^^^^^^^^^^^^^^^^^^^^^^^^^^^^^^^^^^^^^^^^^^^^^
E   pydantic_core._pydantic_core.ValidationError: 1 validation error for JointActionSetInput
E   original_joint_input
E     Value error, All source originals must belong to the same user [type=value_error, input_value={'schema_version': 'multi...er_node_budget': 200000}, input_type=dict]
E       For further information visit https://errors.pydantic.dev/2.13/v/value_error
============================== warnings summary ===============================
.venv\Lib\site-packages\fastapi\testclient.py:1
  F:\学校活动\工行杯\钱途有界\bounded-funds\.venv\Lib\site-packages\fastapi\testclient.py:1: StarletteDeprecationWarning: Using `httpx` with `starlette.testclient` is deprecated; install `httpx2` instead.
    from starlette.testclient import TestClient as TestClient  # noqa

.venv\Lib\site-packages\_pytest\cacheprovider.py:469
  F:\学校活动\工行杯\钱途有界\bounded-funds\.venv\Lib\site-packages\_pytest\cacheprovider.py:469: PytestCacheWarning: could not create cache path F:\学校活动\工行杯\钱途有界\bounded-funds\.pytest_cache\v\cache\nodeids: [WinError 5] 拒绝访问。: 'F:\\学校活动\\工行杯\\钱途有界\\bounded-funds\\.pytest_cache\\v\\cache'
    config.cache.set("cache/nodeids", sorted(self.cached_nodeids))

.venv\Lib\site-packages\_pytest\cacheprovider.py:423
  F:\学校活动\工行杯\钱途有界\bounded-funds\.venv\Lib\site-packages\_pytest\cacheprovider.py:423: PytestCacheWarning: could not create cache path F:\学校活动\工行杯\钱途有界\bounded-funds\.pytest_cache\v\cache\lastfailed: [WinError 5] 拒绝访问。: 'F:\\学校活动\\工行杯\\钱途有界\\bounded-funds\\.pytest_cache\\v\\cache'
    config.cache.set("cache/lastfailed", self.lastfailed)

-- Docs: https://docs.pytest.org/en/stable/how-to/capture-warnings.html
=========================== short test summary info ===========================
FAILED apps/api/app/tests/test_full_action_set_joint_producers.py::test_missing_or_changed_real_source_never_becomes_a_smaller_successful_joint[owner]
1 failed, 34 passed, 3 warnings in 192.21s (0:03:12)
