....F.................E                                                  [100%]Traceback (most recent call last):
  File "<frozen runpy>", line 198, in _run_module_as_main
  File "<frozen runpy>", line 88, in _run_code
  File "F:\学校活动\工行杯\钱途有界\bounded-funds\.venv\Lib\site-packages\pytest\__main__.py", line 9, in <module>
    raise SystemExit(_console_main())
                     ^^^^^^^^^^^^^^^
  File "F:\学校活动\工行杯\钱途有界\bounded-funds\.venv\Lib\site-packages\_pytest\config\__init__.py", line 253, in _console_main
    code = _main(prog=_get_prog_name(sys.argv))
           ^^^^^^^^^^^^^^^^^^^^^^^^^^^^^^^^^^^^
  File "F:\学校活动\工行杯\钱途有界\bounded-funds\.venv\Lib\site-packages\_pytest\config\__init__.py", line 229, in _main
    ret: ExitCode | int = config.hook.pytest_cmdline_main(config=config)
                          ^^^^^^^^^^^^^^^^^^^^^^^^^^^^^^^^^^^^^^^^^^^^^^
  File "F:\学校活动\工行杯\钱途有界\bounded-funds\.venv\Lib\site-packages\pluggy\_hooks.py", line 512, in __call__
    return self._hookexec(self.name, self._hookimpls.copy(), kwargs, firstresult)
           ^^^^^^^^^^^^^^^^^^^^^^^^^^^^^^^^^^^^^^^^^^^^^^^^^^^^^^^^^^^^^^^^^^^^^^
  File "F:\学校活动\工行杯\钱途有界\bounded-funds\.venv\Lib\site-packages\pluggy\_manager.py", line 120, in _hookexec
    return self._inner_hookexec(hook_name, methods, kwargs, firstresult)
           ^^^^^^^^^^^^^^^^^^^^^^^^^^^^^^^^^^^^^^^^^^^^^^^^^^^^^^^^^^^^^
  File "F:\学校活动\工行杯\钱途有界\bounded-funds\.venv\Lib\site-packages\pluggy\_callers.py", line 167, in _multicall
    raise exception
  File "F:\学校活动\工行杯\钱途有界\bounded-funds\.venv\Lib\site-packages\pluggy\_callers.py", line 121, in _multicall
    res = hook_impl.function(*args)
          ^^^^^^^^^^^^^^^^^^^^^^^^^
  File "F:\学校活动\工行杯\钱途有界\bounded-funds\.venv\Lib\site-packages\_pytest\main.py", line 377, in pytest_cmdline_main
    return wrap_session(config, _main)
           ^^^^^^^^^^^^^^^^^^^^^^^^^^^
  File "F:\学校活动\工行杯\钱途有界\bounded-funds\.venv\Lib\site-packages\_pytest\main.py", line 365, in wrap_session
    config.hook.pytest_sessionfinish(
  File "F:\学校活动\工行杯\钱途有界\bounded-funds\.venv\Lib\site-packages\pluggy\_hooks.py", line 512, in __call__
    return self._hookexec(self.name, self._hookimpls.copy(), kwargs, firstresult)
           ^^^^^^^^^^^^^^^^^^^^^^^^^^^^^^^^^^^^^^^^^^^^^^^^^^^^^^^^^^^^^^^^^^^^^^
  File "F:\学校活动\工行杯\钱途有界\bounded-funds\.venv\Lib\site-packages\pluggy\_manager.py", line 120, in _hookexec
    return self._inner_hookexec(hook_name, methods, kwargs, firstresult)
           ^^^^^^^^^^^^^^^^^^^^^^^^^^^^^^^^^^^^^^^^^^^^^^^^^^^^^^^^^^^^^
  File "F:\学校活动\工行杯\钱途有界\bounded-funds\.venv\Lib\site-packages\pluggy\_callers.py", line 167, in _multicall
    raise exception
  File "F:\学校活动\工行杯\钱途有界\bounded-funds\.venv\Lib\site-packages\pluggy\_callers.py", line 139, in _multicall
    teardown.throw(exception)
  File "F:\学校活动\工行杯\钱途有界\bounded-funds\.venv\Lib\site-packages\_pytest\logging.py", line 888, in pytest_sessionfinish
    return (yield)
            ^^^^^
  File "F:\学校活动\工行杯\钱途有界\bounded-funds\.venv\Lib\site-packages\pluggy\_callers.py", line 139, in _multicall
    teardown.throw(exception)
  File "F:\学校活动\工行杯\钱途有界\bounded-funds\.venv\Lib\site-packages\_pytest\terminal.py", line 961, in pytest_sessionfinish
    result = yield
             ^^^^^
  File "F:\学校活动\工行杯\钱途有界\bounded-funds\.venv\Lib\site-packages\pluggy\_callers.py", line 139, in _multicall
    teardown.throw(exception)
  File "F:\学校活动\工行杯\钱途有界\bounded-funds\.venv\Lib\site-packages\_pytest\warnings.py", line 119, in pytest_sessionfinish
    return (yield)
            ^^^^^
  File "F:\学校活动\工行杯\钱途有界\bounded-funds\.venv\Lib\site-packages\pluggy\_callers.py", line 121, in _multicall
    res = hook_impl.function(*args)
          ^^^^^^^^^^^^^^^^^^^^^^^^^
  File "F:\学校活动\工行杯\钱途有界\bounded-funds\.venv\Lib\site-packages\_pytest\tmpdir.py", line 337, in pytest_sessionfinish
    cleanup_dead_symlinks(basetemp)
  File "F:\学校活动\工行杯\钱途有界\bounded-funds\.venv\Lib\site-packages\_pytest\pathlib.py", line 354, in cleanup_dead_symlinks
    for left_dir in root.iterdir():
                    ^^^^^^^^^^^^^^
  File "C:\Users\starryzac\AppData\Local\Programs\Python\Python312\Lib\pathlib.py", line 1056, in iterdir
    for name in os.listdir(self):
                ^^^^^^^^^^^^^^^^
PermissionError: [WinError 5] 拒绝访问。: 'F:\\学校活动\\工行杯\\钱途有界\\bounded-funds\\.runtime\\checkpoint-oracle-pytest-1a10a1831fa-5dc87fbb'
