F                                                                        [100%]
================================== FAILURES ===================================
_ test_exact_transfer_confirmation_does_not_make_auto_or_reauthorize_unknown __

boundary_engine = Engine(postgresql+psycopg://bounded:***@127.0.0.1:54329/bf_test_7fe4d2be2f204c71a823062ca6e0ce6c)

    def test_exact_transfer_confirmation_does_not_make_auto_or_reauthorize_unknown(
        boundary_engine: Engine,
    ) -> None:
        source, target = transfer_accounts(boundary_engine)
        intent = TransferIntent(
            kind="transfer_internal",
            source_account_id=source,
            destination_account_id=target,
            amount_cents=10000,
        )
        before = snapshot(boundary_engine)
        with readonly(boundary_engine) as session:
            result = assess_envelope_intent(session, DEMO_USER_ID, intent, SEED_AS_OF)
            assert memberships(result.assessment)["FinanciallySafeSet"] == "IN"
            assert memberships(result.assessment)["UserAuthorizedSet"] == "OUT"
            assert not result.assessment.automatic_execution_allowed
        assert snapshot(boundary_engine) == before
        prepared = prepare_action(
            boundary_engine,
            DEMO_USER_ID,
            PrepareActionRequest(idempotency_key="envelope-transfer", intent=intent),
            SEED_AS_OF,
        )
        confirm_action(
            boundary_engine,
            DEMO_USER_ID,
            prepared.action_id,
            ConfirmActionRequest(effect_hash=prepared.effect_hash, accepted=True),
            SEED_AS_OF,
        )
        before = snapshot(boundary_engine)
        with readonly(boundary_engine) as session:
            confirmed = assess_envelope_action(session, DEMO_USER_ID, prepared.action_id, SEED_AS_OF)
            assert confirmed.assessment.intersection == "IN"
            assert confirmed.assessment.execution_eligible
            assert not confirmed.assessment.automatic_execution_allowed
            assert confirmed.effect == prepared.effect
            with pytest.raises(PolicyLifecycleError) as foreign:
                assess_envelope_action(session, uuid4(), prepared.action_id, SEED_AS_OF)
            assert foreign.value.status_code == 404
        assert snapshot(boundary_engine) == before
        with (
            _fault("DROP_BANK_RESPONSE", "EXECUTE_ACTION", boundary_engine, DEMO_USER_ID),
            pytest.raises(TimeoutError, match="SIMULATED_BANK_RESPONSE_LOST"),
        ):
            execute_action(boundary_engine, DEMO_USER_ID, prepared.action_id, SEED_AS_OF)
        before = snapshot(boundary_engine)
        with readonly(boundary_engine) as session:
            unresolved = get_action(session, DEMO_USER_ID, prepared.action_id, SEED_AS_OF)
            assert unresolved.status in {"SUBMITTED", "UNKNOWN"}
            assert unresolved.bank_status == "SETTLED" and unresolved.receipt is None
            assert (
                unresolved.effect == prepared.effect and unresolved.effect_hash == prepared.effect_hash
            )
            operations = list(
                session.scalars(
                    select(BankOperation).where(
                        BankOperation.user_id == DEMO_USER_ID,
                        BankOperation.action_plan_id == prepared.action_id,
                    )
                )
            )
            assert len(operations) == 1
>           assert operations[0].idempotency_key == "envelope-transfer"
E           AssertionError: assert 'action:07ad2...8e7a3e813306e' == 'envelope-transfer'
E             
E             - envelope-transfer
E             + action:07ad2c1ba6b7a64fd4519a2115f23ce99273f18b52207248b108e7a3e813306e

apps\api\app\tests\test_autonomy_envelope_integration.py:126: AssertionError
=========================== short test summary info ===========================
FAILED apps/api/app/tests/test_autonomy_envelope_integration.py::test_exact_transfer_confirmation_does_not_make_auto_or_reauthorize_unknown
1 failed in 16.60s
