..........................F.............                                 [100%]
================================== FAILURES ===================================
________ test_full_purchase_settlement_and_projection_are_independent _________

    def test_full_purchase_settlement_and_projection_are_independent() -> None:
        fixture = Purchase()
>       actual = fixture.settled()
                 ^^^^^^^^^^^^^^^^^

scripts\tests\test_mvp_purchase_projection_v2.py:213: 
_ _ _ _ _ _ _ _ _ _ _ _ _ _ _ _ _ _ _ _ _ _ _ _ _ _ _ _ _ _ _ _ _ _ _ _ _ _ _ _
scripts\tests\test_mvp_purchase_projection_v2.py:208: in settled
    return metrics._settled(cast(metrics.FinanceBundle, self), self.record)
           ^^^^^^^^^^^^^^^^^^^^^^^^^^^^^^^^^^^^^^^^^^^^^^^^^^^^^^^^^^^^^^^^
_ _ _ _ _ _ _ _ _ _ _ _ _ _ _ _ _ _ _ _ _ _ _ _ _ _ _ _ _ _ _ _ _ _ _ _ _ _ _ _

bundle = <test_mvp_purchase_projection_v2.Purchase object at 0x00000184E905CAD0>
record = {'before_facts_ref': 'before', 'after_facts_ref': 'after', 'action_id': '00000000-0000-0000-0000-0000000dbba1'}

    def _settled(bundle: FinanceBundle, record: dict[str, Any]) -> dict[str, Any]:
        before = bundle.facts(_need(record, "before_facts_ref"))
        after = bundle.facts(_need(record, "after_facts_ref"))
        action = _find(after, "action_plans", _identity(_need(record, "action_id"), "actual action"))
        effect, digest = _effect(action, after["user_id"])
        operations = [
            row
            for row in _rows(after, "bank_operations").values()
            if row.get("action_plan_id") == action["id"]
        ]
        if len(operations) != 1:
            raise Missing("Original unique actual bank operation is missing")
        bank = operations[0]
        _check(
            bank.get("request") == action["request"]["execution"]
            and digest_value(bank["request"]) == bank.get("request_hash")
            and bank.get("id") == effect["operation_id"]
            and bank.get("idempotency_key") == action.get("idempotency_key")
            and bank.get("operation_type") == effect["action_type"]
            and bank.get("business_key") == effect["business_key"]
            and bank.get("amount_cents") == effect["amount_cents"],
            "Original bank/effect identity differs",
        )
        if bank.get("status") != "SETTLED" or bank.get("settled_at") is None:
            raise Missing("Actual settlement is not observed; UNKNOWN/ACCEPTED is not execution proof")
        at = _time(_need(bank, "requested_at"), "actual acceptance time")
        settled_at = _time(bank["settled_at"], "actual settlement time")
        _check(
            _time(_need(effect, "valid_from"), "effect start")
            <= at
            < _time(_need(effect, "expires_at"), "effect end")
            and at
            <= _time(_need(bank, "available_at"), "bank available")
            <= settled_at
            <= _time(after["as_of"], "after facts time"),
            "Original actual bank clocks differ",
        )
        old = _rows(before, "simulated_bank_postings")
        current = _rows(after, "simulated_bank_postings")
        _check(
            all(
                identity in current and digest_value(row) == digest_value(current[identity])
                for identity, row in old.items()
            ),
            "Original prior ledger rows were changed or lost",
        )
        replay = ledger_continuity(list(current.values()), after["user_id"])
        if replay["status"] != "VERIFIED":
>           raise Missing("Independent complete ledger replay: " + str(replay["missing_reason"]))
E           scripts.mvp_trace_metrics.Missing: Independent complete ledger replay: A raw posting does not include all original columns

scripts\mvp_financial_metrics.py:884: Missing
=========================== short test summary info ===========================
FAILED scripts/tests/test_mvp_purchase_projection_v2.py::test_full_purchase_settlement_and_projection_are_independent
1 failed, 39 passed in 0.96s
