
 RUN  v3.2.4 F:/学校活动/工行杯/钱途有界/bounded-funds/apps/web

 ❯ src/api/recovery-composed-observations.test.ts (19 tests | 2 failed) 150ms
   ✓ strict complete originals keep unknown and noauthority 21ms
   × strict t0_unknown_original originals keep unknown and noauthority 13ms
     → 完整原观察未通过身份、来源或比较校验；保留原请求
   × strict t1_unknown originals keep unknown and noauthority 12ms
     → 完整原观察未通过身份、来源或比较校验；保留原请求
   ✓ rejects forged owner even with new request hash 7ms
   ✓ rejects forged epoch even with new request hash 13ms
   ✓ rejects forged run even with new request hash 7ms
   ✓ rejects forged request even with new request hash 6ms
   ✓ rejects forged extra even with new request hash 5ms
   ✓ rejects forged authority even with new request hash 1ms
   ✓ rejects forged complete even with new request hash 6ms
   ✓ rejects forged kind even with new request hash 8ms
   ✓ rejects forged semantic even with new request hash 6ms
   ✓ rejects forged attention even with new request hash 5ms
   ✓ rejects forged notify even with new request hash 2ms
   ✓ rejects forged time even with new request hash 3ms
   ✓ rejects forged bool even with new request hash 2ms
   ✓ complete parent exact original determines semantic; a changed kind/parent hash is refused 14ms
   ✓ strict saved body/UUID5/hash rejects injected role and different exact JSON 2ms
   ✓ parent 404 is UNVERIFIED, not absent current run or permission to repeat POST 12ms
 ✓ src/features/recovery-composed-observation-operation.test.ts (4 tests) 759ms
   ✓ full intent persists before POST; POST result cannot clear; only exact fresh GET clears  304ms
 ❯ src/components/RecoveryComposedObservationPanel.test.tsx (4 tests | 1 failed) 2008ms
   ✓ explicit record gets owner/current scope, stores full request before POST and checks exact GET  578ms
   × lost POST keeps identity; original GET recovery remains enabled under other write gate 1114ms
     → Unable to find an element with the text: 原观察已记录，来源比较仍未知. This could be because the text is broken up by multiple elements. In this case, you can provide a function for your text matcher to make your matcher more flexible.

Ignored nodes: comments, script, style
[36m<body>[39m
  [36m<div>[39m
    [36m<section[39m
      [33maria-label[39m=[32m"原组合观察恢复"[39m
      [33mclass[39m=[32m"card"[39m
    [36m>[39m
      [36m<h3>[39m
        [0m原组合观察恢复[0m
      [36m</h3>[39m
      [36m<p>[39m
        [0m保留原运行 [0m
        [0mfdc208ab-b78c-586b-a95d-d15fe7db6a70[0m
        [0m、原body/hash/key；GET可独立核对。未找到不允许换键。[0m
      [36m</p>[39m
      [36m<button[39m
        [33mtype[39m=[32m"button"[39m
      [36m>[39m
        [0m核对原观察[0m
      [36m</button>[39m
      [36m<button[39m
        [33mdisabled[39m=[32m""[39m
        [33mtype[39m=[32m"button"[39m
      [36m>[39m
        [0m先核对，再同键重试原观察[0m
      [36m</button>[39m
      [36m<p[39m
        [33mrole[39m=[32m"alert"[39m
      [36m>[39m
        [0m完整原观察未通过身份、来源或比较校验；保留原请求[0m
      [36m</p>[39m
    [36m</section>[39m
  [36m</div>[39m
[36m</body>[39m

Ignored nodes: comments, script, style
[36m<body>[39m
  [36m<div>[39m
    [36m<section[39m
      [33maria-label[39m=[32m"原组合观察恢复"[39m
      [33mclass[39m=[32m"card"[39m
    [36m>[39m
      [36m<h3>[39m
        [0m原组合观察恢复[0m
      [36m</h3>[39m
      [36m<p>[39m
        [0m保留原运行 [0m
        [0mfdc208ab-b78c-586b-a95d-d15fe7db6a70[0m
        [0m、原body/hash/key；GET可独立核对。未找到不允许换键。[0m
      [36m</p>[39m
      [36m<button[39m
        [33mtype[39m=[32m"button"[39m
      [36m>[39m
        [0m核对原观察[0m
      [36m</button>[39m
      [36m<button[39m
        [33mdisabled[39m=[32m""[39m
        [33mtype[39m=[32m"button"[39m
      [36m>[39m
        [0m先核对，再同键重试原观察[0m
      [36m</button>[39m
      [36m<p[39m
        [33mrole[39m=[32m"alert"[39m
      [36m>[39m
        [0m完整原观察未通过身份、来源或比较校验；保留原请求[0m
      [36m</p>[39m
    [36m</section>[39m
  [36m</div>[39m
[36m</body>[39m
   ✓ only explicit same-key retry after actual404 can POST; no new current scope/key is read 190ms
   ✓ non404 source failure keeps pending and never POSTs 125ms

⎯⎯⎯⎯⎯⎯⎯ Failed Tests 3 ⎯⎯⎯⎯⎯⎯⎯

 FAIL  src/api/recovery-composed-observations.test.ts > strict t0_unknown_original originals keep unknown and noauthority
 FAIL  src/api/recovery-composed-observations.test.ts > strict t1_unknown originals keep unknown and noauthority
Error: 完整原观察未通过身份、来源或比较校验；保留原请求
 ❯ check src/api/recovery-composed-observations.ts:28:95
     26| const exact = (value: Record<string, unknown>, fields: string[]) => sa…
     27| const time = (value: unknown): value is string => typeof value === 'st…
     28| const check: (condition: unknown) => asserts condition = condition => …
       |                                                                                               ^
     29| 
     30| export function parseRecoveryObserveRequest(value: unknown): RecoveryO…
 ❯ parseRecoveryObservation src/api/recovery-composed-observations.ts:57:3
 ❯ src/api/recovery-composed-observations.test.ts:11:17

⎯⎯⎯⎯⎯⎯⎯⎯⎯⎯⎯⎯⎯⎯⎯⎯⎯⎯⎯⎯⎯⎯⎯⎯[1/3]⎯

 FAIL  src/components/RecoveryComposedObservationPanel.test.tsx > lost POST keeps identity; original GET recovery remains enabled under other write gate
TestingLibraryElementError: Unable to find an element with the text: 原观察已记录，来源比较仍未知. This could be because the text is broken up by multiple elements. In this case, you can provide a function for your text matcher to make your matcher more flexible.

Ignored nodes: comments, script, style
[36m<body>[39m
  [36m<div>[39m
    [36m<section[39m
      [33maria-label[39m=[32m"原组合观察恢复"[39m
      [33mclass[39m=[32m"card"[39m
    [36m>[39m
      [36m<h3>[39m
        [0m原组合观察恢复[0m
      [36m</h3>[39m
      [36m<p>[39m
        [0m保留原运行 [0m
        [0mfdc208ab-b78c-586b-a95d-d15fe7db6a70[0m
        [0m、原body/hash/key；GET可独立核对。未找到不允许换键。[0m
      [36m</p>[39m
      [36m<button[39m
        [33mtype[39m=[32m"button"[39m
      [36m>[39m
        [0m核对原观察[0m
      [36m</button>[39m
      [36m<button[39m
        [33mdisabled[39m=[32m""[39m
        [33mtype[39m=[32m"button"[39m
      [36m>[39m
        [0m先核对，再同键重试原观察[0m
      [36m</button>[39m
      [36m<p[39m
        [33mrole[39m=[32m"alert"[39m
      [36m>[39m
        [0m完整原观察未通过身份、来源或比较校验；保留原请求[0m
      [36m</p>[39m
    [36m</section>[39m
  [36m</div>[39m
[36m</body>[39m

Ignored nodes: comments, script, style
[36m<body>[39m
  [36m<div>[39m
    [36m<section[39m
      [33maria-label[39m=[32m"原组合观察恢复"[39m
      [33mclass[39m=[32m"card"[39m
    [36m>[39m
      [36m<h3>[39m
        [0m原组合观察恢复[0m
      [36m</h3>[39m
      [36m<p>[39m
        [0m保留原运行 [0m
        [0mfdc208ab-b78c-586b-a95d-d15fe7db6a70[0m
        [0m、原body/hash/key；GET可独立核对。未找到不允许换键。[0m
      [36m</p>[39m
      [36m<button[39m
        [33mtype[39m=[32m"button"[39m
      [36m>[39m
        [0m核对原观察[0m
      [36m</button>[39m
      [36m<button[39m
        [33mdisabled[39m=[32m""[39m
        [33mtype[39m=[32m"button"[39m
      [36m>[39m
        [0m先核对，再同键重试原观察[0m
      [36m</button>[39m
      [36m<p[39m
        [33mrole[39m=[32m"alert"[39m
      [36m>[39m
        [0m完整原观察未通过身份、来源或比较校验；保留原请求[0m
      [36m</p>[39m
    [36m</section>[39m
  [36m</div>[39m
[36m</body>[39m
 ❯ waitForWrapper ../../node_modules/.pnpm/@testing-library+dom@10.4.2/node_modules/@testing-library/dom/dist/wait-for.js:163:27
 ❯ ../../node_modules/.pnpm/@testing-library+dom@10.4.2/node_modules/@testing-library/dom/dist/query-helpers.js:86:33
 ❯ src/components/RecoveryComposedObservationPanel.test.tsx:24:115
     22|   const fetcher = vi.fn(async () => new Response(JSON.stringify(await …
     23|   const Panel = (await import('./RecoveryComposedObservationPanel')).R…
     24|   render(<Panel mutationBlocked />); fireEvent.click(screen.getByRole(…
       |                                                                                                                   ^
     25|   expect(fetcher.mock.calls).toHaveLength(1); expect(store.getRecovery…
     26| });

⎯⎯⎯⎯⎯⎯⎯⎯⎯⎯⎯⎯⎯⎯⎯⎯⎯⎯⎯⎯⎯⎯⎯⎯[2/3]⎯


 Test Files  2 failed | 1 passed (3)
      Tests  3 failed | 24 passed (27)
   Start at  12:10:40
   Duration  5.00s (transform 693ms, setup 1.63s, collect 1.73s, tests 2.92s, environment 3.34s, prepare 1.09s)

