F                                                                        [100%]
================================== FAILURES ===================================
_ test_salary_after_actual_monthly_target_has_no_fake_goal_action_or_permanent_pending _

demo_engine = Engine(postgresql+psycopg://bounded:***@127.0.0.1:54329/bf_test_86c2570726ca48d29769b7ec41aae1c0)
monkeypatch = <_pytest.monkeypatch.MonkeyPatch object at 0x0000029AE342F110>

    def test_salary_after_actual_monthly_target_has_no_fake_goal_action_or_permanent_pending(
        demo_engine: Engine,
        monkeypatch: pytest.MonkeyPatch,
    ) -> None:
        # Preserve the real service result while surfacing exceptions hidden by HTTP's 500 envelope.
        original_run = demo_console.run_demo_event
        service_errors: list[Exception] = []
    
        def capture_error(
            engine: Engine, user_id: UUID, body: DemoEventRequest, now: datetime
        ) -> DemoCommandView:
            try:
                return original_run(engine, user_id, body, now)
            except Exception as error:
                service_errors.append(error)
                raise
    
        monkeypatch.setattr(demo_console, "run_demo_event", capture_error)
        seed_demo(demo_engine)
        epoch_id, clock = _epoch_id(demo_engine), [NOW]
        with _client(demo_engine, clock) as client:
            for kind in ["CAR_GOAL", "LIQUID_ASSET"]:
                _confirm_template(client, clock, epoch_id, kind)
            created = client.post(
                "/api/v1/demo/events",
                json={"event_kind": "CREATE_CAR_GOAL", "expected_epoch_id": str(epoch_id)},
            )
            assert created.status_code == 200, created.text
            goal_id = created.json()["goal_id"]
            assert goal_id is not None
            with Session(demo_engine) as session:
                cash = session.scalar(
                    select(Account)
                    .where(Account.user_id == DEMO_USER_ID, Account.account_type == "CASH")
                    .order_by(Account.id)
                    .limit(1)
                )
                assert cash is not None
                account_id = cash.id
            clock[0] += timedelta(seconds=1)
            first_income = external_bank_facts.ingest_external_fact(
                demo_engine,
                DEMO_USER_ID,
                ExternalFactRequest(
                    user_id=DEMO_USER_ID,
                    idempotency_key="actual-monthly-target-income",
                    external_ref="actual-monthly-target-income",
                    kind="INCOME",
                    account_id=account_id,
                    amount_cents=200_000,
                    counterparty_ref="payroll",
                    occurred_at=clock[0],
                ),
                clock[0],
            )
            assert first_income.bank_status == "SETTLED"
            assert first_income.projection_status == "PROJECTED"
            clock[0] += timedelta(seconds=1)
            prepared = client.post(
                "/api/v1/actions/prepare",
                json={
                    "idempotency_key": "actual-monthly-target-allocation",
                    "intent": {"kind": "allocate_goal", "goal_id": goal_id},
                },
            )
            assert prepared.status_code == 200, prepared.text
            allocation = prepared.json()
            assert allocation["effect"]["amount_cents"] == 200_000
            assert allocation["autonomy_level"] == "AUTO_EXECUTE"
            clock[0] += timedelta(seconds=1)
            executed = client.post(f"/api/v1/actions/{allocation['action_id']}/execute", json={})
            assert executed.status_code == 200, executed.text
            assert executed.json()["status"] == "SUCCEEDED"
            assert executed.json()["receipt"]["executed_cents"] == 200_000
            before_salary = json.loads(database_snapshot(demo_engine))
            clock[0] += timedelta(seconds=1)
            body = {"event_kind": "SALARY_RECEIVED", "expected_epoch_id": str(epoch_id)}
            response = client.post("/api/v1/demo/events", json=body)
            if response.status_code == 500 and service_errors:
                raise service_errors[-1]
            assert response.status_code == 200, response.text
            completed = response.json()
>           assert completed["status"] == "COMPLETED", completed
E           AssertionError: {'simulation': True, 'preset_version': 'demo-console-v1', 'command_id': '7343448b-4796-5406-84b0-bd7c6445fe5d', 'epoch_id': '76fd35e3-1d31-4f32-adfc-19e63172f304', ...}
E           assert 'PENDING' == 'COMPLETED'
E             
E             - COMPLETED
E             + PENDING

apps\api\app\tests\test_demo_console.py:442: AssertionError
---------------------------- Captured stderr call -----------------------------
{"event": "http_request", "request_id": "675f03bb-ed98-45fe-8adc-bdf2e312f7e1", "method": "POST", "status": 200, "duration_ms": 563.0}
{"event": "http_request", "request_id": "bf6823ec-6e6f-4d82-b1a7-e3787c16fd90", "method": "POST", "status": 200, "duration_ms": 140.0}
{"event": "http_request", "request_id": "00d10eab-4d3f-4bfc-b1d3-6754e5c20c18", "method": "POST", "status": 200, "duration_ms": 63.0}
{"event": "http_request", "request_id": "a3f7078c-8b69-4d5b-853f-044748e44aac", "method": "POST", "status": 200, "duration_ms": 62.0}
{"event": "http_request", "request_id": "f354fb5b-16fa-4874-a33f-7ec56de4c94b", "method": "POST", "status": 200, "duration_ms": 797.0}
{"event": "http_request", "request_id": "cdf41228-696a-4a66-9ba1-e73ca0732dd5", "method": "POST", "status": 200, "duration_ms": 6953.0}
{"event": "http_request", "request_id": "7647e19b-c75c-4e07-95d5-eb32d275d051", "method": "POST", "status": 200, "duration_ms": 14360.0}
{"event": "http_request", "request_id": "1d2b5c22-c72b-4dcf-8006-690228aed44f", "method": "POST", "status": 200, "duration_ms": 23250.0}
------------------------------ Captured log call ------------------------------
INFO     bounded_funds.http:main.py:65 {"event": "http_request", "request_id": "675f03bb-ed98-45fe-8adc-bdf2e312f7e1", "method": "POST", "status": 200, "duration_ms": 563.0}
INFO     bounded_funds.http:main.py:65 {"event": "http_request", "request_id": "bf6823ec-6e6f-4d82-b1a7-e3787c16fd90", "method": "POST", "status": 200, "duration_ms": 140.0}
INFO     bounded_funds.http:main.py:65 {"event": "http_request", "request_id": "00d10eab-4d3f-4bfc-b1d3-6754e5c20c18", "method": "POST", "status": 200, "duration_ms": 63.0}
INFO     bounded_funds.http:main.py:65 {"event": "http_request", "request_id": "a3f7078c-8b69-4d5b-853f-044748e44aac", "method": "POST", "status": 200, "duration_ms": 62.0}
INFO     bounded_funds.http:main.py:65 {"event": "http_request", "request_id": "f354fb5b-16fa-4874-a33f-7ec56de4c94b", "method": "POST", "status": 200, "duration_ms": 797.0}
INFO     bounded_funds.http:main.py:65 {"event": "http_request", "request_id": "cdf41228-696a-4a66-9ba1-e73ca0732dd5", "method": "POST", "status": 200, "duration_ms": 6953.0}
INFO     bounded_funds.http:main.py:65 {"event": "http_request", "request_id": "7647e19b-c75c-4e07-95d5-eb32d275d051", "method": "POST", "status": 200, "duration_ms": 14360.0}
INFO     bounded_funds.http:main.py:65 {"event": "http_request", "request_id": "1d2b5c22-c72b-4dcf-8006-690228aed44f", "method": "POST", "status": 200, "duration_ms": 23250.0}
============================== warnings summary ===============================
.venv\Lib\site-packages\fastapi\testclient.py:1
  F:\学校活动\工行杯\钱途有界\bounded-funds\.venv\Lib\site-packages\fastapi\testclient.py:1: StarletteDeprecationWarning: Using `httpx` with `starlette.testclient` is deprecated; install `httpx2` instead.
    from starlette.testclient import TestClient as TestClient  # noqa

-- Docs: https://docs.pytest.org/en/stable/how-to/capture-warnings.html
=========================== short test summary info ===========================
FAILED apps/api/app/tests/test_demo_console.py::test_salary_after_actual_monthly_target_has_no_fake_goal_action_or_permanent_pending
1 failed, 1 warning in 56.06s
