..............................F......                                    [100%]
================================== FAILURES ===================================
_ test_read_service_retains_exact_source_rows_and_rejects_missing_evidence_without_scope_rerun _

monkeypatch = <_pytest.monkeypatch.MonkeyPatch object at 0x000001608861DDC0>

    def test_read_service_retains_exact_source_rows_and_rejects_missing_evidence_without_scope_rerun(
        monkeypatch: pytest.MonkeyPatch,
    ) -> None:
        memory = EndedMemory()
        patch_service(monkeypatch, memory)
        result = service.read_current_ended_seasonal_adoption(
            memory.session(), USER, POLICY, memory.now
        )
>       assert result.status == "VERIFIED_ENDED" and result.current_floor_cents == 0
E       AssertionError: assert ('UNKNOWN' == 'VERIFIED_ENDED'
E         
E         - VERIFIED_ENDED
E         + UNKNOWN)

apps\api\app\tests\test_full_seasonal_ended_adoption.py:463: AssertionError
============================== warnings summary ===============================
.venv\Lib\site-packages\_pytest\cacheprovider.py:469
  F:\学校活动\工行杯\钱途有界\bounded-funds\.venv\Lib\site-packages\_pytest\cacheprovider.py:469: PytestCacheWarning: could not create cache path F:\学校活动\工行杯\钱途有界\bounded-funds\.pytest_cache\v\cache\nodeids: [WinError 5] 拒绝访问。: 'F:\\学校活动\\工行杯\\钱途有界\\bounded-funds\\.pytest_cache\\v\\cache'
    config.cache.set("cache/nodeids", sorted(self.cached_nodeids))

.venv\Lib\site-packages\_pytest\cacheprovider.py:423
  F:\学校活动\工行杯\钱途有界\bounded-funds\.venv\Lib\site-packages\_pytest\cacheprovider.py:423: PytestCacheWarning: could not create cache path F:\学校活动\工行杯\钱途有界\bounded-funds\.pytest_cache\v\cache\lastfailed: [WinError 5] 拒绝访问。: 'F:\\学校活动\\工行杯\\钱途有界\\bounded-funds\\.pytest_cache\\v\\cache'
    config.cache.set("cache/lastfailed", self.lastfailed)

-- Docs: https://docs.pytest.org/en/stable/how-to/capture-warnings.html
=========================== short test summary info ===========================
FAILED apps/api/app/tests/test_full_seasonal_ended_adoption.py::test_read_service_retains_exact_source_rows_and_rejects_missing_evidence_without_scope_rerun
1 failed, 36 passed, 2 warnings in 8.58s
