I001 [*] Import block is un-sorted or un-formatted
  --> apps\api\app\tests\test_full_policy_change_impact.py:3:1
   |
 1 |   """Hand-worked change preview risks, not financial execution or FULL acceptance."""
 2 |
 3 | / from datetime import UTC, date, datetime, timedelta
 4 | | from typing import Any
 5 | | from uuid import UUID
 6 | |
 7 | | import pytest
 8 | | from app.domain.boundary_types import BoundaryProduct, FixedReturnTerms, GoalOwnership
 9 | | from app.domain.full_policy_change_impact import FullPolicyImpactInput, project_full_policy_change
10 | | from app.domain.full_protection_projection import project_full_protection
11 | | from app.domain.policy_configuration import configuration_hash
12 | | from app.services.full_policy_lifecycle import canonical_candidate
13 | | from app.tests.test_full_protection_projection import data, dated, periodic, source
14 | | from app.tests.test_full_projection import CASH, NOW, emergency
15 | | from pydantic import ValidationError
   | |____________________________________^
help: Organize imports
   |
12 | from app.services.full_policy_lifecycle import canonical_candidate
13 + from app.tests.test_full_projection import CASH, NOW, emergency
14 | from app.tests.test_full_protection_projection import data, dated, periodic, source
   - from app.tests.test_full_projection import CASH, NOW, emergency
15 | from pydantic import ValidationError
   |

F401 [*] `datetime.timedelta` imported but unused
 --> apps\api\app\tests\test_full_policy_change_impact.py:3:43
  |
1 | """Hand-worked change preview risks, not financial execution or FULL acceptance."""
2 |
3 | from datetime import UTC, date, datetime, timedelta
  |                                           ^^^^^^^^^
4 | from typing import Any
5 | from uuid import UUID
  |
help: Remove unused import: `datetime.timedelta`
  |
2 |
  - from datetime import UTC, date, datetime, timedelta
3 + from datetime import UTC, date, datetime
4 | from typing import Any
  |

Found 2 errors.
[*] 2 fixable with the `--fix` option.
