F
================================== FAILURES ===================================
__ test_actual_mature_whole_user_ask_unknown_key_revoke_recovery_and_tamper ___

annual_client = (<starlette.testclient.TestClient object at 0x000002525828ADB0>, Engine(postgresql+psycopg://bounded:***@127.0.0.1:54329/bf_test_6fe0e8f14d35491cacc1928f18608fb9))
monkeypatch = <_pytest.monkeypatch.MonkeyPatch object at 0x000002524CDBFBC0>

    def test_actual_mature_whole_user_ask_unknown_key_revoke_recovery_and_tamper(
        annual_client: tuple[TestClient, Engine], monkeypatch: pytest.MonkeyPatch
    ) -> None:
        client, engine = annual_client
        require_installed_guard()
        actual_income(engine)
        asset_id, position_id, bought = actual_purchase(client, engine, "FIXED_ASSET")
        policy_id = UUID(actual_recovery_confirmation(client, asset_id))
        with Session(engine) as read:
            position = read.get(AssetPosition, position_id)
            assert position is not None and position.maturity_at is not None
            product = read.get(AssetProduct, position.product_id)
            assert product is not None
            mature_at = position.maturity_at + timedelta(days=product.redemption_delay_days)
            assert mature_at == position.purchased_at + timedelta(
                days=product.maturity_rule["term_days"] + product.redemption_delay_days
            )
        assert isinstance(client.app, FastAPI)
        client.app.dependency_overrides[get_now] = lambda: mature_at
        secret = "SYNTHETIC_ISOLATED_MATURITY_USER"
        monkeypatch.setenv("BF_LOCAL_USER_SECRET", secret)
        monkeypatch.setenv("BF_LOCAL_SIGNING_KEY", "bc" * 32)
        assert (
            client.post(
                "/api/v1/local-actor/login", json={"username": "bounded-user", "secret": secret}
            ).status_code
            == 200
        )
        token = client.cookies.get(COOKIE_NAME)
        assert token is not None
        principal = verify_local_actor_session(token, DEMO_USER_ID, mature_at)
        with _reader(engine) as read:
            full = read_full_policy(read, DEMO_USER_ID, policy_id, mature_at)
            body = FullMaturityRequest(
                policy_id=policy_id,
                expected_version_id=full.current_version.version_id,
                expected_epoch_id=full.epoch_id,
                position_id=position_id,
                idempotency_key="actual-whole-mature-user-original-key",
            )
        before = physical_snapshot(engine)
        with _reader(engine) as read:
            preview = preview_maturity_execution(read, DEMO_USER_ID, body, mature_at)
>       assert preview.proof.status == "VERIFIED_SCOPE", preview.proof.reasons
E       AssertionError: ['CURRENT_FULL_AND_MVP_CONFIRMED_SCOPE_REQUIRED', 'EXACT_CURRENT_MATURE_CONTRACT_REQUIRED:ORIGINAL_PRODUCT_REDEMPTION_PERMISSION_MISSING']
E       assert 'BLOCKED' == 'VERIFIED_SCOPE'
E         
E         - VERIFIED_SCOPE
E         + BLOCKED

apps\api\app\tests\test_full_maturity_execution_integration.py:94: AssertionError
---------------------------- Captured stderr call -----------------------------
{"event": "http_request", "request_id": "d8cc2ce5-7d21-4317-aca5-7170c0b77411", "method": "POST", "status": 200, "duration_ms": 1234.0}
{"event": "http_request", "request_id": "6f6fbcb2-a897-45ba-becc-2db42106c50e", "method": "POST", "status": 200, "duration_ms": 125.0}
{"event": "http_request", "request_id": "2318f495-d806-4f1b-ac66-71be451111bc", "method": "POST", "status": 200, "duration_ms": 7391.0}
{"event": "http_request", "request_id": "afce2a3e-35ef-4d32-a7bc-65b3aeb11e70", "method": "POST", "status": 200, "duration_ms": 13797.0}
{"event": "http_request", "request_id": "35c3726c-a1c8-4f78-8524-619a58283ce4", "method": "POST", "status": 200, "duration_ms": 62.0}
{"event": "http_request", "request_id": "3dd9bf9f-07d0-403a-8fa5-79e10171bfef", "method": "POST", "status": 200, "duration_ms": 63.0}
{"event": "http_request", "request_id": "6204d11a-1e4d-4317-9f5f-550bd0678348", "method": "POST", "status": 200, "duration_ms": 16.0}
------------------------------ Captured log call ------------------------------
INFO     bounded_funds.http:main.py:131 {"event": "http_request", "request_id": "d8cc2ce5-7d21-4317-aca5-7170c0b77411", "method": "POST", "status": 200, "duration_ms": 1234.0}
INFO     bounded_funds.http:main.py:131 {"event": "http_request", "request_id": "6f6fbcb2-a897-45ba-becc-2db42106c50e", "method": "POST", "status": 200, "duration_ms": 125.0}
INFO     bounded_funds.http:main.py:131 {"event": "http_request", "request_id": "2318f495-d806-4f1b-ac66-71be451111bc", "method": "POST", "status": 200, "duration_ms": 7391.0}
INFO     bounded_funds.http:main.py:131 {"event": "http_request", "request_id": "afce2a3e-35ef-4d32-a7bc-65b3aeb11e70", "method": "POST", "status": 200, "duration_ms": 13797.0}
INFO     bounded_funds.http:main.py:131 {"event": "http_request", "request_id": "35c3726c-a1c8-4f78-8524-619a58283ce4", "method": "POST", "status": 200, "duration_ms": 62.0}
INFO     bounded_funds.http:main.py:131 {"event": "http_request", "request_id": "3dd9bf9f-07d0-403a-8fa5-79e10171bfef", "method": "POST", "status": 200, "duration_ms": 63.0}
INFO     bounded_funds.http:main.py:131 {"event": "http_request", "request_id": "6204d11a-1e4d-4317-9f5f-550bd0678348", "method": "POST", "status": 200, "duration_ms": 16.0}
============================== warnings summary ===============================
.venv\Lib\site-packages\fastapi\testclient.py:1
  F:\学校活动\工行杯\钱途有界\bounded-funds\.venv\Lib\site-packages\fastapi\testclient.py:1: StarletteDeprecationWarning: Using `httpx` with `starlette.testclient` is deprecated; install `httpx2` instead.
    from starlette.testclient import TestClient as TestClient  # noqa

-- Docs: https://docs.pytest.org/en/stable/how-to/capture-warnings.html
=========================== short test summary info ===========================
FAILED apps/api/app/tests/test_full_maturity_execution_integration.py::test_actual_mature_whole_user_ask_unknown_key_revoke_recovery_and_tamper
!!!!!!!!!!!!!!!!!!!!!!!!!! stopping after 1 failures !!!!!!!!!!!!!!!!!!!!!!!!!!
1 failed, 1 warning in 77.19s (0:01:17)
