
 RUN  v3.2.4 F:/学校活动/工行杯/钱途有界/bounded-funds/apps/web

 ✓ src/api/full-products.test.ts (45 tests) 732ms
 ❯ src/pages/FullProductsPage.test.tsx (5 tests | 1 failed) 1344ms
   ✓ 真实目录原字段/历史筛选、未知持仓日期与未实现续期可见；初始无资金或规划写入  372ms
   ✓ 用户只读比较期限/今日条件组合；1098点是366日期三阶段，缺7/90类与原分桶可见  308ms
   × 原报价整数损失和有效期、ASK_ONCE与无损未知分开显示；不生成新报价或确认 273ms
     → Found multiple elements with the text: ¥0.00

Here are the matching elements:

Ignored nodes: comments, script, style
[36m<dd>[39m
  [0m¥0.00[0m
[36m</dd>[39m

Ignored nodes: comments, script, style
[36m<dd>[39m
  [0m¥0.00[0m
[36m</dd>[39m

Ignored nodes: comments, script, style
[36m<dd>[39m
  [0m¥0.00[0m
[36m</dd>[39m

Ignored nodes: comments, script, style
[36m<dd>[39m
  [0m¥0.00[0m
[36m</dd>[39m

(If this is intentional, then use the `*AllBy*` variant of the query (like `queryAllByText`, `getAllByText`, or `findAllByText`)).

Ignored nodes: comments, script, style
[36m<section[39m
  [33maria-label[39m=[32m"原报价提前支取影响"[39m
[36m>[39m
  [36m<h3>[39m
    [0m只读恢复规划：LIQUIDITY_RISK[0m
  [36m</h3>[39m
  [36m<p>[39m
    [0m原Recovery版本 [0m
    [36m<code>[39m
      [0m81000000-0000-4000-8000-000000000007[0m
    [36m</code>[39m
    [0m · 当前引用资产版本 [0m
    [36m<code>[39m
      [0m71000000-0000-4000-8000-000000000002[0m
    [36m</code>[39m
    [0m · 截止时刻 [0m
    [0m2026-10-07T09:00:00+08:00[0m
  [36m</p>[39m
  [36m<p>[39m
    [0m原scope现金 [0m
    [0m¥119.98[0m
    [0m；需恢复 [0m
    [0m¥100.01[0m
    [0m；无损条件按时回款 [0m
    [0m¥0.00[0m
  [36m</p>[39m
  [36m<article[39m
    [33maria-label[39m=[32m"当前实际财务边界"[39m
  [36m>[39m
    [36m<h4>[39m
      [0m当前实际财务边界[0m
    [36m</h4>[39m
    [36m<p>[39m
      [0mREADY[0m
      [0m · [0m
      [0m1098[0m
      [0m个原阶段点（365未来日期 + 初始日，各3阶段；不是1098天）[0m
    [36m</p>[39m
    [36m<dl[39m
      [33mclass[39m=[32m"annual-amounts"[39m
    [36m>[39m
      [36m<div>[39m
        [36m<dt>[39m
          [0m安全闲置[0m
        [36m</dt>[39m
        [36m<dd>[39m
          [0m¥790.01[0m
        [36m</dd>[39m
      [36m</div>[39m
      [36m<div>[39m
        [36m<dt>[39m
          [0m最小余量[0m
        [36m</dt>[39m
        [36m<dd>[39m
          [0m¥790.01[0m
        [36m</dd>[39m
      [36m</div>[39m
      [36m<div>[39m
        [36m<dt>[39m
          [0m缺口[0m
        [36m</dt>[39m
        [36m<dd>[39m
          [0m¥0.00[0m
        [36m</dd>[39m
      [36m</div>[39m
    [36m</dl>[39m
    [36m<details>[39m
      [36m<summary>[39m
        [0m原曲线JSON[0m
      [36m</summary>[39m
      [36m<pre[39m
        [33mclass[39m=[32m"readonly-raw"[39m
      [36m>[39m
        [0m{
  "algorithm_version": "HTTP_UNIT_FIXTURE_NOT_FINANCIAL_PROOF",
  "status": "READY",
  "financial_only": true,
  "safe_idle_cents": 79001,
  "minimum_margin_cents": 79001,
  "deficit_cents": 0,
  "protected_cents_by_reason": {
    "synthetic_reserve": 20000
  },
  "max_allocatable_by_product": {},
  "blocking_constraints": [],
  "calculation_trace": [
    {
      "day": 0,
      "phase": "BEFORE_PAYMENT",
      "date": "2026-10-05",
      "cash_cents": 100001,
      "margin_cents": 80001,
      "protected_cents_by_reason": {
        "synthetic_reserve": 20000
      },
      "obligation_occurrence_ids": [],
      "principal_position_ids": []
    },
    {
      "day": 0,
      "phase": "AFTER_PAYMENT",
      "date": "2026-10-05",
      "cash_cents": 99001,
      "margin_cents": 79001,
      "protected_cents_by_reason": {
        "synthetic_reserve": 20000
      },
      "obligation_occurrence_ids": [],
      "principal_position_ids": []
    },
    {
      "day": 0,
      "phase": "AFTER_PRINCIPAL",
      "date": "2026-10-05",
      "cash_cents": 99501,
      "margin_cents": 79501,
      "protected_cents_by_reason": {
        "synthetic_reserve": 20000
      },
      "obligation_occurrence_ids": [],
      "principal_position_ids": []
    },
    {
      "day": 1,
      "phase": "BEFORE_PAYMENT",
      "date": "2026-10-06",
      "cash_cents": 100001,
      "margin_cents": 80001,
      "protected_cents_by_reason": {
        "synthetic_reserve": 20000
      },
      "obligation_occurrence_ids": [],
      "principal_position_ids": []
    },
    {
      "day": 1,
      "phase": "AFTER_PAYMENT",
      "date": "2026-10-06",
      "cash_cents": 99001,
      "margin_cents": 79001,
      "protected_cents_by_reason": {
        "synthetic_reserve": 20000
      },
      "obligation_occurrence_ids": [],
      "principal_position_ids": []
    },
    {
      "day": 1,
      "phase": "AFTER_PRINCIPAL",
      "date": "2026-10-06",
      "cash_cents": 99501,
      "margin_cents": 79501,
      "protected_cents_by_reason": {
        "synthetic_reserve": 20000
      },
      "obligation_occurrence_ids": [],
      "principal_position_ids": []
    },
    {
      "day": 2,
      "phase": "BEFORE_PAYMENT",
      "date": "2026-10-07",
      "cash_cents": 100001,
      "margin_cents": 80001,
      "protected_cents_by_reason": {
        "synthetic_reserve": 20000
      },
      "obligation_occurrence_ids": [],
      "principal_position_ids": []
    },
    {
      "day": 2,
      "phase": "AFTER_PAYMENT",
      "date": "2026-10-07",
      "cash_cents": 99001,
      "margin_cents": 79001,
      "protected_cents_by_reason": {
        "synthetic_reserve": 20000
      },
      "obligation_occurrence_ids": [],
      "principal_position_ids": []
    },
    {
      "day": 2,
      "phase": "AFTER_PRINCIPAL",
      "date": "2026-10-07",
      "cash_cents": 99501,
      "margin_cents": 79501,
      "protected_cents_by_reason": {
        "synthetic_reserve": 20000
      },
      "obligation_occurrence_ids": [],
      "principal_position_ids": []
    },
    {
      "day": 3,
      "phase": "BEFORE_PAYMENT",
      "date": "2026-10-08",
      "cash_cents": 100001,
      "margin_cents": 80001,
      "protected_cents_by_reason": {
        "synthetic_reserve": 20000
      },
      "obligation_occurrence_ids": [],
      "principal_position_ids": []
    },
    {
      "day": 3,
      "phase": "AFTER_PAYMENT",
      "date": "2026-10-08",
      "cash_cents": 99001,
      "margin_cents": 79001,
      "protected_cents_by_reason": {
        "synthetic_reserve": 20000
      },
      "obligation_occurrence_ids": [],
      "principal_position_ids": []
    },
    {
      "day": 3,
      "phase": "AFTER_PRINCIPAL",
      "date": "2026-10-08",
      "cash_cents": 99501,
      "margin_cents": 79501,
      "protected_cents_by_reason": {
        "synthetic_reserve": 20000
      },
      "obligation_occurrence_ids": [],
      "principal_position_ids": []
    },
    {
      "day": 4,
      "phase": "BEFORE_PAYMENT",
      "date": "2026-10-09",
      "cash_cents": 100001,
      "margin_cents": 80001,
      "protected_cents_by_reason": {
        "synthetic_reserve": 20000
      },
      "obligation_occurrence_ids": [],
      "principal_position_ids": []
    },
    {
      "day": 4,
      "phase": "AFTER_PAYMENT",
      "date": "2026-10-09",
      "cash_cents": 99001,
      "margin_cents": 79001,
      "protected_cents_by_reason": {
        "synthetic_reserve": 20000
      },
      "obligation_occurrence_ids": [],
      "principal_position_ids": []
    },
    {
      "day": 4,
      "phase": "AFTER_PRINCIPAL",
      "date": "2026-10-09",
      "cash_cents": 99501,
      "margin_cents": 79501,
      "protected_cents_by_reason": {
        "synthetic_reserve": 20000
      },
      "obligation_occurrence_ids": [],
      "principal_position_ids": []
    },
    {
      "day": 5,
      "phase": "BEFORE_PAYMENT",
      "date": "2026-10-10",
      "cash_cents": 100001,
      "margin_cents": 80001,
      "protected_cents_by_reason": {
        "synthetic_reserve": 20000
      },
      "obligation_occurrence_ids": [],
      "principal_position_ids": []
    },
    {
      "day": 5,
      "phase": "AFTER_...
   ✓ 来源UNKNOWN保持null及具体issue，没有正值计划或伪0 157ms
   ✓ 损坏原资金守恒响应显示错误，不发布规划；更早截止无时区不发请求 233ms

⎯⎯⎯⎯⎯⎯⎯ Failed Tests 1 ⎯⎯⎯⎯⎯⎯⎯

 FAIL  src/pages/FullProductsPage.test.tsx > 原报价整数损失和有效期、ASK_ONCE与无损未知分开显示；不生成新报价或确认
TestingLibraryElementError: Found multiple elements with the text: ¥0.00

Here are the matching elements:

Ignored nodes: comments, script, style
[36m<dd>[39m
  [0m¥0.00[0m
[36m</dd>[39m

Ignored nodes: comments, script, style
[36m<dd>[39m
  [0m¥0.00[0m
[36m</dd>[39m

Ignored nodes: comments, script, style
[36m<dd>[39m
  [0m¥0.00[0m
[36m</dd>[39m

Ignored nodes: comments, script, style
[36m<dd>[39m
  [0m¥0.00[0m
[36m</dd>[39m

(If this is intentional, then use the `*AllBy*` variant of the query (like `queryAllByText`, `getAllByText`, or `findAllByText`)).

Ignored nodes: comments, script, style
[36m<section[39m
  [33maria-label[39m=[32m"原报价提前支取影响"[39m
[36m>[39m
  [36m<h3>[39m
    [0m只读恢复规划：LIQUIDITY_RISK[0m
  [36m</h3>[39m
  [36m<p>[39m
    [0m原Recovery版本 [0m
    [36m<code>[39m
      [0m81000000-0000-4000-8000-000000000007[0m
    [36m</code>[39m
    [0m · 当前引用资产版本 [0m
    [36m<code>[39m
      [0m71000000-0000-4000-8000-000000000002[0m
    [36m</code>[39m
    [0m · 截止时刻 [0m
    [0m2026-10-07T09:00:00+08:00[0m
  [36m</p>[39m
  [36m<p>[39m
    [0m原scope现金 [0m
    [0m¥119.98[0m
    [0m；需恢复 [0m
    [0m¥100.01[0m
    [0m；无损条件按时回款 [0m
    [0m¥0.00[0m
  [36m</p>[39m
  [36m<article[39m
    [33maria-label[39m=[32m"当前实际财务边界"[39m
  [36m>[39m
    [36m<h4>[39m
      [0m当前实际财务边界[0m
    [36m</h4>[39m
    [36m<p>[39m
      [0mREADY[0m
      [0m · [0m
      [0m1098[0m
      [0m个原阶段点（365未来日期 + 初始日，各3阶段；不是1098天）[0m
    [36m</p>[39m
    [36m<dl[39m
      [33mclass[39m=[32m"annual-amounts"[39m
    [36m>[39m
      [36m<div>[39m
        [36m<dt>[39m
          [0m安全闲置[0m
        [36m</dt>[39m
        [36m<dd>[39m
          [0m¥790.01[0m
        [36m</dd>[39m
      [36m</div>[39m
      [36m<div>[39m
        [36m<dt>[39m
          [0m最小余量[0m
        [36m</dt>[39m
        [36m<dd>[39m
          [0m¥790.01[0m
        [36m</dd>[39m
      [36m</div>[39m
      [36m<div>[39m
        [36m<dt>[39m
          [0m缺口[0m
        [36m</dt>[39m
        [36m<dd>[39m
          [0m¥0.00[0m
        [36m</dd>[39m
      [36m</div>[39m
    [36m</dl>[39m
    [36m<details>[39m
      [36m<summary>[39m
        [0m原曲线JSON[0m
      [36m</summary>[39m
      [36m<pre[39m
        [33mclass[39m=[32m"readonly-raw"[39m
      [36m>[39m
        [0m{
  "algorithm_version": "HTTP_UNIT_FIXTURE_NOT_FINANCIAL_PROOF",
  "status": "READY",
  "financial_only": true,
  "safe_idle_cents": 79001,
  "minimum_margin_cents": 79001,
  "deficit_cents": 0,
  "protected_cents_by_reason": {
    "synthetic_reserve": 20000
  },
  "max_allocatable_by_product": {},
  "blocking_constraints": [],
  "calculation_trace": [
    {
      "day": 0,
      "phase": "BEFORE_PAYMENT",
      "date": "2026-10-05",
      "cash_cents": 100001,
      "margin_cents": 80001,
      "protected_cents_by_reason": {
        "synthetic_reserve": 20000
      },
      "obligation_occurrence_ids": [],
      "principal_position_ids": []
    },
    {
      "day": 0,
      "phase": "AFTER_PAYMENT",
      "date": "2026-10-05",
      "cash_cents": 99001,
      "margin_cents": 79001,
      "protected_cents_by_reason": {
        "synthetic_reserve": 20000
      },
      "obligation_occurrence_ids": [],
      "principal_position_ids": []
    },
    {
      "day": 0,
      "phase": "AFTER_PRINCIPAL",
      "date": "2026-10-05",
      "cash_cents": 99501,
      "margin_cents": 79501,
      "protected_cents_by_reason": {
        "synthetic_reserve": 20000
      },
      "obligation_occurrence_ids": [],
      "principal_position_ids": []
    },
    {
      "day": 1,
      "phase": "BEFORE_PAYMENT",
      "date": "2026-10-06",
      "cash_cents": 100001,
      "margin_cents": 80001,
      "protected_cents_by_reason": {
        "synthetic_reserve": 20000
      },
      "obligation_occurrence_ids": [],
      "principal_position_ids": []
    },
    {
      "day": 1,
      "phase": "AFTER_PAYMENT",
      "date": "2026-10-06",
      "cash_cents": 99001,
      "margin_cents": 79001,
      "protected_cents_by_reason": {
        "synthetic_reserve": 20000
      },
      "obligation_occurrence_ids": [],
      "principal_position_ids": []
    },
    {
      "day": 1,
      "phase": "AFTER_PRINCIPAL",
      "date": "2026-10-06",
      "cash_cents": 99501,
      "margin_cents": 79501,
      "protected_cents_by_reason": {
        "synthetic_reserve": 20000
      },
      "obligation_occurrence_ids": [],
      "principal_position_ids": []
    },
    {
      "day": 2,
      "phase": "BEFORE_PAYMENT",
      "date": "2026-10-07",
      "cash_cents": 100001,
      "margin_cents": 80001,
      "protected_cents_by_reason": {
        "synthetic_reserve": 20000
      },
      "obligation_occurrence_ids": [],
      "principal_position_ids": []
    },
    {
      "day": 2,
      "phase": "AFTER_PAYMENT",
      "date": "2026-10-07",
      "cash_cents": 99001,
      "margin_cents": 79001,
      "protected_cents_by_reason": {
        "synthetic_reserve": 20000
      },
      "obligation_occurrence_ids": [],
      "principal_position_ids": []
    },
    {
      "day": 2,
      "phase": "AFTER_PRINCIPAL",
      "date": "2026-10-07",
      "cash_cents": 99501,
      "margin_cents": 79501,
      "protected_cents_by_reason": {
        "synthetic_reserve": 20000
      },
      "obligation_occurrence_ids": [],
      "principal_position_ids": []
    },
    {
      "day": 3,
      "phase": "BEFORE_PAYMENT",
      "date": "2026-10-08",
      "cash_cents": 100001,
      "margin_cents": 80001,
      "protected_cents_by_reason": {
        "synthetic_reserve": 20000
      },
      "obligation_occurrence_ids": [],
      "principal_position_ids": []
    },
    {
      "day": 3,
      "phase": "AFTER_PAYMENT",
      "date": "2026-10-08",
      "cash_cents": 99001,
      "margin_cents": 79001,
      "protected_cents_by_reason": {
        "synthetic_reserve": 20000
      },
      "obligation_occurrence_ids": [],
      "principal_position_ids": []
    },
    {
      "day": 3,
      "phase": "AFTER_PRINCIPAL",
      "date": "2026-10-08",
      "cash_cents": 99501,
      "margin_cents": 79501,
      "protected_cents_by_reason": {
        "synthetic_reserve": 20000
      },
      "obligation_occurrence_ids": [],
      "principal_position_ids": []
    },
    {
      "day": 4,
      "phase": "BEFORE_PAYMENT",
      "date": "2026-10-09",
      "cash_cents": 100001,
      "margin_cents": 80001,
      "protected_cents_by_reason": {
        "synthetic_reserve": 20000
      },
      "obligation_occurrence_ids": [],
      "principal_position_ids": []
    },
    {
      "day": 4,
      "phase": "AFTER_PAYMENT",
      "date": "2026-10-09",
      "cash_cents": 99001,
      "margin_cents": 79001,
      "protected_cents_by_reason": {
        "synthetic_reserve": 20000
      },
      "obligation_occurrence_ids": [],
      "principal_position_ids": []
    },
    {
      "day": 4,
      "phase": "AFTER_PRINCIPAL",
      "date": "2026-10-09",
      "cash_cents": 99501,
      "margin_cents": 79501,
      "protected_cents_by_reason": {
        "synthetic_reserve": 20000
      },
      "obligation_occurrence_ids": [],
      "principal_position_ids": []
    },
    {
      "day": 5,
      "phase": "BEFORE_PAYMENT",
      "date": "2026-10-10",
      "cash_cents": 100001,
      "margin_cents": 80001,
      "protected_cents_by_reason": {
        "synthetic_reserve": 20000
      },
      "obligation_occurrence_ids": [],
      "principal_position_ids": []
    },
    {
      "day": 5,
      "phase": "AFTER_...
 ❯ Object.getElementError ../../node_modules/.pnpm/@testing-library+dom@10.4.2/node_modules/@testing-library/dom/dist/config.js:37:19
 ❯ getElementError ../../node_modules/.pnpm/@testing-library+dom@10.4.2/node_modules/@testing-library/dom/dist/query-helpers.js:20:35
 ❯ getMultipleElementsFoundError ../../node_modules/.pnpm/@testing-library+dom@10.4.2/node_modules/@testing-library/dom/dist/query-helpers.js:23:10
 ❯ ../../node_modules/.pnpm/@testing-library+dom@10.4.2/node_modules/@testing-library/dom/dist/query-helpers.js:55:13
 ❯ ../../node_modules/.pnpm/@testing-library+dom@10.4.2/node_modules/@testing-library/dom/dist/query-helpers.js:95:19
 ❯ src/pages/FullProductsPage.test.tsx:30:155


⎯⎯⎯⎯⎯⎯⎯⎯⎯⎯⎯⎯⎯⎯⎯⎯⎯⎯⎯⎯⎯⎯⎯⎯[1/1]⎯


 Test Files  1 failed | 1 passed (2)
      Tests  1 failed | 49 passed (50)
   Start at  01:26:50
   Duration  4.32s (transform 589ms, setup 1.09s, collect 987ms, tests 2.08s, environment 2.23s, prepare 701ms)

undefined
F:\学校活动\工行杯\钱途有界\bounded-funds\apps\web:
[ERR_PNPM_RECURSIVE_EXEC_FIRST_FAIL] Command failed with exit code 1: vitest run src/api/full-products.test.ts src/pages/FullProductsPage.test.tsx
