F                                                                        [100%]
================================== FAILURES ===================================
___ test_complete_single_goal_joint_maps_only_to_the_exact_existing_effect ____
apps\api\app\tests\test_full_action_set_joint_producers.py:253: in test_complete_single_goal_joint_maps_only_to_the_exact_existing_effect
    data = fixture()
           ^^^^^^^^^
apps\api\app\tests\test_full_action_set_joint_producers.py:73: in fixture
    data.source_refs = [
    ^^^^^^^^^^^^^^^^
.venv\Lib\site-packages\pydantic\main.py:1048: in __setattr__
    elif (setattr_handler := self._setattr_handler(name, value)) is not None:
                             ^^^^^^^^^^^^^^^^^^^^^^^^^^^^^^^^^^
.venv\Lib\site-packages\pydantic\main.py:1084: in _setattr_handler
    _check_frozen(cls, name, value)
.venv\Lib\site-packages\pydantic\main.py:90: in _check_frozen
    raise ValidationError.from_exception_data(
E   pydantic_core._pydantic_core.ValidationError: 1 validation error for FullDynamicGoalInput
E   source_refs
E     Instance is frozen [type=frozen_instance, input_value=[SourceReference(user_id=...226fc29801f4afb3d96e4')], input_type=list]
E       For further information visit https://errors.pydantic.dev/2.13/v/frozen_instance
============================== warnings summary ===============================
.venv\Lib\site-packages\fastapi\testclient.py:1
  F:\学校活动\工行杯\钱途有界\bounded-funds\.venv\Lib\site-packages\fastapi\testclient.py:1: StarletteDeprecationWarning: Using `httpx` with `starlette.testclient` is deprecated; install `httpx2` instead.
    from starlette.testclient import TestClient as TestClient  # noqa

.venv\Lib\site-packages\_pytest\cacheprovider.py:469
  F:\学校活动\工行杯\钱途有界\bounded-funds\.venv\Lib\site-packages\_pytest\cacheprovider.py:469: PytestCacheWarning: could not create cache path F:\学校活动\工行杯\钱途有界\bounded-funds\.pytest_cache\v\cache\nodeids: [WinError 5] 拒绝访问。: 'F:\\学校活动\\工行杯\\钱途有界\\bounded-funds\\.pytest_cache\\v\\cache'
    config.cache.set("cache/nodeids", sorted(self.cached_nodeids))

.venv\Lib\site-packages\_pytest\cacheprovider.py:423
  F:\学校活动\工行杯\钱途有界\bounded-funds\.venv\Lib\site-packages\_pytest\cacheprovider.py:423: PytestCacheWarning: could not create cache path F:\学校活动\工行杯\钱途有界\bounded-funds\.pytest_cache\v\cache\lastfailed: [WinError 5] 拒绝访问。: 'F:\\学校活动\\工行杯\\钱途有界\\bounded-funds\\.pytest_cache\\v\\cache'
    config.cache.set("cache/lastfailed", self.lastfailed)

-- Docs: https://docs.pytest.org/en/stable/how-to/capture-warnings.html
=========================== short test summary info ===========================
FAILED apps/api/app/tests/test_full_action_set_joint_producers.py::test_complete_single_goal_joint_maps_only_to_the_exact_existing_effect
1 failed, 3 warnings in 5.74s
