I001 [*] Import block is un-sorted or un-formatted
  --> scripts\tests\test_mvp_trace_v2.py:3:1
   |
 1 |   """TOOL_ONLY native/HTTP200 error transport risks, never formal measurement evidence."""
 2 |
 3 | / from __future__ import annotations
 4 | |
 5 | | import copy
 6 | | import hashlib
 7 | | from datetime import datetime
 8 | | from types import SimpleNamespace
 9 | | from typing import Any
10 | |
11 | | import pytest
12 | |
13 | | from scripts.mvp_observations import ObservationError
14 | | from scripts.mvp_trace_metrics import (
15 | |     _failure_capture,
16 | |     _failure_unit,
17 | |     _failure_transport,
18 | |     digest_value,
19 | | )
   | |_^
20 |
21 |   WHEN = "2026-10-05T10:00:00+00:00"
   |
help: Organize imports
   |
15 |     _failure_capture,
16 +     _failure_transport,
17 |     _failure_unit,
   -     _failure_transport,
18 |     digest_value,
   |

Found 1 error.
[*] 1 fixable with the `--fix` option.
