............F                                                            [100%]
================================== FAILURES ===================================
________ test_demo_json_roundtrip_preserves_strict_bank_fact_contract _________

monkeypatch = <_pytest.monkeypatch.MonkeyPatch object at 0x0000017526E9C650>

    def test_demo_json_roundtrip_preserves_strict_bank_fact_contract(
        monkeypatch: pytest.MonkeyPatch,
    ) -> None:
        from app.domain.external_bank_fact_types import ExternalFactResult
    
        user_id, epoch_id, command_id = uuid4(), uuid4(), uuid4()
        body = DemoEventRequest(event_kind="SALARY_RECEIVED", expected_epoch_id=epoch_id)
        actual = DemoCommandView(
            command_id=command_id,
            epoch_id=epoch_id,
            event_kind="SALARY_RECEIVED",
            admitted_at=NOW,
            status="PENDING",
            message="Serialization regression only",
>           fact=ExternalFactResult(
                external_fact_id=uuid4(),
                bank_status="SETTLED",
                projection_status="PROJECTED",
                economic_posting_ids=(),
                transaction_id=uuid4(),
            ),
        )
E       pydantic_core._pydantic_core.ValidationError: 1 validation error for ExternalFactResult
E         Value error, Only a complete settlement may expose its two economic legs [type=value_error, input_value={'external_fact_id': UUID...ca0-86ce-31966039ce22')}, input_type=dict]
E           For further information visit https://errors.pydantic.dev/2.13/v/value_error

apps\api\app\tests\test_scenario_types.py:161: ValidationError
=========================== short test summary info ===========================
FAILED apps/api/app/tests/test_scenario_types.py::test_demo_json_roundtrip_preserves_strict_bank_fact_contract
1 failed, 12 passed in 1.69s
