F                                                                        [100%]
================================== FAILURES ===================================
_ test_public_json_account_choices_and_registered_evidence_remain_exact_typed _

client = <starlette.testclient.TestClient object at 0x00000152F41C8E00>
monkeypatch = <_pytest.monkeypatch.MonkeyPatch object at 0x00000152F41C91F0>

    def test_public_json_account_choices_and_registered_evidence_remain_exact_typed(
        client: TestClient, monkeypatch: pytest.MonkeyPatch
    ) -> None:
        raw = body()
        raw["variables"].append(
            {
                "variable_id": "destination",
                "field": "TRANSFER_DESTINATION",
                "choices": [
                    {"key": "a", "value": {"kind": "account", "account_id": str(UUID(int=401))}},
                    {"key": "b", "value": {"kind": "account", "account_id": str(UUID(int=402))}},
                ],
                "source": "REGISTERED_EVIDENCE",
                "evidence_id": str(UUID(int=403)),
            }
        )
        calls: list[Any] = []
    
        def capture(*args: Any) -> FinitePlanningResponse:
            calls.append(args)
            return response()
    
        monkeypatch.setattr(api, "analyze_finite_planning", capture)
        result = client.post("/api/v1/finite-planning/analyze", json=raw)
>       assert result.status_code == 200
E       assert 422 == 200
E        +  where 422 = <Response [422 Unprocessable Entity]>.status_code

apps\api\app\tests\test_finite_uncertainty_api.py:144: AssertionError
============================== warnings summary ===============================
.venv\Lib\site-packages\fastapi\testclient.py:1
  F:\学校活动\工行杯\钱途有界\bounded-funds\.venv\Lib\site-packages\fastapi\testclient.py:1: StarletteDeprecationWarning: Using `httpx` with `starlette.testclient` is deprecated; install `httpx2` instead.
    from starlette.testclient import TestClient as TestClient  # noqa

-- Docs: https://docs.pytest.org/en/stable/how-to/capture-warnings.html
=========================== short test summary info ===========================
FAILED apps/api/app/tests/test_finite_uncertainty_api.py::test_public_json_account_choices_and_registered_evidence_remain_exact_typed
1 failed, 1 warning in 2.26s
