...F                                                                     [100%]
================================== FAILURES ===================================
_ test_actual_question_session_restarts_rebases_and_replays_without_financial_writes _

demo_engine = Engine(postgresql+psycopg://bounded:***@127.0.0.1:54329/bf_test_01402e8627354ee8b576e57809700504)

    def test_actual_question_session_restarts_rebases_and_replays_without_financial_writes(
        demo_engine: Engine,
    ) -> None:
        # Native seed establishes explicit payroll clearing before its first genesis.
        # The old legacy fixture deliberately omitted it; its legitimate rejection is retained.
        seed_demo(demo_engine)
        boundary_engine = demo_engine
        with Session(boundary_engine) as session:
            opening = session.scalars(
                select(SimulatedBankPosting).where(
                    SimulatedBankPosting.user_id == DEMO_USER_ID,
                    SimulatedBankPosting.ledger_key == "CLEARING:bounded-funds-external-v1:payroll",
                    SimulatedBankPosting.sequence_number == 1,
                )
            ).one()
            assert opening.delta_cents == opening.balance_after_cents == 100000000
        source, target = transfer_accounts(boundary_engine)
        with Session(boundary_engine) as session:
            goal = session.scalar(
                select(Account.id).where(
                    Account.user_id == DEMO_USER_ID, Account.account_type == "GOAL"
                )
            )
            epoch = current_audit_epoch(session, DEMO_USER_ID)
            assert goal is not None and epoch is not None
            epoch_id = epoch.id
        base = prepare_action(
            boundary_engine,
            DEMO_USER_ID,
            PrepareActionRequest(
                idempotency_key="question-base-original",
                intent=TransferIntent(
                    kind="transfer_internal",
                    source_account_id=source,
                    destination_account_id=target,
                    amount_cents=100,
                ),
            ),
            SEED_AS_OF,
        )
        confirm_action(
            boundary_engine,
            DEMO_USER_ID,
            base.action_id,
            ConfirmActionRequest(effect_hash=base.effect_hash, accepted=True),
            SEED_AS_OF,
        )
        destination = FinitePlanningVariable(
            variable_id="destination",
            field="TRANSFER_DESTINATION",
            choices=[
                FiniteChoice(key="cash", value=AccountChoice(kind="account", account_id=target)),
                FiniteChoice(key="goal", value=AccountChoice(kind="account", account_id=goal)),
            ],
        )
        start = {
            "base_action_id": str(base.action_id),
            "variables": [
                amount_variable().model_dump(mode="json"),
                destination.model_dump(mode="json"),
            ],
            "expected_epoch_id": str(epoch_id),
            "idempotency_key": "question-start-original",
        }
        app = create_app()
        app.dependency_overrides[get_engine] = lambda: boundary_engine
        app.dependency_overrides[get_now] = lambda: SEED_AS_OF
        before = json.loads(physical_snapshot(boundary_engine))
        with TestClient(app) as client:
            started = client.post(URL, json=start)
            assert started.status_code == 200, started.text
            first = started.json()
            state = first["current_revision"]
            path = f"{URL}/{state['session_id']}"
            assert first["effective_state"] == "PENDING_ANSWER"
            assert first["pending_question"]["variable_id"] == "amount"
            assert (
                state["evaluation"]["expected_world_count"]
                == state["evaluation"]["known_world_count"]
                == 4
            )
            assert all(
                not row["outcome"]["decision"]["confirmation_satisfied"]
                for row in state["evaluation"]["worlds"]
            )
            assert all(
                row["outcome"]["effect"]["operation_id"] != str(base.action_id)
                for row in state["evaluation"]["worlds"]
            )
            duplicate = client.post(URL, json=start)
            assert duplicate.status_code == 200, duplicate.text
            assert duplicate.json()["original_receipt"] == first["original_receipt"]
            assert duplicate.json()["replayed_original_receipt"] is True
            second_session = client.post(URL, json=start | {"idempotency_key": "different-start"})
            assert (
                second_session.status_code == 409
                and second_session.json()["error"]["code"] == "ACTIVE_QUESTION_SESSION_EXISTS"
            )
            read_before = physical_snapshot(boundary_engine)
            restored = client.get(path)
            assert restored.status_code == 200, restored.text
            assert restored.json()["current_revision"] == state
            assert restored.json()["pending_question"] == first["pending_question"]
            assert physical_snapshot(boundary_engine) == read_before
            assert (
                client.post(
                    path + "/answers",
                    json=answer_body(first, "wrong-answer") | {"choice_key": "not-original"},
                ).status_code
                == 409
            )
            answered = client.post(path + "/answers", json=answer_body(first, "answer-amount"))
            assert answered.status_code == 200, answered.text
            second = answered.json()
            assert second["current_revision"]["revision"] == 2
            assert second["current_revision"]["answer_applied"] is True
            assert second["current_revision"]["previous_run_id"] == state["run_id"]
            assert second["pending_question"]["variable_id"] == "destination"
            assert second["current_revision"]["evaluation"]["known_world_count"] == 2
            retry_before = physical_snapshot(boundary_engine)
            repeated = client.post(path + "/answers", json=answer_body(first, "answer-amount"))
            assert (
                repeated.status_code == 200
                and repeated.json()["original_receipt"] == second["original_receipt"]
            )
            assert physical_snapshot(boundary_engine) == retry_before
            assert (
                client.post(path + "/answers", json=answer_body(first, "new-stale-key")).status_code
                == 409
            )
            for injection in (
                {"expected_revision": True},
                {"bank_authority": True},
                {"user_id": str(DEMO_USER_ID)},
            ):
                assert (
                    client.post(
                        path + "/answers", json=answer_body(second, "bad-injection") | injection
                    ).status_code
                    == 422
                )
            after = json.loads(physical_snapshot(boundary_engine))
            for name in before:
                if name not in {
                    "decision_runs",
                    "audit_events",
                    "audit_epochs",
                    "audit_subject_snapshots",
                }:
                    assert after[name] == before[name], name
            assert all(row in after["decision_runs"] for row in before["decision_runs"])
            assert all(row in after["audit_events"] for row in before["audit_events"])
    
        # New app/client actually restores the durable question; no browser storage is needed.
        restarted = create_app()
        restarted.dependency_overrides[get_engine] = lambda: boundary_engine
        restarted.dependency_overrides[get_now] = lambda: SEED_AS_OF
        with TestClient(restarted) as client:
            restored = client.get(path)
            assert restored.status_code == 200, restored.text
            assert restored.json()["current_revision"] == second["current_revision"]
            pending_answer = answer_body(restored.json(), "answer-after-new-bank-fact")
            fact = ExternalFactRequest(
                user_id=DEMO_USER_ID,
                account_id=source,
                kind="INCOME",
                amount_cents=1,
                counterparty_ref="payroll",
                external_ref="question-current-real-income",
                idempotency_key="question-current-real-income",
                occurred_at=SEED_AS_OF,
            )
            bank = ingest_external_fact(boundary_engine, DEMO_USER_ID, fact, SEED_AS_OF)
            assert bank.bank_status == "SETTLED" and bank.projection_status == "PROJECTED"
            assert len(bank.economic_posting_ids) == 2 and bank.transaction_id is not None
            current_originals = physical_snapshot(boundary_engine)
            stale = client.get(path)
            assert stale.status_code == 200, stale.text
            assert stale.json()["effective_state"] == "STALE_RECOMPUTATION_REQUIRED"
            assert stale.json()["pending_question"] is None
            assert physical_snapshot(boundary_engine) == current_originals
            rebased = client.post(path + "/answers", json=pending_answer)
            assert rebased.status_code == 200, rebased.text
            third = rebased.json()
            assert third["current_revision"]["command_kind"] == "REBASE"
            assert third["current_revision"]["answer_applied"] is False
            assert third["current_revision"]["answers"] == {}
            assert third["current_revision"]["revision"] == 3
            assert third["pending_question"]["variable_id"] == "amount"
            assert third["pending_question"]["question_id"] != second["pending_question"]["question_id"]
            assert (
                client.post(path + "/answers", json=pending_answer).json()["original_receipt"]
                == third["original_receipt"]
            )
            finish_one = client.post(
                path + "/answers", json=answer_body(third, "answer-rebased-amount")
            )
            assert finish_one.status_code == 200, finish_one.text
            finish_two = client.post(
                path + "/answers", json=answer_body(finish_one.json(), "answer-rebased-destination")
            )
            assert finish_two.status_code == 200, finish_two.text
            final = finish_two.json()
            assert final["effective_state"] == "READY_FOR_REVIEW" and final["pending_question"] is None
            assert final["current_revision"]["evaluation"]["known_world_count"] == 1
            assert final["authority_granted"] is False and final["execution_eligible"] is False
            assert final["old_confirmation_inherited"] is False
            assert client.get(path + "?execute=true").status_code == 422
            refresh_body = {
                "expected_epoch_id": str(epoch_id),
                "expected_revision": final["current_revision"]["revision"],
                "idempotency_key": "refresh-original",
            }
            refreshed = client.post(path + "/refresh", json=refresh_body)
            assert refreshed.status_code == 200, refreshed.text
            final = refreshed.json()
            assert final["current_revision"]["command_kind"] == "REFRESH"
            assert final["current_revision"]["answer_applied"] is False
            # Lost answer response must restore the exact original key, even after later revisions.
            lookup_before = physical_snapshot(boundary_engine)
            old_answer = client.get(path + "/commands/by-key/answer-amount")
            assert old_answer.status_code == 200, old_answer.text
            assert old_answer.json()["original_receipt"] == second["original_receipt"]
            assert old_answer.json()["current_revision"] == final["current_revision"]
            assert old_answer.json()["original_command"]["request"] == answer_body(
                first, "answer-amount"
            )
            assert old_answer.json()["request_hash"] == second["original_receipt"]["command_hash"]
            unknown_command = client.get(path + "/commands/by-key/not-recorded")
            assert unknown_command.status_code == 200
            assert unknown_command.json()["status"] == "NOT_FOUND_NOT_FINAL"
            assert unknown_command.json()["replacement_allowed"] is False
            refresh_lookup = client.get(path + "/commands/by-key/refresh-original")
            assert refresh_lookup.status_code == 200
            assert refresh_lookup.json()["original_command"]["request"] == refresh_body
            assert refresh_lookup.json()["original_receipt"] == final["original_receipt"]
            assert refresh_lookup.json()["request_hash"] == configuration_hash(
                refresh_lookup.json()["original_command"]
            )
            assert physical_snapshot(boundary_engine) == lookup_before
            # A second real base is accepted after its question; close must not re-evaluate it.
            new_base = prepare_action(
                boundary_engine,
                DEMO_USER_ID,
                PrepareActionRequest(
                    idempotency_key="question-close-original-base",
                    intent=TransferIntent(
                        kind="transfer_internal",
                        source_account_id=source,
                        destination_account_id=target,
                        amount_cents=100,
                    ),
                ),
                SEED_AS_OF,
            )
            confirm_action(
                boundary_engine,
                DEMO_USER_ID,
                new_base.action_id,
                ConfirmActionRequest(effect_hash=new_base.effect_hash, accepted=True),
                SEED_AS_OF,
            )
            close_start = start | {
                "base_action_id": str(new_base.action_id),
                "idempotency_key": "close-session-start",
            }
            close_pending = client.post(URL, json=close_start)
            assert close_pending.status_code == 200, close_pending.text
            close_state = close_pending.json()["current_revision"]
            close_path = f"{URL}/{close_state['session_id']}"
            submitted = execute_action(boundary_engine, DEMO_USER_ID, new_base.action_id, SEED_AS_OF)
>           assert submitted.status == "EXECUTED" and submitted.receipt is not None
E           AssertionError: assert ('SUCCEEDED' == 'EXECUTED'
E             
E             - EXECUTED
E             + SUCCEEDED)

apps\api\app\tests\test_question_workflow_api.py:315: AssertionError
---------------------------- Captured stderr call -----------------------------
{"event": "http_request", "request_id": "29a2b106-80f7-401a-887a-f8fe657c0f7b", "method": "POST", "status": 200, "duration_ms": 34687.0}
{"event": "http_request", "request_id": "c716019b-abaa-4b8b-a51d-78bb52f8afc5", "method": "POST", "status": 200, "duration_ms": 58172.0}
{"event": "http_request", "request_id": "166fe217-a589-4c5c-9ed6-a43fe97a1e53", "method": "POST", "status": 409, "duration_ms": 22609.0}
{"event": "http_request", "request_id": "f83751bd-4feb-4eab-876b-0e0282ee73d2", "method": "GET", "status": 200, "duration_ms": 63672.0}
{"event": "http_request", "request_id": "e560cd5c-db88-4d49-bfaf-5c947d43e33c", "method": "POST", "status": 409, "duration_ms": 19875.0}
{"event": "http_request", "request_id": "6f0d38e5-9324-4eeb-912a-52275afb8689", "method": "POST", "status": 200, "duration_ms": 65422.0}
{"event": "http_request", "request_id": "fc5a3e65-677d-44c6-8a21-8f56d4a9dc98", "method": "POST", "status": 200, "duration_ms": 87922.0}
{"event": "http_request", "request_id": "dada7acc-513c-43e5-a916-013bc83b8f30", "method": "POST", "status": 409, "duration_ms": 37437.0}
{"event": "http_request", "request_id": "b5549130-e539-4f1e-8e73-7dffbb5f0f47", "method": "POST", "status": 422, "duration_ms": 0.0}
{"event": "http_request", "request_id": "2642ca5d-3ace-40c3-b617-fb256393d30b", "method": "POST", "status": 422, "duration_ms": 16.0}
{"event": "http_request", "request_id": "80f8868e-cee2-4762-9779-0c43d2abe596", "method": "POST", "status": 422, "duration_ms": 0.0}
{"event": "http_request", "request_id": "e721514d-88d8-435d-b6e6-476e30adc4a6", "method": "GET", "status": 200, "duration_ms": 112625.0}
{"event": "http_request", "request_id": "1716cefc-3253-4a7c-bb69-f19874965410", "method": "GET", "status": 200, "duration_ms": 107672.0}
{"event": "http_request", "request_id": "e84bc857-b7c9-4d3d-8bc6-4df32de3876f", "method": "POST", "status": 200, "duration_ms": 85500.0}
{"event": "http_request", "request_id": "1461b3ba-9dcf-4618-a51f-2f3ccf57c2d2", "method": "POST", "status": 200, "duration_ms": 135922.0}
{"event": "http_request", "request_id": "faa450fe-338a-4581-b258-1f1916174385", "method": "POST", "status": 200, "duration_ms": 133359.0}
{"event": "http_request", "request_id": "1010eab7-98cb-4544-81fc-c347459f5fac", "method": "POST", "status": 200, "duration_ms": 173906.0}
{"event": "http_request", "request_id": "0523bbdf-db4c-4c48-ad5b-78947e312923", "method": "GET", "status": 422, "duration_ms": 0.0}
{"event": "http_request", "request_id": "0edecdad-f7c6-453f-a19c-dae15652f1a4", "method": "POST", "status": 200, "duration_ms": 184672.0}
{"event": "http_request", "request_id": "25c05d36-de16-46b2-bd65-85221263a737", "method": "GET", "status": 200, "duration_ms": 72250.0}
{"event": "http_request", "request_id": "390c8cbe-92e5-4789-af99-e30a2ce6570a", "method": "GET", "status": 200, "duration_ms": 76578.0}
{"event": "http_request", "request_id": "e16f7a79-2702-4e23-89b6-a4a90a87d45a", "method": "GET", "status": 200, "duration_ms": 75250.0}
{"event": "http_request", "request_id": "e654f22e-e08a-4a03-ab47-76885b67cd66", "method": "POST", "status": 200, "duration_ms": 257344.0}
------------------------------ Captured log call ------------------------------
INFO     bounded_funds.http:main.py:86 {"event": "http_request", "request_id": "29a2b106-80f7-401a-887a-f8fe657c0f7b", "method": "POST", "status": 200, "duration_ms": 34687.0}
INFO     bounded_funds.http:main.py:86 {"event": "http_request", "request_id": "c716019b-abaa-4b8b-a51d-78bb52f8afc5", "method": "POST", "status": 200, "duration_ms": 58172.0}
INFO     bounded_funds.http:main.py:86 {"event": "http_request", "request_id": "166fe217-a589-4c5c-9ed6-a43fe97a1e53", "method": "POST", "status": 409, "duration_ms": 22609.0}
INFO     bounded_funds.http:main.py:86 {"event": "http_request", "request_id": "f83751bd-4feb-4eab-876b-0e0282ee73d2", "method": "GET", "status": 200, "duration_ms": 63672.0}
INFO     bounded_funds.http:main.py:86 {"event": "http_request", "request_id": "e560cd5c-db88-4d49-bfaf-5c947d43e33c", "method": "POST", "status": 409, "duration_ms": 19875.0}
INFO     bounded_funds.http:main.py:86 {"event": "http_request", "request_id": "6f0d38e5-9324-4eeb-912a-52275afb8689", "method": "POST", "status": 200, "duration_ms": 65422.0}
INFO     bounded_funds.http:main.py:86 {"event": "http_request", "request_id": "fc5a3e65-677d-44c6-8a21-8f56d4a9dc98", "method": "POST", "status": 200, "duration_ms": 87922.0}
INFO     bounded_funds.http:main.py:86 {"event": "http_request", "request_id": "dada7acc-513c-43e5-a916-013bc83b8f30", "method": "POST", "status": 409, "duration_ms": 37437.0}
INFO     bounded_funds.http:main.py:86 {"event": "http_request", "request_id": "b5549130-e539-4f1e-8e73-7dffbb5f0f47", "method": "POST", "status": 422, "duration_ms": 0.0}
INFO     bounded_funds.http:main.py:86 {"event": "http_request", "request_id": "2642ca5d-3ace-40c3-b617-fb256393d30b", "method": "POST", "status": 422, "duration_ms": 16.0}
INFO     bounded_funds.http:main.py:86 {"event": "http_request", "request_id": "80f8868e-cee2-4762-9779-0c43d2abe596", "method": "POST", "status": 422, "duration_ms": 0.0}
INFO     bounded_funds.http:main.py:86 {"event": "http_request", "request_id": "e721514d-88d8-435d-b6e6-476e30adc4a6", "method": "GET", "status": 200, "duration_ms": 112625.0}
INFO     bounded_funds.http:main.py:86 {"event": "http_request", "request_id": "1716cefc-3253-4a7c-bb69-f19874965410", "method": "GET", "status": 200, "duration_ms": 107672.0}
INFO     bounded_funds.http:main.py:86 {"event": "http_request", "request_id": "e84bc857-b7c9-4d3d-8bc6-4df32de3876f", "method": "POST", "status": 200, "duration_ms": 85500.0}
INFO     bounded_funds.http:main.py:86 {"event": "http_request", "request_id": "1461b3ba-9dcf-4618-a51f-2f3ccf57c2d2", "method": "POST", "status": 200, "duration_ms": 135922.0}
INFO     bounded_funds.http:main.py:86 {"event": "http_request", "request_id": "faa450fe-338a-4581-b258-1f1916174385", "method": "POST", "status": 200, "duration_ms": 133359.0}
INFO     bounded_funds.http:main.py:86 {"event": "http_request", "request_id": "1010eab7-98cb-4544-81fc-c347459f5fac", "method": "POST", "status": 200, "duration_ms": 173906.0}
INFO     bounded_funds.http:main.py:86 {"event": "http_request", "request_id": "0523bbdf-db4c-4c48-ad5b-78947e312923", "method": "GET", "status": 422, "duration_ms": 0.0}
INFO     bounded_funds.http:main.py:86 {"event": "http_request", "request_id": "0edecdad-f7c6-453f-a19c-dae15652f1a4", "method": "POST", "status": 200, "duration_ms": 184672.0}
INFO     bounded_funds.http:main.py:86 {"event": "http_request", "request_id": "25c05d36-de16-46b2-bd65-85221263a737", "method": "GET", "status": 200, "duration_ms": 72250.0}
INFO     bounded_funds.http:main.py:86 {"event": "http_request", "request_id": "390c8cbe-92e5-4789-af99-e30a2ce6570a", "method": "GET", "status": 200, "duration_ms": 76578.0}
INFO     bounded_funds.http:main.py:86 {"event": "http_request", "request_id": "e16f7a79-2702-4e23-89b6-a4a90a87d45a", "method": "GET", "status": 200, "duration_ms": 75250.0}
INFO     bounded_funds.http:main.py:86 {"event": "http_request", "request_id": "e654f22e-e08a-4a03-ab47-76885b67cd66", "method": "POST", "status": 200, "duration_ms": 257344.0}
============================== warnings summary ===============================
.venv\Lib\site-packages\fastapi\testclient.py:1
  F:\学校活动\工行杯\钱途有界\bounded-funds\.venv\Lib\site-packages\fastapi\testclient.py:1: StarletteDeprecationWarning: Using `httpx` with `starlette.testclient` is deprecated; install `httpx2` instead.
    from starlette.testclient import TestClient as TestClient  # noqa

-- Docs: https://docs.pytest.org/en/stable/how-to/capture-warnings.html
=========================== short test summary info ===========================
FAILED apps/api/app/tests/test_question_workflow_api.py::test_actual_question_session_restarts_rebases_and_replays_without_financial_writes
1 failed, 3 passed, 1 warning in 1918.29s (0:31:58)
