
 RUN  v3.2.4 F:/学校活动/工行杯/钱途有界/bounded-funds/apps/web

 ✓ src/components/FullJointGoalExecutionPanel.test.tsx (5 tests) 6086ms
   ✓ renders clear authority/whole reservation/atomicity boundary and no automatic network  1626ms
   ✓ original GET remains usable through other-family block and displays ALL commands/1098 without enabling writes  1573ms
   ✓ UNKNOWN stops next child, keeps original keys and requires explicit recovery rather than auto execute  1310ms
   ✓ reload of compact original locator requires manual original GET and never replays POST  457ms
   ✓ historical parent never enables fresh confirm or child execution  1117ms
 ✓ src/api/full-joint-goal-execution.test.ts (26 tests) 5538ms
   ✓ TOOL_ONLY consumes complete native-shaped two-goal plan/1098 protection without financial assertions  712ms
   ✓ UNKNOWN and retained history remain explicit and non-authorizing  546ms
   ✓ key lookup matches exact original body/hash/kind and NOT_FOUND remains non-final  380ms
   ✓ only actual independent GET creates current-invocation read provenance  718ms
   ✓ parent confirmed label without the original consent remains rejected  331ms
 ❯ src/features/full-joint-goal-operation.test.ts (12 tests | 1 failed) 18986ms
   ✓ persists exact complete original before sending, every POST outcome leaves pending  1603ms
   ✓ stored/body-hash tamper and denied storage lock new writes without deleting originals  388ms
   ✓ session quota failure does not send or release new writes  373ms
   ✓ POST-shaped parse or NOT_FOUND cannot clear original  692ms
   ✓ successful original key GET retains bounded locator with ALL commands; no full source/1098 truncation on server  1081ms
   ✓ reload restores locator only, performs NO GET/POST, and requires full current invocation GET before confirm  1940ms
   ✓ unresolved workspace blocks replacement root key or parent but permits exact original preparation completion  1191ms
   ✓ confirmed/UNKNOWN original workspace never releases the cross-family gate  2530ms
   × EXECUTE clears only its exact fixed child verified GET, never another settled child or latest 5095ms
     → Test timed out in 5000ms.
If this is a long-running test, pass a timeout value as the last argument or configure it globally with "testTimeout".
   ✓ mismatched fixed child/action/body after save cannot bypass original request  1871ms
   ✓ external mutation gate and shared write flight block POST but own independent GET remains available  1123ms
   ✓ prior unverified child blocks a new explicit later-child request before any POST  1097ms

⎯⎯⎯⎯⎯⎯⎯ Failed Tests 1 ⎯⎯⎯⎯⎯⎯⎯

 FAIL  src/features/full-joint-goal-operation.test.ts > EXECUTE clears only its exact fixed child verified GET, never another settled child or latest
Error: Test timed out in 5000ms.
If this is a long-running test, pass a timeout value as the last argument or configure it globally with "testTimeout".
 ❯ src/features/full-joint-goal-operation.test.ts:17:1


⎯⎯⎯⎯⎯⎯⎯⎯⎯⎯⎯⎯⎯⎯⎯⎯⎯⎯⎯⎯⎯⎯⎯⎯[1/1]⎯


 Test Files  1 failed | 2 passed (3)
      Tests  1 failed | 42 passed (43)
   Start at  13:28:02
   Duration  22.77s (transform 2.30s, setup 1.92s, collect 5.28s, tests 30.61s, environment 3.33s, prepare 1.02s)

