......................................................EEEEEEEEEEE....... [ 80%]
.................                                                        [100%]
=================================== ERRORS ====================================
_ ERROR at setup of test_entire_readiness_rebinds_originals_and_preserves_old_failed_isolation _

native = {'owner': {'tool_input_context': 'TOOL_ONLY', 'owner_uuid': '11111111111111111111111111111111', 'run_id': 'TOOL_ONLY_o...aa', 'io.bounded-funds.pnpm-lock-sha256': 'abca500080e1846e41d159c176d8a95902bcce239e3dca94651b40e68a8efc83'}}}]}, ...}
probe_fixture = {'manifest': {'tool_input_context': 'TOOL_ONLY', 'protocol': 'bounded-funds-offline-reobserve-v1', 'action': 'probe', ...ea97079d95b0325bc0478838cb4a754b1dba60e4f88d845ae2e7ca', ...}, 'head': 'aaaaaaaaaaaaaaaaaaaaaaaaaaaaaaaaaaaaaaaa', ...}

    @pytest.fixture
    def readiness_fixture(native: dict[str, Any], probe_fixture: dict[str, Any]) -> dict[str, Any]:
        f = probe_fixture
        suffix = "TOOL_ONLY_browser_" + uuid4().hex
        registration_dir = tool.ROOT / ".runtime/w1-deployment" / suffix
        public = tool.ROOT / "docs/progress/evidence/W1" / suffix
        private = tool.ROOT / ".runtime/w1-offline-boundary-private" / suffix
        relay_private = tool.ROOT / ".runtime/w1-private-captures" / suffix
        for path in (registration_dir, public, private, relay_private):
            path.mkdir(parents=True)
        owner_raw, start_raw, _, images = packed(native)
        inputs = accounting(native)
        owned, before, after, nb, na = inputs
>       prepared, command_raw, stdout, stderr = record(native, inputs)
                                                ^^^^^^
E       NameError: name 'record' is not defined

scripts\tests\test_w1_offline_browser.py:517: NameError
__ ERROR at setup of test_current_owner_complete_readiness_fail_closed[head] __

native = {'owner': {'tool_input_context': 'TOOL_ONLY', 'owner_uuid': '11111111111111111111111111111111', 'run_id': 'TOOL_ONLY_o...aa', 'io.bounded-funds.pnpm-lock-sha256': 'abca500080e1846e41d159c176d8a95902bcce239e3dca94651b40e68a8efc83'}}}]}, ...}
probe_fixture = {'manifest': {'tool_input_context': 'TOOL_ONLY', 'protocol': 'bounded-funds-offline-reobserve-v1', 'action': 'probe', ...ea97079d95b0325bc0478838cb4a754b1dba60e4f88d845ae2e7ca', ...}, 'head': 'aaaaaaaaaaaaaaaaaaaaaaaaaaaaaaaaaaaaaaaa', ...}

    @pytest.fixture
    def readiness_fixture(native: dict[str, Any], probe_fixture: dict[str, Any]) -> dict[str, Any]:
        f = probe_fixture
        suffix = "TOOL_ONLY_browser_" + uuid4().hex
        registration_dir = tool.ROOT / ".runtime/w1-deployment" / suffix
        public = tool.ROOT / "docs/progress/evidence/W1" / suffix
        private = tool.ROOT / ".runtime/w1-offline-boundary-private" / suffix
        relay_private = tool.ROOT / ".runtime/w1-private-captures" / suffix
        for path in (registration_dir, public, private, relay_private):
            path.mkdir(parents=True)
        owner_raw, start_raw, _, images = packed(native)
        inputs = accounting(native)
        owned, before, after, nb, na = inputs
>       prepared, command_raw, stdout, stderr = record(native, inputs)
                                                ^^^^^^
E       NameError: name 'record' is not defined

scripts\tests\test_w1_offline_browser.py:517: NameError
_ ERROR at setup of test_current_owner_complete_readiness_fail_closed[source] _

native = {'owner': {'tool_input_context': 'TOOL_ONLY', 'owner_uuid': '11111111111111111111111111111111', 'run_id': 'TOOL_ONLY_o...aa', 'io.bounded-funds.pnpm-lock-sha256': 'abca500080e1846e41d159c176d8a95902bcce239e3dca94651b40e68a8efc83'}}}]}, ...}
probe_fixture = {'manifest': {'tool_input_context': 'TOOL_ONLY', 'protocol': 'bounded-funds-offline-reobserve-v1', 'action': 'probe', ...ea97079d95b0325bc0478838cb4a754b1dba60e4f88d845ae2e7ca', ...}, 'head': 'aaaaaaaaaaaaaaaaaaaaaaaaaaaaaaaaaaaaaaaa', ...}

    @pytest.fixture
    def readiness_fixture(native: dict[str, Any], probe_fixture: dict[str, Any]) -> dict[str, Any]:
        f = probe_fixture
        suffix = "TOOL_ONLY_browser_" + uuid4().hex
        registration_dir = tool.ROOT / ".runtime/w1-deployment" / suffix
        public = tool.ROOT / "docs/progress/evidence/W1" / suffix
        private = tool.ROOT / ".runtime/w1-offline-boundary-private" / suffix
        relay_private = tool.ROOT / ".runtime/w1-private-captures" / suffix
        for path in (registration_dir, public, private, relay_private):
            path.mkdir(parents=True)
        owner_raw, start_raw, _, images = packed(native)
        inputs = accounting(native)
        owned, before, after, nb, na = inputs
>       prepared, command_raw, stdout, stderr = record(native, inputs)
                                                ^^^^^^
E       NameError: name 'record' is not defined

scripts\tests\test_w1_offline_browser.py:517: NameError
_ ERROR at setup of test_current_owner_complete_readiness_fail_closed[relay_ip] _

native = {'owner': {'tool_input_context': 'TOOL_ONLY', 'owner_uuid': '11111111111111111111111111111111', 'run_id': 'TOOL_ONLY_o...aa', 'io.bounded-funds.pnpm-lock-sha256': 'abca500080e1846e41d159c176d8a95902bcce239e3dca94651b40e68a8efc83'}}}]}, ...}
probe_fixture = {'manifest': {'tool_input_context': 'TOOL_ONLY', 'protocol': 'bounded-funds-offline-reobserve-v1', 'action': 'probe', ...ea97079d95b0325bc0478838cb4a754b1dba60e4f88d845ae2e7ca', ...}, 'head': 'aaaaaaaaaaaaaaaaaaaaaaaaaaaaaaaaaaaaaaaa', ...}

    @pytest.fixture
    def readiness_fixture(native: dict[str, Any], probe_fixture: dict[str, Any]) -> dict[str, Any]:
        f = probe_fixture
        suffix = "TOOL_ONLY_browser_" + uuid4().hex
        registration_dir = tool.ROOT / ".runtime/w1-deployment" / suffix
        public = tool.ROOT / "docs/progress/evidence/W1" / suffix
        private = tool.ROOT / ".runtime/w1-offline-boundary-private" / suffix
        relay_private = tool.ROOT / ".runtime/w1-private-captures" / suffix
        for path in (registration_dir, public, private, relay_private):
            path.mkdir(parents=True)
        owner_raw, start_raw, _, images = packed(native)
        inputs = accounting(native)
        owned, before, after, nb, na = inputs
>       prepared, command_raw, stdout, stderr = record(native, inputs)
                                                ^^^^^^
E       NameError: name 'record' is not defined

scripts\tests\test_w1_offline_browser.py:517: NameError
_ ERROR at setup of test_current_owner_complete_readiness_fail_closed[relay_id] _

native = {'owner': {'tool_input_context': 'TOOL_ONLY', 'owner_uuid': '11111111111111111111111111111111', 'run_id': 'TOOL_ONLY_o...aa', 'io.bounded-funds.pnpm-lock-sha256': 'abca500080e1846e41d159c176d8a95902bcce239e3dca94651b40e68a8efc83'}}}]}, ...}
probe_fixture = {'manifest': {'tool_input_context': 'TOOL_ONLY', 'protocol': 'bounded-funds-offline-reobserve-v1', 'action': 'probe', ...ea97079d95b0325bc0478838cb4a754b1dba60e4f88d845ae2e7ca', ...}, 'head': 'aaaaaaaaaaaaaaaaaaaaaaaaaaaaaaaaaaaaaaaa', ...}

    @pytest.fixture
    def readiness_fixture(native: dict[str, Any], probe_fixture: dict[str, Any]) -> dict[str, Any]:
        f = probe_fixture
        suffix = "TOOL_ONLY_browser_" + uuid4().hex
        registration_dir = tool.ROOT / ".runtime/w1-deployment" / suffix
        public = tool.ROOT / "docs/progress/evidence/W1" / suffix
        private = tool.ROOT / ".runtime/w1-offline-boundary-private" / suffix
        relay_private = tool.ROOT / ".runtime/w1-private-captures" / suffix
        for path in (registration_dir, public, private, relay_private):
            path.mkdir(parents=True)
        owner_raw, start_raw, _, images = packed(native)
        inputs = accounting(native)
        owned, before, after, nb, na = inputs
>       prepared, command_raw, stdout, stderr = record(native, inputs)
                                                ^^^^^^
E       NameError: name 'record' is not defined

scripts\tests\test_w1_offline_browser.py:517: NameError
_ ERROR at setup of test_current_owner_complete_readiness_fail_closed[relay_retry] _

native = {'owner': {'tool_input_context': 'TOOL_ONLY', 'owner_uuid': '11111111111111111111111111111111', 'run_id': 'TOOL_ONLY_o...aa', 'io.bounded-funds.pnpm-lock-sha256': 'abca500080e1846e41d159c176d8a95902bcce239e3dca94651b40e68a8efc83'}}}]}, ...}
probe_fixture = {'manifest': {'tool_input_context': 'TOOL_ONLY', 'protocol': 'bounded-funds-offline-reobserve-v1', 'action': 'probe', ...ea97079d95b0325bc0478838cb4a754b1dba60e4f88d845ae2e7ca', ...}, 'head': 'aaaaaaaaaaaaaaaaaaaaaaaaaaaaaaaaaaaaaaaa', ...}

    @pytest.fixture
    def readiness_fixture(native: dict[str, Any], probe_fixture: dict[str, Any]) -> dict[str, Any]:
        f = probe_fixture
        suffix = "TOOL_ONLY_browser_" + uuid4().hex
        registration_dir = tool.ROOT / ".runtime/w1-deployment" / suffix
        public = tool.ROOT / "docs/progress/evidence/W1" / suffix
        private = tool.ROOT / ".runtime/w1-offline-boundary-private" / suffix
        relay_private = tool.ROOT / ".runtime/w1-private-captures" / suffix
        for path in (registration_dir, public, private, relay_private):
            path.mkdir(parents=True)
        owner_raw, start_raw, _, images = packed(native)
        inputs = accounting(native)
        owned, before, after, nb, na = inputs
>       prepared, command_raw, stdout, stderr = record(native, inputs)
                                                ^^^^^^
E       NameError: name 'record' is not defined

scripts\tests\test_w1_offline_browser.py:517: NameError
_ ERROR at setup of test_current_owner_complete_readiness_fail_closed[relay_port] _

native = {'owner': {'tool_input_context': 'TOOL_ONLY', 'owner_uuid': '11111111111111111111111111111111', 'run_id': 'TOOL_ONLY_o...aa', 'io.bounded-funds.pnpm-lock-sha256': 'abca500080e1846e41d159c176d8a95902bcce239e3dca94651b40e68a8efc83'}}}]}, ...}
probe_fixture = {'manifest': {'tool_input_context': 'TOOL_ONLY', 'protocol': 'bounded-funds-offline-reobserve-v1', 'action': 'probe', ...ea97079d95b0325bc0478838cb4a754b1dba60e4f88d845ae2e7ca', ...}, 'head': 'aaaaaaaaaaaaaaaaaaaaaaaaaaaaaaaaaaaaaaaa', ...}

    @pytest.fixture
    def readiness_fixture(native: dict[str, Any], probe_fixture: dict[str, Any]) -> dict[str, Any]:
        f = probe_fixture
        suffix = "TOOL_ONLY_browser_" + uuid4().hex
        registration_dir = tool.ROOT / ".runtime/w1-deployment" / suffix
        public = tool.ROOT / "docs/progress/evidence/W1" / suffix
        private = tool.ROOT / ".runtime/w1-offline-boundary-private" / suffix
        relay_private = tool.ROOT / ".runtime/w1-private-captures" / suffix
        for path in (registration_dir, public, private, relay_private):
            path.mkdir(parents=True)
        owner_raw, start_raw, _, images = packed(native)
        inputs = accounting(native)
        owned, before, after, nb, na = inputs
>       prepared, command_raw, stdout, stderr = record(native, inputs)
                                                ^^^^^^
E       NameError: name 'record' is not defined

scripts\tests\test_w1_offline_browser.py:517: NameError
_ ERROR at setup of test_current_owner_complete_readiness_fail_closed[relay_producer] _

native = {'owner': {'tool_input_context': 'TOOL_ONLY', 'owner_uuid': '11111111111111111111111111111111', 'run_id': 'TOOL_ONLY_o...aa', 'io.bounded-funds.pnpm-lock-sha256': 'abca500080e1846e41d159c176d8a95902bcce239e3dca94651b40e68a8efc83'}}}]}, ...}
probe_fixture = {'manifest': {'tool_input_context': 'TOOL_ONLY', 'protocol': 'bounded-funds-offline-reobserve-v1', 'action': 'probe', ...ea97079d95b0325bc0478838cb4a754b1dba60e4f88d845ae2e7ca', ...}, 'head': 'aaaaaaaaaaaaaaaaaaaaaaaaaaaaaaaaaaaaaaaa', ...}

    @pytest.fixture
    def readiness_fixture(native: dict[str, Any], probe_fixture: dict[str, Any]) -> dict[str, Any]:
        f = probe_fixture
        suffix = "TOOL_ONLY_browser_" + uuid4().hex
        registration_dir = tool.ROOT / ".runtime/w1-deployment" / suffix
        public = tool.ROOT / "docs/progress/evidence/W1" / suffix
        private = tool.ROOT / ".runtime/w1-offline-boundary-private" / suffix
        relay_private = tool.ROOT / ".runtime/w1-private-captures" / suffix
        for path in (registration_dir, public, private, relay_private):
            path.mkdir(parents=True)
        owner_raw, start_raw, _, images = packed(native)
        inputs = accounting(native)
        owned, before, after, nb, na = inputs
>       prepared, command_raw, stdout, stderr = record(native, inputs)
                                                ^^^^^^
E       NameError: name 'record' is not defined

scripts\tests\test_w1_offline_browser.py:517: NameError
_ ERROR at setup of test_current_owner_complete_readiness_fail_closed[relay_failed] _

native = {'owner': {'tool_input_context': 'TOOL_ONLY', 'owner_uuid': '11111111111111111111111111111111', 'run_id': 'TOOL_ONLY_o...aa', 'io.bounded-funds.pnpm-lock-sha256': 'abca500080e1846e41d159c176d8a95902bcce239e3dca94651b40e68a8efc83'}}}]}, ...}
probe_fixture = {'manifest': {'tool_input_context': 'TOOL_ONLY', 'protocol': 'bounded-funds-offline-reobserve-v1', 'action': 'probe', ...ea97079d95b0325bc0478838cb4a754b1dba60e4f88d845ae2e7ca', ...}, 'head': 'aaaaaaaaaaaaaaaaaaaaaaaaaaaaaaaaaaaaaaaa', ...}

    @pytest.fixture
    def readiness_fixture(native: dict[str, Any], probe_fixture: dict[str, Any]) -> dict[str, Any]:
        f = probe_fixture
        suffix = "TOOL_ONLY_browser_" + uuid4().hex
        registration_dir = tool.ROOT / ".runtime/w1-deployment" / suffix
        public = tool.ROOT / "docs/progress/evidence/W1" / suffix
        private = tool.ROOT / ".runtime/w1-offline-boundary-private" / suffix
        relay_private = tool.ROOT / ".runtime/w1-private-captures" / suffix
        for path in (registration_dir, public, private, relay_private):
            path.mkdir(parents=True)
        owner_raw, start_raw, _, images = packed(native)
        inputs = accounting(native)
        owned, before, after, nb, na = inputs
>       prepared, command_raw, stdout, stderr = record(native, inputs)
                                                ^^^^^^
E       NameError: name 'record' is not defined

scripts\tests\test_w1_offline_browser.py:517: NameError
_ ERROR at setup of test_current_owner_complete_readiness_fail_closed[probe_missing] _

native = {'owner': {'tool_input_context': 'TOOL_ONLY', 'owner_uuid': '11111111111111111111111111111111', 'run_id': 'TOOL_ONLY_o...aa', 'io.bounded-funds.pnpm-lock-sha256': 'abca500080e1846e41d159c176d8a95902bcce239e3dca94651b40e68a8efc83'}}}]}, ...}
probe_fixture = {'manifest': {'tool_input_context': 'TOOL_ONLY', 'protocol': 'bounded-funds-offline-reobserve-v1', 'action': 'probe', ...ea97079d95b0325bc0478838cb4a754b1dba60e4f88d845ae2e7ca', ...}, 'head': 'aaaaaaaaaaaaaaaaaaaaaaaaaaaaaaaaaaaaaaaa', ...}

    @pytest.fixture
    def readiness_fixture(native: dict[str, Any], probe_fixture: dict[str, Any]) -> dict[str, Any]:
        f = probe_fixture
        suffix = "TOOL_ONLY_browser_" + uuid4().hex
        registration_dir = tool.ROOT / ".runtime/w1-deployment" / suffix
        public = tool.ROOT / "docs/progress/evidence/W1" / suffix
        private = tool.ROOT / ".runtime/w1-offline-boundary-private" / suffix
        relay_private = tool.ROOT / ".runtime/w1-private-captures" / suffix
        for path in (registration_dir, public, private, relay_private):
            path.mkdir(parents=True)
        owner_raw, start_raw, _, images = packed(native)
        inputs = accounting(native)
        owned, before, after, nb, na = inputs
>       prepared, command_raw, stdout, stderr = record(native, inputs)
                                                ^^^^^^
E       NameError: name 'record' is not defined

scripts\tests\test_w1_offline_browser.py:517: NameError
_ ERROR at setup of test_current_owner_complete_readiness_fail_closed[start_changed] _

native = {'owner': {'tool_input_context': 'TOOL_ONLY', 'owner_uuid': '11111111111111111111111111111111', 'run_id': 'TOOL_ONLY_o...aa', 'io.bounded-funds.pnpm-lock-sha256': 'abca500080e1846e41d159c176d8a95902bcce239e3dca94651b40e68a8efc83'}}}]}, ...}
probe_fixture = {'manifest': {'tool_input_context': 'TOOL_ONLY', 'protocol': 'bounded-funds-offline-reobserve-v1', 'action': 'probe', ...ea97079d95b0325bc0478838cb4a754b1dba60e4f88d845ae2e7ca', ...}, 'head': 'aaaaaaaaaaaaaaaaaaaaaaaaaaaaaaaaaaaaaaaa', ...}

    @pytest.fixture
    def readiness_fixture(native: dict[str, Any], probe_fixture: dict[str, Any]) -> dict[str, Any]:
        f = probe_fixture
        suffix = "TOOL_ONLY_browser_" + uuid4().hex
        registration_dir = tool.ROOT / ".runtime/w1-deployment" / suffix
        public = tool.ROOT / "docs/progress/evidence/W1" / suffix
        private = tool.ROOT / ".runtime/w1-offline-boundary-private" / suffix
        relay_private = tool.ROOT / ".runtime/w1-private-captures" / suffix
        for path in (registration_dir, public, private, relay_private):
            path.mkdir(parents=True)
        owner_raw, start_raw, _, images = packed(native)
        inputs = accounting(native)
        owned, before, after, nb, na = inputs
>       prepared, command_raw, stdout, stderr = record(native, inputs)
                                                ^^^^^^
E       NameError: name 'record' is not defined

scripts\tests\test_w1_offline_browser.py:517: NameError
=========================== short test summary info ===========================
ERROR scripts/tests/test_w1_offline_browser.py::test_entire_readiness_rebinds_originals_and_preserves_old_failed_isolation
ERROR scripts/tests/test_w1_offline_browser.py::test_current_owner_complete_readiness_fail_closed[head]
ERROR scripts/tests/test_w1_offline_browser.py::test_current_owner_complete_readiness_fail_closed[source]
ERROR scripts/tests/test_w1_offline_browser.py::test_current_owner_complete_readiness_fail_closed[relay_ip]
ERROR scripts/tests/test_w1_offline_browser.py::test_current_owner_complete_readiness_fail_closed[relay_id]
ERROR scripts/tests/test_w1_offline_browser.py::test_current_owner_complete_readiness_fail_closed[relay_retry]
ERROR scripts/tests/test_w1_offline_browser.py::test_current_owner_complete_readiness_fail_closed[relay_port]
ERROR scripts/tests/test_w1_offline_browser.py::test_current_owner_complete_readiness_fail_closed[relay_producer]
ERROR scripts/tests/test_w1_offline_browser.py::test_current_owner_complete_readiness_fail_closed[relay_failed]
ERROR scripts/tests/test_w1_offline_browser.py::test_current_owner_complete_readiness_fail_closed[probe_missing]
ERROR scripts/tests/test_w1_offline_browser.py::test_current_owner_complete_readiness_fail_closed[start_changed]
78 passed, 11 errors in 5.58s
