...............................F............F.F...                       [100%]
================================== FAILURES ===================================
_ test_exact_key_read_preserves_original_request_receipt_and_nonfinal_absence _

monkeypatch = <_pytest.monkeypatch.MonkeyPatch object at 0x000001478E8EFBC0>

    def test_exact_key_read_preserves_original_request_receipt_and_nonfinal_absence(
        monkeypatch: pytest.MonkeyPatch,
    ) -> None:
        memory = Memory()
        patch_reads(monkeypatch, memory)
>       result = service.read_seasonal_adoption_command(
            memory.session(), USER, EPOCH, memory.original.idempotency_key, memory.now
        )

apps\api\app\tests\test_full_seasonal_adoption_service.py:147: 
_ _ _ _ _ _ _ _ _ _ _ _ _ _ _ _ _ _ _ _ _ _ _ _ _ _ _ _ _ _ _ _ _ _ _ _ _ _ _ _
apps\api\app\services\full_seasonal_adoption.py:310: in read_seasonal_adoption_command
    receipt = _original(
apps\api\app\services\full_seasonal_adoption.py:265: in _original
    if verify_frozen_seasonal_adoption_trace(trace.trace) != original:
       ^^^^^^^^^^^^^^^^^^^^^^^^^^^^^^^^^^^^^^^^^^^^^^^^^^
apps\api\app\domain\full_seasonal_adoption.py:548: in verify_frozen_seasonal_adoption_trace
    or source.status != row["status"]
       ^^^^^^^^^^^^^
_ _ _ _ _ _ _ _ _ _ _ _ _ _ _ _ _ _ _ _ _ _ _ _ _ _ _ _ _ _ _ _ _ _ _ _ _ _ _ _

self = TraceEvidence(id=UUID('00000000-0000-0000-0000-000000000096'), user_id=UUID('00000000-0000-0000-0000-000000000001'), e...lid_from=datetime.datetime(2024, 1, 1, 0, 0, tzinfo=datetime.timezone.utc), valid_to=None, supersedes_evidence_id=None)
item = 'status'

    def __getattr__(self, item: str) -> Any:
        private_attributes = object.__getattribute__(self, '__private_attributes__')
        if item in private_attributes:
            attribute = private_attributes[item]
            if hasattr(attribute, '__get__'):
                return attribute.__get__(self, type(self))  # type: ignore
    
            try:
                # Note: self.__pydantic_private__ cannot be None if self.__private_attributes__ has items
                return self.__pydantic_private__[item]  # type: ignore
            except KeyError as exc:
                raise AttributeError(f'{type(self).__name__!r} object has no attribute {item!r}') from exc
        else:
            # `__pydantic_extra__` can fail to be set if the model is not yet fully initialized.
            # See `BaseModel.__repr_args__` for more details
            try:
                pydantic_extra = object.__getattribute__(self, '__pydantic_extra__')
            except AttributeError:
                pydantic_extra = None
    
            if pydantic_extra and item in pydantic_extra:
                return pydantic_extra[item]
            else:
                if hasattr(self.__class__, item):
                    return super().__getattribute__(item)  # Raises AttributeError if appropriate
                else:
                    # this is the current error
>                   raise AttributeError(f'{type(self).__name__!r} object has no attribute {item!r}')
E                   AttributeError: 'TraceEvidence' object has no attribute 'status'

.venv\Lib\site-packages\pydantic\main.py:1042: AttributeError
_ test_current_get_never_turns_changed_source_into_zero_or_old_period_success _

monkeypatch = <_pytest.monkeypatch.MonkeyPatch object at 0x000001478E9C6330>

    def test_current_get_never_turns_changed_source_into_zero_or_old_period_success(
        monkeypatch: pytest.MonkeyPatch,
    ) -> None:
        memory = Memory()
        patch_reads(monkeypatch, memory)
        monkeypatch.setattr(service, "_scope", lambda *_args: memory.original.scope)
>       current = service.read_current_seasonal_adoption(memory.session(), USER, POLICY, memory.now)
                  ^^^^^^^^^^^^^^^^^^^^^^^^^^^^^^^^^^^^^^^^^^^^^^^^^^^^^^^^^^^^^^^^^^^^^^^^^^^^^^^^^^

apps\api\app\tests\test_full_seasonal_adoption_service.py:234: 
_ _ _ _ _ _ _ _ _ _ _ _ _ _ _ _ _ _ _ _ _ _ _ _ _ _ _ _ _ _ _ _ _ _ _ _ _ _ _ _
apps\api\app\services\full_seasonal_adoption.py:436: in read_current_seasonal_adoption
    receipts = _originals(session, user_id, epoch.id, now)
               ^^^^^^^^^^^^^^^^^^^^^^^^^^^^^^^^^^^^^^^^^^^
apps\api\app\services\full_seasonal_adoption.py:297: in _originals
    receipt = _original(session, user_id, original.command_id, now, replay=True)
              ^^^^^^^^^^^^^^^^^^^^^^^^^^^^^^^^^^^^^^^^^^^^^^^^^^^^^^^^^^^^^^^^^^
apps\api\app\services\full_seasonal_adoption.py:265: in _original
    if verify_frozen_seasonal_adoption_trace(trace.trace) != original:
       ^^^^^^^^^^^^^^^^^^^^^^^^^^^^^^^^^^^^^^^^^^^^^^^^^^
apps\api\app\domain\full_seasonal_adoption.py:548: in verify_frozen_seasonal_adoption_trace
    or source.status != row["status"]
       ^^^^^^^^^^^^^
_ _ _ _ _ _ _ _ _ _ _ _ _ _ _ _ _ _ _ _ _ _ _ _ _ _ _ _ _ _ _ _ _ _ _ _ _ _ _ _

self = TraceEvidence(id=UUID('00000000-0000-0000-0000-000000000096'), user_id=UUID('00000000-0000-0000-0000-000000000001'), e...lid_from=datetime.datetime(2024, 1, 1, 0, 0, tzinfo=datetime.timezone.utc), valid_to=None, supersedes_evidence_id=None)
item = 'status'

    def __getattr__(self, item: str) -> Any:
        private_attributes = object.__getattribute__(self, '__private_attributes__')
        if item in private_attributes:
            attribute = private_attributes[item]
            if hasattr(attribute, '__get__'):
                return attribute.__get__(self, type(self))  # type: ignore
    
            try:
                # Note: self.__pydantic_private__ cannot be None if self.__private_attributes__ has items
                return self.__pydantic_private__[item]  # type: ignore
            except KeyError as exc:
                raise AttributeError(f'{type(self).__name__!r} object has no attribute {item!r}') from exc
        else:
            # `__pydantic_extra__` can fail to be set if the model is not yet fully initialized.
            # See `BaseModel.__repr_args__` for more details
            try:
                pydantic_extra = object.__getattribute__(self, '__pydantic_extra__')
            except AttributeError:
                pydantic_extra = None
    
            if pydantic_extra and item in pydantic_extra:
                return pydantic_extra[item]
            else:
                if hasattr(self.__class__, item):
                    return super().__getattribute__(item)  # Raises AttributeError if appropriate
                else:
                    # this is the current error
>                   raise AttributeError(f'{type(self).__name__!r} object has no attribute {item!r}')
E                   AttributeError: 'TraceEvidence' object has no attribute 'status'

.venv\Lib\site-packages\pydantic\main.py:1042: AttributeError
_ test_frozen_registered_trace_replays_exact_original_and_rehashed_metadata_is_rejected _

    def test_frozen_registered_trace_replays_exact_original_and_rehashed_metadata_is_rejected() -> None:
        memory = Memory()
        trace = memory.trace().trace
>       assert verify_frozen_seasonal_adoption_trace(trace) == memory.original
               ^^^^^^^^^^^^^^^^^^^^^^^^^^^^^^^^^^^^^^^^^^^^

apps\api\app\tests\test_full_seasonal_adoption_service.py:300: 
_ _ _ _ _ _ _ _ _ _ _ _ _ _ _ _ _ _ _ _ _ _ _ _ _ _ _ _ _ _ _ _ _ _ _ _ _ _ _ _
apps\api\app\domain\full_seasonal_adoption.py:548: in verify_frozen_seasonal_adoption_trace
    or source.status != row["status"]
       ^^^^^^^^^^^^^
_ _ _ _ _ _ _ _ _ _ _ _ _ _ _ _ _ _ _ _ _ _ _ _ _ _ _ _ _ _ _ _ _ _ _ _ _ _ _ _

self = TraceEvidence(id=UUID('00000000-0000-0000-0000-000000000096'), user_id=UUID('00000000-0000-0000-0000-000000000001'), e...lid_from=datetime.datetime(2024, 1, 1, 0, 0, tzinfo=datetime.timezone.utc), valid_to=None, supersedes_evidence_id=None)
item = 'status'

    def __getattr__(self, item: str) -> Any:
        private_attributes = object.__getattribute__(self, '__private_attributes__')
        if item in private_attributes:
            attribute = private_attributes[item]
            if hasattr(attribute, '__get__'):
                return attribute.__get__(self, type(self))  # type: ignore
    
            try:
                # Note: self.__pydantic_private__ cannot be None if self.__private_attributes__ has items
                return self.__pydantic_private__[item]  # type: ignore
            except KeyError as exc:
                raise AttributeError(f'{type(self).__name__!r} object has no attribute {item!r}') from exc
        else:
            # `__pydantic_extra__` can fail to be set if the model is not yet fully initialized.
            # See `BaseModel.__repr_args__` for more details
            try:
                pydantic_extra = object.__getattribute__(self, '__pydantic_extra__')
            except AttributeError:
                pydantic_extra = None
    
            if pydantic_extra and item in pydantic_extra:
                return pydantic_extra[item]
            else:
                if hasattr(self.__class__, item):
                    return super().__getattribute__(item)  # Raises AttributeError if appropriate
                else:
                    # this is the current error
>                   raise AttributeError(f'{type(self).__name__!r} object has no attribute {item!r}')
E                   AttributeError: 'TraceEvidence' object has no attribute 'status'

.venv\Lib\site-packages\pydantic\main.py:1042: AttributeError
============================== warnings summary ===============================
.venv\Lib\site-packages\fastapi\testclient.py:1
  F:\学校活动\工行杯\钱途有界\bounded-funds\.venv\Lib\site-packages\fastapi\testclient.py:1: StarletteDeprecationWarning: Using `httpx` with `starlette.testclient` is deprecated; install `httpx2` instead.
    from starlette.testclient import TestClient as TestClient  # noqa

.venv\Lib\site-packages\_pytest\cacheprovider.py:469
  F:\学校活动\工行杯\钱途有界\bounded-funds\.venv\Lib\site-packages\_pytest\cacheprovider.py:469: PytestCacheWarning: could not create cache path F:\学校活动\工行杯\钱途有界\bounded-funds\.pytest_cache\v\cache\nodeids: [WinError 5] 拒绝访问。: 'F:\\学校活动\\工行杯\\钱途有界\\bounded-funds\\.pytest_cache\\v\\cache'
    config.cache.set("cache/nodeids", sorted(self.cached_nodeids))

.venv\Lib\site-packages\_pytest\cacheprovider.py:423
  F:\学校活动\工行杯\钱途有界\bounded-funds\.venv\Lib\site-packages\_pytest\cacheprovider.py:423: PytestCacheWarning: could not create cache path F:\学校活动\工行杯\钱途有界\bounded-funds\.pytest_cache\v\cache\lastfailed: [WinError 5] 拒绝访问。: 'F:\\学校活动\\工行杯\\钱途有界\\bounded-funds\\.pytest_cache\\v\\cache'
    config.cache.set("cache/lastfailed", self.lastfailed)

-- Docs: https://docs.pytest.org/en/stable/how-to/capture-warnings.html
=========================== short test summary info ===========================
FAILED apps/api/app/tests/test_full_seasonal_adoption_service.py::test_exact_key_read_preserves_original_request_receipt_and_nonfinal_absence
FAILED apps/api/app/tests/test_full_seasonal_adoption_service.py::test_current_get_never_turns_changed_source_into_zero_or_old_period_success
FAILED apps/api/app/tests/test_full_seasonal_adoption_service.py::test_frozen_registered_trace_replays_exact_original_and_rehashed_metadata_is_rejected
3 failed, 47 passed, 3 warnings in 8.66s
