============================= test session starts =============================
platform win32 -- Python 3.12.5, pytest-9.1.1, pluggy-1.6.0 -- F:\学校活动\工行杯\钱途有界\bounded-funds\.venv\Scripts\python.exe
hypothesis profile 'default'
rootdir: F:\学校活动\工行杯\钱途有界\bounded-funds
configfile: pyproject.toml
plugins: anyio-4.15.1, hypothesis-6.168.3, cov-7.1.0
collecting ... collected 2 items

apps/api/app/tests/test_demo_console.py::test_salary_after_actual_monthly_target_has_no_fake_goal_action_or_permanent_pending FAILED [ 50%]
apps/api/app/tests/test_demo_console.py::test_console_rejects_another_policy_action_using_its_reserved_stage_key PASSED [100%]

================================== FAILURES ===================================
_ test_salary_after_actual_monthly_target_has_no_fake_goal_action_or_permanent_pending _
apps\api\app\tests\test_demo_console.py:378: in test_salary_after_actual_monthly_target_has_no_fake_goal_action_or_permanent_pending
    monkeypatch.setattr(demo_api, "run_demo_event", capture_error)
E   AttributeError: <module 'app.api.v1.demo' from 'F:\\学校活动\\工行杯\\钱途有界\\bounded-funds\\apps\\api\\app\\api\\v1\\demo.py'> has no attribute 'run_demo_event'
============================== warnings summary ===============================
.venv\Lib\site-packages\fastapi\testclient.py:1
  F:\学校活动\工行杯\钱途有界\bounded-funds\.venv\Lib\site-packages\fastapi\testclient.py:1: StarletteDeprecationWarning: Using `httpx` with `starlette.testclient` is deprecated; install `httpx2` instead.
    from starlette.testclient import TestClient as TestClient  # noqa

-- Docs: https://docs.pytest.org/en/stable/how-to/capture-warnings.html
=========================== short test summary info ===========================
FAILED apps/api/app/tests/test_demo_console.py::test_salary_after_actual_monthly_target_has_no_fake_goal_action_or_permanent_pending - AttributeError: <module 'app.api.v1.demo' from 'F:\\学校活动\\工行杯\\钱途有界\\bounded-funds\\apps\\api\\app\\api\\v1\\demo.py'> has no attribute 'run_demo_event'
=================== 1 failed, 1 passed, 1 warning in 19.44s ===================
