F                                                                        [100%]
================================== FAILURES ===================================
_ test_joint_locked_principal_respects_future_hard_floor_without_counting_future_income _

    def test_joint_locked_principal_respects_future_hard_floor_without_counting_future_income() -> None:
        products = [product(10, term=7), product(11, delay=1, bps=180)]
        config = {"type": "emergency_buffer", "amount_cents": 180000}
        future_floor = BoundaryPolicyVersion(
            policy_id=UUID(int=80),
            version_id=UUID(int=81),
            configuration=config,
            content_hash=configuration_hash(config),
            confirmed_at=NOW - timedelta(days=1),
            valid_from=NOW + timedelta(days=15),
        )
        req = request(products, cash=200000, cap=200000, boundary_versions=[future_floor])
>       result = plan_full_assets(req)
                 ^^^^^^^^^^^^^^^^^^^^^

apps\api\app\tests\test_full_asset_allocation.py:160: 
_ _ _ _ _ _ _ _ _ _ _ _ _ _ _ _ _ _ _ _ _ _ _ _ _ _ _ _ _ _ _ _ _ _ _ _ _ _ _ _
apps\api\app\domain\full_asset_allocation.py:300: in plan_full_assets
    baseline = compute_boundary(
apps\api\app\domain\boundary.py:773: in compute_boundary
    return _compute_boundary_core(snapshot, active_policy_versions, positions, products).boundary
           ^^^^^^^^^^^^^^^^^^^^^^^^^^^^^^^^^^^^^^^^^^^^^^^^^^^^^^^^^^^^^^^^^^^^^^^^^^^^^
_ _ _ _ _ _ _ _ _ _ _ _ _ _ _ _ _ _ _ _ _ _ _ _ _ _ _ _ _ _ _ _ _ _ _ _ _ _ _ _

snapshot = BoundarySnapshot(as_of=datetime.datetime(2026, 10, 4, 8, 0, tzinfo=datetime.timezone.utc), timezone='Asia/Shanghai', h...goals=[], goal_month_contributions=[], living_reserves=[], unassigned_goal_cash=[], source_issues=[], source_digest='')
active_policy_versions = [BoundaryPolicyVersion(evidence_ids=[], policy_id=UUID('00000000-0000-0000-0000-000000000050'), version_id=UUID('00000...etime.timezone.utc), valid_from=datetime.datetime(2026, 10, 19, 8, 0, tzinfo=datetime.timezone.utc), valid_until=None)]
positions = []
products = [BoundaryProduct(product_id=UUID('00000000-0000-0000-0000-00000000000a'), version_number=2, asset_class='FIXED_DEPOSIT...ion_number=2, asset_class='CASH_MGMT_T1', minimum_purchase_cents=1, fixed_return=None, terms_digest='financial-terms')]
_change = None

    def _compute_boundary_core(
        snapshot: BoundarySnapshot,
        active_policy_versions: Sequence[BoundaryPolicyVersion],
        positions: Sequence[BoundaryPosition],
        products: Sequence[BoundaryProduct],
        *,
        _change: tuple[
            BoundaryPolicyVersion, PolicyChangeAssumption, LivingReserveChangeEstimate | None
        ]
        | None = None,
    ) -> _BoundaryCore:
        """Compute financial v1 once and retain its original obligation metadata."""
        snapshot = BoundarySnapshot.model_validate(snapshot.model_dump())
        if len(active_policy_versions) > 100 or len(positions) > 10000 or len(products) > 100:
            raise ValueError("Boundary capacity is 100 policies, 10000 positions and 100 products")
        active_policy_versions = sorted(
            (BoundaryPolicyVersion.model_validate(p.model_dump()) for p in active_policy_versions),
            key=lambda p: p.policy_id,
        )
        positions = sorted(
            (BoundaryPosition.model_validate(p.model_dump()) for p in positions),
            key=lambda p: p.position_id,
        )
        products = sorted(
            (BoundaryProduct.model_validate(p.model_dump()) for p in products),
            key=lambda p: p.product_id,
        )
        for values, name in (
            ([a.account_id for a in snapshot.cash_accounts], "account"),
            ([p.policy_id for p in active_policy_versions], "policy"),
            ([p.version_id for p in active_policy_versions], "version"),
            ([b.bill_id for b in snapshot.bills], "bill"),
            ([(s.policy_id, s.period) for s in snapshot.occurrence_settlements], "settlement"),
            ([g.goal_id for g in snapshot.goals], "goal"),
            ([g.policy_id for g in snapshot.goals], "goal policy"),
            ([(g.goal_id, g.period) for g in snapshot.goal_month_contributions], "goal contribution"),
            ([p.product_id for p in products], "product"),
            ([p.position_id for p in positions], "position"),
            ([item.policy_version_id for item in snapshot.living_reserves], "living estimate"),
            ([g.account_id for g in snapshot.unassigned_goal_cash], "unassigned goal account"),
        ):
            _unique(values, name)
        financial_hash = configuration_hash(
            {
                "algorithm": ALGORITHM_VERSION,
                "snapshot": _financial(snapshot.model_dump(mode="json")),
                "policies": _financial(
                    [item.model_dump(mode="json") for item in active_policy_versions]
                ),
                "positions": _financial([item.model_dump(mode="json") for item in positions]),
                "products": _financial([item.model_dump(mode="json") for item in products]),
            }
        )
        zone = UTC if snapshot.timezone == "UTC" else timezone(timedelta(hours=8))
        try:
            first = snapshot.as_of.astimezone(zone).date()
            last = first + timedelta(days=snapshot.horizon_days + 1) - timedelta(days=1)
        except (ValueError, OverflowError) as error:
            raise ValueError("Boundary date interval is outside supported calendar dates") from error
        cash = sum(
            item.balance_cents for item in snapshot.cash_accounts if item.account_type != "CREDIT_CARD"
        )
        configs = {
            item.policy_id: validate_configuration(item.configuration)
            for item in active_policy_versions
        }
        for policy in active_policy_versions:
            if configuration_hash(configs[policy.policy_id]) != policy.content_hash:
>               raise ValueError("Policy configuration hash does not match")
E               ValueError: Policy configuration hash does not match

apps\api\app\domain\boundary.py:253: ValueError
=========================== short test summary info ===========================
FAILED apps/api/app/tests/test_full_asset_allocation.py::test_joint_locked_principal_respects_future_hard_floor_without_counting_future_income
1 failed in 1.17s
