F.                                                                       [100%]
================================== FAILURES ===================================
_ test_actual_amount_change_is_audited_once_and_replayed_without_financial_writes _

boundary_engine = Engine(postgresql+psycopg://bounded:***@127.0.0.1:54329/bf_test_4f47dc283b43434eb8c425b84c5f583d)

    def test_actual_amount_change_is_audited_once_and_replayed_without_financial_writes(
        boundary_engine: Engine,
    ) -> None:
        source, destination = transfer_accounts(boundary_engine)
        actions = [
            prepare_action(
                boundary_engine,
                DEMO_USER_ID,
                PrepareActionRequest(
                    idempotency_key=f"boundary-event-{amount}",
                    intent=TransferIntent(
                        kind="transfer_internal",
                        source_account_id=source,
                        destination_account_id=destination,
                        amount_cents=amount,
                    ),
                ),
                SEED_AS_OF,
            )
            for amount in (100, 200)
        ]
        first, second = (action.decision_run_id for action in actions)
        assert first is not None and second is not None
        with Session(boundary_engine) as session:
            epoch = current_audit_epoch(session, DEMO_USER_ID)
            assert epoch is not None
            epoch_id = epoch.id
            original_hash = get_decision_trace(session, DEMO_USER_ID, first, SEED_AS_OF).trace
            assert original_hash is not None
        before = snapshot(boundary_engine)
        body = BoundaryObservationRequest(
            before_run_id=first, after_run_id=second, expected_epoch_id=epoch_id
        )
        with Session(boundary_engine) as session, session.begin():
            response = observe_boundary_actions(session, DEMO_USER_ID, body, SEED_AS_OF)
            assert response.kind == "BoundaryCrossed"
            assert response.before_action_signature != response.after_action_signature
            assert response.bank_authority is False
        recorded = snapshot(boundary_engine)
        assert money_originals(recorded) == money_originals(before)
        with Session(boundary_engine) as session, session.begin():
>           replay = observe_boundary_actions(session, DEMO_USER_ID, body, SEED_AS_OF)
                     ^^^^^^^^^^^^^^^^^^^^^^^^^^^^^^^^^^^^^^^^^^^^^^^^^^^^^^^^^^^^^^^^^

apps\api\app\tests\test_boundary_action_events_integration.py:64: 
_ _ _ _ _ _ _ _ _ _ _ _ _ _ _ _ _ _ _ _ _ _ _ _ _ _ _ _ _ _ _ _ _ _ _ _ _ _ _ _

session = <sqlalchemy.orm.session.Session object at 0x0000018030B4DA00>
user_id = UUID('271a9827-f82a-5be6-9e0a-50f721029fb0')
body = BoundaryObservationRequest(before_run_id=UUID('dae792f8-ee9e-5e29-bd6d-4704b789e0f2'), after_run_id=UUID('586bd574-0c0e-57c3-a217-c3490a3ae3ed'), expected_epoch_id=UUID('4ec59401-00d3-4be5-8460-a4c4899e1205'))
now = datetime.datetime(2026, 10, 3, 16, 0, tzinfo=datetime.timezone.utc)

    def observe_boundary_actions(
        session: Session, user_id: UUID, body: BoundaryObservationRequest, now: datetime
    ) -> BoundaryObservationResponse:
        if session.new or session.dirty or session.deleted:
            raise PolicyLifecycleError("INVALID_WRITE_CONTEXT", "事件记录不能混入其他待写入变更", 409)
        now = _now(now)
        _user(session, user_id)
        epoch = current_audit_epoch(session, user_id)
        if epoch is None or epoch.status != "OPEN" or epoch.id != body.expected_epoch_id:
            raise PolicyLifecycleError("STALE_DEMO_EPOCH", "边界事件所在轮次已变化", 409)
        # Request identifiers are the only client input; amounts/results/clock/authority
        # are never accepted. The stored trace supplies the immutable original receipt.
        identity = uuid5(NAMESPACE, f"{user_id}:{epoch.id}:{body.before_run_id}:{body.after_run_id}")
        prior = session.get(DecisionRun, identity)
        if prior is not None:
            original = get_decision_trace(session, user_id, identity, now)
            if original.completeness != "COMPLETE" or original.audit_chain_status != "VALID":
>               raise PolicyLifecycleError("INVALID_EVENT_RECEIPT", "原事件记录无法验证", 409)
E               app.services.policy_lifecycle.PolicyLifecycleError: 原事件记录无法验证

apps\api\app\services\boundary_action_events.py:104: PolicyLifecycleError
============================== warnings summary ===============================
.venv\Lib\site-packages\fastapi\testclient.py:1
  F:\学校活动\工行杯\钱途有界\bounded-funds\.venv\Lib\site-packages\fastapi\testclient.py:1: StarletteDeprecationWarning: Using `httpx` with `starlette.testclient` is deprecated; install `httpx2` instead.
    from starlette.testclient import TestClient as TestClient  # noqa

-- Docs: https://docs.pytest.org/en/stable/how-to/capture-warnings.html
=========================== short test summary info ===========================
FAILED apps/api/app/tests/test_boundary_action_events_integration.py::test_actual_amount_change_is_audited_once_and_replayed_without_financial_writes
1 failed, 1 passed, 1 warning in 206.14s (0:03:26)
