scripts\tests\test_mvp_trace_v2.py:27: error: Function is missing a return type annotation  [no-untyped-def]
scripts\tests\test_mvp_trace_v2.py:27: note: Use "-> None" if function does not return a value
scripts\tests\test_mvp_trace_v2.py:134: error: Call to untyped function "Originals" in typed context  [no-untyped-call]
scripts\tests\test_mvp_trace_v2.py:164: error: Call to untyped function "Originals" in typed context  [no-untyped-call]
scripts\tests\test_mvp_trace_v2.py:185: error: Unsupported target for indexed assignment ("Collection[str]")  [index]
scripts\tests\test_mvp_trace_v2.py:205: error: Call to untyped function "Originals" in typed context  [no-untyped-call]
scripts\tests\test_mvp_trace_v2.py:230: error: Argument 1 to "_failure_transport" has incompatible type "Originals"; expected "TraceBundle"  [arg-type]
scripts\tests\test_mvp_trace_v2.py:231: error: Unused "type: ignore" comment  [unused-ignore]
scripts\tests\test_mvp_trace_v2.py:233: error: Unsupported right operand type for in ("object")  [operator]
scripts\tests\test_mvp_trace_v2.py:249: error: Call to untyped function "Originals" in typed context  [no-untyped-call]
scripts\tests\test_mvp_trace_v2.py:254: error: Unsupported target for indexed assignment ("object")  [index]
scripts\tests\test_mvp_trace_v2.py:256: error: Unsupported target for indexed assignment ("object")  [index]
scripts\tests\test_mvp_trace_v2.py:258: error: Unsupported target for indexed assignment ("object")  [index]
scripts\tests\test_mvp_trace_v2.py:260: error: Unsupported target for indexed assignment ("object")  [index]
scripts\tests\test_mvp_trace_v2.py:270: error: Call to untyped function "Originals" in typed context  [no-untyped-call]
scripts\tests\test_mvp_trace_v2.py:272: error: Argument 1 to "_failure_capture" has incompatible type "Originals"; expected "TraceBundle"  [arg-type]
scripts\tests\test_mvp_trace_v2.py:273: error: Unused "type: ignore" comment  [unused-ignore]
scripts\tests\test_mvp_trace_v2.py:278: error: Call to untyped function "Originals" in typed context  [no-untyped-call]
scripts\tests\test_mvp_trace_v2.py:305: error: Incompatible types in assignment (expression has type "list[dict[str, object]]", target has type "dict[str, str] | dict[str, object] | str | None")  [assignment]
scripts\tests\test_mvp_trace_v2.py:386: error: Unsupported target for indexed assignment ("Collection[str]")  [index]
Found 19 errors in 1 file (checked 7 source files)
