FF.                                                                      [100%]
================================== FAILURES ===================================
_ test_actual_full_protection_is_consumed_by_original_goals_and_unknown_sources_stay_readonly _

goal_client = (<starlette.testclient.TestClient object at 0x000001E418A4E5D0>, Engine(postgresql+psycopg://bounded:***@127.0.0.1:54329/bf_test_cbab5844cb574d838d19c0ee492f3ebd))

    def test_actual_full_protection_is_consumed_by_original_goals_and_unknown_sources_stay_readonly(
        goal_client: tuple[TestClient, Engine],
    ) -> None:
        client, engine = goal_client
        goal_id, command = confirmed_existing_goal(client, engine)
        configuration: dict[str, Any] = command["configuration"]
        configuration["monthly_contribution"] = {
            "min_cents": 0,
            "target_cents": 20000,
            "max_cents": 20000,
        }
        configuration["minimum_guarantee_cents"] = 0
        model = f"/api/v1/goals/{goal_id}/full-model"
        review_response = client.post(
            model + "/preview",
            json={key: command[key] for key in ("expected_version_id", "configuration")},
        )
        assert review_response.status_code == 200, review_response.text
        review = review_response.json()
        accepted = client.post(
            model + "/confirm",
            json=command
            | {
                "accepted": True,
                "reviewed_full_hash": review["full_configuration_hash"],
                "reviewed_base_hash": review["base_configuration_hash"],
            },
        )
        assert accepted.status_code == 200, accepted.text
        with Session(engine) as session:
            cash = session.scalar(
                select(Account)
                .where(Account.user_id == DEMO_USER_ID, Account.account_type == "CASH")
                .order_by(Account.id)
            )
            assert cash is not None
            cash_id = cash.id
        deposited = ingest_external_fact(
            engine,
            DEMO_USER_ID,
            ExternalFactRequest(
                user_id=DEMO_USER_ID,
                account_id=cash_id,
                kind="INCOME",
                amount_cents=600000,
                external_ref="full-protection-joint-actual-payroll",
                idempotency_key="full-protection-joint-actual-payroll",
                counterparty_ref="payroll",
                occurred_at=NOW,
            ),
            NOW,
        )
        assert deposited.bank_status == "SETTLED" and deposited.projection_status == "PROJECTED"
        assert deposited.transaction_id is not None and len(deposited.economic_posting_ids) == 2
        initial_rows = physical_snapshot(engine)
        original_response = client.get(OLD)
        initial_response = client.get(URL)
        assert original_response.status_code == initial_response.status_code == 200
        original, initial = original_response.json(), initial_response.json()
        assert initial["state"] == "COMPUTED" and initial["binding"]["status"] == "VERIFIED"
        assert initial["binding"]["bound_point_count"] == 1098
        assert initial["original_joint"] == original
        assert initial["allocation"]["budget_cents"] == original["allocation"]["budget_cents"]
        assert initial["allocation"]["goals"][0]["amount_cents"] > 10000
        assert client.get(OLD).json() == original
        assert physical_snapshot(engine) == initial_rows
        # Register an explicit planning-only obligation large enough to constrain the
        # existing goal fixture. This is a functional input, not a product metric or
        # a retroactively selected experimental case/oracle.
        margin = initial["full_protection"]["projection"]["original_annual_projection"][
            "minimum_margin_cents"
        ]
        assert isinstance(margin, int) and margin > 10000
        amount = margin - 10000
        first = (NOW + timedelta(days=10)).date().isoformat()
        last = (NOW + timedelta(days=12)).date().isoformat()
        declared = confirm(
            client,
            "DatedExpensePolicy",
            {
                "type": "dated_expense",
                "name": "明确确认的联合规划保守支出",
                "window": {"start": first, "end": last},
                "amount": {"min_cents": amount, "target_cents": amount, "max_cents": amount},
            },
            "full-joint-dated-binding",
        )
        assert declared["bank_authority"] is False
        before = physical_snapshot(engine)
        response = client.get(URL)
        assert response.status_code == 200, response.text
        value = response.json()
        assert value["state"] == "COMPUTED" and value["binding"]["status"] == "VERIFIED"
        assert value["original_joint"] == original and client.get(OLD).json() == original
        assert value["binding"]["original_input_hash"] == original["allocation"]["input_hash"]
        assert (
            value["binding"]["bound_point_count"]
            == value["binding"]["original_point_count"]
            == value["binding"]["full_point_count"]
            == 1098
        )
        assert value["allocation"]["status"] == "OPTIMAL"
        assert value["allocation"]["budget_cents"] == 10000
        assert value["allocation"]["goals"][0]["amount_cents"] == 10000
        assert value["allocation"]["goals"][0]["goal_id"] == goal_id
        assert len(value["allocation"]["objective_vector"]) == 8
        assert value["grants_authority"] is False and value["execution_support"] == "NOT_IMPLEMENTED"
        uses = value["allocation"]["income_uses"]
        assert uses and all(
            row["origin_transaction_id"] == str(deposited.transaction_id) for row in uses
        )
        assert sum(row["amount_cents"] for row in uses) == 10000
        original_points = initial["binding"]["candidate"]["hard_protection_points"]
        full_points = value["binding"]["candidate"]["hard_protection_points"]
        for old, new in zip(original_points, full_points, strict=True):
            assert new["date"] == old["date"] and new["cash_cents"] <= old["cash_cents"]
            for key in (
                "obligation_floor_cents",
                "living_floor_cents",
                "emergency_floor_cents",
                "owned_goal_cash_cents",
            ):
                assert new[key] == old[key]
            assert new["other_protection_floor_cents"] >= old["other_protection_floor_cents"]
        assert client.get(URL).json() == value
        for key in (
            "user_id",
            "cash_cents",
            "future_income_cents",
            "source_refs",
            "as_of",
            "authority",
            "release_goal_minimum",
        ):
            assert client.get(URL, params={key: "fake"}).status_code == 422
        assert physical_snapshot(engine) == before
>       confirm(
            client,
            "PeriodicTransferPolicy",
            {
                "type": "periodic_transfer",
                "source_account_id": str(cash_id),
                "payee_id": "synthetic-confirmed-joint-payee",
                "amount_rule": {"kind": "exact", "amount_cents": 1},
                "due_day": 15,
                "single_action_cap_cents": 1,
            },
            "full-joint-unproven-future-source-account",
        )

apps\api\app\tests\test_full_joint_goal_planning_integration.py:162: 
_ _ _ _ _ _ _ _ _ _ _ _ _ _ _ _ _ _ _ _ _ _ _ _ _ _ _ _ _ _ _ _ _ _ _ _ _ _ _ _

client = <starlette.testclient.TestClient object at 0x000001E418A4E5D0>
template = 'PeriodicTransferPolicy'
config = {'type': 'periodic_transfer', 'source_account_id': '61d172d3-9b8a-5f75-b00e-5d99b5e08dd1', 'payee_id': 'synthetic-confirmed-joint-payee', 'amount_rule': {'kind': 'exact', 'amount_cents': 1}, ...}
key = 'full-joint-unproven-future-source-account'

    def confirm(
        client: TestClient, template: ProtectionTemplate, config: dict[str, Any], key: str
    ) -> dict[str, Any]:
        result = client.post(
            "/api/v1/full-policies/confirm",
            json={
                "template_name": template,
                "configuration": config,
                "reviewed_hash": configuration_hash(canonical_candidate(template, config)),
                "accepted": True,
                "reason": "隔离真实模拟用户确认的年度规划风险用例",
                "idempotency_key": key,
            },
        )
>       assert result.status_code == 200, result.text
E       AssertionError: {"error":{"code":"INVALID_EXECUTION_SOURCE","message":"收款对象没有已知银行身份，不能自动创建新收款人","request_id":"97314cf2-8710-4fc8-9af3-0708b7aee6a1"}}
E       assert 409 == 200
E        +  where 409 = <Response [409 Conflict]>.status_code

apps\api\app\tests\test_full_protection_projection_api.py:38: AssertionError
---------------------------- Captured stderr call -----------------------------
{"event": "http_request", "request_id": "6399485a-70e1-4745-88ba-3d93a374b001", "method": "POST", "status": 200, "duration_ms": 62.0}
{"event": "http_request", "request_id": "2f3ab91f-e484-4c2a-a7bc-53177a76c0bc", "method": "POST", "status": 200, "duration_ms": 188.0}
{"event": "http_request", "request_id": "40bb014c-37fb-4ea1-9179-0e20690bfc3f", "method": "POST", "status": 200, "duration_ms": 313.0}
{"event": "http_request", "request_id": "76a38dc7-ead6-4511-bfad-055eb90005c2", "method": "POST", "status": 200, "duration_ms": 829.0}
{"event": "http_request", "request_id": "3ff56e82-0379-4daf-a694-6ccc85c5eb85", "method": "POST", "status": 200, "duration_ms": 234.0}
{"event": "http_request", "request_id": "29b4280b-3c9c-420f-9664-b3f70fc7f24e", "method": "GET", "status": 200, "duration_ms": 2047.0}
{"event": "http_request", "request_id": "fbf85eb8-a4ad-4deb-bb04-448fcf6a3cac", "method": "GET", "status": 200, "duration_ms": 5344.0}
{"event": "http_request", "request_id": "95b745d1-f221-4c39-af21-47b2fab80fc7", "method": "GET", "status": 200, "duration_ms": 1969.0}
{"event": "http_request", "request_id": "3882b2a7-65e2-44db-85ed-96e801061d97", "method": "POST", "status": 200, "duration_ms": 16.0}
{"event": "http_request", "request_id": "8e10dd86-4720-4854-88e9-d1aa5fa8f97d", "method": "GET", "status": 200, "duration_ms": 6063.0}
{"event": "http_request", "request_id": "f664ed18-4be8-4cab-aaa7-551dd3fb06ba", "method": "GET", "status": 200, "duration_ms": 1359.0}
{"event": "http_request", "request_id": "0decde65-2feb-4b22-ab76-7d4d9c6fde33", "method": "GET", "status": 200, "duration_ms": 5219.0}
{"event": "http_request", "request_id": "a7d1aa3c-8cef-4529-9ed6-ceb5166d594d", "method": "GET", "status": 422, "duration_ms": 16.0}
{"event": "http_request", "request_id": "bd97b9de-5c37-4156-a209-2e9c8f2c46f6", "method": "GET", "status": 422, "duration_ms": 0.0}
{"event": "http_request", "request_id": "40bda18c-c468-400c-bc60-79e158076660", "method": "GET", "status": 422, "duration_ms": 16.0}
{"event": "http_request", "request_id": "4b549574-45a3-410f-85b0-210f0ec61a71", "method": "GET", "status": 422, "duration_ms": 0.0}
{"event": "http_request", "request_id": "65e639db-1ca8-4b00-9e53-125dfd1ddf3e", "method": "GET", "status": 422, "duration_ms": 15.0}
{"event": "http_request", "request_id": "afd55d8e-6820-4b53-8cb9-88f170b36442", "method": "GET", "status": 422, "duration_ms": 0.0}
{"event": "http_request", "request_id": "c1ce1e8a-10bc-44a5-ae14-0a1699d30487", "method": "GET", "status": 422, "duration_ms": 16.0}
{"event": "http_request", "request_id": "97314cf2-8710-4fc8-9af3-0708b7aee6a1", "method": "POST", "status": 409, "duration_ms": 16.0}
------------------------------ Captured log call ------------------------------
INFO     bounded_funds.http:main.py:86 {"event": "http_request", "request_id": "6399485a-70e1-4745-88ba-3d93a374b001", "method": "POST", "status": 200, "duration_ms": 62.0}
INFO     bounded_funds.http:main.py:86 {"event": "http_request", "request_id": "2f3ab91f-e484-4c2a-a7bc-53177a76c0bc", "method": "POST", "status": 200, "duration_ms": 188.0}
INFO     bounded_funds.http:main.py:86 {"event": "http_request", "request_id": "40bb014c-37fb-4ea1-9179-0e20690bfc3f", "method": "POST", "status": 200, "duration_ms": 313.0}
INFO     bounded_funds.http:main.py:86 {"event": "http_request", "request_id": "76a38dc7-ead6-4511-bfad-055eb90005c2", "method": "POST", "status": 200, "duration_ms": 829.0}
INFO     bounded_funds.http:main.py:86 {"event": "http_request", "request_id": "3ff56e82-0379-4daf-a694-6ccc85c5eb85", "method": "POST", "status": 200, "duration_ms": 234.0}
INFO     bounded_funds.http:main.py:86 {"event": "http_request", "request_id": "29b4280b-3c9c-420f-9664-b3f70fc7f24e", "method": "GET", "status": 200, "duration_ms": 2047.0}
INFO     bounded_funds.http:main.py:86 {"event": "http_request", "request_id": "fbf85eb8-a4ad-4deb-bb04-448fcf6a3cac", "method": "GET", "status": 200, "duration_ms": 5344.0}
INFO     bounded_funds.http:main.py:86 {"event": "http_request", "request_id": "95b745d1-f221-4c39-af21-47b2fab80fc7", "method": "GET", "status": 200, "duration_ms": 1969.0}
INFO     bounded_funds.http:main.py:86 {"event": "http_request", "request_id": "3882b2a7-65e2-44db-85ed-96e801061d97", "method": "POST", "status": 200, "duration_ms": 16.0}
INFO     bounded_funds.http:main.py:86 {"event": "http_request", "request_id": "8e10dd86-4720-4854-88e9-d1aa5fa8f97d", "method": "GET", "status": 200, "duration_ms": 6063.0}
INFO     bounded_funds.http:main.py:86 {"event": "http_request", "request_id": "f664ed18-4be8-4cab-aaa7-551dd3fb06ba", "method": "GET", "status": 200, "duration_ms": 1359.0}
INFO     bounded_funds.http:main.py:86 {"event": "http_request", "request_id": "0decde65-2feb-4b22-ab76-7d4d9c6fde33", "method": "GET", "status": 200, "duration_ms": 5219.0}
INFO     bounded_funds.http:main.py:86 {"event": "http_request", "request_id": "a7d1aa3c-8cef-4529-9ed6-ceb5166d594d", "method": "GET", "status": 422, "duration_ms": 16.0}
INFO     bounded_funds.http:main.py:86 {"event": "http_request", "request_id": "bd97b9de-5c37-4156-a209-2e9c8f2c46f6", "method": "GET", "status": 422, "duration_ms": 0.0}
INFO     bounded_funds.http:main.py:86 {"event": "http_request", "request_id": "40bda18c-c468-400c-bc60-79e158076660", "method": "GET", "status": 422, "duration_ms": 16.0}
INFO     bounded_funds.http:main.py:86 {"event": "http_request", "request_id": "4b549574-45a3-410f-85b0-210f0ec61a71", "method": "GET", "status": 422, "duration_ms": 0.0}
INFO     bounded_funds.http:main.py:86 {"event": "http_request", "request_id": "65e639db-1ca8-4b00-9e53-125dfd1ddf3e", "method": "GET", "status": 422, "duration_ms": 15.0}
INFO     bounded_funds.http:main.py:86 {"event": "http_request", "request_id": "afd55d8e-6820-4b53-8cb9-88f170b36442", "method": "GET", "status": 422, "duration_ms": 0.0}
INFO     bounded_funds.http:main.py:86 {"event": "http_request", "request_id": "c1ce1e8a-10bc-44a5-ae14-0a1699d30487", "method": "GET", "status": 422, "duration_ms": 16.0}
INFO     bounded_funds.http:main.py:86 {"event": "http_request", "request_id": "97314cf2-8710-4fc8-9af3-0708b7aee6a1", "method": "POST", "status": 409, "duration_ms": 16.0}
_ test_actual_explicit_categories_restore_patterns_without_changing_bank_facts _

boundary_engine = Engine(postgresql+psycopg://bounded:***@127.0.0.1:54329/bf_test_80d2c2a27e0144f7beb38d0617542cc4)

    def test_actual_explicit_categories_restore_patterns_without_changing_bank_facts(
        boundary_engine: Engine,
    ) -> None:
        app = create_app()
        app.dependency_overrides[get_engine] = lambda: boundary_engine
        app.dependency_overrides[get_now] = lambda: SEED_AS_OF
        with Session(boundary_engine) as session:
            identities = list(
                session.scalars(
                    select(Transaction.id)
                    .where(Transaction.user_id == DEMO_USER_ID, Transaction.category == "rent")
                    .order_by(Transaction.id)
                )
            )
        assert len(identities) == 2
        before = json.loads(physical_snapshot(boundary_engine))
        with TestClient(app) as client:
            initial = client.get("/api/v1/policy-suggestions/periodic")
            assert initial.status_code == 200
            assert not initial.json()["history_proof"]["verified"]
            assert "INVALID_CATEGORY_CONFIRMATION" in initial.json()["history_proof"]["reason_codes"]
            for identity in identities:
                path = f"/api/v1/transactions/{identity}"
                state = physical_snapshot(boundary_engine)
                reviewed = client.get(path + "/category-review")
                assert reviewed.status_code == 200, reviewed.text
                review = reviewed.json()
                assert review["first_confirmation_supported"] is True
                assert physical_snapshot(boundary_engine) == state
                body = {
                    "category": "rent",
                    "accepted": True,
                    "reviewed_transaction_hash": review["reviewed_transaction_hash"],
                    "reason": "隔离模拟测试明确确认此原租金分类，不是真人研究",
                    "idempotency_key": f"category:{identity}",
                    "expected_epoch_id": review["epoch_id"],
                }
                assert (
                    client.post(
                        path + "/category-confirmation", json=body | {"accepted": 1}
                    ).status_code
                    == 422
                )
                assert (
                    client.post(
                        path + "/category-confirmation",
                        json=body | {"reviewed_transaction_hash": "f" * 64},
                    ).status_code
                    == 409
                )
                assert physical_snapshot(boundary_engine) == state
                confirmed = client.post(path + "/category-confirmation", json=body)
>               assert confirmed.status_code == 200, confirmed.text
E               AssertionError: {"error":{"code":"INTERNAL_ERROR","message":"服务暂时不可用","request_id":"af926348-2309-4717-88a2-2c6ceb859ef7"}}
E               assert 500 == 200
E                +  where 500 = <Response [500 Internal Server Error]>.status_code

apps\api\app\tests\test_transaction_category_integration.py:73: AssertionError
---------------------------- Captured stderr call -----------------------------
{"event": "http_request", "request_id": "a55eb324-d420-42a8-b6e3-3fab9a629266", "method": "GET", "status": 200, "duration_ms": 343.0}
{"event": "http_request", "request_id": "b3d7016d-2042-40dc-8502-89cb69556e22", "method": "GET", "status": 200, "duration_ms": 31.0}
{"event": "http_request", "request_id": "f1ac88ed-28c6-45aa-abff-57745134864e", "method": "POST", "status": 422, "duration_ms": 15.0}
{"event": "http_request", "request_id": "fa7fc780-fde9-4190-b17e-b7a0d601a5cd", "method": "POST", "status": 409, "duration_ms": 188.0}
{"event": "http_request", "request_id": "af926348-2309-4717-88a2-2c6ceb859ef7", "method": "POST", "status": 500, "duration_ms": 109.0}
------------------------------ Captured log call ------------------------------
INFO     bounded_funds.http:main.py:86 {"event": "http_request", "request_id": "a55eb324-d420-42a8-b6e3-3fab9a629266", "method": "GET", "status": 200, "duration_ms": 343.0}
INFO     bounded_funds.http:main.py:86 {"event": "http_request", "request_id": "b3d7016d-2042-40dc-8502-89cb69556e22", "method": "GET", "status": 200, "duration_ms": 31.0}
INFO     bounded_funds.http:main.py:86 {"event": "http_request", "request_id": "f1ac88ed-28c6-45aa-abff-57745134864e", "method": "POST", "status": 422, "duration_ms": 15.0}
INFO     bounded_funds.http:main.py:86 {"event": "http_request", "request_id": "fa7fc780-fde9-4190-b17e-b7a0d601a5cd", "method": "POST", "status": 409, "duration_ms": 188.0}
INFO     bounded_funds.http:main.py:86 {"event": "http_request", "request_id": "af926348-2309-4717-88a2-2c6ceb859ef7", "method": "POST", "status": 500, "duration_ms": 109.0}
============================== warnings summary ===============================
.venv\Lib\site-packages\fastapi\testclient.py:1
  F:\学校活动\工行杯\钱途有界\bounded-funds\.venv\Lib\site-packages\fastapi\testclient.py:1: StarletteDeprecationWarning: Using `httpx` with `starlette.testclient` is deprecated; install `httpx2` instead.
    from starlette.testclient import TestClient as TestClient  # noqa

-- Docs: https://docs.pytest.org/en/stable/how-to/capture-warnings.html
=========================== short test summary info ===========================
FAILED apps/api/app/tests/test_full_joint_goal_planning_integration.py::test_actual_full_protection_is_consumed_by_original_goals_and_unknown_sources_stay_readonly
FAILED apps/api/app/tests/test_transaction_category_integration.py::test_actual_explicit_categories_restore_patterns_without_changing_bank_facts
2 failed, 1 passed, 1 warning in 43.82s
