[
    {
        "Id": "55535b96148995fc01f0c6fd386c3a0810d3a2e0419dbdc7caa3919e339033b0",
        "Created": "2026-10-05T04:24:07.03884882Z",
        "Path": "/docker-entrypoint.sh",
        "Args": [
            "nginx",
            "-g",
            "daemon off;"
        ],
        "State": {
            "Status": "running",
            "Running": true,
            "Paused": false,
            "Restarting": false,
            "OOMKilled": false,
            "Dead": false,
            "Pid": 46225,
            "ExitCode": 0,
            "Error": "",
            "StartedAt": "2026-10-05T04:24:26.686577759Z",
            "FinishedAt": "0001-01-01T00:00:00Z",
            "Health": {
                "Status": "healthy",
                "FailingStreak": 0,
                "Log": [
                    {
                        "Start": "2026-10-05T04:24:31.834608957Z",
                        "End": "2026-10-05T04:24:31.885910405Z",
                        "ExitCode": 0,
                        "Output": ""
                    }
                ]
            }
        },
        "Image": "sha256:397a614b499f4130b2fc95ddc1a1ac949b019f28bf6b3524e7608c63893374d2",
        "ResolvConfPath": "/var/lib/docker/containers/55535b96148995fc01f0c6fd386c3a0810d3a2e0419dbdc7caa3919e339033b0/resolv.conf",
        "HostnamePath": "/var/lib/docker/containers/55535b96148995fc01f0c6fd386c3a0810d3a2e0419dbdc7caa3919e339033b0/hostname",
        "HostsPath": "/var/lib/docker/containers/55535b96148995fc01f0c6fd386c3a0810d3a2e0419dbdc7caa3919e339033b0/hosts",
        "LogPath": "/var/lib/docker/containers/55535b96148995fc01f0c6fd386c3a0810d3a2e0419dbdc7caa3919e339033b0/55535b96148995fc01f0c6fd386c3a0810d3a2e0419dbdc7caa3919e339033b0-json.log",
        "Name": "/bf-demo-7970d1487f8f4fa29ad09e0ad4a37149-web-1",
        "RestartCount": 0,
        "Driver": "overlayfs",
        "Platform": "linux",
        "MountLabel": "",
        "ProcessLabel": "",
        "AppArmorProfile": "",
        "ExecIDs": null,
        "HostConfig": {
            "Binds": null,
            "ContainerIDFile": "",
            "LogConfig": {
                "Type": "json-file",
                "Config": {}
            },
            "NetworkMode": "bf-demo-7970d1487f8f4fa29ad09e0ad4a37149_demo_frontend",
            "PortBindings": {
                "80/tcp": [
                    {
                        "HostIp": "127.0.0.1",
                        "HostPort": "15181"
                    }
                ]
            },
            "RestartPolicy": {
                "Name": "unless-stopped",
                "MaximumRetryCount": 0
            },
            "AutoRemove": false,
            "VolumeDriver": "",
            "VolumesFrom": null,
            "ConsoleSize": [
                0,
                0
            ],
            "CapAdd": null,
            "CapDrop": null,
            "CgroupnsMode": "private",
            "Dns": null,
            "DnsOptions": null,
            "DnsSearch": null,
            "ExtraHosts": [],
            "GroupAdd": null,
            "IpcMode": "private",
            "Cgroup": "",
            "Links": null,
            "OomScoreAdj": 0,
            "PidMode": "",
            "Privileged": false,
            "PublishAllPorts": false,
            "ReadonlyRootfs": false,
            "SecurityOpt": null,
            "UTSMode": "",
            "UsernsMode": "",
            "ShmSize": 67108864,
            "Runtime": "runc",
            "Isolation": "",
            "CpuShares": 0,
            "Memory": 0,
            "NanoCpus": 0,
            "CgroupParent": "",
            "BlkioWeight": 0,
            "BlkioWeightDevice": null,
            "BlkioDeviceReadBps": null,
            "BlkioDeviceWriteBps": null,
            "BlkioDeviceReadIOps": null,
            "BlkioDeviceWriteIOps": null,
            "CpuPeriod": 0,
            "CpuQuota": 0,
            "CpuRealtimePeriod": 0,
            "CpuRealtimeRuntime": 0,
            "CpusetCpus": "",
            "CpusetMems": "",
            "Devices": null,
            "DeviceCgroupRules": null,
            "DeviceRequests": null,
            "MemoryReservation": 0,
            "MemorySwap": 0,
            "MemorySwappiness": null,
            "OomKillDisable": null,
            "PidsLimit": null,
            "Ulimits": null,
            "CpuCount": 0,
            "CpuPercent": 0,
            "IOMaximumIOps": 0,
            "IOMaximumBandwidth": 0,
            "MaskedPaths": [
                "/proc/acpi",
                "/proc/asound",
                "/proc/interrupts",
                "/proc/kcore",
                "/proc/keys",
                "/proc/latency_stats",
                "/proc/sched_debug",
                "/proc/scsi",
                "/proc/timer_list",
                "/proc/timer_stats",
                "/sys/devices/virtual/powercap",
                "/sys/firmware"
            ],
            "ReadonlyPaths": [
                "/proc/bus",
                "/proc/fs",
                "/proc/irq",
                "/proc/sys",
                "/proc/sysrq-trigger"
            ]
        },
        "Storage": {
            "RootFS": {
                "Snapshot": {
                    "Name": "overlayfs"
                }
            }
        },
        "Mounts": [],
        "Config": {
            "Hostname": "55535b961489",
            "Domainname": "",
            "User": "",
            "AttachStdin": false,
            "AttachStdout": true,
            "AttachStderr": true,
            "ExposedPorts": {
                "80/tcp": {}
            },
            "Tty": false,
            "OpenStdin": false,
            "StdinOnce": false,
            "Env": [
                "PATH=/usr/local/sbin:/usr/local/bin:/usr/sbin:/usr/bin:/sbin:/bin",
                "NGINX_VERSION=1.31.6",
                "PKG_RELEASE=1",
                "DYNPKG_RELEASE=1",
                "NJS_VERSION=1.0.1",
                "NJS_RELEASE=1",
                "ACME_VERSION=0.4.1"
            ],
            "Cmd": [
                "nginx",
                "-g",
                "daemon off;"
            ],
            "Healthcheck": {
                "Test": [
                    "CMD",
                    "wget",
                    "-q",
                    "-O",
                    "/dev/null",
                    "http://127.0.0.1/api/v1/health"
                ],
                "Interval": 5000000000,
                "Timeout": 3000000000,
                "Retries": 40
            },
            "Image": "bounded-funds-web:demo-7970d1487f8f4fa29ad09e0ad4a37149",
            "Volumes": null,
            "WorkingDir": "/",
            "Entrypoint": [
                "/docker-entrypoint.sh"
            ],
            "Labels": {
                "com.docker.compose.config-hash": "f4ae799bf3ab83adc3e19e5109ca6a776b06ad3f8991701859eece58587828f4",
                "com.docker.compose.container-number": "1",
                "com.docker.compose.depends_on": "api:service_healthy:false",
                "com.docker.compose.image": "sha256:397a614b499f4130b2fc95ddc1a1ac949b019f28bf6b3524e7608c63893374d2",
                "com.docker.compose.oneoff": "False",
                "com.docker.compose.project": "bf-demo-7970d1487f8f4fa29ad09e0ad4a37149",
                "com.docker.compose.project.config_files": "F:\\学校活动\\工行杯\\钱途有界\\bounded-funds\\deploy\\compose.demo.yaml",
                "com.docker.compose.project.environment_file": "F:\\学校活动\\工行杯\\钱途有界\\bounded-funds\\.runtime\\w1-deployment\\deploy-20261005T041933Z-7970d148\\demo.env",
                "com.docker.compose.project.working_dir": "F:\\学校活动\\工行杯\\钱途有界\\bounded-funds\\deploy",
                "com.docker.compose.service": "web",
                "com.docker.compose.version": "5.3.0",
                "io.bounded-funds.owner-uuid": "7970d1487f8f4fa29ad09e0ad4a37149",
                "io.bounded-funds.pnpm-lock-sha256": "abca500080e1846e41d159c176d8a95902bcce239e3dca94651b40e68a8efc83",
                "io.bounded-funds.purpose": "ISOLATED_SIMULATED_DEMO",
                "io.bounded-funds.run-id": "deploy-20261005T041933Z-7970d148",
                "io.bounded-funds.source-digest": "409984d976ec0a1bf0e8698a72dd3337775f40d3d88173cb44eea75f705bb0f5",
                "maintainer": "NGINX Docker Maintainers \u003cdocker-maint@nginx.com\u003e",
                "org.opencontainers.image.revision": "4ccf84e973978482a1098d18c69fbfc9f011fac6"
            },
            "StopSignal": "SIGQUIT"
        },
        "NetworkSettings": {
            "SandboxID": "47919a8f19cce89b639a63019e30a5681a6e6aeab3fd06f7f360a0dc98bedca4",
            "SandboxKey": "/var/run/docker/netns/47919a8f19cc",
            "Ports": {
                "80/tcp": [
                    {
                        "HostIp": "127.0.0.1",
                        "HostPort": "15181"
                    }
                ]
            },
            "Networks": {
                "bf-demo-7970d1487f8f4fa29ad09e0ad4a37149_demo_frontend": {
                    "IPAMConfig": null,
                    "Links": null,
                    "Aliases": [
                        "bf-demo-7970d1487f8f4fa29ad09e0ad4a37149-web-1",
                        "web"
                    ],
                    "DriverOpts": null,
                    "GwPriority": 0,
                    "NetworkID": "a0476f8d4f838f0067516c8ec2086fe954a0cfc56daf1cbf9b76de69701ce8f7",
                    "EndpointID": "f4579bd5834d10c2e65a0144d5be588ec00368fa0d8bdd015176eda91de421ab",
                    "Gateway": "172.20.0.1",
                    "IPAddress": "172.20.0.2",
                    "MacAddress": "56:c6:0f:d3:4d:db",
                    "IPPrefixLen": 16,
                    "IPv6Gateway": "",
                    "GlobalIPv6Address": "",
                    "GlobalIPv6PrefixLen": 0,
                    "DNSNames": [
                        "bf-demo-7970d1487f8f4fa29ad09e0ad4a37149-web-1",
                        "web",
                        "55535b961489"
                    ]
                },
                "bf-demo-7970d1487f8f4fa29ad09e0ad4a37149_demo_internal": {
                    "IPAMConfig": null,
                    "Links": null,
                    "Aliases": [
                        "bf-demo-7970d1487f8f4fa29ad09e0ad4a37149-web-1",
                        "web"
                    ],
                    "DriverOpts": null,
                    "GwPriority": 0,
                    "NetworkID": "afe3e0eb66a584a4bc052179bedca98b171eab2318f9cc3cdcee4a9d802c0406",
                    "EndpointID": "efe9961f6be85f40e19541586307b373107e1f753f3a236a5591fe5110ebdb63",
                    "Gateway": "",
                    "IPAddress": "172.19.0.3",
                    "MacAddress": "a2:7c:b0:92:28:55",
                    "IPPrefixLen": 16,
                    "IPv6Gateway": "",
                    "GlobalIPv6Address": "",
                    "GlobalIPv6PrefixLen": 0,
                    "DNSNames": [
                        "bf-demo-7970d1487f8f4fa29ad09e0ad4a37149-web-1",
                        "web",
                        "55535b961489"
                    ]
                }
            }
        },
        "ImageManifestDescriptor": {
            "mediaType": "application/vnd.oci.image.manifest.v1+json",
            "digest": "sha256:3c5927b5a79932ebb6a397927ffbb9725304b78804d0787f2012ef291e9e1707",
            "size": 2188,
            "platform": {
                "architecture": "amd64",
                "os": "linux"
            }
        }
    },
    {
        "Id": "d1ad29d9a9f3c639b8ccbc850b1b1ce3a04bec9994df4810eadc7958aab5b387",
        "Created": "2026-10-05T04:24:06.995301097Z",
        "Path": "python",
        "Args": [
            "-m",
            "uvicorn",
            "app.main:app",
            "--host",
            "0.0.0.0",
            "--port",
            "8000"
        ],
        "State": {
            "Status": "running",
            "Running": true,
            "Paused": false,
            "Restarting": false,
            "OOMKilled": false,
            "Dead": false,
            "Pid": 46085,
            "ExitCode": 0,
            "Error": "",
            "StartedAt": "2026-10-05T04:24:20.987052736Z",
            "FinishedAt": "0001-01-01T00:00:00Z",
            "Health": {
                "Status": "healthy",
                "FailingStreak": 0,
                "Log": [
                    {
                        "Start": "2026-10-05T04:24:26.08624608Z",
                        "End": "2026-10-05T04:24:26.526485833Z",
                        "ExitCode": 0,
                        "Output": ""
                    },
                    {
                        "Start": "2026-10-05T04:24:31.527664338Z",
                        "End": "2026-10-05T04:24:31.844740103Z",
                        "ExitCode": 0,
                        "Output": ""
                    }
                ]
            }
        },
        "Image": "sha256:8e39d848cacf1e1e2b22798a25044a6508e4da0f96127fdaab1a6e640c8320bb",
        "ResolvConfPath": "/var/lib/docker/containers/cdbb20254e3617970988b4d99fef060d91f54261d47053c8ce9c5e26bfc6725e/resolv.conf",
        "HostnamePath": "/var/lib/docker/containers/cdbb20254e3617970988b4d99fef060d91f54261d47053c8ce9c5e26bfc6725e/hostname",
        "HostsPath": "/var/lib/docker/containers/cdbb20254e3617970988b4d99fef060d91f54261d47053c8ce9c5e26bfc6725e/hosts",
        "LogPath": "/var/lib/docker/containers/d1ad29d9a9f3c639b8ccbc850b1b1ce3a04bec9994df4810eadc7958aab5b387/d1ad29d9a9f3c639b8ccbc850b1b1ce3a04bec9994df4810eadc7958aab5b387-json.log",
        "Name": "/bf-demo-7970d1487f8f4fa29ad09e0ad4a37149-api-1",
        "RestartCount": 0,
        "Driver": "overlayfs",
        "Platform": "linux",
        "MountLabel": "",
        "ProcessLabel": "",
        "AppArmorProfile": "",
        "ExecIDs": null,
        "HostConfig": {
            "Binds": null,
            "ContainerIDFile": "",
            "LogConfig": {
                "Type": "json-file",
                "Config": {}
            },
            "NetworkMode": "container:cdbb20254e3617970988b4d99fef060d91f54261d47053c8ce9c5e26bfc6725e",
            "PortBindings": {},
            "RestartPolicy": {
                "Name": "unless-stopped",
                "MaximumRetryCount": 0
            },
            "AutoRemove": false,
            "VolumeDriver": "",
            "VolumesFrom": null,
            "ConsoleSize": [
                0,
                0
            ],
            "CapAdd": null,
            "CapDrop": null,
            "CgroupnsMode": "private",
            "Dns": null,
            "DnsOptions": null,
            "DnsSearch": null,
            "ExtraHosts": [],
            "GroupAdd": null,
            "IpcMode": "private",
            "Cgroup": "",
            "Links": null,
            "OomScoreAdj": 0,
            "PidMode": "",
            "Privileged": false,
            "PublishAllPorts": false,
            "ReadonlyRootfs": true,
            "SecurityOpt": null,
            "Tmpfs": {
                "/tmp": ""
            },
            "UTSMode": "",
            "UsernsMode": "",
            "ShmSize": 67108864,
            "Runtime": "runc",
            "Isolation": "",
            "CpuShares": 0,
            "Memory": 0,
            "NanoCpus": 0,
            "CgroupParent": "",
            "BlkioWeight": 0,
            "BlkioWeightDevice": null,
            "BlkioDeviceReadBps": null,
            "BlkioDeviceWriteBps": null,
            "BlkioDeviceReadIOps": null,
            "BlkioDeviceWriteIOps": null,
            "CpuPeriod": 0,
            "CpuQuota": 0,
            "CpuRealtimePeriod": 0,
            "CpuRealtimeRuntime": 0,
            "CpusetCpus": "",
            "CpusetMems": "",
            "Devices": null,
            "DeviceCgroupRules": null,
            "DeviceRequests": null,
            "MemoryReservation": 0,
            "MemorySwap": 0,
            "MemorySwappiness": null,
            "OomKillDisable": null,
            "PidsLimit": null,
            "Ulimits": null,
            "CpuCount": 0,
            "CpuPercent": 0,
            "IOMaximumIOps": 0,
            "IOMaximumBandwidth": 0,
            "MaskedPaths": [
                "/proc/acpi",
                "/proc/asound",
                "/proc/interrupts",
                "/proc/kcore",
                "/proc/keys",
                "/proc/latency_stats",
                "/proc/sched_debug",
                "/proc/scsi",
                "/proc/timer_list",
                "/proc/timer_stats",
                "/sys/devices/virtual/powercap",
                "/sys/firmware"
            ],
            "ReadonlyPaths": [
                "/proc/bus",
                "/proc/fs",
                "/proc/irq",
                "/proc/sys",
                "/proc/sysrq-trigger"
            ]
        },
        "Storage": {
            "RootFS": {
                "Snapshot": {
                    "Name": "overlayfs"
                }
            }
        },
        "Mounts": [],
        "Config": {
            "Hostname": "cdbb20254e36",
            "Domainname": "",
            "User": "10001:10001",
            "AttachStdin": false,
            "AttachStdout": true,
            "AttachStderr": true,
            "ExposedPorts": {
                "8000/tcp": {}
            },
            "Tty": false,
            "OpenStdin": false,
            "StdinOnce": false,
            "Env": [
                "PYTHONDONTWRITEBYTECODE=1",
                "TZ=UTC",
                "DATABASE_URL=postgresql+psycopg://bf_demo:[REDACTED]@127.0.0.1:54329/bf_test_7970d1487f8f4fa29ad09e0ad4a37149",
                "SIMULATION_MODE=true",
                "LLM_ENABLED=false",
                "PYTHONUTF8=1",
                "PYTHONUNBUFFERED=1",
                "PATH=/opt/bf-venv/bin:/usr/local/bin:/usr/local/sbin:/usr/local/bin:/usr/sbin:/usr/bin:/sbin:/bin",
                "LANG=C.UTF-8",
                "GPG_KEY=7169605F62C751356D054A26A821E680E5FA6305",
                "PYTHON_VERSION=3.12.15",
                "PYTHON_SHA256=c2c4321961fab0fb999d66e0cecf521c2ab3994c7992873ea99e306c1094fd5a",
                "PYTHONPATH=/workspace/apps/api"
            ],
            "Cmd": [
                "python",
                "-m",
                "uvicorn",
                "app.main:app",
                "--host",
                "0.0.0.0",
                "--port",
                "8000"
            ],
            "Healthcheck": {
                "Test": [
                    "CMD",
                    "python",
                    "-c",
                    "import json,urllib.request; value=json.load(urllib.request.urlopen('http://127.0.0.1:8000/api/v1/health',timeout=2)); assert value=={'status':'ok','service':'bounded-funds-api','simulation':True}"
                ],
                "Interval": 5000000000,
                "Timeout": 3000000000,
                "StartPeriod": 5000000000,
                "Retries": 40
            },
            "Image": "bounded-funds-api:demo-7970d1487f8f4fa29ad09e0ad4a37149",
            "Volumes": null,
            "WorkingDir": "/workspace",
            "Entrypoint": null,
            "Labels": {
                "com.docker.compose.config-hash": "c16cbc5498767a873341607ffe5468f5aaa7954e101cb467077663d6e6d38131",
                "com.docker.compose.container-number": "1",
                "com.docker.compose.depends_on": "init:service_completed_successfully:false,db:service_healthy:true",
                "com.docker.compose.image": "sha256:8e39d848cacf1e1e2b22798a25044a6508e4da0f96127fdaab1a6e640c8320bb",
                "com.docker.compose.oneoff": "False",
                "com.docker.compose.project": "bf-demo-7970d1487f8f4fa29ad09e0ad4a37149",
                "com.docker.compose.project.config_files": "F:\\学校活动\\工行杯\\钱途有界\\bounded-funds\\deploy\\compose.demo.yaml",
                "com.docker.compose.project.environment_file": "F:\\学校活动\\工行杯\\钱途有界\\bounded-funds\\.runtime\\w1-deployment\\deploy-20261005T041933Z-7970d148\\demo.env",
                "com.docker.compose.project.working_dir": "F:\\学校活动\\工行杯\\钱途有界\\bounded-funds\\deploy",
                "com.docker.compose.service": "api",
                "com.docker.compose.version": "5.3.0",
                "io.bounded-funds.owner-uuid": "7970d1487f8f4fa29ad09e0ad4a37149",
                "io.bounded-funds.purpose": "ISOLATED_SIMULATED_DEMO",
                "io.bounded-funds.run-id": "deploy-20261005T041933Z-7970d148",
                "io.bounded-funds.source-digest": "409984d976ec0a1bf0e8698a72dd3337775f40d3d88173cb44eea75f705bb0f5",
                "io.bounded-funds.uv-lock-sha256": "b3b1dae5cf20edd6ef96609427aeaf8f7d0108ba3c075158a00d102383e36e4c",
                "org.opencontainers.image.revision": "4ccf84e973978482a1098d18c69fbfc9f011fac6"
            }
        },
        "NetworkSettings": {
            "SandboxID": "",
            "SandboxKey": "",
            "Ports": {},
            "Networks": {}
        },
        "ImageManifestDescriptor": {
            "mediaType": "application/vnd.oci.image.manifest.v1+json",
            "digest": "sha256:acee8c8c965fc55fe8a5df068a1425d053717bd8524f21657bf55079729a92da",
            "size": 2382,
            "platform": {
                "architecture": "amd64",
                "os": "linux"
            }
        }
    },
    {
        "Id": "5b115c8ad0754adbb432d94b36ccb1ca94d966caf8b5c893d402598a4e717c8f",
        "Created": "2026-10-05T04:24:06.950541726Z",
        "Path": "python",
        "Args": [
            "deploy/initialize_demo.py"
        ],
        "State": {
            "Status": "exited",
            "Running": false,
            "Paused": false,
            "Restarting": false,
            "OOMKilled": false,
            "Dead": false,
            "Pid": 0,
            "ExitCode": 0,
            "Error": "",
            "StartedAt": "2026-10-05T04:24:16.858296651Z",
            "FinishedAt": "2026-10-05T04:24:20.615904819Z"
        },
        "Image": "sha256:8e39d848cacf1e1e2b22798a25044a6508e4da0f96127fdaab1a6e640c8320bb",
        "ResolvConfPath": "/var/lib/docker/containers/cdbb20254e3617970988b4d99fef060d91f54261d47053c8ce9c5e26bfc6725e/resolv.conf",
        "HostnamePath": "/var/lib/docker/containers/cdbb20254e3617970988b4d99fef060d91f54261d47053c8ce9c5e26bfc6725e/hostname",
        "HostsPath": "/var/lib/docker/containers/cdbb20254e3617970988b4d99fef060d91f54261d47053c8ce9c5e26bfc6725e/hosts",
        "LogPath": "/var/lib/docker/containers/5b115c8ad0754adbb432d94b36ccb1ca94d966caf8b5c893d402598a4e717c8f/5b115c8ad0754adbb432d94b36ccb1ca94d966caf8b5c893d402598a4e717c8f-json.log",
        "Name": "/bf-demo-7970d1487f8f4fa29ad09e0ad4a37149-init-1",
        "RestartCount": 0,
        "Driver": "overlayfs",
        "Platform": "linux",
        "MountLabel": "",
        "ProcessLabel": "",
        "AppArmorProfile": "",
        "ExecIDs": null,
        "HostConfig": {
            "Binds": null,
            "ContainerIDFile": "",
            "LogConfig": {
                "Type": "json-file",
                "Config": {}
            },
            "NetworkMode": "container:cdbb20254e3617970988b4d99fef060d91f54261d47053c8ce9c5e26bfc6725e",
            "PortBindings": {},
            "RestartPolicy": {
                "Name": "no",
                "MaximumRetryCount": 0
            },
            "AutoRemove": false,
            "VolumeDriver": "",
            "VolumesFrom": null,
            "ConsoleSize": [
                0,
                0
            ],
            "CapAdd": null,
            "CapDrop": null,
            "CgroupnsMode": "private",
            "Dns": null,
            "DnsOptions": null,
            "DnsSearch": null,
            "ExtraHosts": [],
            "GroupAdd": null,
            "IpcMode": "private",
            "Cgroup": "",
            "Links": null,
            "OomScoreAdj": 0,
            "PidMode": "",
            "Privileged": false,
            "PublishAllPorts": false,
            "ReadonlyRootfs": true,
            "SecurityOpt": null,
            "Tmpfs": {
                "/tmp": ""
            },
            "UTSMode": "",
            "UsernsMode": "",
            "ShmSize": 67108864,
            "Runtime": "runc",
            "Isolation": "",
            "CpuShares": 0,
            "Memory": 0,
            "NanoCpus": 0,
            "CgroupParent": "",
            "BlkioWeight": 0,
            "BlkioWeightDevice": null,
            "BlkioDeviceReadBps": null,
            "BlkioDeviceWriteBps": null,
            "BlkioDeviceReadIOps": null,
            "BlkioDeviceWriteIOps": null,
            "CpuPeriod": 0,
            "CpuQuota": 0,
            "CpuRealtimePeriod": 0,
            "CpuRealtimeRuntime": 0,
            "CpusetCpus": "",
            "CpusetMems": "",
            "Devices": null,
            "DeviceCgroupRules": null,
            "DeviceRequests": null,
            "MemoryReservation": 0,
            "MemorySwap": 0,
            "MemorySwappiness": null,
            "OomKillDisable": null,
            "PidsLimit": null,
            "Ulimits": null,
            "CpuCount": 0,
            "CpuPercent": 0,
            "IOMaximumIOps": 0,
            "IOMaximumBandwidth": 0,
            "MaskedPaths": [
                "/proc/acpi",
                "/proc/asound",
                "/proc/interrupts",
                "/proc/kcore",
                "/proc/keys",
                "/proc/latency_stats",
                "/proc/sched_debug",
                "/proc/scsi",
                "/proc/timer_list",
                "/proc/timer_stats",
                "/sys/devices/virtual/powercap",
                "/sys/firmware"
            ],
            "ReadonlyPaths": [
                "/proc/bus",
                "/proc/fs",
                "/proc/irq",
                "/proc/sys",
                "/proc/sysrq-trigger"
            ]
        },
        "Storage": {
            "RootFS": {
                "Snapshot": {
                    "Name": "overlayfs"
                }
            }
        },
        "Mounts": [],
        "Config": {
            "Hostname": "cdbb20254e36",
            "Domainname": "",
            "User": "10001:10001",
            "AttachStdin": false,
            "AttachStdout": true,
            "AttachStderr": true,
            "ExposedPorts": {
                "8000/tcp": {}
            },
            "Tty": false,
            "OpenStdin": false,
            "StdinOnce": false,
            "Env": [
                "DATABASE_URL=postgresql+psycopg://bf_demo:[REDACTED]@127.0.0.1:54329/bf_test_7970d1487f8f4fa29ad09e0ad4a37149",
                "SIMULATION_MODE=true",
                "LLM_ENABLED=false",
                "PYTHONUTF8=1",
                "PYTHONUNBUFFERED=1",
                "PYTHONDONTWRITEBYTECODE=1",
                "TZ=UTC",
                "PATH=/opt/bf-venv/bin:/usr/local/bin:/usr/local/sbin:/usr/local/bin:/usr/sbin:/usr/bin:/sbin:/bin",
                "LANG=C.UTF-8",
                "GPG_KEY=7169605F62C751356D054A26A821E680E5FA6305",
                "PYTHON_VERSION=3.12.15",
                "PYTHON_SHA256=c2c4321961fab0fb999d66e0cecf521c2ab3994c7992873ea99e306c1094fd5a",
                "PYTHONPATH=/workspace/apps/api"
            ],
            "Cmd": [
                "python",
                "deploy/initialize_demo.py"
            ],
            "Image": "bounded-funds-api:demo-7970d1487f8f4fa29ad09e0ad4a37149",
            "Volumes": null,
            "WorkingDir": "/workspace",
            "Entrypoint": null,
            "Labels": {
                "com.docker.compose.config-hash": "db38a61fbb363afe6f788573d993eae864affa69245dbb9259d078d75d49a4cc",
                "com.docker.compose.container-number": "1",
                "com.docker.compose.depends_on": "db:service_healthy:false",
                "com.docker.compose.image": "sha256:8e39d848cacf1e1e2b22798a25044a6508e4da0f96127fdaab1a6e640c8320bb",
                "com.docker.compose.oneoff": "False",
                "com.docker.compose.project": "bf-demo-7970d1487f8f4fa29ad09e0ad4a37149",
                "com.docker.compose.project.config_files": "F:\\学校活动\\工行杯\\钱途有界\\bounded-funds\\deploy\\compose.demo.yaml",
                "com.docker.compose.project.environment_file": "F:\\学校活动\\工行杯\\钱途有界\\bounded-funds\\.runtime\\w1-deployment\\deploy-20261005T041933Z-7970d148\\demo.env",
                "com.docker.compose.project.working_dir": "F:\\学校活动\\工行杯\\钱途有界\\bounded-funds\\deploy",
                "com.docker.compose.service": "init",
                "com.docker.compose.version": "5.3.0",
                "io.bounded-funds.owner-uuid": "7970d1487f8f4fa29ad09e0ad4a37149",
                "io.bounded-funds.purpose": "ISOLATED_SIMULATED_DEMO",
                "io.bounded-funds.run-id": "deploy-20261005T041933Z-7970d148",
                "io.bounded-funds.source-digest": "409984d976ec0a1bf0e8698a72dd3337775f40d3d88173cb44eea75f705bb0f5",
                "io.bounded-funds.uv-lock-sha256": "b3b1dae5cf20edd6ef96609427aeaf8f7d0108ba3c075158a00d102383e36e4c",
                "org.opencontainers.image.revision": "4ccf84e973978482a1098d18c69fbfc9f011fac6"
            }
        },
        "NetworkSettings": {
            "SandboxID": "",
            "SandboxKey": "",
            "Ports": {},
            "Networks": {}
        },
        "ImageManifestDescriptor": {
            "mediaType": "application/vnd.oci.image.manifest.v1+json",
            "digest": "sha256:acee8c8c965fc55fe8a5df068a1425d053717bd8524f21657bf55079729a92da",
            "size": 2382,
            "platform": {
                "architecture": "amd64",
                "os": "linux"
            }
        }
    },
    {
        "Id": "cdbb20254e3617970988b4d99fef060d91f54261d47053c8ce9c5e26bfc6725e",
        "Created": "2026-10-05T04:24:06.898911686Z",
        "Path": "docker-entrypoint.sh",
        "Args": [
            "postgres",
            "-p",
            "54329"
        ],
        "State": {
            "Status": "running",
            "Running": true,
            "Paused": false,
            "Restarting": false,
            "OOMKilled": false,
            "Dead": false,
            "Pid": 45773,
            "ExitCode": 0,
            "Error": "",
            "StartedAt": "2026-10-05T04:24:07.144135892Z",
            "FinishedAt": "0001-01-01T00:00:00Z",
            "Health": {
                "Status": "healthy",
                "FailingStreak": 0,
                "Log": [
                    {
                        "Start": "2026-10-05T04:24:18.387627831Z",
                        "End": "2026-10-05T04:24:18.463940771Z",
                        "ExitCode": 0,
                        "Output": "127.0.0.1:54329 - accepting connections\n"
                    },
                    {
                        "Start": "2026-10-05T04:24:21.464356983Z",
                        "End": "2026-10-05T04:24:21.527370159Z",
                        "ExitCode": 0,
                        "Output": "127.0.0.1:54329 - accepting connections\n"
                    },
                    {
                        "Start": "2026-10-05T04:24:24.527854617Z",
                        "End": "2026-10-05T04:24:24.575868488Z",
                        "ExitCode": 0,
                        "Output": "127.0.0.1:54329 - accepting connections\n"
                    },
                    {
                        "Start": "2026-10-05T04:24:27.57615446Z",
                        "End": "2026-10-05T04:24:27.643336963Z",
                        "ExitCode": 0,
                        "Output": "127.0.0.1:54329 - accepting connections\n"
                    },
                    {
                        "Start": "2026-10-05T04:24:30.643967218Z",
                        "End": "2026-10-05T04:24:30.705558984Z",
                        "ExitCode": 0,
                        "Output": "127.0.0.1:54329 - accepting connections\n"
                    }
                ]
            }
        },
        "Image": "sha256:721873c34ceb9f8d8fc265984940dc982404c105f19ad51be9fdc5970a6080ea",
        "ResolvConfPath": "/var/lib/docker/containers/cdbb20254e3617970988b4d99fef060d91f54261d47053c8ce9c5e26bfc6725e/resolv.conf",
        "HostnamePath": "/var/lib/docker/containers/cdbb20254e3617970988b4d99fef060d91f54261d47053c8ce9c5e26bfc6725e/hostname",
        "HostsPath": "/var/lib/docker/containers/cdbb20254e3617970988b4d99fef060d91f54261d47053c8ce9c5e26bfc6725e/hosts",
        "LogPath": "/var/lib/docker/containers/cdbb20254e3617970988b4d99fef060d91f54261d47053c8ce9c5e26bfc6725e/cdbb20254e3617970988b4d99fef060d91f54261d47053c8ce9c5e26bfc6725e-json.log",
        "Name": "/bf-demo-7970d1487f8f4fa29ad09e0ad4a37149-db-1",
        "RestartCount": 0,
        "Driver": "overlayfs",
        "Platform": "linux",
        "MountLabel": "",
        "ProcessLabel": "",
        "AppArmorProfile": "",
        "ExecIDs": null,
        "HostConfig": {
            "Binds": [
                "bf-demo-7970d1487f8f4fa29ad09e0ad4a37149_demo_pgdata:/var/lib/postgresql/data:rw"
            ],
            "ContainerIDFile": "",
            "LogConfig": {
                "Type": "json-file",
                "Config": {}
            },
            "NetworkMode": "bf-demo-7970d1487f8f4fa29ad09e0ad4a37149_demo_internal",
            "PortBindings": {
                "8000/tcp": [
                    {
                        "HostIp": "127.0.0.1",
                        "HostPort": "18049"
                    }
                ]
            },
            "RestartPolicy": {
                "Name": "unless-stopped",
                "MaximumRetryCount": 0
            },
            "AutoRemove": false,
            "VolumeDriver": "",
            "VolumesFrom": null,
            "ConsoleSize": [
                0,
                0
            ],
            "CapAdd": null,
            "CapDrop": null,
            "CgroupnsMode": "private",
            "Dns": null,
            "DnsOptions": null,
            "DnsSearch": null,
            "ExtraHosts": [],
            "GroupAdd": null,
            "IpcMode": "private",
            "Cgroup": "",
            "Links": null,
            "OomScoreAdj": 0,
            "PidMode": "",
            "Privileged": false,
            "PublishAllPorts": false,
            "ReadonlyRootfs": false,
            "SecurityOpt": null,
            "UTSMode": "",
            "UsernsMode": "",
            "ShmSize": 67108864,
            "Runtime": "runc",
            "Isolation": "",
            "CpuShares": 0,
            "Memory": 0,
            "NanoCpus": 0,
            "CgroupParent": "",
            "BlkioWeight": 0,
            "BlkioWeightDevice": null,
            "BlkioDeviceReadBps": null,
            "BlkioDeviceWriteBps": null,
            "BlkioDeviceReadIOps": null,
            "BlkioDeviceWriteIOps": null,
            "CpuPeriod": 0,
            "CpuQuota": 0,
            "CpuRealtimePeriod": 0,
            "CpuRealtimeRuntime": 0,
            "CpusetCpus": "",
            "CpusetMems": "",
            "Devices": null,
            "DeviceCgroupRules": null,
            "DeviceRequests": null,
            "MemoryReservation": 0,
            "MemorySwap": 0,
            "MemorySwappiness": null,
            "OomKillDisable": null,
            "PidsLimit": null,
            "Ulimits": null,
            "CpuCount": 0,
            "CpuPercent": 0,
            "IOMaximumIOps": 0,
            "IOMaximumBandwidth": 0,
            "MaskedPaths": [
                "/proc/acpi",
                "/proc/asound",
                "/proc/interrupts",
                "/proc/kcore",
                "/proc/keys",
                "/proc/latency_stats",
                "/proc/sched_debug",
                "/proc/scsi",
                "/proc/timer_list",
                "/proc/timer_stats",
                "/sys/devices/virtual/powercap",
                "/sys/firmware"
            ],
            "ReadonlyPaths": [
                "/proc/bus",
                "/proc/fs",
                "/proc/irq",
                "/proc/sys",
                "/proc/sysrq-trigger"
            ]
        },
        "Storage": {
            "RootFS": {
                "Snapshot": {
                    "Name": "overlayfs"
                }
            }
        },
        "Mounts": [
            {
                "Type": "volume",
                "Name": "bf-demo-7970d1487f8f4fa29ad09e0ad4a37149_demo_pgdata",
                "Source": "/var/lib/docker/volumes/bf-demo-7970d1487f8f4fa29ad09e0ad4a37149_demo_pgdata/_data",
                "Destination": "/var/lib/postgresql/data",
                "Driver": "local",
                "Mode": "rw",
                "RW": true,
                "Propagation": ""
            }
        ],
        "Config": {
            "Hostname": "cdbb20254e36",
            "Domainname": "",
            "User": "",
            "AttachStdin": false,
            "AttachStdout": true,
            "AttachStderr": true,
            "ExposedPorts": {
                "5432/tcp": {},
                "8000/tcp": {}
            },
            "Tty": false,
            "OpenStdin": false,
            "StdinOnce": false,
            "Env": [
                "TZ=UTC",
                "POSTGRES_USER=bf_demo",
                "POSTGRES_PASSWORD=[REDACTED]",
                "POSTGRES_DB=bf_test_7970d1487f8f4fa29ad09e0ad4a37149",
                "PATH=/usr/local/sbin:/usr/local/bin:/usr/sbin:/usr/bin:/sbin:/bin",
                "GOSU_VERSION=1.19",
                "LANG=en_US.utf8",
                "PG_MAJOR=16",
                "PG_VERSION=16.15",
                "PG_SHA256=c1575341fa7bd40f5274ea465b34390f4dc64cdd0770af327005caaeb9f6b7ed",
                "DOCKER_PG_LLVM_DEPS=llvm21-dev \t\tclang21",
                "PGDATA=/var/lib/postgresql/data"
            ],
            "Cmd": [
                "postgres",
                "-p",
                "54329"
            ],
            "Healthcheck": {
                "Test": [
                    "CMD-SHELL",
                    "pg_isready -h 127.0.0.1 -p 54329 -U bf_demo -d \"$POSTGRES_DB\""
                ],
                "Interval": 3000000000,
                "Timeout": 3000000000,
                "StartPeriod": 5000000000,
                "Retries": 40
            },
            "Image": "postgres@sha256:721873c34ceb9f8d8fc265984940dc982404c105f19ad51be9fdc5970a6080ea",
            "Volumes": {
                "/var/lib/postgresql/data": {}
            },
            "WorkingDir": "/",
            "Entrypoint": [
                "docker-entrypoint.sh"
            ],
            "Labels": {
                "com.docker.compose.config-hash": "33a829cca03f9004480ba59463f510f1a0612102550391ea507488a83d4b5480",
                "com.docker.compose.container-number": "1",
                "com.docker.compose.depends_on": "",
                "com.docker.compose.image": "sha256:721873c34ceb9f8d8fc265984940dc982404c105f19ad51be9fdc5970a6080ea",
                "com.docker.compose.oneoff": "False",
                "com.docker.compose.project": "bf-demo-7970d1487f8f4fa29ad09e0ad4a37149",
                "com.docker.compose.project.config_files": "F:\\学校活动\\工行杯\\钱途有界\\bounded-funds\\deploy\\compose.demo.yaml",
                "com.docker.compose.project.environment_file": "F:\\学校活动\\工行杯\\钱途有界\\bounded-funds\\.runtime\\w1-deployment\\deploy-20261005T041933Z-7970d148\\demo.env",
                "com.docker.compose.project.working_dir": "F:\\学校活动\\工行杯\\钱途有界\\bounded-funds\\deploy",
                "com.docker.compose.service": "db",
                "com.docker.compose.version": "5.3.0",
                "io.bounded-funds.owner-uuid": "7970d1487f8f4fa29ad09e0ad4a37149",
                "io.bounded-funds.purpose": "ISOLATED_SIMULATED_DEMO",
                "io.bounded-funds.run-id": "deploy-20261005T041933Z-7970d148"
            },
            "StopSignal": "SIGINT"
        },
        "NetworkSettings": {
            "SandboxID": "995f044053c51fcbf7b716a003323b87a65dc6aff32b95ed32a3752c74b444b5",
            "SandboxKey": "/var/run/docker/netns/995f044053c5",
            "Ports": {
                "8000/tcp": []
            },
            "Networks": {
                "bf-demo-7970d1487f8f4fa29ad09e0ad4a37149_demo_internal": {
                    "IPAMConfig": null,
                    "Links": null,
                    "Aliases": [
                        "bf-demo-7970d1487f8f4fa29ad09e0ad4a37149-db-1",
                        "db"
                    ],
                    "DriverOpts": null,
                    "GwPriority": 0,
                    "NetworkID": "afe3e0eb66a584a4bc052179bedca98b171eab2318f9cc3cdcee4a9d802c0406",
                    "EndpointID": "ba2bcb0c830bf686923c30444a8137e666bb29996f38e6b805abd05495319028",
                    "Gateway": "",
                    "IPAddress": "172.19.0.2",
                    "MacAddress": "ba:05:e9:fe:f4:cc",
                    "IPPrefixLen": 16,
                    "IPv6Gateway": "",
                    "GlobalIPv6Address": "",
                    "GlobalIPv6PrefixLen": 0,
                    "DNSNames": [
                        "bf-demo-7970d1487f8f4fa29ad09e0ad4a37149-db-1",
                        "db",
                        "cdbb20254e36"
                    ]
                }
            }
        },
        "ImageManifestDescriptor": {
            "mediaType": "application/vnd.oci.image.manifest.v1+json",
            "digest": "sha256:1a66d744c1b459e13b05a8fca341da84cb63383e99ce262210efee5a319d4551",
            "size": 3054,
            "annotations": {
                "com.docker.official-images.bashbrew.arch": "amd64",
                "org.opencontainers.image.base.digest": "sha256:d56c381f961d307a21b3ca004cf1e3910f106644aefb1f43e654c8a56c4fd395",
                "org.opencontainers.image.base.name": "alpine:3.24",
                "org.opencontainers.image.created": "2026-09-17T21:29:19Z",
                "org.opencontainers.image.revision": "9d15534160ade17f2b6c455a39ee967c49b1937d",
                "org.opencontainers.image.source": "https://github.com/docker-library/postgres.git#9d15534160ade17f2b6c455a39ee967c49b1937d:16/alpine3.24",
                "org.opencontainers.image.url": "https://hub.docker.com/_/postgres",
                "org.opencontainers.image.version": "16.15-alpine3.24"
            },
            "platform": {
                "architecture": "amd64",
                "os": "linux"
            }
        }
    }
]
