init-1  | 2026-10-05T04:24:20.447479085Z {
web-1   | 2026-10-05T04:24:26.833752446Z /docker-entrypoint.sh: /docker-entrypoint.d/ is not empty, will attempt to perform configuration
web-1   | 2026-10-05T04:24:26.833772763Z /docker-entrypoint.sh: Looking for shell scripts in /docker-entrypoint.d/
api-1   | 2026-10-05T04:24:23.811562191Z INFO:     Started server process [1]
api-1   | 2026-10-05T04:24:23.811629352Z INFO:     Waiting for application startup.
init-1  | 2026-10-05T04:24:20.447513831Z   "status": "FRESH_DEMO_INITIALIZED",
web-1   | 2026-10-05T04:24:26.835562286Z /docker-entrypoint.sh: Launching /docker-entrypoint.d/10-listen-on-ipv6-by-default.sh
web-1   | 2026-10-05T04:24:26.841098286Z 10-listen-on-ipv6-by-default.sh: info: Getting the checksum of /etc/nginx/conf.d/default.conf
api-1   | 2026-10-05T04:24:23.814015378Z INFO:     Application startup complete.
web-1   | 2026-10-05T04:24:26.854927254Z 10-listen-on-ipv6-by-default.sh: info: /etc/nginx/conf.d/default.conf differs from the packaged version
web-1   | 2026-10-05T04:24:26.855071972Z /docker-entrypoint.sh: Sourcing /docker-entrypoint.d/15-local-resolvers.envsh
api-1   | 2026-10-05T04:24:23.814306906Z INFO:     Uvicorn running on http://0.0.0.0:8000 (Press CTRL+C to quit)
web-1   | 2026-10-05T04:24:26.855567560Z /docker-entrypoint.sh: Launching /docker-entrypoint.d/20-envsubst-on-templates.sh
api-1   | 2026-10-05T04:24:26.516248671Z {"event": "http_request", "request_id": "6d6ad9eb-90a2-4e52-8ab1-bf0d0a839d52", "method": "GET", "status": 200, "duration_ms": 81.747}
api-1   | 2026-10-05T04:24:26.516295844Z INFO:     127.0.0.1:33468 - "GET /api/v1/health HTTP/1.1" 200 OK
api-1   | 2026-10-05T04:24:31.834638238Z {"event": "http_request", "request_id": "cfe7e283-d112-44f6-a9cc-4aec5793d7c6", "method": "GET", "status": 200, "duration_ms": 0.999}
web-1   | 2026-10-05T04:24:26.858984410Z /docker-entrypoint.sh: Launching /docker-entrypoint.d/30-tune-worker-processes.sh
web-1   | 2026-10-05T04:24:26.860477573Z /docker-entrypoint.sh: Configuration complete; ready for start up
init-1  | 2026-10-05T04:24:20.447516508Z   "database": "bf_test_7970d1487f8f4fa29ad09e0ad4a37149",
init-1  | 2026-10-05T04:24:20.447518024Z   "seed_called": true,
init-1  | 2026-10-05T04:24:20.447519242Z   "summary": {
web-1   | 2026-10-05T04:24:26.871312598Z 2026/10/05 04:24:26 [notice] 1#1: using the "epoll" event method
web-1   | 2026-10-05T04:24:26.871325300Z 2026/10/05 04:24:26 [notice] 1#1: nginx/1.31.6
web-1   | 2026-10-05T04:24:26.871327127Z 2026/10/05 04:24:26 [notice] 1#1: built by gcc 15.2.0 (Alpine 15.2.0) 
web-1   | 2026-10-05T04:24:26.871328323Z 2026/10/05 04:24:26 [notice] 1#1: OS: Linux 6.18.33.2-microsoft-standard-WSL2
init-1  | 2026-10-05T04:24:20.447520353Z     "simulation": true,
web-1   | 2026-10-05T04:24:26.871329462Z 2026/10/05 04:24:26 [notice] 1#1: getrlimit(RLIMIT_NOFILE): 1048576:1048576
web-1   | 2026-10-05T04:24:26.871781531Z 2026/10/05 04:24:26 [notice] 1#1: start worker processes
api-1   | 2026-10-05T04:24:31.834665783Z INFO:     127.0.0.1:54320 - "GET /api/v1/health HTTP/1.1" 200 OK
web-1   | 2026-10-05T04:24:26.871986264Z 2026/10/05 04:24:26 [notice] 1#1: start worker process 29
web-1   | 2026-10-05T04:24:26.872102622Z 2026/10/05 04:24:26 [notice] 1#1: start worker process 30
web-1   | 2026-10-05T04:24:26.872289766Z 2026/10/05 04:24:26 [notice] 1#1: start worker process 31
web-1   | 2026-10-05T04:24:26.872411931Z 2026/10/05 04:24:26 [notice] 1#1: start worker process 32
init-1  | 2026-10-05T04:24:20.447521434Z     "summary_version": "seed-summary-v3",
init-1  | 2026-10-05T04:24:20.447522546Z     "seed_version": "mvp-301-v6",
init-1  | 2026-10-05T04:24:20.447523613Z     "user_id": "271a9827-f82a-5be6-9e0a-50f721029fb0",
api-1   | 2026-10-05T04:24:31.884673015Z {"event": "http_request", "request_id": "43780a73-4f92-4e66-89a3-2a6aeb22174d", "method": "GET", "status": 200, "duration_ms": 1.087}
api-1   | 2026-10-05T04:24:31.884718310Z INFO:     172.19.0.3:51766 - "GET /api/v1/health HTTP/1.1" 200 OK
api-1   | 2026-10-05T04:24:36.919471131Z {"event": "http_request", "request_id": "d176f16d-c742-4bd1-986b-7c7bbf161abd", "method": "GET", "status": 200, "duration_ms": 0.909}
init-1  | 2026-10-05T04:24:20.447524761Z     "as_of": "2026-10-03T16:00:00Z",
api-1   | 2026-10-05T04:24:36.919548630Z INFO:     172.19.0.3:51768 - "GET /api/v1/health HTTP/1.1" 200 OK
init-1  | 2026-10-05T04:24:20.447525845Z     "period_start": "2026-08-05",
api-1   | 2026-10-05T04:24:37.123342708Z INFO:     127.0.0.1:48474 - "GET /api/v1/health HTTP/1.1" 200 OK
api-1   | 2026-10-05T04:24:37.123380331Z {"event": "http_request", "request_id": "a6407f9d-789e-487e-a85c-bec4acaaa034", "method": "GET", "status": 200, "duration_ms": 0.951}
init-1  | 2026-10-05T04:24:20.447526895Z     "period_end": "2026-10-03",
init-1  | 2026-10-05T04:24:20.447528181Z     "days": 60,
web-1   | 2026-10-05T04:24:26.872605555Z 2026/10/05 04:24:26 [notice] 1#1: start worker process 33
web-1   | 2026-10-05T04:24:26.872808991Z 2026/10/05 04:24:26 [notice] 1#1: start worker process 34
web-1   | 2026-10-05T04:24:26.873088187Z 2026/10/05 04:24:26 [notice] 1#1: start worker process 35
web-1   | 2026-10-05T04:24:26.873311062Z 2026/10/05 04:24:26 [notice] 1#1: start worker process 36
web-1   | 2026-10-05T04:24:26.873646922Z 2026/10/05 04:24:26 [notice] 1#1: start worker process 37
init-1  | 2026-10-05T04:24:20.447529342Z     "counts": {
web-1   | 2026-10-05T04:24:26.873872124Z 2026/10/05 04:24:26 [notice] 1#1: start worker process 38
init-1  | 2026-10-05T04:24:20.447530411Z       "accounts": 5,
web-1   | 2026-10-05T04:24:26.874149346Z 2026/10/05 04:24:26 [notice] 1#1: start worker process 39
web-1   | 2026-10-05T04:24:26.874384038Z 2026/10/05 04:24:26 [notice] 1#1: start worker process 40
web-1   | 2026-10-05T04:24:26.874684765Z 2026/10/05 04:24:26 [notice] 1#1: start worker process 41
web-1   | 2026-10-05T04:24:26.875063015Z 2026/10/05 04:24:26 [notice] 1#1: start worker process 42
web-1   | 2026-10-05T04:24:26.875376451Z 2026/10/05 04:24:26 [notice] 1#1: start worker process 43
web-1   | 2026-10-05T04:24:26.875707086Z 2026/10/05 04:24:26 [notice] 1#1: start worker process 44
web-1   | 2026-10-05T04:24:26.876082572Z 2026/10/05 04:24:26 [notice] 1#1: start worker process 45
web-1   | 2026-10-05T04:24:26.876434894Z 2026/10/05 04:24:26 [notice] 1#1: start worker process 46
init-1  | 2026-10-05T04:24:20.447531517Z       "action_plans": 0,
web-1   | 2026-10-05T04:24:26.876804243Z 2026/10/05 04:24:26 [notice] 1#1: start worker process 47
web-1   | 2026-10-05T04:24:26.877197938Z 2026/10/05 04:24:26 [notice] 1#1: start worker process 48
web-1   | 2026-10-05T04:24:26.877649591Z 2026/10/05 04:24:26 [notice] 1#1: start worker process 49
web-1   | 2026-10-05T04:24:26.878053772Z 2026/10/05 04:24:26 [notice] 1#1: start worker process 50
init-1  | 2026-10-05T04:24:20.447532574Z       "action_receipts": 0,
web-1   | 2026-10-05T04:24:26.878491154Z 2026/10/05 04:24:26 [notice] 1#1: start worker process 51
init-1  | 2026-10-05T04:24:20.447533635Z       "action_resource_reservations": 0,
web-1   | 2026-10-05T04:24:26.879024201Z 2026/10/05 04:24:26 [notice] 1#1: start worker process 52
init-1  | 2026-10-05T04:24:20.447534720Z       "asset_positions": 3,
init-1  | 2026-10-05T04:24:20.447535826Z       "asset_products": 6,
web-1   | 2026-10-05T04:24:26.879475458Z 2026/10/05 04:24:26 [notice] 1#1: start worker process 53
init-1  | 2026-10-05T04:24:20.447536860Z       "bank_operations": 0,
web-1   | 2026-10-05T04:24:26.879944025Z 2026/10/05 04:24:26 [notice] 1#1: start worker process 54
web-1   | 2026-10-05T04:24:26.880424282Z 2026/10/05 04:24:26 [notice] 1#1: start worker process 55
web-1   | 2026-10-05T04:24:26.880932354Z 2026/10/05 04:24:26 [notice] 1#1: start worker process 56
init-1  | 2026-10-05T04:24:20.447537867Z       "credit_card_bills": 3,
web-1   | 2026-10-05T04:24:31.885068332Z 127.0.0.1 - - [05/Oct/2026:04:24:31 +0000] "GET /api/v1/health HTTP/1.1" 200 63 "-" "Wget" "-"
web-1   | 2026-10-05T04:24:36.919923868Z 127.0.0.1 - - [05/Oct/2026:04:24:36 +0000] "GET /api/v1/health HTTP/1.1" 200 63 "-" "Wget" "-"
init-1  | 2026-10-05T04:24:20.447538929Z       "decision_constraints": 0,
init-1  | 2026-10-05T04:24:20.447539955Z       "decision_runs": 0,
init-1  | 2026-10-05T04:24:20.447540984Z       "evidence_items": 256,
init-1  | 2026-10-05T04:24:20.447542041Z       "external_bank_facts": 0,
init-1  | 2026-10-05T04:24:20.447543058Z       "goals": 0,
init-1  | 2026-10-05T04:24:20.447544070Z       "policies": 0,
init-1  | 2026-10-05T04:24:20.447545079Z       "policy_proposals": 0,
init-1  | 2026-10-05T04:24:20.447546086Z       "policy_versions": 0,
init-1  | 2026-10-05T04:24:20.447547095Z       "simulated_bank_postings": 17,
init-1  | 2026-10-05T04:24:20.447548206Z       "simulated_bank_redemptions": 0,
init-1  | 2026-10-05T04:24:20.447549226Z       "transactions": 129,
init-1  | 2026-10-05T04:24:20.447550241Z       "users": 1
init-1  | 2026-10-05T04:24:20.447551236Z     },
init-1  | 2026-10-05T04:24:20.447552271Z     "cash_balance_cents": 3462400,
init-1  | 2026-10-05T04:24:20.447553428Z     "asset_principal_cents": 500000,
init-1  | 2026-10-05T04:24:20.447554470Z     "asset_yield_cents": 0,
init-1  | 2026-10-05T04:24:20.447555540Z     "total_asset_cents": 3962400,
init-1  | 2026-10-05T04:24:20.447556585Z     "credit_card_unpaid_cents": 145000,
init-1  | 2026-10-05T04:24:20.447558107Z     "dataset_sha256": "ce8a096b4819903180e2f3d291daf7a17f4f2d270e525f07faad200ec89b8228"
init-1  | 2026-10-05T04:24:20.447562910Z   }
init-1  | 2026-10-05T04:24:20.447564077Z }
db-1    | 2026-10-05T04:24:07.321541251Z The files belonging to this database system will be owned by user "postgres".
db-1    | 2026-10-05T04:24:07.321566330Z This user must also own the server process.
db-1    | 2026-10-05T04:24:07.321568767Z 
db-1    | 2026-10-05T04:24:07.322852915Z The database cluster will be initialized with locale "en_US.utf8".
db-1    | 2026-10-05T04:24:07.322868914Z The default database encoding has accordingly been set to "UTF8".
db-1    | 2026-10-05T04:24:07.322870978Z The default text search configuration will be set to "english".
db-1    | 2026-10-05T04:24:07.322872277Z 
db-1    | 2026-10-05T04:24:07.322873345Z Data page checksums are disabled.
db-1    | 2026-10-05T04:24:07.322874418Z 
db-1    | 2026-10-05T04:24:07.322875426Z fixing permissions on existing directory /var/lib/postgresql/data ... ok
db-1    | 2026-10-05T04:24:07.325170767Z creating subdirectories ... ok
db-1    | 2026-10-05T04:24:07.325230309Z selecting dynamic shared memory implementation ... posix
db-1    | 2026-10-05T04:24:07.339578957Z selecting default max_connections ... 100
db-1    | 2026-10-05T04:24:07.354327916Z selecting default shared_buffers ... 128MB
db-1    | 2026-10-05T04:24:07.354744740Z selecting default time zone ... UTC
db-1    | 2026-10-05T04:24:07.356554163Z creating configuration files ... ok
db-1    | 2026-10-05T04:24:07.454729157Z running bootstrap script ... ok
db-1    | 2026-10-05T04:24:07.627480149Z sh: locale: not found
db-1    | 2026-10-05T04:24:07.627578259Z 2026-10-05 04:24:07.627 UTC [35] WARNING:  no usable system locales were found
db-1    | 2026-10-05T04:24:07.999580230Z performing post-bootstrap initialization ... ok
db-1    | 2026-10-05T04:24:08.108541624Z syncing data to disk ... ok
db-1    | 2026-10-05T04:24:08.108550738Z initdb: warning: enabling "trust" authentication for local connections
db-1    | 2026-10-05T04:24:08.108563696Z 
db-1    | 2026-10-05T04:24:08.108570950Z 
db-1    | 2026-10-05T04:24:08.108569455Z initdb: hint: You can change this by editing pg_hba.conf or using the option -A, or --auth-local and --auth-host, the next time you run initdb.
db-1    | 2026-10-05T04:24:08.108572243Z Success. You can now start the database server using:
db-1    | 2026-10-05T04:24:08.108575518Z 
db-1    | 2026-10-05T04:24:08.108576645Z     pg_ctl -D /var/lib/postgresql/data -l logfile start
db-1    | 2026-10-05T04:24:08.108577739Z 
db-1    | 2026-10-05T04:24:08.143493289Z waiting for server to start....2026-10-05 04:24:08.143 UTC [41] LOG:  starting PostgreSQL 16.15 on x86_64-pc-linux-musl, compiled by gcc (Alpine 15.2.0) 15.2.0, 64-bit
db-1    | 2026-10-05T04:24:08.145155045Z 2026-10-05 04:24:08.145 UTC [41] LOG:  listening on Unix socket "/var/run/postgresql/.s.PGSQL.5432"
db-1    | 2026-10-05T04:24:08.149800302Z 2026-10-05 04:24:08.149 UTC [44] LOG:  database system was shut down at 2026-10-05 04:24:07 UTC
db-1    | 2026-10-05T04:24:08.154272626Z 2026-10-05 04:24:08.153 UTC [41] LOG:  database system is ready to accept connections
db-1    | 2026-10-05T04:24:08.226988944Z  done
db-1    | 2026-10-05T04:24:08.227008560Z server started
db-1    | 2026-10-05T04:24:08.281964128Z CREATE DATABASE
db-1    | 2026-10-05T04:24:08.282259688Z 
db-1    | 2026-10-05T04:24:08.282271371Z 
db-1    | 2026-10-05T04:24:08.282372986Z /usr/local/bin/docker-entrypoint.sh: ignoring /docker-entrypoint-initdb.d/*
db-1    | 2026-10-05T04:24:08.282381915Z 
db-1    | 2026-10-05T04:24:08.283052030Z waiting for server to shut down....2026-10-05 04:24:08.282 UTC [41] LOG:  received fast shutdown request
db-1    | 2026-10-05T04:24:08.284537830Z 2026-10-05 04:24:08.284 UTC [41] LOG:  aborting any active transactions
db-1    | 2026-10-05T04:24:08.286264961Z 2026-10-05 04:24:08.286 UTC [41] LOG:  background worker "logical replication launcher" (PID 47) exited with exit code 1
db-1    | 2026-10-05T04:24:08.286334931Z 2026-10-05 04:24:08.286 UTC [42] LOG:  shutting down
db-1    | 2026-10-05T04:24:08.288363150Z 2026-10-05 04:24:08.288 UTC [42] LOG:  checkpoint starting: shutdown immediate
db-1    | 2026-10-05T04:24:08.338580848Z 2026-10-05 04:24:08.338 UTC [42] LOG:  checkpoint complete: wrote 926 buffers (5.7%); 0 WAL file(s) added, 0 removed, 0 recycled; write=0.011 s, sync=0.036 s, total=0.053 s; sync files=301, longest=0.003 s, average=0.001 s; distance=4283 kB, estimate=4283 kB; lsn=0/1925D80, redo lsn=0/1925D80
db-1    | 2026-10-05T04:24:08.343274637Z 2026-10-05 04:24:08.343 UTC [41] LOG:  database system is shut down
db-1    | 2026-10-05T04:24:08.383412725Z  done
db-1    | 2026-10-05T04:24:08.383429518Z server stopped
db-1    | 2026-10-05T04:24:08.384118749Z 
db-1    | 2026-10-05T04:24:08.384127637Z PostgreSQL init process complete; ready for start up.
db-1    | 2026-10-05T04:24:08.384129422Z 
db-1    | 2026-10-05T04:24:08.401771320Z 2026-10-05 04:24:08.401 UTC [1] LOG:  starting PostgreSQL 16.15 on x86_64-pc-linux-musl, compiled by gcc (Alpine 15.2.0) 15.2.0, 64-bit
db-1    | 2026-10-05T04:24:08.401786247Z 2026-10-05 04:24:08.401 UTC [1] LOG:  listening on IPv4 address "0.0.0.0", port 54329
db-1    | 2026-10-05T04:24:08.401788327Z 2026-10-05 04:24:08.401 UTC [1] LOG:  listening on IPv6 address "::", port 54329
db-1    | 2026-10-05T04:24:08.405899384Z 2026-10-05 04:24:08.405 UTC [1] LOG:  listening on Unix socket "/var/run/postgresql/.s.PGSQL.54329"
db-1    | 2026-10-05T04:24:08.410364613Z 2026-10-05 04:24:08.410 UTC [57] LOG:  database system was shut down at 2026-10-05 04:24:08 UTC
db-1    | 2026-10-05T04:24:08.414715227Z 2026-10-05 04:24:08.414 UTC [1] LOG:  database system is ready to accept connections
