 Network bf-demo-7970d1487f8f4fa29ad09e0ad4a37149_demo_internal Creating 
 Network bf-demo-7970d1487f8f4fa29ad09e0ad4a37149_demo_internal Created 
 Network bf-demo-7970d1487f8f4fa29ad09e0ad4a37149_demo_frontend Creating 
 Network bf-demo-7970d1487f8f4fa29ad09e0ad4a37149_demo_frontend Created 
 Volume bf-demo-7970d1487f8f4fa29ad09e0ad4a37149_demo_pgdata Creating 
 Volume bf-demo-7970d1487f8f4fa29ad09e0ad4a37149_demo_pgdata Created 
 Container bf-demo-7970d1487f8f4fa29ad09e0ad4a37149-db-1 Creating 
 Container bf-demo-7970d1487f8f4fa29ad09e0ad4a37149-db-1 Created 
 Container bf-demo-7970d1487f8f4fa29ad09e0ad4a37149-init-1 Creating 
 Container bf-demo-7970d1487f8f4fa29ad09e0ad4a37149-init-1 Created 
 Container bf-demo-7970d1487f8f4fa29ad09e0ad4a37149-api-1 Creating 
 Container bf-demo-7970d1487f8f4fa29ad09e0ad4a37149-api-1 Created 
 Container bf-demo-7970d1487f8f4fa29ad09e0ad4a37149-web-1 Creating 
 Container bf-demo-7970d1487f8f4fa29ad09e0ad4a37149-web-1 Created 
 Container bf-demo-7970d1487f8f4fa29ad09e0ad4a37149-db-1 Starting 
 Container bf-demo-7970d1487f8f4fa29ad09e0ad4a37149-db-1 Started 
 Container bf-demo-7970d1487f8f4fa29ad09e0ad4a37149-db-1 Waiting 
 Container bf-demo-7970d1487f8f4fa29ad09e0ad4a37149-db-1 Healthy 
 Container bf-demo-7970d1487f8f4fa29ad09e0ad4a37149-init-1 Starting 
 Container bf-demo-7970d1487f8f4fa29ad09e0ad4a37149-init-1 Started 
 Container bf-demo-7970d1487f8f4fa29ad09e0ad4a37149-init-1 Waiting 
 Container bf-demo-7970d1487f8f4fa29ad09e0ad4a37149-db-1 Waiting 
 Container bf-demo-7970d1487f8f4fa29ad09e0ad4a37149-db-1 Healthy 
 Container bf-demo-7970d1487f8f4fa29ad09e0ad4a37149-init-1 Exited 
 Container bf-demo-7970d1487f8f4fa29ad09e0ad4a37149-api-1 Starting 
 Container bf-demo-7970d1487f8f4fa29ad09e0ad4a37149-api-1 Started 
 Container bf-demo-7970d1487f8f4fa29ad09e0ad4a37149-api-1 Waiting 
 Container bf-demo-7970d1487f8f4fa29ad09e0ad4a37149-api-1 Healthy 
 Container bf-demo-7970d1487f8f4fa29ad09e0ad4a37149-web-1 Starting 
 Container bf-demo-7970d1487f8f4fa29ad09e0ad4a37149-web-1 Started 
 Container bf-demo-7970d1487f8f4fa29ad09e0ad4a37149-db-1 Waiting 
 Container bf-demo-7970d1487f8f4fa29ad09e0ad4a37149-init-1 Waiting 
 Container bf-demo-7970d1487f8f4fa29ad09e0ad4a37149-api-1 Waiting 
 Container bf-demo-7970d1487f8f4fa29ad09e0ad4a37149-web-1 Waiting 
 Container bf-demo-7970d1487f8f4fa29ad09e0ad4a37149-api-1 Healthy 
 Container bf-demo-7970d1487f8f4fa29ad09e0ad4a37149-init-1 Exited 
 Container bf-demo-7970d1487f8f4fa29ad09e0ad4a37149-db-1 Healthy 
 Container bf-demo-7970d1487f8f4fa29ad09e0ad4a37149-web-1 Healthy 
