.FFFFFFFFFF.FFFF.FF.....                                                 [100%]
================================== FAILURES ===================================
_ test_real_fk_navigation_in_both_directions_keeps_cash_and_ownership_distinct _

    def test_real_fk_navigation_in_both_directions_keeps_cash_and_ownership_distinct() -> None:
        account = original("ACCOUNT", balance_cents=100003)
        evidence = original(
            "EVIDENCE", source_type="BANK_ACCOUNT_BALANCE", content={"balance_cents": 100003}
        )
        transaction = original("TRANSACTION", account_id=str(account.id), evidence_id=str(evidence.id))
        bill = original("BILL", account_id=str(account.id), evidence_id=str(evidence.id))
        posting = original(
            "POSTING", account_id=str(account.id), delta_cents=-97, ledger_dimension="ECONOMIC"
        )
        rows = [account, evidence, transaction, bill, posting]
>       result = graph(rows, account)
                 ^^^^^^^^^^^^^^^^^^^^

apps\api\app\tests\test_full_evidence_graph.py:99: 
_ _ _ _ _ _ _ _ _ _ _ _ _ _ _ _ _ _ _ _ _ _ _ _ _ _ _ _ _ _ _ _ _ _ _ _ _ _ _ _
apps\api\app\tests\test_full_evidence_graph.py:71: in graph
    "inventory": inventories(rows),
                 ^^^^^^^^^^^^^^^^^
apps\api\app\tests\test_full_evidence_graph.py:56: in inventories
    captured_rows_hash=configuration_hash(originals),
                       ^^^^^^^^^^^^^^^^^^^^^^^^^^^^^
_ _ _ _ _ _ _ _ _ _ _ _ _ _ _ _ _ _ _ _ _ _ _ _ _ _ _ _ _ _ _ _ _ _ _ _ _ _ _ _

configuration = [{'id': '0eb19cfe-cb61-4cf1-bf86-fac2d64ac41c', 'created_at': '2026-10-06T00:00:00+00:00', 'balance_cents': 100003, 'user_id': '224429c8-07ea-4e9a-a140-c6d0c5994c42'}]

    def configuration_hash(configuration: dict[str, Any]) -> str:
        """Hash the provided JSON document; callers validate before confirming authority."""
        if not isinstance(configuration, dict):
>           raise ValueError("Configuration must be an object")
E           ValueError: Configuration must be an object

apps\api\app\domain\policy_configuration.py:234: ValueError
___ test_receipt_original_links_action_decision_frozen_evidence_and_policy ____

    def test_receipt_original_links_action_decision_frozen_evidence_and_policy() -> None:
        evidence = original("EVIDENCE", source_type="USER_DECLARED", content={})
        policy = original("POLICY")
        version = original("POLICY_VERSION", policy_id=str(policy.id), evidence_ids=[str(evidence.id)])
        decision = original(
            "DECISION", policy_version_ids=[str(version.id)], evidence_ids=[str(evidence.id)]
        )
        action = original("ACTION", decision_run_id=str(decision.id), policy_version_id=str(version.id))
        receipt = original("RECEIPT", action_plan_id=str(action.id), executed_cents=200003)
>       result = graph([evidence, policy, version, decision, action, receipt], receipt)
                 ^^^^^^^^^^^^^^^^^^^^^^^^^^^^^^^^^^^^^^^^^^^^^^^^^^^^^^^^^^^^^^^^^^^^^^

apps\api\app\tests\test_full_evidence_graph.py:123: 
_ _ _ _ _ _ _ _ _ _ _ _ _ _ _ _ _ _ _ _ _ _ _ _ _ _ _ _ _ _ _ _ _ _ _ _ _ _ _ _
apps\api\app\tests\test_full_evidence_graph.py:71: in graph
    "inventory": inventories(rows),
                 ^^^^^^^^^^^^^^^^^
apps\api\app\tests\test_full_evidence_graph.py:56: in inventories
    captured_rows_hash=configuration_hash(originals),
                       ^^^^^^^^^^^^^^^^^^^^^^^^^^^^^
_ _ _ _ _ _ _ _ _ _ _ _ _ _ _ _ _ _ _ _ _ _ _ _ _ _ _ _ _ _ _ _ _ _ _ _ _ _ _ _

configuration = []

    def configuration_hash(configuration: dict[str, Any]) -> str:
        """Hash the provided JSON document; callers validate before confirming authority."""
        if not isinstance(configuration, dict):
>           raise ValueError("Configuration must be an object")
E           ValueError: Configuration must be an object

apps\api\app\domain\policy_configuration.py:234: ValueError
_ test_rehashed_foreign_owner_or_identity_never_enters_view[user_id-e25520ca-b263-4f68-9586-f5239a46626a] _

field = 'user_id', value = 'e25520ca-b263-4f68-9586-f5239a46626a'

    @pytest.mark.parametrize("field,value", [("user_id", str(uuid4())), ("id", str(uuid4()))])
    def test_rehashed_foreign_owner_or_identity_never_enters_view(field: str, value: str) -> None:
        account = original("ACCOUNT")
        transaction = original("TRANSACTION", account_id=str(account.id))
        bad = {**transaction.original, field: value}
        changed = transaction.model_copy(update={"original": bad, "row_hash": configuration_hash(bad)})
>       result = graph([account, changed], account)
                 ^^^^^^^^^^^^^^^^^^^^^^^^^^^^^^^^^^

apps\api\app\tests\test_full_evidence_graph.py:135: 
_ _ _ _ _ _ _ _ _ _ _ _ _ _ _ _ _ _ _ _ _ _ _ _ _ _ _ _ _ _ _ _ _ _ _ _ _ _ _ _
apps\api\app\tests\test_full_evidence_graph.py:71: in graph
    "inventory": inventories(rows),
                 ^^^^^^^^^^^^^^^^^
apps\api\app\tests\test_full_evidence_graph.py:56: in inventories
    captured_rows_hash=configuration_hash(originals),
                       ^^^^^^^^^^^^^^^^^^^^^^^^^^^^^
_ _ _ _ _ _ _ _ _ _ _ _ _ _ _ _ _ _ _ _ _ _ _ _ _ _ _ _ _ _ _ _ _ _ _ _ _ _ _ _

configuration = [{'id': '7d24f725-27c7-482f-9114-1ad613cf197c', 'created_at': '2026-10-06T00:00:00+00:00', 'user_id': '224429c8-07ea-4e9a-a140-c6d0c5994c42'}]

    def configuration_hash(configuration: dict[str, Any]) -> str:
        """Hash the provided JSON document; callers validate before confirming authority."""
        if not isinstance(configuration, dict):
>           raise ValueError("Configuration must be an object")
E           ValueError: Configuration must be an object

apps\api\app\domain\policy_configuration.py:234: ValueError
_ test_rehashed_foreign_owner_or_identity_never_enters_view[id-7803b596-4489-4a74-a942-fe33fa27c378] _

field = 'id', value = '7803b596-4489-4a74-a942-fe33fa27c378'

    @pytest.mark.parametrize("field,value", [("user_id", str(uuid4())), ("id", str(uuid4()))])
    def test_rehashed_foreign_owner_or_identity_never_enters_view(field: str, value: str) -> None:
        account = original("ACCOUNT")
        transaction = original("TRANSACTION", account_id=str(account.id))
        bad = {**transaction.original, field: value}
        changed = transaction.model_copy(update={"original": bad, "row_hash": configuration_hash(bad)})
>       result = graph([account, changed], account)
                 ^^^^^^^^^^^^^^^^^^^^^^^^^^^^^^^^^^

apps\api\app\tests\test_full_evidence_graph.py:135: 
_ _ _ _ _ _ _ _ _ _ _ _ _ _ _ _ _ _ _ _ _ _ _ _ _ _ _ _ _ _ _ _ _ _ _ _ _ _ _ _
apps\api\app\tests\test_full_evidence_graph.py:71: in graph
    "inventory": inventories(rows),
                 ^^^^^^^^^^^^^^^^^
apps\api\app\tests\test_full_evidence_graph.py:56: in inventories
    captured_rows_hash=configuration_hash(originals),
                       ^^^^^^^^^^^^^^^^^^^^^^^^^^^^^
_ _ _ _ _ _ _ _ _ _ _ _ _ _ _ _ _ _ _ _ _ _ _ _ _ _ _ _ _ _ _ _ _ _ _ _ _ _ _ _

configuration = [{'id': '8364054a-dd01-42d3-b0ed-04d8e95fe666', 'created_at': '2026-10-06T00:00:00+00:00', 'user_id': '224429c8-07ea-4e9a-a140-c6d0c5994c42'}]

    def configuration_hash(configuration: dict[str, Any]) -> str:
        """Hash the provided JSON document; callers validate before confirming authority."""
        if not isinstance(configuration, dict):
>           raise ValueError("Configuration must be an object")
E           ValueError: Configuration must be an object

apps\api\app\domain\policy_configuration.py:234: ValueError
___ test_missing_or_future_ref_is_unknown_and_not_taken_from_other_sources ____

    def test_missing_or_future_ref_is_unknown_and_not_taken_from_other_sources() -> None:
        decision = original("DECISION", evidence_ids=[str(uuid4())])
>       result = graph([decision], decision)
                 ^^^^^^^^^^^^^^^^^^^^^^^^^^^

apps\api\app\tests\test_full_evidence_graph.py:142: 
_ _ _ _ _ _ _ _ _ _ _ _ _ _ _ _ _ _ _ _ _ _ _ _ _ _ _ _ _ _ _ _ _ _ _ _ _ _ _ _
apps\api\app\tests\test_full_evidence_graph.py:71: in graph
    "inventory": inventories(rows),
                 ^^^^^^^^^^^^^^^^^
apps\api\app\tests\test_full_evidence_graph.py:56: in inventories
    captured_rows_hash=configuration_hash(originals),
                       ^^^^^^^^^^^^^^^^^^^^^^^^^^^^^
_ _ _ _ _ _ _ _ _ _ _ _ _ _ _ _ _ _ _ _ _ _ _ _ _ _ _ _ _ _ _ _ _ _ _ _ _ _ _ _

configuration = []

    def configuration_hash(configuration: dict[str, Any]) -> str:
        """Hash the provided JSON document; callers validate before confirming authority."""
        if not isinstance(configuration, dict):
>           raise ValueError("Configuration must be an object")
E           ValueError: Configuration must be an object

apps\api\app\domain\policy_configuration.py:234: ValueError
______ test_duplicate_and_missing_table_inventory_cannot_claim_complete _______

    def test_duplicate_and_missing_table_inventory_cannot_claim_complete() -> None:
        root = original("ACCOUNT")
>       inventory = inventories([root])
                    ^^^^^^^^^^^^^^^^^^^

apps\api\app\tests\test_full_evidence_graph.py:152: 
_ _ _ _ _ _ _ _ _ _ _ _ _ _ _ _ _ _ _ _ _ _ _ _ _ _ _ _ _ _ _ _ _ _ _ _ _ _ _ _
apps\api\app\tests\test_full_evidence_graph.py:56: in inventories
    captured_rows_hash=configuration_hash(originals),
                       ^^^^^^^^^^^^^^^^^^^^^^^^^^^^^
_ _ _ _ _ _ _ _ _ _ _ _ _ _ _ _ _ _ _ _ _ _ _ _ _ _ _ _ _ _ _ _ _ _ _ _ _ _ _ _

configuration = [{'id': '0763dea3-b1b7-4d1c-938e-4b101703c6ba', 'created_at': '2026-10-06T00:00:00+00:00', 'user_id': '224429c8-07ea-4e9a-a140-c6d0c5994c42'}]

    def configuration_hash(configuration: dict[str, Any]) -> str:
        """Hash the provided JSON document; callers validate before confirming authority."""
        if not isinstance(configuration, dict):
>           raise ValueError("Configuration must be an object")
E           ValueError: Configuration must be an object

apps\api\app\domain\policy_configuration.py:234: ValueError
__________ test_capacity_keeps_real_table_and_reachable_denominator ___________

monkeypatch = <_pytest.monkeypatch.MonkeyPatch object at 0x000001EEF3BC7B00>

    def test_capacity_keeps_real_table_and_reachable_denominator(
        monkeypatch: pytest.MonkeyPatch,
    ) -> None:
        import app.domain.full_evidence_graph as domain
    
        root = original("ACCOUNT")
        transactions = [original("TRANSACTION", account_id=str(root.id)) for _ in range(3)]
        monkeypatch.setattr(domain, "MAX_NODES", 2)
>       result = graph([root, *transactions], root)
                 ^^^^^^^^^^^^^^^^^^^^^^^^^^^^^^^^^^

apps\api\app\tests\test_full_evidence_graph.py:166: 
_ _ _ _ _ _ _ _ _ _ _ _ _ _ _ _ _ _ _ _ _ _ _ _ _ _ _ _ _ _ _ _ _ _ _ _ _ _ _ _
apps\api\app\tests\test_full_evidence_graph.py:71: in graph
    "inventory": inventories(rows),
                 ^^^^^^^^^^^^^^^^^
apps\api\app\tests\test_full_evidence_graph.py:56: in inventories
    captured_rows_hash=configuration_hash(originals),
                       ^^^^^^^^^^^^^^^^^^^^^^^^^^^^^
_ _ _ _ _ _ _ _ _ _ _ _ _ _ _ _ _ _ _ _ _ _ _ _ _ _ _ _ _ _ _ _ _ _ _ _ _ _ _ _

configuration = [{'id': '1674a0dc-b638-4d1e-9e01-0c36617bb6a0', 'created_at': '2026-10-06T00:00:00+00:00', 'user_id': '224429c8-07ea-4e9a-a140-c6d0c5994c42'}]

    def configuration_hash(configuration: dict[str, Any]) -> str:
        """Hash the provided JSON document; callers validate before confirming authority."""
        if not isinstance(configuration, dict):
>           raise ValueError("Configuration must be an object")
E           ValueError: Configuration must be an object

apps\api\app\domain\policy_configuration.py:234: ValueError
___ test_historical_mutable_content_is_not_current_balance_disguised_as_old ___

    def test_historical_mutable_content_is_not_current_balance_disguised_as_old() -> None:
        root = original("ACCOUNT", balance_cents=999999)
>       result = graph([root], root, now=AT + timedelta(days=1))
                 ^^^^^^^^^^^^^^^^^^^^^^^^^^^^^^^^^^^^^^^^^^^^^^^

apps\api\app\tests\test_full_evidence_graph.py:176: 
_ _ _ _ _ _ _ _ _ _ _ _ _ _ _ _ _ _ _ _ _ _ _ _ _ _ _ _ _ _ _ _ _ _ _ _ _ _ _ _
apps\api\app\tests\test_full_evidence_graph.py:71: in graph
    "inventory": inventories(rows),
                 ^^^^^^^^^^^^^^^^^
apps\api\app\tests\test_full_evidence_graph.py:56: in inventories
    captured_rows_hash=configuration_hash(originals),
                       ^^^^^^^^^^^^^^^^^^^^^^^^^^^^^
_ _ _ _ _ _ _ _ _ _ _ _ _ _ _ _ _ _ _ _ _ _ _ _ _ _ _ _ _ _ _ _ _ _ _ _ _ _ _ _

configuration = [{'id': '25431ec3-5e1c-4df8-9968-de3500c8ca61', 'created_at': '2026-10-06T00:00:00+00:00', 'balance_cents': 999999, 'user_id': '224429c8-07ea-4e9a-a140-c6d0c5994c42'}]

    def configuration_hash(configuration: dict[str, Any]) -> str:
        """Hash the provided JSON document; callers validate before confirming authority."""
        if not isinstance(configuration, dict):
>           raise ValueError("Configuration must be an object")
E           ValueError: Configuration must be an object

apps\api\app\domain\policy_configuration.py:234: ValueError
_ test_full_goal_model_root_is_real_evidence_alias_not_guessed_goal_attributes _

    def test_full_goal_model_root_is_real_evidence_alias_not_guessed_goal_attributes() -> None:
        goal = original("GOAL")
        model = original(
            "EVIDENCE", source_type="FULL_GOAL_MODEL_V1", content={"goal_id": str(goal.id)}
        )
>       result = graph([goal, model], model, root_kind=cast(GraphRootKind, "FULL_GOAL_MODEL"))
                 ^^^^^^^^^^^^^^^^^^^^^^^^^^^^^^^^^^^^^^^^^^^^^^^^^^^^^^^^^^^^^^^^^^^^^^^^^^^^^

apps\api\app\tests\test_full_evidence_graph.py:189: 
_ _ _ _ _ _ _ _ _ _ _ _ _ _ _ _ _ _ _ _ _ _ _ _ _ _ _ _ _ _ _ _ _ _ _ _ _ _ _ _
apps\api\app\tests\test_full_evidence_graph.py:71: in graph
    "inventory": inventories(rows),
                 ^^^^^^^^^^^^^^^^^
apps\api\app\tests\test_full_evidence_graph.py:56: in inventories
    captured_rows_hash=configuration_hash(originals),
                       ^^^^^^^^^^^^^^^^^^^^^^^^^^^^^
_ _ _ _ _ _ _ _ _ _ _ _ _ _ _ _ _ _ _ _ _ _ _ _ _ _ _ _ _ _ _ _ _ _ _ _ _ _ _ _

configuration = []

    def configuration_hash(configuration: dict[str, Any]) -> str:
        """Hash the provided JSON document; callers validate before confirming authority."""
        if not isinstance(configuration, dict):
>           raise ValueError("Configuration must be an object")
E           ValueError: Configuration must be an object

apps\api\app\domain\policy_configuration.py:234: ValueError
________ test_shared_product_explicit_scope_does_not_grant_permission _________

    def test_shared_product_explicit_scope_does_not_grant_permission() -> None:
        product = original("PRODUCT", risk_level=1)
        position = original("POSITION", product_id=str(product.id))
>       result = graph([product, position], product)
                 ^^^^^^^^^^^^^^^^^^^^^^^^^^^^^^^^^^^

apps\api\app\tests\test_full_evidence_graph.py:199: 
_ _ _ _ _ _ _ _ _ _ _ _ _ _ _ _ _ _ _ _ _ _ _ _ _ _ _ _ _ _ _ _ _ _ _ _ _ _ _ _
apps\api\app\tests\test_full_evidence_graph.py:71: in graph
    "inventory": inventories(rows),
                 ^^^^^^^^^^^^^^^^^
apps\api\app\tests\test_full_evidence_graph.py:56: in inventories
    captured_rows_hash=configuration_hash(originals),
                       ^^^^^^^^^^^^^^^^^^^^^^^^^^^^^
_ _ _ _ _ _ _ _ _ _ _ _ _ _ _ _ _ _ _ _ _ _ _ _ _ _ _ _ _ _ _ _ _ _ _ _ _ _ _ _

configuration = []

    def configuration_hash(configuration: dict[str, Any]) -> str:
        """Hash the provided JSON document; callers validate before confirming authority."""
        if not isinstance(configuration, dict):
>           raise ValueError("Configuration must be an object")
E           ValueError: Configuration must be an object

apps\api\app\domain\policy_configuration.py:234: ValueError
_ test_unknown_integrity_is_visible_and_zero_never_substitutes_missing_proof __

    def test_unknown_integrity_is_visible_and_zero_never_substitutes_missing_proof() -> None:
        root = original("ACCOUNT", balance_cents=0)
        missing = INTEGRITY.model_copy(update={"state": "UNKNOWN", "detail": "missing bank original"})
>       result = graph([root], root, bank=missing)
                 ^^^^^^^^^^^^^^^^^^^^^^^^^^^^^^^^^

apps\api\app\tests\test_full_evidence_graph.py:222: 
_ _ _ _ _ _ _ _ _ _ _ _ _ _ _ _ _ _ _ _ _ _ _ _ _ _ _ _ _ _ _ _ _ _ _ _ _ _ _ _
apps\api\app\tests\test_full_evidence_graph.py:71: in graph
    "inventory": inventories(rows),
                 ^^^^^^^^^^^^^^^^^
apps\api\app\tests\test_full_evidence_graph.py:56: in inventories
    captured_rows_hash=configuration_hash(originals),
                       ^^^^^^^^^^^^^^^^^^^^^^^^^^^^^
_ _ _ _ _ _ _ _ _ _ _ _ _ _ _ _ _ _ _ _ _ _ _ _ _ _ _ _ _ _ _ _ _ _ _ _ _ _ _ _

configuration = [{'id': '379e1a27-4cef-4bb1-8376-42a4701432c0', 'created_at': '2026-10-06T00:00:00+00:00', 'balance_cents': 0, 'user_id': '224429c8-07ea-4e9a-a140-c6d0c5994c42'}]

    def configuration_hash(configuration: dict[str, Any]) -> str:
        """Hash the provided JSON document; callers validate before confirming authority."""
        if not isinstance(configuration, dict):
>           raise ValueError("Configuration must be an object")
E           ValueError: Configuration must be an object

apps\api\app\domain\policy_configuration.py:234: ValueError
___ test_inventory_counts_and_flags_remain_strict[actual_owned_count-True] ____

field = 'actual_owned_count', value = True

    @pytest.mark.parametrize(
        "field,value", [("actual_owned_count", True), ("known_count", 1.0), ("complete", 1)]
    )
    def test_inventory_counts_and_flags_remain_strict(field: str, value: object) -> None:
>       fields = inventories([])[0].model_dump(mode="python")
                 ^^^^^^^^^^^^^^^

apps\api\app\tests\test_full_evidence_graph.py:231: 
_ _ _ _ _ _ _ _ _ _ _ _ _ _ _ _ _ _ _ _ _ _ _ _ _ _ _ _ _ _ _ _ _ _ _ _ _ _ _ _
apps\api\app\tests\test_full_evidence_graph.py:56: in inventories
    captured_rows_hash=configuration_hash(originals),
                       ^^^^^^^^^^^^^^^^^^^^^^^^^^^^^
_ _ _ _ _ _ _ _ _ _ _ _ _ _ _ _ _ _ _ _ _ _ _ _ _ _ _ _ _ _ _ _ _ _ _ _ _ _ _ _

configuration = []

    def configuration_hash(configuration: dict[str, Any]) -> str:
        """Hash the provided JSON document; callers validate before confirming authority."""
        if not isinstance(configuration, dict):
>           raise ValueError("Configuration must be an object")
E           ValueError: Configuration must be an object

apps\api\app\domain\policy_configuration.py:234: ValueError
_______ test_inventory_counts_and_flags_remain_strict[known_count-1.0] ________

field = 'known_count', value = 1.0

    @pytest.mark.parametrize(
        "field,value", [("actual_owned_count", True), ("known_count", 1.0), ("complete", 1)]
    )
    def test_inventory_counts_and_flags_remain_strict(field: str, value: object) -> None:
>       fields = inventories([])[0].model_dump(mode="python")
                 ^^^^^^^^^^^^^^^

apps\api\app\tests\test_full_evidence_graph.py:231: 
_ _ _ _ _ _ _ _ _ _ _ _ _ _ _ _ _ _ _ _ _ _ _ _ _ _ _ _ _ _ _ _ _ _ _ _ _ _ _ _
apps\api\app\tests\test_full_evidence_graph.py:56: in inventories
    captured_rows_hash=configuration_hash(originals),
                       ^^^^^^^^^^^^^^^^^^^^^^^^^^^^^
_ _ _ _ _ _ _ _ _ _ _ _ _ _ _ _ _ _ _ _ _ _ _ _ _ _ _ _ _ _ _ _ _ _ _ _ _ _ _ _

configuration = []

    def configuration_hash(configuration: dict[str, Any]) -> str:
        """Hash the provided JSON document; callers validate before confirming authority."""
        if not isinstance(configuration, dict):
>           raise ValueError("Configuration must be an object")
E           ValueError: Configuration must be an object

apps\api\app\domain\policy_configuration.py:234: ValueError
__________ test_inventory_counts_and_flags_remain_strict[complete-1] __________

field = 'complete', value = 1

    @pytest.mark.parametrize(
        "field,value", [("actual_owned_count", True), ("known_count", 1.0), ("complete", 1)]
    )
    def test_inventory_counts_and_flags_remain_strict(field: str, value: object) -> None:
>       fields = inventories([])[0].model_dump(mode="python")
                 ^^^^^^^^^^^^^^^

apps\api\app\tests\test_full_evidence_graph.py:231: 
_ _ _ _ _ _ _ _ _ _ _ _ _ _ _ _ _ _ _ _ _ _ _ _ _ _ _ _ _ _ _ _ _ _ _ _ _ _ _ _
apps\api\app\tests\test_full_evidence_graph.py:56: in inventories
    captured_rows_hash=configuration_hash(originals),
                       ^^^^^^^^^^^^^^^^^^^^^^^^^^^^^
_ _ _ _ _ _ _ _ _ _ _ _ _ _ _ _ _ _ _ _ _ _ _ _ _ _ _ _ _ _ _ _ _ _ _ _ _ _ _ _

configuration = []

    def configuration_hash(configuration: dict[str, Any]) -> str:
        """Hash the provided JSON document; callers validate before confirming authority."""
        if not isinstance(configuration, dict):
>           raise ValueError("Configuration must be an object")
E           ValueError: Configuration must be an object

apps\api\app\domain\policy_configuration.py:234: ValueError
______ test_arbitrary_json_uuid_and_authority_claims_do_not_create_edges ______

    def test_arbitrary_json_uuid_and_authority_claims_do_not_create_edges() -> None:
        evidence = original(
            "EVIDENCE",
            source_type="MODEL_INFERRED",
            content={"bank_operation_id": str(uuid4()), "success": True, "bank_authority": True},
        )
        refs, issues = persisted_references([evidence])
        assert refs == [] and issues == []
>       assert graph([evidence], evidence).nodes[0].proof.state == "NOT_CHECKED"
               ^^^^^^^^^^^^^^^^^^^^^^^^^^^

apps\api\app\tests\test_full_evidence_graph.py:286: 
_ _ _ _ _ _ _ _ _ _ _ _ _ _ _ _ _ _ _ _ _ _ _ _ _ _ _ _ _ _ _ _ _ _ _ _ _ _ _ _
apps\api\app\tests\test_full_evidence_graph.py:71: in graph
    "inventory": inventories(rows),
                 ^^^^^^^^^^^^^^^^^
apps\api\app\tests\test_full_evidence_graph.py:56: in inventories
    captured_rows_hash=configuration_hash(originals),
                       ^^^^^^^^^^^^^^^^^^^^^^^^^^^^^
_ _ _ _ _ _ _ _ _ _ _ _ _ _ _ _ _ _ _ _ _ _ _ _ _ _ _ _ _ _ _ _ _ _ _ _ _ _ _ _

configuration = []

    def configuration_hash(configuration: dict[str, Any]) -> str:
        """Hash the provided JSON document; callers validate before confirming authority."""
        if not isinstance(configuration, dict):
>           raise ValueError("Configuration must be an object")
E           ValueError: Configuration must be an object

apps\api\app\domain\policy_configuration.py:234: ValueError
__________ test_actual_json_response_has_navigation_and_no_authority __________

client = <starlette.testclient.TestClient object at 0x000001EEEF89CE00>

    def test_actual_json_response_has_navigation_and_no_authority(client: TestClient) -> None:
>       response = client.get(PATH)
                   ^^^^^^^^^^^^^^^^

apps\api\app\tests\test_full_evidence_graph_api.py:42: 
_ _ _ _ _ _ _ _ _ _ _ _ _ _ _ _ _ _ _ _ _ _ _ _ _ _ _ _ _ _ _ _ _ _ _ _ _ _ _ _
.venv\Lib\site-packages\httpx\_client.py:1053: in get
    return self.request(
.venv\Lib\site-packages\starlette\testclient.py:463: in request
    return super().request(
.venv\Lib\site-packages\httpx\_client.py:825: in request
    return self.send(request, auth=auth, follow_redirects=follow_redirects)
           ^^^^^^^^^^^^^^^^^^^^^^^^^^^^^^^^^^^^^^^^^^^^^^^^^^^^^^^^^^^^^^^^
.venv\Lib\site-packages\httpx\_client.py:914: in send
    response = self._send_handling_auth(
.venv\Lib\site-packages\httpx\_client.py:942: in _send_handling_auth
    response = self._send_handling_redirects(
.venv\Lib\site-packages\httpx\_client.py:979: in _send_handling_redirects
    response = self._send_single_request(request)
               ^^^^^^^^^^^^^^^^^^^^^^^^^^^^^^^^^^
.venv\Lib\site-packages\httpx\_client.py:1014: in _send_single_request
    response = transport.handle_request(request)
               ^^^^^^^^^^^^^^^^^^^^^^^^^^^^^^^^^
.venv\Lib\site-packages\starlette\testclient.py:360: in handle_request
    raise exc
.venv\Lib\site-packages\starlette\testclient.py:357: in handle_request
    portal.call(self.app, scope, receive, send)
.venv\Lib\site-packages\anyio\from_thread.py:340: in call
    return cast(T_Retval, self.start_task_soon(func, *args).result())
                          ^^^^^^^^^^^^^^^^^^^^^^^^^^^^^^^^^^^^^^^^^^
C:\Users\starryzac\AppData\Local\Programs\Python\Python312\Lib\concurrent\futures\_base.py:456: in result
    return self.__get_result()
           ^^^^^^^^^^^^^^^^^^^
C:\Users\starryzac\AppData\Local\Programs\Python\Python312\Lib\concurrent\futures\_base.py:401: in __get_result
    raise self._exception
.venv\Lib\site-packages\anyio\from_thread.py:265: in _call_func
    retval = await retval_or_awaitable
             ^^^^^^^^^^^^^^^^^^^^^^^^^
.venv\Lib\site-packages\fastapi\applications.py:1215: in __call__
    await super().__call__(scope, receive, send)
.venv\Lib\site-packages\starlette\applications.py:96: in __call__
    await self.middleware_stack(scope, receive, send)
.venv\Lib\site-packages\starlette\middleware\errors.py:186: in __call__
    raise exc
.venv\Lib\site-packages\starlette\middleware\errors.py:164: in __call__
    await self.app(scope, receive, _send)
.venv\Lib\site-packages\fastapi\telemetry\_asgi.py:151: in __call__
    await self.app(scope, receive, send)
.venv\Lib\site-packages\starlette\middleware\exceptions.py:63: in __call__
    await wrap_app_handling_exceptions(self.app, conn)(scope, receive, send)
.venv\Lib\site-packages\starlette\_exception_handler.py:53: in wrapped_app
    raise exc
.venv\Lib\site-packages\starlette\_exception_handler.py:42: in wrapped_app
    await app(scope, receive, sender)
.venv\Lib\site-packages\fastapi\middleware\asyncexitstack.py:18: in __call__
    await self.app(scope, receive, send)
.venv\Lib\site-packages\starlette\routing.py:676: in __call__
    await self.middleware_stack(scope, receive, send)
.venv\Lib\site-packages\fastapi\routing.py:2786: in app
    await route.handle(scope, receive, send)
.venv\Lib\site-packages\fastapi\routing.py:1817: in handle
    await self.original_router.handle(scope, receive, send)
.venv\Lib\site-packages\fastapi\routing.py:2869: in handle
    await included_router._handle_selected(scope, receive, send)
.venv\Lib\site-packages\fastapi\routing.py:1843: in _handle_selected
    await original_route.handle(scope, receive, send)
.venv\Lib\site-packages\fastapi\routing.py:1308: in handle
    await effective_context.app(scope, receive, send)
.venv\Lib\site-packages\fastapi\routing.py:165: in app
    await wrap_app_handling_exceptions(app, request)(scope, receive, send)
.venv\Lib\site-packages\starlette\_exception_handler.py:53: in wrapped_app
    raise exc
.venv\Lib\site-packages\starlette\_exception_handler.py:42: in wrapped_app
    await app(scope, receive, sender)
.venv\Lib\site-packages\fastapi\routing.py:151: in app
    response = await f(request)
               ^^^^^^^^^^^^^^^^
.venv\Lib\site-packages\fastapi\routing.py:727: in app
    raw_response = await run_endpoint_function(
.venv\Lib\site-packages\fastapi\routing.py:362: in run_endpoint_function
    return await run_in_threadpool(
.venv\Lib\site-packages\starlette\concurrency.py:34: in run_in_threadpool
    return await anyio.to_thread.run_sync(func)
           ^^^^^^^^^^^^^^^^^^^^^^^^^^^^^^^^^^^^
.venv\Lib\site-packages\anyio\to_thread.py:65: in run_sync
    return await get_async_backend().run_sync_in_worker_thread(
.venv\Lib\site-packages\anyio\_backends\_asyncio.py:2706: in run_sync_in_worker_thread
    return await future
           ^^^^^^^^^^^^
.venv\Lib\site-packages\anyio\_backends\_asyncio.py:1100: in run
    result = context.run(func, *args)
             ^^^^^^^^^^^^^^^^^^^^^^^^
.venv\Lib\site-packages\fastapi\telemetry\_api.py:240: in _run_sync_endpoint
    return function(**arguments)
           ^^^^^^^^^^^^^^^^^^^^^
apps\api\app\api\v1\full_evidence_graph.py:29: in get_full_evidence_graph
    return full_evidence_graph(session, user.id, kind, identity, known_at or now, now)
           ^^^^^^^^^^^^^^^^^^^^^^^^^^^^^^^^^^^^^^^^^^^^^^^^^^^^^^^^^^^^^^^^^^^^^^^^^^^
apps\api\app\tests\test_full_evidence_graph_api.py:31: in view
    return graph([ROOT], ROOT)
           ^^^^^^^^^^^^^^^^^^^
apps\api\app\tests\test_full_evidence_graph.py:71: in graph
    "inventory": inventories(rows),
                 ^^^^^^^^^^^^^^^^^
apps\api\app\tests\test_full_evidence_graph.py:56: in inventories
    captured_rows_hash=configuration_hash(originals),
                       ^^^^^^^^^^^^^^^^^^^^^^^^^^^^^
_ _ _ _ _ _ _ _ _ _ _ _ _ _ _ _ _ _ _ _ _ _ _ _ _ _ _ _ _ _ _ _ _ _ _ _ _ _ _ _

configuration = [{'id': 'bae81dd3-c3a8-43e6-ba5a-4059dced306c', 'created_at': '2026-10-06T00:00:00+00:00', 'balance_cents': 177013, 'user_id': '2f8cf3f1-73df-422c-8e06-8273f44c6c68'}]

    def configuration_hash(configuration: dict[str, Any]) -> str:
        """Hash the provided JSON document; callers validate before confirming authority."""
        if not isinstance(configuration, dict):
>           raise ValueError("Configuration must be an object")
E           ValueError: Configuration must be an object

apps\api\app\domain\policy_configuration.py:234: ValueError
============================== warnings summary ===============================
.venv\Lib\site-packages\fastapi\testclient.py:1
  F:\学校活动\工行杯\钱途有界\bounded-funds\.venv\Lib\site-packages\fastapi\testclient.py:1: StarletteDeprecationWarning: Using `httpx` with `starlette.testclient` is deprecated; install `httpx2` instead.
    from starlette.testclient import TestClient as TestClient  # noqa

-- Docs: https://docs.pytest.org/en/stable/how-to/capture-warnings.html
=========================== short test summary info ===========================
FAILED apps/api/app/tests/test_full_evidence_graph.py::test_real_fk_navigation_in_both_directions_keeps_cash_and_ownership_distinct
FAILED apps/api/app/tests/test_full_evidence_graph.py::test_receipt_original_links_action_decision_frozen_evidence_and_policy
FAILED apps/api/app/tests/test_full_evidence_graph.py::test_rehashed_foreign_owner_or_identity_never_enters_view[user_id-e25520ca-b263-4f68-9586-f5239a46626a]
FAILED apps/api/app/tests/test_full_evidence_graph.py::test_rehashed_foreign_owner_or_identity_never_enters_view[id-7803b596-4489-4a74-a942-fe33fa27c378]
FAILED apps/api/app/tests/test_full_evidence_graph.py::test_missing_or_future_ref_is_unknown_and_not_taken_from_other_sources
FAILED apps/api/app/tests/test_full_evidence_graph.py::test_duplicate_and_missing_table_inventory_cannot_claim_complete
FAILED apps/api/app/tests/test_full_evidence_graph.py::test_capacity_keeps_real_table_and_reachable_denominator
FAILED apps/api/app/tests/test_full_evidence_graph.py::test_historical_mutable_content_is_not_current_balance_disguised_as_old
FAILED apps/api/app/tests/test_full_evidence_graph.py::test_full_goal_model_root_is_real_evidence_alias_not_guessed_goal_attributes
FAILED apps/api/app/tests/test_full_evidence_graph.py::test_shared_product_explicit_scope_does_not_grant_permission
FAILED apps/api/app/tests/test_full_evidence_graph.py::test_unknown_integrity_is_visible_and_zero_never_substitutes_missing_proof
FAILED apps/api/app/tests/test_full_evidence_graph.py::test_inventory_counts_and_flags_remain_strict[actual_owned_count-True]
FAILED apps/api/app/tests/test_full_evidence_graph.py::test_inventory_counts_and_flags_remain_strict[known_count-1.0]
FAILED apps/api/app/tests/test_full_evidence_graph.py::test_inventory_counts_and_flags_remain_strict[complete-1]
FAILED apps/api/app/tests/test_full_evidence_graph.py::test_arbitrary_json_uuid_and_authority_claims_do_not_create_edges
FAILED apps/api/app/tests/test_full_evidence_graph_api.py::test_actual_json_response_has_navigation_and_no_authority
16 failed, 8 passed, 1 warning in 5.53s
