E501 Line too long (106 > 100)
  --> apps\api\app\tests\test_full_policy_schema.py:18:101
   |
17 | ROOT = Path(__file__).resolve().parents[4]
18 | FULL_TABLES = {FullPolicy.__tablename__, FullPolicyVersion.__tablename__, FullPolicyCommand.__tablename__}
   |                                                                                                     ^^^^^^

E501 Line too long (102 > 100)
  --> apps\api\app\tests\test_full_policy_schema.py:51:101
   |
49 |             command.upgrade(config, "0009_full_policy_lifecycle")
50 |             after = physical_originals(engine)
51 |             assert {name: value for name, value in after.items() if name not in FULL_TABLES} == before
   |                                                                                                     ^^
52 |             assert len(after) == 29 and all(after[name] == [] for name in FULL_TABLES)
53 |             assert set(inspect(engine).get_table_names()) == set(Base.metadata.tables) | {
   |

E501 Line too long (101 > 100)
  --> apps\api\app\tests\test_full_policy_schema.py:70:101
   |
68 |                 )
69 |                 assert triggers == {
70 |                     "full_policy_identity", "full_policy_retained", "full_policy_versions_immutable",
   |                                                                                                     ^
71 |                     "full_policy_commands_immutable",
72 |                 }
   |

Found 3 errors.
