
 RUN  v3.2.4 F:/学校活动/工行杯/钱途有界/bounded-funds/apps/web

 ✓ src/pages/FullProductsPage.test.tsx (5 tests) 1432ms
   ✓ 真实目录原字段/历史筛选、未知持仓日期与未实现续期可见；初始无资金或规划写入  489ms
   ✓ 原报价整数损失和有效期、ASK_ONCE与无损条件分开显示；不生成新报价或确认  317ms
 ✓ src/components/FullPoliciesPanel.test.tsx (10 tests) 1714ms
   ✓ 完整列表/版本/原命令只读加载，历史和未实现执行边界可见且无POST  357ms
 ✓ src/App.full-consumers.test.tsx (1 test) 694ms
   ✓ 资产原请求跨页阻挡新策略和重置，列表失败不阻原GET，NOT_FOUND不放行  693ms
 ✓ src/App.cash-release.test.tsx (2 tests) 952ms
   ✓ 原现金回拨跨页挡新写和reset，列表外GET保留NOT_FOUND并完整原回执才解门  681ms
 ✓ src/App.test.tsx (23 tests) 6999ms
   ✓ 引导、目标及问答原请求刷新恢复后阻挡其他资金写入，自身只读核对入口保持可达  904ms
   ✓ 问答原键待核对阻挡其他族写入，自身原键GET和资金总览仍可达  676ms
   ✓ 分类原请求阻挡问答与资金写入，自己的原键GET完整匹配才解门  546ms
   ✓ 十五个页面导航实际切换，介入与场景模拟可达并保留原演示入口  1201ms
   ✓ 通知原请求待核对阻挡其他变更，自身GET与只读模拟器保持可达  768ms
   ✓ 专用授权原确认跨页暂停其他写入，列表外原键只读核对仍可达  458ms
   ✓ 刷新整体替换快照，保留目标归属交叉说明与审计范围  306ms

 Test Files  5 passed (5)
      Tests  41 passed (41)
   Start at  05:37:00
   Duration  13.80s (transform 5.09s, setup 2.86s, collect 17.42s, tests 11.79s, environment 6.60s, prepare 1.82s)

