{
  "status": "SELECTED_NOT_RUN",
  "executed": false,
  "changed_files": [
    "apps/api/app/services/audit_chain.py",
    "apps/api/app/services/decision_trace.py",
    "apps/api/app/services/execution_projection.py",
    "apps/api/app/services/historical_read.py",
    "apps/api/app/services/recovery_receipt_integrity.py",
    "apps/api/app/services/simulated_bank.py",
    "docs/spec/full-delta-map.yaml",
    "scripts/benchmark_reads.py",
    "scripts/generate_openapi.py",
    "scripts/tasks.py"
  ],
  "stage_order": [
    "quick_static",
    "quick_pure",
    "integration_pg",
    "benchmark"
  ],
  "stages": {
    "quick_static": [
      "python -m ruff check apps/api/app/services/audit_chain.py apps/api/app/services/decision_trace.py apps/api/app/services/execution_projection.py apps/api/app/services/historical_read.py apps/api/app/services/recovery_receipt_integrity.py apps/api/app/services/simulated_bank.py scripts/benchmark_reads.py scripts/generate_openapi.py scripts/tasks.py",
      "python -m ruff format --check apps/api/app/services/audit_chain.py apps/api/app/services/decision_trace.py apps/api/app/services/execution_projection.py apps/api/app/services/historical_read.py apps/api/app/services/recovery_receipt_integrity.py apps/api/app/services/simulated_bank.py scripts/benchmark_reads.py scripts/generate_openapi.py scripts/tasks.py",
      "python scripts/verify_full_delta_map.py",
      "python -m mypy apps/api/app/services/audit_chain.py apps/api/app/services/decision_trace.py apps/api/app/services/execution_projection.py apps/api/app/services/historical_read.py apps/api/app/services/recovery_receipt_integrity.py apps/api/app/services/simulated_bank.py"
    ],
    "quick_pure": [
      "apps/api/app/tests/test_audit_subject_encoding.py",
      "apps/api/app/tests/test_audit_chain_domain.py",
      "apps/api/app/tests/test_task_orchestration.py",
      "apps/api/app/tests/test_benchmark_reads.py"
    ],
    "integration_pg": [
      "apps/api/app/tests/test_historical_read.py::test_one_rr_readonly_scope_verifies_once_and_separate_scope_verifies_again",
      "apps/api/app/tests/test_historical_read.py::test_read_committed_and_write_transactions_never_reuse_ledger_verification",
      "apps/api/app/tests/test_historical_read.py::test_pending_new_dirty_and_deleted_objects_invalidate_reuse_without_flushing",
      "apps/api/app/tests/test_historical_read.py::test_session_transaction_and_nested_boundaries_never_reuse_another_snapshot",
      "apps/api/app/tests/test_historical_read.py::test_exception_closes_scope_and_cannot_leave_a_verified_request_context",
      "apps/api/app/tests/test_historical_read.py::test_next_request_rejects_nonhead_tampering_even_when_all_ledger_heads_are_unchanged",
      "apps/api/app/tests/test_historical_read.py::test_in_place_nonhead_metadata_mutation_invalidates_same_request_ledger_result",
      "apps/api/app/tests/test_decision_readonly_transaction.py::test_history_and_receipt_gets_are_readonly_before_the_first_user_select",
      "apps/api/app/tests/test_decision_readonly_transaction.py::test_history_errors_discard_previous_success_and_never_repair_or_make_commands_readonly",
      "apps/api/app/tests/test_decision_trace_audit.py::test_public_original_decision_and_explanation_are_readonly",
      "apps/api/app/tests/test_decision_trace_audit.py::test_original_source_rehash_cannot_rewrite_recorded_decision",
      "apps/api/app/tests/test_decision_trace_audit.py::test_cross_user_history_is_404_and_does_not_touch_any_business_table",
      "apps/api/app/tests/test_decision_trace_audit.py::test_legal_source_supersession_keeps_frozen_trace_and_explanation",
      "apps/api/app/tests/test_decision_trace_audit.py::test_constraint_projection_corruption_is_rejected_without_repair",
      "apps/api/app/tests/test_decision_trace_audit.py::test_receipt_links_all_fresh_phases_and_keeps_original_ask_source",
      "apps/api/app/tests/test_decision_trace_audit.py::test_t1_history_get_preserves_waiting_cash_and_does_not_settle_revoked_action",
      "apps/api/app/tests/test_decision_trace_audit.py::test_unknown_lost_response_keeps_original_committed_bank_trace_on_retry",
      "apps/api/app/tests/test_execution_receipt_integrity.py::test_completed_receipt_read_and_replay_reject_tampered_bank_evidence",
      "apps/api/app/tests/test_recovery_receipt_integrity.py::test_unflushed_immutable_bank_objects_are_checked_without_autoflush",
      "apps/api/app/tests/test_audit_storage.py::test_open_missing_original_fails_but_lifecycle_and_sealed_reset_remain_valid",
      "apps/api/app/tests/test_audit_storage.py::test_verification_refuses_budget_before_loading_original_text",
      "apps/api/app/tests/test_audit_api.py::test_audit_verify_uses_real_repeatable_read_and_read_only_transaction",
      "apps/api/app/tests/test_execution_api.py::test_http_preparation_confirmation_execution_and_receipt_roundtrip",
      "apps/api/app/tests/test_audit_storage.py::test_first_epoch_has_real_genesis_and_repeat_is_readonly",
      "apps/api/app/tests/test_audit_storage.py::test_sql_insert_cannot_omit_hashed_required_tenant_header",
      "apps/api/app/tests/test_audit_storage.py::test_ordinary_owner_dml_cannot_rewrite_or_remove_history",
      "apps/api/app/tests/test_audit_storage.py::test_reading_absent_chain_is_unaudited_and_has_no_writes",
      "apps/api/app/tests/test_audit_storage.py::test_real_nonowner_role_cannot_bypass_append_only_triggers",
      "apps/api/app/tests/test_audit_storage.py::test_retry_checks_actual_stored_columns_and_never_repairs_them"
    ],
    "benchmark": [
      "Same source/data: short-seeded, mvp401-long-chain, expanded-fixed-history; baseline and candidate wall-clock passes separated from counters/profile."
    ]
  },
  "quick_static_argv": [
    [
      "python",
      "-m",
      "ruff",
      "check",
      "apps/api/app/services/audit_chain.py",
      "apps/api/app/services/decision_trace.py",
      "apps/api/app/services/execution_projection.py",
      "apps/api/app/services/historical_read.py",
      "apps/api/app/services/recovery_receipt_integrity.py",
      "apps/api/app/services/simulated_bank.py",
      "scripts/benchmark_reads.py",
      "scripts/generate_openapi.py",
      "scripts/tasks.py"
    ],
    [
      "python",
      "-m",
      "ruff",
      "format",
      "--check",
      "apps/api/app/services/audit_chain.py",
      "apps/api/app/services/decision_trace.py",
      "apps/api/app/services/execution_projection.py",
      "apps/api/app/services/historical_read.py",
      "apps/api/app/services/recovery_receipt_integrity.py",
      "apps/api/app/services/simulated_bank.py",
      "scripts/benchmark_reads.py",
      "scripts/generate_openapi.py",
      "scripts/tasks.py"
    ],
    [
      "python",
      "scripts/verify_full_delta_map.py"
    ],
    [
      "python",
      "-m",
      "mypy",
      "apps/api/app/services/audit_chain.py",
      "apps/api/app/services/decision_trace.py",
      "apps/api/app/services/execution_projection.py",
      "apps/api/app/services/historical_read.py",
      "apps/api/app/services/recovery_receipt_integrity.py",
      "apps/api/app/services/simulated_bank.py"
    ]
  ],
  "selections": [
    {
      "rule": "request_read_integrity",
      "files": [
        "apps/api/app/services/audit_chain.py",
        "apps/api/app/services/decision_trace.py",
        "apps/api/app/services/execution_projection.py",
        "apps/api/app/services/historical_read.py",
        "apps/api/app/services/recovery_receipt_integrity.py",
        "apps/api/app/services/simulated_bank.py"
      ],
      "reason": "Request-local query/original normalization/ledger reuse touches original-source and receipt consumers; preserve tenant/RR/READ ONLY/no-write, UNKNOWN/T1 and actual money POST."
    },
    {
      "rule": "quality_orchestration",
      "files": [
        "scripts/generate_openapi.py",
        "scripts/tasks.py"
      ],
      "reason": "Mypy/contract command de-duplication preserves every distinct gate and standalone OpenAPI behavior."
    },
    {
      "rule": "benchmark",
      "files": [
        "scripts/benchmark_reads.py"
      ],
      "reason": "Benchmark fixture, counters, fingerprint, identical data and safe disposable DB naming must remain truthful."
    },
    {
      "rule": "scope_docs",
      "files": [
        "docs/spec/full-delta-map.yaml"
      ],
      "reason": "Documentation/mapping-only changes use source fidelity/path/partition checks and existing financial evidence."
    }
  ],
  "unrecognized_files": [],
  "uncovered": [
    "Browser presentation not selected unless UI/DTO changes.",
    "Formal old history is preserved separately by before/after read-only snapshots.",
    "Parameterized selectors run all parameters; selector count is not actual collected/pass count.",
    "No financial integration triggered by orchestration-only behavior.",
    "Generated contracts must be regenerated and Web typechecked if their bytes/API semantics change.",
    "Helper PASS does not prove measured performance.",
    "Run benchmark only after quick checks and required PG integrity PASS; no formal DB reset.",
    "Review changed documentation links/claims.",
    "Existing evidence cannot be rewritten into success; new evidence needs original command/exit/source/data metadata.",
    "No claim of human study or unmeasured performance."
  ],
  "rules": [
    "Stop dependent checks after quick failure.",
    "Independent quick nodes may run concurrently.",
    "Single funds chain and PG ownership remain sequential; use disposable isolated PG.",
    "No default full-suite execution; whole checks remain MVP/FULL acceptance nodes.",
    "A selection is not execution, and unrecognized scope cannot be GREEN."
  ],
  "full_suite_selected": false
}
