
 RUN  v3.2.4 F:/学校活动/工行杯/钱途有界/bounded-funds/apps/web

 ❯ src/api/seasonal-reserve-adoptions.test.ts (19 tests | 19 failed) 21ms
   × 原Python摘要/UUID与完整来源、固定金额一致，浏览器不会自行授权 6ms
     → 摘要只接受精确整数、完整Unicode和原JSON字段
   × 请求拒绝accepted改变，不允许客户端金融输入/角色或空理由 1ms
     → 摘要只接受精确整数、完整Unicode和原JSON字段
   × 请求拒绝amount改变，不允许客户端金融输入/角色或空理由 1ms
     → 摘要只接受精确整数、完整Unicode和原JSON字段
   × 请求拒绝role改变，不允许客户端金融输入/角色或空理由 1ms
     → 摘要只接受精确整数、完整Unicode和原JSON字段
   × 请求拒绝epoch改变，不允许客户端金融输入/角色或空理由 1ms
     → 摘要只接受精确整数、完整Unicode和原JSON字段
   × 请求拒绝reason改变，不允许客户端金融输入/角色或空理由 1ms
     → 摘要只接受精确整数、完整Unicode和原JSON字段
   × 原scope bool篡改拒绝 1ms
     → 摘要只接受精确整数、完整Unicode和原JSON字段
   × 原scope unsafe篡改拒绝 1ms
     → 摘要只接受精确整数、完整Unicode和原JSON字段
   × 原scope owner篡改拒绝 1ms
     → 摘要只接受精确整数、完整Unicode和原JSON字段
   × 原scope deleted-source篡改拒绝 1ms
     → 摘要只接受精确整数、完整Unicode和原JSON字段
   × 原scope modified-source篡改拒绝 1ms
     → 摘要只接受精确整数、完整Unicode和原JSON字段
   × 原scope future-income篡改拒绝 1ms
     → 摘要只接受精确整数、完整Unicode和原JSON字段
   × UNKNOWN保留null和原因、原件与其他策略分母，不升级为零/VERIFIED 1ms
     → 摘要只接受精确整数、完整Unicode和原JSON字段
   × 完整回执 request篡改即使外层重新hash仍拒 1ms
     → 摘要只接受精确整数、完整Unicode和原JSON字段
   × 完整回执 scope篡改即使外层重新hash仍拒 1ms
     → 摘要只接受精确整数、完整Unicode和原JSON字段
   × 完整回执 hash篡改即使外层重新hash仍拒 1ms
     → 摘要只接受精确整数、完整Unicode和原JSON字段
   × 完整回执 principal篡改即使外层重新hash仍拒 1ms
     → 摘要只接受精确整数、完整Unicode和原JSON字段
   × 完整原body/hash/path受损不能恢复，不借不同key回执清门 1ms
     → 摘要只接受精确整数、完整Unicode和原JSON字段
   × 所有接口实际path和raw响应保留，CONFIRM只送原请求，不携角色/金额/时钟 1ms
     → 摘要只接受精确整数、完整Unicode和原JSON字段
 ❯ src/components/SeasonalReserveAdoptionPanel.test.tsx (6 tests | 6 failed) 3181ms
   × 默认无自动POST，原建议金额只读、来源完整、未登录USER不能确认 1796ms
     → 摘要只接受精确整数、完整Unicode和原JSON字段
   × 签名USER手动复核后精确CONFIRM，POST200保原门，独立GET才能解除 300ms
     → 摘要只接受精确整数、完整Unicode和原JSON字段
   × 丢响应/NOT_FOUND保原身份，外部门及策略列表缺失也可薄GET恢复 324ms
     → 摘要只接受精确整数、完整Unicode和原JSON字段
   × 当前版本改变不能采纳旧候选，刷新当前READ_ONLY清复核不继承确认 347ms
     → 摘要只接受精确整数、完整Unicode和原JSON字段
   × UNKNOWN来源保持null不能确认、AGENT会话不能假称USER 271ms
     → 摘要只接受精确整数、完整Unicode和原JSON字段
   × 其他族门禁POST和预览，自身持久原键GET仍可用，不依赖当前USER 142ms
     → 摘要只接受精确整数、完整Unicode和原JSON字段
 ❯ src/features/seasonal-adoption-operation.test.ts (7 tests | 7 failed) 3517ms
   × beforePOST保存完整原body/hash/来源，所有POST结果仍pending，fresh GET才解除 1792ms
     → 摘要只接受精确整数、完整Unicode和原JSON字段
   × 丢响应后重启只恢复原件，不自动POST，不保存cookie/token，不允许换key 294ms
     → 摘要只接受精确整数、完整Unicode和原JSON字段
   × 损坏存储保原件并锁写；storage denied不能发新请求 326ms
     → 摘要只接受精确整数、完整Unicode和原JSON字段
   × beforePOST保存失败保pending、clear失败保原pending，不假清门 369ms
     → 摘要只接受精确整数、完整Unicode和原JSON字段
   × 完整GET原件保存失败保同身份与原request，不因已成功响应清门 265ms
     → 摘要只接受精确整数、完整Unicode和原JSON字段
   × 外部门/另族pending阻POST，本族原GET可越门且不会继承原回执授权 132ms
     → 摘要只接受精确整数、完整Unicode和原JSON字段
   × 全局write-flight阻新采纳，原GET即使另族写门活跃仍可核对 337ms
     → 摘要只接受精确整数、完整Unicode和原JSON字段

⎯⎯⎯⎯⎯⎯ Failed Tests 32 ⎯⎯⎯⎯⎯⎯⎯

 FAIL  src/api/seasonal-reserve-adoptions.test.ts > 原Python摘要/UUID与完整来源、固定金额一致，浏览器不会自行授权
 FAIL  src/api/seasonal-reserve-adoptions.test.ts > 请求拒绝accepted改变，不允许客户端金融输入/角色或空理由
 FAIL  src/api/seasonal-reserve-adoptions.test.ts > 请求拒绝amount改变，不允许客户端金融输入/角色或空理由
 FAIL  src/api/seasonal-reserve-adoptions.test.ts > 请求拒绝role改变，不允许客户端金融输入/角色或空理由
 FAIL  src/api/seasonal-reserve-adoptions.test.ts > 请求拒绝epoch改变，不允许客户端金融输入/角色或空理由
 FAIL  src/api/seasonal-reserve-adoptions.test.ts > 请求拒绝reason改变，不允许客户端金融输入/角色或空理由
 FAIL  src/api/seasonal-reserve-adoptions.test.ts > 原scope bool篡改拒绝
 FAIL  src/api/seasonal-reserve-adoptions.test.ts > 原scope unsafe篡改拒绝
 FAIL  src/api/seasonal-reserve-adoptions.test.ts > 原scope owner篡改拒绝
 FAIL  src/api/seasonal-reserve-adoptions.test.ts > 原scope deleted-source篡改拒绝
 FAIL  src/api/seasonal-reserve-adoptions.test.ts > 原scope modified-source篡改拒绝
 FAIL  src/api/seasonal-reserve-adoptions.test.ts > 原scope future-income篡改拒绝
 FAIL  src/api/seasonal-reserve-adoptions.test.ts > UNKNOWN保留null和原因、原件与其他策略分母，不升级为零/VERIFIED
 FAIL  src/api/seasonal-reserve-adoptions.test.ts > 完整回执 request篡改即使外层重新hash仍拒
 FAIL  src/api/seasonal-reserve-adoptions.test.ts > 完整回执 scope篡改即使外层重新hash仍拒
 FAIL  src/api/seasonal-reserve-adoptions.test.ts > 完整回执 hash篡改即使外层重新hash仍拒
 FAIL  src/api/seasonal-reserve-adoptions.test.ts > 完整回执 principal篡改即使外层重新hash仍拒
 FAIL  src/api/seasonal-reserve-adoptions.test.ts > 完整原body/hash/path受损不能恢复，不借不同key回执清门
 FAIL  src/api/seasonal-reserve-adoptions.test.ts > 所有接口实际path和raw响应保留，CONFIRM只送原请求，不携角色/金额/时钟
 FAIL  src/components/SeasonalReserveAdoptionPanel.test.tsx > 默认无自动POST，原建议金额只读、来源完整、未登录USER不能确认
 FAIL  src/components/SeasonalReserveAdoptionPanel.test.tsx > 签名USER手动复核后精确CONFIRM，POST200保原门，独立GET才能解除
 FAIL  src/components/SeasonalReserveAdoptionPanel.test.tsx > 丢响应/NOT_FOUND保原身份，外部门及策略列表缺失也可薄GET恢复
 FAIL  src/components/SeasonalReserveAdoptionPanel.test.tsx > 当前版本改变不能采纳旧候选，刷新当前READ_ONLY清复核不继承确认
 FAIL  src/components/SeasonalReserveAdoptionPanel.test.tsx > UNKNOWN来源保持null不能确认、AGENT会话不能假称USER
 FAIL  src/components/SeasonalReserveAdoptionPanel.test.tsx > 其他族门禁POST和预览，自身持久原键GET仍可用，不依赖当前USER
 FAIL  src/features/seasonal-adoption-operation.test.ts > beforePOST保存完整原body/hash/来源，所有POST结果仍pending，fresh GET才解除
 FAIL  src/features/seasonal-adoption-operation.test.ts > 丢响应后重启只恢复原件，不自动POST，不保存cookie/token，不允许换key
 FAIL  src/features/seasonal-adoption-operation.test.ts > 损坏存储保原件并锁写；storage denied不能发新请求
 FAIL  src/features/seasonal-adoption-operation.test.ts > beforePOST保存失败保pending、clear失败保原pending，不假清门
 FAIL  src/features/seasonal-adoption-operation.test.ts > 完整GET原件保存失败保同身份与原request，不因已成功响应清门
 FAIL  src/features/seasonal-adoption-operation.test.ts > 外部门/另族pending阻POST，本族原GET可越门且不会继承原回执授权
 FAIL  src/features/seasonal-adoption-operation.test.ts > 全局write-flight阻新采纳，原GET即使另族写门活跃仍可核对
Error: 摘要只接受精确整数、完整Unicode和原JSON字段
 ❯ releaseCanonicalJson src/api/goal-release-authorizations.ts:37:9
     35|   if (typeof value === 'string') { check(!/[\uD800-\uDBFF](?![\uDC00-\…
     36|   if (value === null || typeof value === 'boolean' || Number.isSafeInt…
     37|   throw new Error('摘要只接受精确整数、完整Unicode和原JSON字段');
       |         ^
     38| }
     39| async function digestBytes(algorithm: 'SHA-256' | 'SHA-1', bytes: Uint…
 ❯ src/api/goal-release-authorizations.ts:34:98
 ❯ releaseCanonicalJson src/api/goal-release-authorizations.ts:34:59
 ❯ src/api/goal-release-authorizations.ts:34:98
 ❯ releaseCanonicalJson src/api/goal-release-authorizations.ts:34:59
 ❯ src/api/goal-release-authorizations.ts:34:98
 ❯ releaseCanonicalJson src/api/goal-release-authorizations.ts:34:59

⎯⎯⎯⎯⎯⎯⎯⎯⎯⎯⎯⎯⎯⎯⎯⎯⎯⎯⎯⎯⎯⎯⎯[1/32]⎯


 Test Files  3 failed (3)
      Tests  32 failed (32)
   Start at  09:50:58
   Duration  6.34s (transform 1.74s, setup 1.55s, collect 1.39s, tests 6.72s, environment 3.23s, prepare 1.01s)

