F
================================== FAILURES ===================================
_ test_actual_financial_preview_http_is_readonly_and_future_change_matches_original_curve _

annual_client = (<starlette.testclient.TestClient object at 0x000002589A954890>, Engine(postgresql+psycopg://bounded:***@127.0.0.1:54329/bf_test_2bcdbb1ba0aa42d9810b7807d8f94b14))

    def test_actual_financial_preview_http_is_readonly_and_future_change_matches_original_curve(
        annual_client: tuple[TestClient, Engine],
    ) -> None:
        client, engine = annual_client
        config = {
            "type": "dated_expense",
            "name": "隔离 HTTP 预览确认一致性原支出",
            "window": {"start": "2026-10-12", "end": "2026-10-15"},
            "amount": {"min_cents": 0, "target_cents": 100, "max_cents": 200},
        }
        registered = confirm(client, "DatedExpensePolicy", config, "root-impact-http-create")
        policy_id, original_version = registered["policy_id"], registered["version_id"]
        candidate = {**config, "amount": {"min_cents": 0, "target_cents": 150, "max_cents": 350}}
        body = {"expected_version_id": original_version, "configuration": candidate}
        path = f"/api/v1/full-policies/{policy_id}/financial-change-preview"
        before = physical_snapshot(engine)
        response = client.post(path, json=body)
        assert response.status_code == 200, response.text
        value = response.json()
        assert value["hypothetical"] is True and value["grants_authority"] is False
        assert value["after_configuration"] == canonical_candidate("DatedExpensePolicy", candidate)
        impact = value["financial_impact"]
        assert impact["status"] == "PROJECTED" and impact["delta_minimum_margin_cents"] == -150
        assert len(impact["after"]["calculation_trace"]) == 1098
        assert client.post(path, json=body).json() == value
        for field in ("user_id", "now", "amount_cents", "result", "authority"):
            assert client.post(path, json={**body, field: 1}).status_code == 422
        assert client.post(path + "?owner=client", json=body).status_code == 422
        assert physical_snapshot(engine) == before
        changed = client.post(
            f"/api/v1/full-policies/{policy_id}/change",
            json={
                **body,
                "reviewed_hash": value["configuration_hash"],
                "accepted": True,
                "reason": "隔离实际用户明确确认未来支出差量",
                "idempotency_key": "root-impact-http-change",
            },
        )
        assert changed.status_code == 200, changed.text
        assert changed.json()["version_id"] != original_version
        actual = client.get("/api/v1/planning/full-annual")
        assert actual.status_code == 200, actual.text
        annual = actual.json()["projection"]["full_annual_projection"]
        assert annual is not None, actual.text
        # A hypothesis retains the reviewed original version identity; confirmation
        # creates a distinct actual version. Bind that exact identity transition,
        # then require every numerical field and all other occurrence IDs to match.
        actual_version = changed.json()["version_id"]
        old_occurrence = f"FULL:{policy_id}:{original_version}:DATED:2026-10-12:2026-10-15"
        new_occurrence = f"FULL:{policy_id}:{actual_version}:DATED:2026-10-12:2026-10-15"
        expected_trace = deepcopy(impact["after"]["calculation_trace"])
>       assert any(old_occurrence in row["obligation_occurrence_ids"] for row in expected_trace)
E       assert False
E        +  where False = any(<generator object test_actual_financial_preview_http_is_readonly_and_future_change_matches_original_curve.<locals>.<genexpr> at 0x000002589CBEF680>)

apps\api\app\tests\test_full_policy_financial_preview_http_integration.py:72: AssertionError
---------------------------- Captured stderr call -----------------------------
{"event": "http_request", "request_id": "a18dc125-e044-430c-ac8b-62e096d0d9b5", "method": "POST", "status": 200, "duration_ms": 422.0}
{"event": "http_request", "request_id": "ac303d45-d94b-4e56-833f-3215ee529f2a", "method": "POST", "status": 200, "duration_ms": 1110.0}
{"event": "http_request", "request_id": "2d3e16bf-2d33-428b-8867-c28ed4e141f6", "method": "POST", "status": 200, "duration_ms": 500.0}
{"event": "http_request", "request_id": "0a776a8d-bc5d-40f5-a03b-005f6bbbfbcb", "method": "POST", "status": 422, "duration_ms": 15.0}
{"event": "http_request", "request_id": "a1848e6a-6887-4699-992f-980b6600b831", "method": "POST", "status": 422, "duration_ms": 16.0}
{"event": "http_request", "request_id": "c2049d2e-e09f-477e-a1e8-7c030f64d1c2", "method": "POST", "status": 422, "duration_ms": 15.0}
{"event": "http_request", "request_id": "1d2eab0b-a342-4e97-ad6b-9a8423c0a7cf", "method": "POST", "status": 422, "duration_ms": 16.0}
{"event": "http_request", "request_id": "f2daa3de-97c4-44c6-8283-2a9277169abc", "method": "POST", "status": 422, "duration_ms": 16.0}
{"event": "http_request", "request_id": "97a72a24-4f1e-4432-a0f2-f737dc186986", "method": "POST", "status": 422, "duration_ms": 0.0}
{"event": "http_request", "request_id": "8df3163e-e35a-485b-a949-8af7d557d515", "method": "POST", "status": 200, "duration_ms": 47.0}
{"event": "http_request", "request_id": "a527fff1-b596-426a-81f0-708a7f8853f9", "method": "GET", "status": 200, "duration_ms": 562.0}
------------------------------ Captured log call ------------------------------
INFO     bounded_funds.http:main.py:114 {"event": "http_request", "request_id": "a18dc125-e044-430c-ac8b-62e096d0d9b5", "method": "POST", "status": 200, "duration_ms": 422.0}
INFO     bounded_funds.http:main.py:114 {"event": "http_request", "request_id": "ac303d45-d94b-4e56-833f-3215ee529f2a", "method": "POST", "status": 200, "duration_ms": 1110.0}
INFO     bounded_funds.http:main.py:114 {"event": "http_request", "request_id": "2d3e16bf-2d33-428b-8867-c28ed4e141f6", "method": "POST", "status": 200, "duration_ms": 500.0}
INFO     bounded_funds.http:main.py:114 {"event": "http_request", "request_id": "0a776a8d-bc5d-40f5-a03b-005f6bbbfbcb", "method": "POST", "status": 422, "duration_ms": 15.0}
INFO     bounded_funds.http:main.py:114 {"event": "http_request", "request_id": "a1848e6a-6887-4699-992f-980b6600b831", "method": "POST", "status": 422, "duration_ms": 16.0}
INFO     bounded_funds.http:main.py:114 {"event": "http_request", "request_id": "c2049d2e-e09f-477e-a1e8-7c030f64d1c2", "method": "POST", "status": 422, "duration_ms": 15.0}
INFO     bounded_funds.http:main.py:114 {"event": "http_request", "request_id": "1d2eab0b-a342-4e97-ad6b-9a8423c0a7cf", "method": "POST", "status": 422, "duration_ms": 16.0}
INFO     bounded_funds.http:main.py:114 {"event": "http_request", "request_id": "f2daa3de-97c4-44c6-8283-2a9277169abc", "method": "POST", "status": 422, "duration_ms": 16.0}
INFO     bounded_funds.http:main.py:114 {"event": "http_request", "request_id": "97a72a24-4f1e-4432-a0f2-f737dc186986", "method": "POST", "status": 422, "duration_ms": 0.0}
INFO     bounded_funds.http:main.py:114 {"event": "http_request", "request_id": "8df3163e-e35a-485b-a949-8af7d557d515", "method": "POST", "status": 200, "duration_ms": 47.0}
INFO     bounded_funds.http:main.py:114 {"event": "http_request", "request_id": "a527fff1-b596-426a-81f0-708a7f8853f9", "method": "GET", "status": 200, "duration_ms": 562.0}
============================== warnings summary ===============================
.venv\Lib\site-packages\fastapi\testclient.py:1
  F:\学校活动\工行杯\钱途有界\bounded-funds\.venv\Lib\site-packages\fastapi\testclient.py:1: StarletteDeprecationWarning: Using `httpx` with `starlette.testclient` is deprecated; install `httpx2` instead.
    from starlette.testclient import TestClient as TestClient  # noqa

-- Docs: https://docs.pytest.org/en/stable/how-to/capture-warnings.html
=========================== short test summary info ===========================
FAILED apps/api/app/tests/test_full_policy_financial_preview_http_integration.py::test_actual_financial_preview_http_is_readonly_and_future_change_matches_original_curve
!!!!!!!!!!!!!!!!!!!!!!!!!! stopping after 1 failures !!!!!!!!!!!!!!!!!!!!!!!!!!
1 failed, 1 warning in 14.04s
