{
  "name": "bf-demo-852b7cff79ca48c39bc740ca55caa6a5",
  "networks": {
    "demo_frontend": {
      "name": "bf-demo-852b7cff79ca48c39bc740ca55caa6a5_demo_frontend",
      "ipam": {},
      "labels": {
        "io.bounded-funds.owner-uuid": "852b7cff79ca48c39bc740ca55caa6a5",
        "io.bounded-funds.purpose": "ISOLATED_SIMULATED_DEMO",
        "io.bounded-funds.run-id": "deploy-20261005T052942Z-852b7cff"
      }
    },
    "demo_internal": {
      "name": "bf-demo-852b7cff79ca48c39bc740ca55caa6a5_demo_internal",
      "ipam": {},
      "internal": true,
      "labels": {
        "io.bounded-funds.owner-uuid": "852b7cff79ca48c39bc740ca55caa6a5",
        "io.bounded-funds.purpose": "ISOLATED_SIMULATED_DEMO",
        "io.bounded-funds.run-id": "deploy-20261005T052942Z-852b7cff"
      }
    }
  },
  "services": {
    "api": {
      "build": {
        "context": "F:\\学校活动\\工行杯\\钱途有界\\bounded-funds",
        "dockerfile": "deploy/api.Dockerfile",
        "args": {
          "BF_SOURCE_DIGEST": "0285e59c277f9eff0d745d273884be133ba09d3434efd530ec38d6fdfd7ce7ec",
          "BF_SOURCE_HEAD": "4ccf84e973978482a1098d18c69fbfc9f011fac6",
          "BF_UV_LOCK_SHA256": "b3b1dae5cf20edd6ef96609427aeaf8f7d0108ba3c075158a00d102383e36e4c",
          "PYTHON_BASE_IMAGE": "python@sha256:54c85f3c47607a77f32adec749d3c81d1348bf25833671f512b26a9b6d778cb3",
          "UV_BINARY_IMAGE": "ghcr.io/astral-sh/uv@sha256:8b940d3a9d65bed080436972241af2e21c84b5e8c9193f7014ed71479ee795ff"
        }
      },
      "command": null,
      "depends_on": {
        "db": {
          "condition": "service_healthy",
          "restart": true,
          "required": true
        },
        "init": {
          "condition": "service_completed_successfully",
          "required": true
        }
      },
      "entrypoint": null,
      "environment": {
        "DATABASE_URL": "postgresql+psycopg://bf_demo:[REDACTED]@127.0.0.1:54329/bf_test_852b7cff79ca48c39bc740ca55caa6a5",
        "LLM_ENABLED": "false",
        "PYTHONDONTWRITEBYTECODE": "1",
        "PYTHONUNBUFFERED": "1",
        "PYTHONUTF8": "1",
        "SIMULATION_MODE": "true",
        "TZ": "UTC"
      },
      "healthcheck": {
        "test": [
          "CMD",
          "python",
          "-c",
          "import json,urllib.request; value=json.load(urllib.request.urlopen('http://127.0.0.1:8000/api/v1/health',timeout=2)); assert value=={'status':'ok','service':'bounded-funds-api','simulation':True}"
        ],
        "timeout": "3s",
        "interval": "5s",
        "retries": 40,
        "start_period": "5s"
      },
      "image": "bounded-funds-api:demo-852b7cff79ca48c39bc740ca55caa6a5",
      "labels": {
        "io.bounded-funds.owner-uuid": "852b7cff79ca48c39bc740ca55caa6a5",
        "io.bounded-funds.purpose": "ISOLATED_SIMULATED_DEMO",
        "io.bounded-funds.run-id": "deploy-20261005T052942Z-852b7cff"
      },
      "network_mode": "service:db",
      "platform": "linux/amd64",
      "pull_policy": "never",
      "read_only": true,
      "restart": "unless-stopped",
      "tmpfs": [
        "/tmp"
      ]
    },
    "db": {
      "command": [
        "postgres",
        "-p",
        "54329"
      ],
      "dns": [
        "127.0.0.1"
      ],
      "entrypoint": null,
      "environment": {
        "POSTGRES_DB": "bf_test_852b7cff79ca48c39bc740ca55caa6a5",
        "POSTGRES_PASSWORD": "[REDACTED]",
        "POSTGRES_USER": "bf_demo",
        "TZ": "UTC"
      },
      "healthcheck": {
        "test": [
          "CMD-SHELL",
          "pg_isready -h 127.0.0.1 -p 54329 -U bf_demo -d \"$$POSTGRES_DB\""
        ],
        "timeout": "3s",
        "interval": "3s",
        "retries": 40,
        "start_period": "5s"
      },
      "image": "postgres@sha256:721873c34ceb9f8d8fc265984940dc982404c105f19ad51be9fdc5970a6080ea",
      "labels": {
        "io.bounded-funds.owner-uuid": "852b7cff79ca48c39bc740ca55caa6a5",
        "io.bounded-funds.purpose": "ISOLATED_SIMULATED_DEMO",
        "io.bounded-funds.run-id": "deploy-20261005T052942Z-852b7cff"
      },
      "networks": {
        "demo_internal": null
      },
      "platform": "linux/amd64",
      "ports": [
        {
          "mode": "ingress",
          "host_ip": "127.0.0.1",
          "target": 8000,
          "published": "18049",
          "protocol": "tcp"
        }
      ],
      "pull_policy": "never",
      "restart": "unless-stopped",
      "volumes": [
        {
          "type": "volume",
          "source": "demo_pgdata",
          "target": "/var/lib/postgresql/data",
          "volume": {}
        }
      ]
    },
    "init": {
      "command": [
        "python",
        "deploy/initialize_demo.py"
      ],
      "depends_on": {
        "db": {
          "condition": "service_healthy",
          "required": true
        }
      },
      "entrypoint": null,
      "environment": {
        "DATABASE_URL": "postgresql+psycopg://bf_demo:[REDACTED]@127.0.0.1:54329/bf_test_852b7cff79ca48c39bc740ca55caa6a5",
        "LLM_ENABLED": "false",
        "PYTHONDONTWRITEBYTECODE": "1",
        "PYTHONUNBUFFERED": "1",
        "PYTHONUTF8": "1",
        "SIMULATION_MODE": "true",
        "TZ": "UTC"
      },
      "image": "bounded-funds-api:demo-852b7cff79ca48c39bc740ca55caa6a5",
      "labels": {
        "io.bounded-funds.owner-uuid": "852b7cff79ca48c39bc740ca55caa6a5",
        "io.bounded-funds.purpose": "ISOLATED_SIMULATED_DEMO",
        "io.bounded-funds.run-id": "deploy-20261005T052942Z-852b7cff"
      },
      "network_mode": "service:db",
      "platform": "linux/amd64",
      "pull_policy": "never",
      "read_only": true,
      "restart": "no",
      "tmpfs": [
        "/tmp"
      ]
    },
    "web": {
      "build": {
        "context": "F:\\学校活动\\工行杯\\钱途有界\\bounded-funds",
        "dockerfile": "deploy/web.Dockerfile",
        "args": {
          "BF_PNPM_LOCK_SHA256": "abca500080e1846e41d159c176d8a95902bcce239e3dca94651b40e68a8efc83",
          "BF_SOURCE_DIGEST": "0285e59c277f9eff0d745d273884be133ba09d3434efd530ec38d6fdfd7ce7ec",
          "BF_SOURCE_HEAD": "4ccf84e973978482a1098d18c69fbfc9f011fac6",
          "NGINX_BASE_IMAGE": "nginx@sha256:df221db836e1754089190208cee7eeda94f233197056426eda74a43ab1abeac2",
          "NODE_BASE_IMAGE": "node@sha256:0e0ff40c39bc087845bfb27465a0df4ea419520094bc35842ff83dd8cbe6f9b6"
        }
      },
      "command": null,
      "depends_on": {
        "api": {
          "condition": "service_healthy",
          "required": true
        }
      },
      "dns": [
        "127.0.0.1"
      ],
      "entrypoint": null,
      "healthcheck": {
        "test": [
          "CMD",
          "wget",
          "-q",
          "-O",
          "/dev/null",
          "http://127.0.0.1/api/v1/health"
        ],
        "timeout": "3s",
        "interval": "5s",
        "retries": 40
      },
      "image": "bounded-funds-web:demo-852b7cff79ca48c39bc740ca55caa6a5",
      "labels": {
        "io.bounded-funds.owner-uuid": "852b7cff79ca48c39bc740ca55caa6a5",
        "io.bounded-funds.purpose": "ISOLATED_SIMULATED_DEMO",
        "io.bounded-funds.run-id": "deploy-20261005T052942Z-852b7cff"
      },
      "networks": {
        "demo_frontend": null,
        "demo_internal": null
      },
      "platform": "linux/amd64",
      "ports": [
        {
          "mode": "ingress",
          "host_ip": "127.0.0.1",
          "target": 80,
          "published": "15181",
          "protocol": "tcp"
        }
      ],
      "pull_policy": "never",
      "restart": "unless-stopped"
    }
  },
  "volumes": {
    "demo_pgdata": {
      "name": "bf-demo-852b7cff79ca48c39bc740ca55caa6a5_demo_pgdata",
      "labels": {
        "io.bounded-funds.owner-uuid": "852b7cff79ca48c39bc740ca55caa6a5",
        "io.bounded-funds.purpose": "ISOLATED_SIMULATED_DEMO",
        "io.bounded-funds.run-id": "deploy-20261005T052942Z-852b7cff"
      }
    }
  },
  "x-demo-environment": {
    "DATABASE_URL": "postgresql+psycopg://bf_demo:[REDACTED]@127.0.0.1:54329/bf_test_852b7cff79ca48c39bc740ca55caa6a5",
    "LLM_ENABLED": "false",
    "PYTHONDONTWRITEBYTECODE": "1",
    "PYTHONUNBUFFERED": "1",
    "PYTHONUTF8": "1",
    "SIMULATION_MODE": "true",
    "TZ": "UTC"
  },
  "x-demo-labels": {
    "io.bounded-funds.owner-uuid": "852b7cff79ca48c39bc740ca55caa6a5",
    "io.bounded-funds.purpose": "ISOLATED_SIMULATED_DEMO",
    "io.bounded-funds.run-id": "deploy-20261005T052942Z-852b7cff"
  }
}