 Network bf-demo-852b7cff79ca48c39bc740ca55caa6a5_demo_frontend Creating 
 Network bf-demo-852b7cff79ca48c39bc740ca55caa6a5_demo_frontend Created 
 Network bf-demo-852b7cff79ca48c39bc740ca55caa6a5_demo_internal Creating 
 Network bf-demo-852b7cff79ca48c39bc740ca55caa6a5_demo_internal Created 
 Volume bf-demo-852b7cff79ca48c39bc740ca55caa6a5_demo_pgdata Creating 
 Volume bf-demo-852b7cff79ca48c39bc740ca55caa6a5_demo_pgdata Created 
 Container bf-demo-852b7cff79ca48c39bc740ca55caa6a5-db-1 Creating 
 Container bf-demo-852b7cff79ca48c39bc740ca55caa6a5-db-1 Created 
 Container bf-demo-852b7cff79ca48c39bc740ca55caa6a5-init-1 Creating 
 Container bf-demo-852b7cff79ca48c39bc740ca55caa6a5-init-1 Created 
 Container bf-demo-852b7cff79ca48c39bc740ca55caa6a5-api-1 Creating 
 Container bf-demo-852b7cff79ca48c39bc740ca55caa6a5-api-1 Created 
 Container bf-demo-852b7cff79ca48c39bc740ca55caa6a5-web-1 Creating 
 Container bf-demo-852b7cff79ca48c39bc740ca55caa6a5-web-1 Created 
 Container bf-demo-852b7cff79ca48c39bc740ca55caa6a5-db-1 Starting 
 Container bf-demo-852b7cff79ca48c39bc740ca55caa6a5-db-1 Started 
 Container bf-demo-852b7cff79ca48c39bc740ca55caa6a5-db-1 Waiting 
 Container bf-demo-852b7cff79ca48c39bc740ca55caa6a5-db-1 Healthy 
 Container bf-demo-852b7cff79ca48c39bc740ca55caa6a5-init-1 Starting 
 Container bf-demo-852b7cff79ca48c39bc740ca55caa6a5-init-1 Started 
 Container bf-demo-852b7cff79ca48c39bc740ca55caa6a5-db-1 Waiting 
 Container bf-demo-852b7cff79ca48c39bc740ca55caa6a5-init-1 Waiting 
 Container bf-demo-852b7cff79ca48c39bc740ca55caa6a5-db-1 Healthy 
 Container bf-demo-852b7cff79ca48c39bc740ca55caa6a5-init-1 Exited 
 Container bf-demo-852b7cff79ca48c39bc740ca55caa6a5-api-1 Starting 
 Container bf-demo-852b7cff79ca48c39bc740ca55caa6a5-api-1 Started 
 Container bf-demo-852b7cff79ca48c39bc740ca55caa6a5-api-1 Waiting 
 Container bf-demo-852b7cff79ca48c39bc740ca55caa6a5-api-1 Healthy 
 Container bf-demo-852b7cff79ca48c39bc740ca55caa6a5-web-1 Starting 
 Container bf-demo-852b7cff79ca48c39bc740ca55caa6a5-web-1 Started 
 Container bf-demo-852b7cff79ca48c39bc740ca55caa6a5-init-1 Waiting 
 Container bf-demo-852b7cff79ca48c39bc740ca55caa6a5-api-1 Waiting 
 Container bf-demo-852b7cff79ca48c39bc740ca55caa6a5-web-1 Waiting 
 Container bf-demo-852b7cff79ca48c39bc740ca55caa6a5-db-1 Waiting 
 Container bf-demo-852b7cff79ca48c39bc740ca55caa6a5-init-1 Exited 
 Container bf-demo-852b7cff79ca48c39bc740ca55caa6a5-api-1 Healthy 
 Container bf-demo-852b7cff79ca48c39bc740ca55caa6a5-db-1 Healthy 
 Container bf-demo-852b7cff79ca48c39bc740ca55caa6a5-web-1 Healthy 
