[
    {
        "Id": "sha256:c544007d0cefd27377035feaad5c1a3f67a0fce0b4d5acd8aca7c3bd3b53f68f",
        "RepoTags": [
            "bounded-funds-web:demo-852b7cff79ca48c39bc740ca55caa6a5"
        ],
        "RepoDigests": [
            "bounded-funds-web@sha256:c544007d0cefd27377035feaad5c1a3f67a0fce0b4d5acd8aca7c3bd3b53f68f"
        ],
        "Comment": "buildkit.dockerfile.v0",
        "Created": "2026-10-05T05:32:17.802379161Z",
        "Config": {
            "ExposedPorts": {
                "80/tcp": {}
            },
            "Env": [
                "PATH=/usr/local/sbin:/usr/local/bin:/usr/sbin:/usr/bin:/sbin:/bin",
                "NGINX_VERSION=1.31.6",
                "PKG_RELEASE=1",
                "DYNPKG_RELEASE=1",
                "NJS_VERSION=1.0.1",
                "NJS_RELEASE=1",
                "ACME_VERSION=0.4.1"
            ],
            "Entrypoint": [
                "/docker-entrypoint.sh"
            ],
            "Cmd": [
                "nginx",
                "-g",
                "daemon off;"
            ],
            "WorkingDir": "/",
            "Labels": {
                "com.docker.compose.project": "bf-demo-852b7cff79ca48c39bc740ca55caa6a5",
                "com.docker.compose.service": "web",
                "com.docker.compose.version": "5.3.0",
                "io.bounded-funds.pnpm-lock-sha256": "abca500080e1846e41d159c176d8a95902bcce239e3dca94651b40e68a8efc83",
                "io.bounded-funds.purpose": "ISOLATED_SIMULATED_DEMO",
                "io.bounded-funds.source-digest": "0285e59c277f9eff0d745d273884be133ba09d3434efd530ec38d6fdfd7ce7ec",
                "maintainer": "NGINX Docker Maintainers <docker-maint@nginx.com>",
                "org.opencontainers.image.revision": "4ccf84e973978482a1098d18c69fbfc9f011fac6"
            },
            "StopSignal": "SIGQUIT",
            "ArgsEscaped": true
        },
        "Architecture": "amd64",
        "Os": "linux",
        "Size": 26444540,
        "RootFS": {
            "Type": "layers",
            "Layers": [
                "sha256:74d97c428c51a828f9051a7a40a53ff1fc99e54fc30323ce36760701b0b7f711",
                "sha256:379f51bf5b58bf458dfe39fe97ba49d63950929004af1808361bfe01ba73d6d0",
                "sha256:641b74319bab4250ece7d99c1e71fba36e67931d64b62a1d574a56986d45dae0",
                "sha256:2a7ed9afc1c38e245bbe331a4bbf99010cc9ff2ae546ee9507373a3a2dc80f0c",
                "sha256:149ab1e5d6caa8add417a7dc26743baa867bf078b3c6aafc96b8197221a87a1c",
                "sha256:41473198c04ae23f0434ac3a73f8e52549312be4638d2979bc1df9d209bdb9c0",
                "sha256:c86f6810da0b81ee848c1e6cc4bc22c0b7bd4f553f81ef3a33c41791b90631a2",
                "sha256:001b5608a9297e16ed0253a4694ca1cc98fa554c7e39c36ca652742cfc294efc",
                "sha256:ef47cffdd1204b4cde651e400d7e0881417d33a6ca1ddf7ee2eeea4e0efd96e1",
                "sha256:14d31880a26790bb1899bbf2155faddb123865e022c6a543af8ada1e01df7432"
            ]
        },
        "Metadata": {
            "LastTagTime": "2026-10-05T05:32:17.924308268Z"
        },
        "Descriptor": {
            "mediaType": "application/vnd.oci.image.index.v1+json",
            "digest": "sha256:c544007d0cefd27377035feaad5c1a3f67a0fce0b4d5acd8aca7c3bd3b53f68f",
            "size": 856
        },
        "Identity": {
            "Build": [
                {
                    "Ref": "kmof0djzvz72omj3a13gn2xbw",
                    "CreatedAt": "2026-10-05T05:32:17.962088667Z"
                }
            ]
        }
    }
]
