F                                                                        [100%]
================================== FAILURES ===================================
_ test_actual_full_physical_capture_preserves_stored_text_nulls_and_all24_rows _

demo_engine = Engine(postgresql+psycopg://bounded:***@127.0.0.1:54329/bf_test_b2c81b21c2f84909abbfbcfd05df74f3)

    @pytest.mark.integration
    def test_actual_full_physical_capture_preserves_stored_text_nulls_and_all24_rows(
        demo_engine: Engine,
    ) -> None:
        seed_demo(demo_engine, _experiment_seed_extension="MVP503_SECOND_CASH_INITIAL_FACT_V1")
        clock = SEED_AS_OF + timedelta(seconds=1)
        with Session(demo_engine) as session:
            cash = session.scalar(
                select(Account).where(Account.external_ref == "mvp-301-v6:account:cash")
            )
            second = session.scalar(
                select(Account).where(Account.external_ref == "mvp503-author-v2:account:cash-second")
            )
            assert cash is not None and second is not None
            source_id, target_id = cash.id, second.id
        prepared = prepare_action(
            demo_engine,
            DEMO_USER_ID,
            PrepareActionRequest(
                idempotency_key="DEVELOPMENT_COLLECTOR_ACTUAL_PREPARE",
                intent=TransferIntent(
                    kind="transfer_internal",
                    source_account_id=source_id,
                    destination_account_id=target_id,
                    amount_cents=47143,
                ),
            ),
            clock,
        )
        assert prepared.autonomy_level == "ASK_ONCE" and prepared.receipt is None
        with Session(demo_engine) as session:
            epoch = current_audit_epoch(session, DEMO_USER_ID)
            assert epoch is not None and epoch.status == "OPEN"
            epoch_id = str(epoch.id)
            events = {str(row.id): row.canonical_text for row in session.scalars(select(AuditEvent))}
            subjects = {
                str(row.id): row.canonical_text for row in session.scalars(select(AuditSubjectSnapshot))
            }
        before = original_rows(demo_engine)
        assert len(before) == 24 and events and subjects
        directory = ROOT / ".runtime/W1-readonly-collector-development-pg" / uuid4().hex
        source_names = collector.required_sources(ROOT)
        source_files = []
        for name in sorted(source_names):
            raw = (ROOT / name).read_bytes()
            archived = directory / "source-originals" / name
            archived.parent.mkdir(parents=True, exist_ok=True)
            with archived.open("xb") as stream:
                stream.write(raw)
            source_files.append({"path": name, "sha256": hashlib.sha256(raw).hexdigest()})
        source_ref = write(
            directory / "SOURCE.original.json",
            {
                "protocol": "mvp-development-source-inventory-v1",
                "purpose": "DEVELOPMENT",
                "files": source_files,
                "formal_frozen": False,
            },
        )
        refs = {}
        for name in ("input", "oracle", "design", "rule"):
            refs[name] = write(
                directory / (name + ".original.json"),
                {
                    "protocol": "mvp-development-collector-integration-input-v1",
                    "artifact_role": name,
                    "purpose": "DEVELOPMENT",
                    "formal_frozen": False,
                    "financial_effect_evidence": False,
                    "human_research": "NOT_STARTED",
                    "test": "ACTUAL_FULL_PHYSICAL_READ_ONLY_CAPTURE_NOT_ORACLE_OR_ARM_VALIDATION",
                },
            )
        bindings = {
            "experiment_run_id": str(uuid4()),
            "case_id": "DEVELOPMENT_UNFROZEN_COLLECTOR_CAPTURE",
            "arm_id": "P",
            "execution_mode": "SERVICE_INTEGRATION",
            **{name + "_sha256": ref["sha256"] for name, ref in refs.items()},
            "source_sha256": source_ref["sha256"],
            "seed_version": "mvp-301-v6",
            "isolated_db_epoch": epoch_id,
            "purpose": "DEVELOPMENT",
            "user_id": str(DEMO_USER_ID),
        }
        registration_ref = write(
            directory / "collector-registration.original.json",
            {
                "protocol": collector.PROTOCOL,
                "bindings": bindings,
                "database_name": demo_engine.url.database,
                "as_of": clock.isoformat(),
                "role": "SNAPSHOT",
                "source_ref": source_ref,
                "root_registration_ref": None,
            },
        )
        manifest = collector.collect_readonly(
            registration_ref,
            directory / "actual-capture",
            workspace=ROOT,
        )
        assert manifest["status"] == "CAPTURED_RAW_NOT_ECONOMICALLY_VERIFIED"
        assert original_rows(demo_engine) == before
        physical = json.loads((directory / "actual-capture/physical-snapshot.json").read_bytes())
        payload = physical["payload"]
        assert physical["bindings"] == bindings
        assert set(payload["tables"]) == set(before)
>       assert payload["tables"]["alembic_version"] == [{"version_num": "0007"}]
E       AssertionError: assert [{'version_nu..._bank_facts'}] == [{'version_num': '0007'}]
E         
E         At index 0 diff: {'version_num': '0007_external_bank_facts'} != {'version_num': '0007'}
E         Use -v to get more diff

apps\api\app\tests\test_mvp_readonly_collector_integration.py:146: AssertionError
=========================== short test summary info ===========================
FAILED apps/api/app/tests/test_mvp_readonly_collector_integration.py::test_actual_full_physical_capture_preserves_stored_text_nulls_and_all24_rows
1 failed in 14.85s
