I001 [*] Import block is un-sorted or un-formatted
  --> apps\api\app\tests\test_dashboard_goal_income.py:3:1
   |
 1 |   """A native new-income goal action remains readable before any financial execution."""
 2 |
 3 | / from datetime import UTC, datetime, timedelta
 4 | | from uuid import uuid4
 5 | |
 6 | | import pytest
 7 | | from app.db.models import Account
 8 | | from app.domain.demo_identity import DEMO_USER_ID
 9 | | from app.services.action_contracts import GoalIntent, PrepareActionRequest
10 | | from app.services.audit_chain import current_audit_epoch, verify_audit_chain
11 | | from app.services.dashboard import get_dashboard
12 | | from app.services.demo_seed import seed_demo
13 | | from app.services.execution import prepare_action
14 | | from app.services.income_ledger import income_lots_for_action, read_income_state
15 | | from app.services.goals import create_goal_projection
16 | | from app.services.scenario_runner import ScenarioRunner
17 | | from app.services.scenario_types import ScenarioRPC
18 | | from app.tests.test_boundary_service import confirmed_policy
19 | | from app.tests.test_demo_seed import database_snapshot
20 | | from app.tests.test_demo_seed import demo_engine as demo_engine
21 | | from sqlalchemy import select, text
22 | | from sqlalchemy.engine import Engine
23 | | from sqlalchemy.orm import Session
   | |__________________________________^
24 |
25 |   pytestmark = pytest.mark.integration
   |
help: Organize imports
   |
13 | from app.services.execution import prepare_action
14 + from app.services.goals import create_goal_projection
15 | from app.services.income_ledger import income_lots_for_action, read_income_state
   - from app.services.goals import create_goal_projection
16 | from app.services.scenario_runner import ScenarioRunner
   |

Found 1 error.
[*] 1 fixable with the `--fix` option.
